-----FD001-----
关键参数:
序列长度: 30
批大小(batch_size): 128
最大训练轮数(max_epochs): 30
随机数种子: 17
模型代号(model_code): GAT_EDmamba4_dmodel_64
模型结构(model_structure): mamba_mamba
学习率: 0.002
学习率调度器: step
Step步长(step_size): 10
Step衰减系数(gamma): 0.1
use_gat: True
gat_hidden_dim: 8
编码器: 2层Mamba
解码器: 2层Mamba
mamba_d_model: 64
mamba_num_layers: 2
mamba_d_state: 16
训练损失: AdaptiveAsymmetricMSELoss
asym_alpha: 1.5
asym_gamma: 2.0
asym_delta: 0.9
focus_threshold: 35.0
cap_threshold: 125.0
------------------------------
Epoch: 1, Loss: 85.5129, Rmse_valid: 18.2643, valid_score: 8103.3, , rmse_test: 16.7931, score_test: 430.5, Learning rate:0.00200000
Epoch: 2, Loss: 21.0840, Rmse_valid: 17.4362, valid_score: 6715.8, , rmse_test: 17.4057, score_test: 390.0, Learning rate:0.00200000
Epoch: 3, Loss: 19.3253, Rmse_valid: 14.7635, valid_score: 5180.3, , rmse_test: 15.2884, score_test: 296.9, Learning rate:0.00200000
Epoch: 4, Loss: 18.1662, Rmse_valid: 14.7133, valid_score: 7340.5, , rmse_test: 15.2637, score_test: 305.7, Learning rate:0.00200000
Epoch: 5, Loss: 19.2392, Rmse_valid: 12.6210, valid_score: 4545.9, , rmse_test: 13.8354, score_test: 277.6, Learning rate:0.00200000
Epoch: 6, Loss: 16.9395, Rmse_valid: 12.3956, valid_score: 4571.7, , rmse_test: 13.3690, score_test: 278.7, Learning rate:0.00200000
Epoch: 7, Loss: 31.4764, Rmse_valid: 21.9943, valid_score: 12208.6, , rmse_test: 20.5446, score_test: 561.3, Learning rate:0.00200000
Epoch: 8, Loss: 16.3122, Rmse_valid: 15.7953, valid_score: 5544.5, , rmse_test: 15.9280, score_test: 384.7, Learning rate:0.00200000
Epoch: 9, Loss: 15.9402, Rmse_valid: 11.2635, valid_score: 4616.2, , rmse_test: 13.1571, score_test: 305.9, Learning rate:0.00200000
Epoch: 10, Loss: 15.3260, Rmse_valid: 12.7654, valid_score: 4913.8, , rmse_test: 13.8681, score_test: 310.9, Learning rate:0.00200000
Epoch: 11, Loss: 12.9992, Rmse_valid: 11.5421, valid_score: 3741.7, , rmse_test: 13.2380, score_test: 226.9, Learning rate:0.00020000
Epoch: 12, Loss: 12.5040, Rmse_valid: 11.5077, valid_score: 3620.3, , rmse_test: 13.0422, score_test: 238.6, Learning rate:0.00020000
Epoch: 13, Loss: 12.2204, Rmse_valid: 12.0421, valid_score: 3688.9, , rmse_test: 12.9671, score_test: 237.7, Learning rate:0.00020000
Epoch: 14, Loss: 11.9469, Rmse_valid: 11.3574, valid_score: 3790.9, , rmse_test: 12.9395, score_test: 276.9, Learning rate:0.00020000
Epoch: 15, Loss: 11.6841, Rmse_valid: 12.3526, valid_score: 4410.2, , rmse_test: 13.2247, score_test: 269.2, Learning rate:0.00020000
Epoch: 16, Loss: 11.4791, Rmse_valid: 12.1931, valid_score: 5337.8, , rmse_test: 13.5894, score_test: 310.3, Learning rate:0.00020000
Epoch: 17, Loss: 11.2565, Rmse_valid: 12.9756, valid_score: 5950.6, , rmse_test: 14.0797, score_test: 369.0, Learning rate:0.00020000
Epoch: 18, Loss: 11.0470, Rmse_valid: 12.1361, valid_score: 5387.4, , rmse_test: 13.9104, score_test: 284.6, Learning rate:0.00020000
Epoch: 19, Loss: 10.7951, Rmse_valid: 12.8415, valid_score: 7587.9, , rmse_test: 13.6513, score_test: 289.7, Learning rate:0.00020000
Epoch: 20, Loss: 10.5186, Rmse_valid: 13.7593, valid_score: 9607.7, , rmse_test: 14.6473, score_test: 389.5, Learning rate:0.00020000
Epoch: 21, Loss: 10.1096, Rmse_valid: 12.8732, valid_score: 6099.1, , rmse_test: 14.4536, score_test: 319.7, Learning rate:0.00002000
Epoch: 22, Loss: 10.0350, Rmse_valid: 13.3945, valid_score: 6946.0, , rmse_test: 14.4417, score_test: 324.8, Learning rate:0.00002000
Epoch: 23, Loss: 10.0447, Rmse_valid: 12.7765, valid_score: 6287.8, , rmse_test: 14.4683, score_test: 324.6, Learning rate:0.00002000
Epoch: 24, Loss: 9.9888, Rmse_valid: 12.6105, valid_score: 6966.9, , rmse_test: 14.5263, score_test: 326.8, Learning rate:0.00002000
Epoch: 25, Loss: 9.9182, Rmse_valid: 13.1946, valid_score: 6685.0, , rmse_test: 14.4637, score_test: 324.1, Learning rate:0.00002000
Epoch: 26, Loss: 9.9705, Rmse_valid: 12.7258, valid_score: 6487.3, , rmse_test: 14.6248, score_test: 332.6, Learning rate:0.00002000
Epoch: 27, Loss: 9.9533, Rmse_valid: 12.3401, valid_score: 6985.9, , rmse_test: 14.5455, score_test: 347.9, Learning rate:0.00002000
Epoch: 28, Loss: 9.9220, Rmse_valid: 12.7728, valid_score: 6798.4, , rmse_test: 14.6141, score_test: 332.6, Learning rate:0.00002000
Epoch: 29, Loss: 9.8925, Rmse_valid: 12.6848, valid_score: 7101.3, , rmse_test: 14.6690, score_test: 351.8, Learning rate:0.00002000
Epoch: 30, Loss: 9.8375, Rmse_valid: 12.9177, valid_score: 7305.1, , rmse_test: 14.6507, score_test: 348.6, Learning rate:0.00002000
[Train Summary] Restored best model from epoch 9, rmse_valid: 11.2635, valid_score: 4616.2, rmse_test: 13.1571, score_test: 305.9
[Train Time] start: 2026-08-24 17:53:24, end: 2026-08-24 17:56:45, duration: 0:03:21, total_seconds: 201.17
[Auto Test] command: /usr/local/miniconda3/envs/HV/bin/python /Mamba_Rul/test_GAT_EDmamba/test_model.py --sub-dataset FD001 --smooth-rate 30 --sequence-len 30 --feature-num 14 --dataset-root /Mamba_Rul/CMAPSSData/ --max-rul 125 --batch-size 128 --model-path /Mamba_Rul/logs/FD001_GAT_EDmamba4_dmodel_64/seed17/model_FD001_0824_175324_seed17.pkl
model_path:/Mamba_Rul/logs/FD001_GAT_EDmamba4_dmodel_64/seed17/model_FD001_0824_175324_seed17.pkl
rmse_final:12.925943374633789, score:286.97784423828125
