-----FD004-----
关键参数:
序列长度: 30
批大小(batch_size): 128
最大训练轮数(max_epochs): 30
随机数种子: 62
模型代号(model_code): GAT_EDmamba_dstate_32
模型结构(model_structure): mamba_mamba
学习率: 0.002
学习率调度器: step
Step步长(step_size): 10
Step衰减系数(gamma): 0.1
use_gat: True
gat_hidden_dim: 8
编码器: 2层Mamba
解码器: 2层Mamba
encoder_hidden_size: 10
mamba_num_layers: 2
mamba_d_state: 32
训练损失: AdaptiveAsymmetricMSELoss
asym_alpha: 2.0
asym_gamma: 5.0
asym_delta: 0.9
focus_threshold: 35.0
cap_threshold: 125.0
------------------------------
Epoch: 1, Loss: 41.6407, Rmse_valid: 24.5830, valid_score: 76908.4, , rmse_test: 26.8356, score_test: 4722.4, Learning rate:0.00200000
Epoch: 2, Loss: 34.6996, Rmse_valid: 24.1652, valid_score: 74614.0, , rmse_test: 25.8770, score_test: 3719.7, Learning rate:0.00200000
Epoch: 3, Loss: 31.1937, Rmse_valid: 26.5728, valid_score: 99596.4, , rmse_test: 26.3965, score_test: 3671.4, Learning rate:0.00200000
Epoch: 4, Loss: 29.0869, Rmse_valid: 21.3550, valid_score: 53300.2, , rmse_test: 21.7623, score_test: 2278.8, Learning rate:0.00200000
Epoch: 5, Loss: 28.0122, Rmse_valid: 25.1191, valid_score: 90158.0, , rmse_test: 24.0599, score_test: 3009.4, Learning rate:0.00200000
Epoch: 6, Loss: 27.0680, Rmse_valid: 23.3256, valid_score: 70484.3, , rmse_test: 21.2530, score_test: 1759.3, Learning rate:0.00200000
Epoch: 7, Loss: 25.6863, Rmse_valid: 18.9636, valid_score: 47596.0, , rmse_test: 18.6513, score_test: 2037.1, Learning rate:0.00200000
Epoch: 8, Loss: 25.5592, Rmse_valid: 20.1731, valid_score: 42138.1, , rmse_test: 20.6333, score_test: 2013.1, Learning rate:0.00200000
Epoch: 9, Loss: 24.4622, Rmse_valid: 18.0215, valid_score: 36613.1, , rmse_test: 18.6282, score_test: 1521.4, Learning rate:0.00200000
Epoch: 10, Loss: 24.0809, Rmse_valid: 17.7493, valid_score: 28038.1, , rmse_test: 17.6888, score_test: 1238.3, Learning rate:0.00200000
Epoch: 11, Loss: 20.8264, Rmse_valid: 17.7361, valid_score: 38411.0, , rmse_test: 18.2589, score_test: 1312.6, Learning rate:0.00020000
Epoch: 12, Loss: 20.4422, Rmse_valid: 17.3933, valid_score: 41618.7, , rmse_test: 17.8283, score_test: 1256.1, Learning rate:0.00020000
Epoch: 13, Loss: 20.2350, Rmse_valid: 17.6380, valid_score: 38358.6, , rmse_test: 18.2035, score_test: 1302.3, Learning rate:0.00020000
Epoch: 14, Loss: 20.0323, Rmse_valid: 17.6126, valid_score: 44417.7, , rmse_test: 17.9760, score_test: 1309.5, Learning rate:0.00020000
Epoch: 15, Loss: 19.9198, Rmse_valid: 17.2775, valid_score: 35897.7, , rmse_test: 18.0472, score_test: 1330.2, Learning rate:0.00020000
Epoch: 16, Loss: 19.7461, Rmse_valid: 17.6499, valid_score: 40169.5, , rmse_test: 18.3119, score_test: 1351.0, Learning rate:0.00020000
Epoch: 17, Loss: 19.6162, Rmse_valid: 17.1712, valid_score: 39194.5, , rmse_test: 17.7092, score_test: 1308.7, Learning rate:0.00020000
Epoch: 18, Loss: 19.5435, Rmse_valid: 17.9168, valid_score: 41651.5, , rmse_test: 19.0985, score_test: 1640.0, Learning rate:0.00020000
Epoch: 19, Loss: 19.4698, Rmse_valid: 17.3015, valid_score: 37049.6, , rmse_test: 18.0500, score_test: 1377.3, Learning rate:0.00020000
Epoch: 20, Loss: 19.3780, Rmse_valid: 18.0864, valid_score: 48827.8, , rmse_test: 18.6221, score_test: 1484.6, Learning rate:0.00020000
Epoch: 21, Loss: 19.1029, Rmse_valid: 17.4037, valid_score: 41263.6, , rmse_test: 18.0851, score_test: 1386.5, Learning rate:0.00002000
Epoch: 22, Loss: 19.0296, Rmse_valid: 17.6760, valid_score: 40531.1, , rmse_test: 18.2672, score_test: 1401.2, Learning rate:0.00002000
Epoch: 23, Loss: 19.0279, Rmse_valid: 17.4298, valid_score: 41197.0, , rmse_test: 18.1875, score_test: 1392.3, Learning rate:0.00002000
Epoch: 24, Loss: 19.0710, Rmse_valid: 17.5017, valid_score: 42698.3, , rmse_test: 18.1571, score_test: 1394.4, Learning rate:0.00002000
Epoch: 25, Loss: 19.0108, Rmse_valid: 17.2964, valid_score: 41263.4, , rmse_test: 18.1211, score_test: 1387.7, Learning rate:0.00002000
Epoch: 26, Loss: 18.9967, Rmse_valid: 17.2589, valid_score: 42687.6, , rmse_test: 17.9828, score_test: 1372.5, Learning rate:0.00002000
Epoch: 27, Loss: 18.9951, Rmse_valid: 17.5794, valid_score: 42773.3, , rmse_test: 18.0441, score_test: 1375.9, Learning rate:0.00002000
Epoch: 28, Loss: 18.9728, Rmse_valid: 17.7071, valid_score: 43012.2, , rmse_test: 18.1515, score_test: 1389.9, Learning rate:0.00002000
Epoch: 29, Loss: 18.9714, Rmse_valid: 17.3444, valid_score: 42408.6, , rmse_test: 18.1446, score_test: 1398.2, Learning rate:0.00002000
Epoch: 30, Loss: 18.9756, Rmse_valid: 17.5023, valid_score: 44918.0, , rmse_test: 18.1369, score_test: 1407.1, Learning rate:0.00002000
[Train Summary] Restored best model from epoch 17, rmse_valid: 17.1712, valid_score: 39194.5, rmse_test: 17.7092, score_test: 1308.7
[Train Time] start: 2026-07-29 07:53:40, end: 2026-07-29 08:04:28, duration: 0:10:48, total_seconds: 647.63
[Auto Test] command: /usr/local/miniconda3/envs/HV/bin/python /Mamba_Rul/test_GAT_EDmamba/test_model.py --sub-dataset FD004 --smooth-rate 40 --sequence-len 30 --feature-num 14 --dataset-root /Mamba_Rul/CMAPSSData/ --max-rul 125 --batch-size 128 --model-path /Mamba_Rul/logs/FD004_GAT_EDmamba_dstate_32/seed62/model_FD004_0729_075340_seed62.pkl
model_path:/Mamba_Rul/logs/FD004_GAT_EDmamba_dstate_32/seed62/model_FD004_0729_075340_seed62.pkl
rmse_final:17.80166244506836, score:1305.9013671875
