-----FD002-----
关键参数:
序列长度: 50
批大小(batch_size): 128
最大训练轮数(max_epochs): 30
随机数种子: 88
模型代号(model_code): GAT_EDmamba+50
模型结构(model_structure): mamba_mamba
学习率: 0.002
学习率调度器: step
Step步长(step_size): 10
Step衰减系数(gamma): 0.1
use_gat: True
gat_hidden_dim: 8
编码器: 2层Mamba
解码器: 2层Mamba
encoder_hidden_size: 16
mamba_num_layers: 2
mamba_d_state: 16
------------------------------
Epoch: 1, Loss: 31.7373, Rmse_valid: 29.1422, valid_score: 80783.0, , rmse_test: 29.8271, score_test: 6677.4, Learning rate:0.00200000
Epoch: 2, Loss: 23.6179, Rmse_valid: 20.3604, valid_score: 70411.5, , rmse_test: 18.6557, score_test: 2176.0, Learning rate:0.00200000
Epoch: 3, Loss: 19.8367, Rmse_valid: 21.1500, valid_score: 56022.4, , rmse_test: 19.6229, score_test: 2795.2, Learning rate:0.00200000
Epoch: 4, Loss: 18.0150, Rmse_valid: 23.1785, valid_score: 61372.5, , rmse_test: 22.5285, score_test: 2768.6, Learning rate:0.00200000
Epoch: 5, Loss: 16.9169, Rmse_valid: 17.8764, valid_score: 44400.7, , rmse_test: 14.2442, score_test: 865.4, Learning rate:0.00200000
Epoch: 6, Loss: 16.0043, Rmse_valid: 20.2983, valid_score: 94991.9, , rmse_test: 16.7746, score_test: 1953.3, Learning rate:0.00200000
Epoch: 7, Loss: 15.4221, Rmse_valid: 19.4526, valid_score: 29263.3, , rmse_test: 16.9049, score_test: 1286.3, Learning rate:0.00200000
Epoch: 8, Loss: 14.7324, Rmse_valid: 18.4708, valid_score: 27657.5, , rmse_test: 15.3811, score_test: 838.9, Learning rate:0.00200000
Epoch: 9, Loss: 14.1212, Rmse_valid: 19.3138, valid_score: 59350.6, , rmse_test: 15.0572, score_test: 975.0, Learning rate:0.00200000
Epoch: 10, Loss: 13.8257, Rmse_valid: 17.5804, valid_score: 44052.2, , rmse_test: 14.9369, score_test: 1394.3, Learning rate:0.00200000
Epoch: 11, Loss: 11.4508, Rmse_valid: 16.6993, valid_score: 50072.0, , rmse_test: 13.5656, score_test: 1055.3, Learning rate:0.00020000
Epoch: 12, Loss: 11.1017, Rmse_valid: 17.1053, valid_score: 46353.2, , rmse_test: 13.8247, score_test: 1031.0, Learning rate:0.00020000
Epoch: 13, Loss: 10.9264, Rmse_valid: 16.7040, valid_score: 40584.2, , rmse_test: 13.9826, score_test: 1161.9, Learning rate:0.00020000
Epoch: 14, Loss: 10.7685, Rmse_valid: 16.6351, valid_score: 42216.2, , rmse_test: 14.1733, score_test: 1256.2, Learning rate:0.00020000
Epoch: 15, Loss: 10.6736, Rmse_valid: 16.4278, valid_score: 40032.7, , rmse_test: 14.0396, score_test: 1206.7, Learning rate:0.00020000
Epoch: 16, Loss: 10.4995, Rmse_valid: 16.4643, valid_score: 35159.4, , rmse_test: 14.0510, score_test: 1211.2, Learning rate:0.00020000
Epoch: 17, Loss: 10.3505, Rmse_valid: 16.8024, valid_score: 41480.2, , rmse_test: 14.0477, score_test: 1255.4, Learning rate:0.00020000
Epoch: 18, Loss: 10.2461, Rmse_valid: 16.4273, valid_score: 39856.9, , rmse_test: 14.2583, score_test: 1180.8, Learning rate:0.00020000
Epoch: 19, Loss: 10.1028, Rmse_valid: 16.9961, valid_score: 50790.1, , rmse_test: 14.3833, score_test: 1451.9, Learning rate:0.00020000
Epoch: 20, Loss: 9.9608, Rmse_valid: 17.1864, valid_score: 59091.4, , rmse_test: 14.4742, score_test: 1713.7, Learning rate:0.00020000
Epoch: 21, Loss: 9.7551, Rmse_valid: 16.5641, valid_score: 41985.9, , rmse_test: 14.2443, score_test: 1383.0, Learning rate:0.00002000
Epoch: 22, Loss: 9.7679, Rmse_valid: 16.7189, valid_score: 45350.1, , rmse_test: 14.3333, score_test: 1431.8, Learning rate:0.00002000
Epoch: 23, Loss: 9.7090, Rmse_valid: 16.7916, valid_score: 45696.8, , rmse_test: 14.3613, score_test: 1444.0, Learning rate:0.00002000
Epoch: 24, Loss: 9.7155, Rmse_valid: 16.4990, valid_score: 43232.4, , rmse_test: 14.3217, score_test: 1465.1, Learning rate:0.00002000
Epoch: 25, Loss: 9.6899, Rmse_valid: 16.7367, valid_score: 46423.0, , rmse_test: 14.3654, score_test: 1496.5, Learning rate:0.00002000
Epoch: 26, Loss: 9.6745, Rmse_valid: 16.8880, valid_score: 46316.9, , rmse_test: 14.4380, score_test: 1509.4, Learning rate:0.00002000
Epoch: 27, Loss: 9.6618, Rmse_valid: 16.7253, valid_score: 45450.8, , rmse_test: 14.3618, score_test: 1462.0, Learning rate:0.00002000
Epoch: 28, Loss: 9.6464, Rmse_valid: 16.8650, valid_score: 44660.3, , rmse_test: 14.3882, score_test: 1514.0, Learning rate:0.00002000
Epoch: 29, Loss: 9.6567, Rmse_valid: 16.5641, valid_score: 43399.2, , rmse_test: 14.3212, score_test: 1428.9, Learning rate:0.00002000
Epoch: 30, Loss: 9.6325, Rmse_valid: 16.6130, valid_score: 44371.9, , rmse_test: 14.3188, score_test: 1486.4, Learning rate:0.00002000
[Train Summary] Restored best model from epoch 18, rmse_valid: 16.4273, valid_score: 39856.9, rmse_test: 14.2583, score_test: 1180.8
[Train Time] start: 2026-07-23 06:40:21, end: 2026-07-23 06:48:24, duration: 0:08:02, total_seconds: 482.38
[Auto Test] command: /usr/local/miniconda3/envs/HV/bin/python /Mamba_Rul/test_GAT_EDmamba/test_model.py --sub-dataset FD002 --smooth-rate 40 --sequence-len 50 --feature-num 14 --dataset-root /Mamba_Rul/CMAPSSData/ --max-rul 125 --batch-size 128 --model-path /Mamba_Rul/logs/FD002_GAT_EDmamba+50/seed88/model_FD002_0723_064021_seed88.pkl
model_path:/Mamba_Rul/logs/FD002_GAT_EDmamba+50/seed88/model_FD002_0723_064021_seed88.pkl
rmse_final:14.271498680114746, score:1146.557373046875
