-----FD002-----
关键参数:
序列长度: 30
批大小(batch_size): 128
最大训练轮数(max_epochs): 30
随机数种子: 17
模型代号(model_code): GAT_EDmamba_dmodel_64
模型结构(model_structure): mamba_mamba
学习率: 0.002
学习率调度器: step
Step步长(step_size): 10
Step衰减系数(gamma): 0.1
use_gat: True
gat_hidden_dim: 8
编码器: 2层Mamba
解码器: 2层Mamba
encoder_hidden_size: 64
mamba_num_layers: 2
mamba_d_state: 16
训练损失: AdaptiveAsymmetricMSELoss
asym_alpha: 3.0
asym_gamma: 5.0
asym_delta: 0.9
focus_threshold: 35.0
cap_threshold: 125.0
------------------------------
Epoch: 1, Loss: 108.2089, Rmse_valid: 27.0503, valid_score: 122439.1, , rmse_test: 32.1205, score_test: 8364.0, Learning rate:0.00200000
Epoch: 2, Loss: 43.2823, Rmse_valid: 25.0067, valid_score: 78986.4, , rmse_test: 25.8983, score_test: 4580.0, Learning rate:0.00200000
Epoch: 3, Loss: 36.5383, Rmse_valid: 21.5172, valid_score: 61552.0, , rmse_test: 21.3400, score_test: 2701.0, Learning rate:0.00200000
Epoch: 4, Loss: 30.1148, Rmse_valid: 20.2377, valid_score: 29354.9, , rmse_test: 18.6339, score_test: 1390.3, Learning rate:0.00200000
Epoch: 5, Loss: 27.6697, Rmse_valid: 22.4720, valid_score: 35691.6, , rmse_test: 19.0569, score_test: 1215.1, Learning rate:0.00200000
Epoch: 6, Loss: 31.1081, Rmse_valid: 22.9534, valid_score: 127243.9, , rmse_test: 21.2352, score_test: 2693.5, Learning rate:0.00200000
Epoch: 7, Loss: 25.9660, Rmse_valid: 22.0337, valid_score: 38645.0, , rmse_test: 18.4564, score_test: 1149.1, Learning rate:0.00200000
Epoch: 8, Loss: 23.7572, Rmse_valid: 18.8423, valid_score: 39481.5, , rmse_test: 16.2740, score_test: 1050.9, Learning rate:0.00200000
Epoch: 9, Loss: 23.1322, Rmse_valid: 21.8140, valid_score: 44631.5, , rmse_test: 18.9386, score_test: 1548.8, Learning rate:0.00200000
Epoch: 10, Loss: 21.4506, Rmse_valid: 18.5043, valid_score: 34538.2, , rmse_test: 15.7287, score_test: 1096.0, Learning rate:0.00200000
Epoch: 11, Loss: 16.4021, Rmse_valid: 18.4225, valid_score: 36767.6, , rmse_test: 15.7996, score_test: 1044.7, Learning rate:0.00020000
Epoch: 12, Loss: 15.3910, Rmse_valid: 18.4436, valid_score: 39685.2, , rmse_test: 15.6651, score_test: 1080.5, Learning rate:0.00020000
Epoch: 13, Loss: 14.6916, Rmse_valid: 17.6549, valid_score: 36572.2, , rmse_test: 15.4022, score_test: 1135.2, Learning rate:0.00020000
Epoch: 14, Loss: 14.0384, Rmse_valid: 18.5560, valid_score: 47261.3, , rmse_test: 15.9579, score_test: 1317.8, Learning rate:0.00020000
Epoch: 15, Loss: 13.4497, Rmse_valid: 18.2477, valid_score: 42366.2, , rmse_test: 15.8610, score_test: 1407.4, Learning rate:0.00020000
Epoch: 16, Loss: 12.8906, Rmse_valid: 18.7188, valid_score: 40373.2, , rmse_test: 16.0066, score_test: 1107.2, Learning rate:0.00020000
Epoch: 17, Loss: 12.3988, Rmse_valid: 18.6512, valid_score: 46762.4, , rmse_test: 16.4150, score_test: 1477.7, Learning rate:0.00020000
Epoch: 18, Loss: 11.9682, Rmse_valid: 18.9444, valid_score: 48441.0, , rmse_test: 16.5434, score_test: 1363.9, Learning rate:0.00020000
Epoch: 19, Loss: 11.4841, Rmse_valid: 19.8227, valid_score: 54913.4, , rmse_test: 16.5265, score_test: 1371.0, Learning rate:0.00020000
Epoch: 20, Loss: 11.1156, Rmse_valid: 18.7990, valid_score: 48699.6, , rmse_test: 16.0130, score_test: 1244.0, Learning rate:0.00020000
Epoch: 21, Loss: 10.3187, Rmse_valid: 18.7976, valid_score: 55591.7, , rmse_test: 16.1441, score_test: 1458.0, Learning rate:0.00002000
Epoch: 22, Loss: 10.1888, Rmse_valid: 18.7608, valid_score: 52770.8, , rmse_test: 16.0979, score_test: 1482.8, Learning rate:0.00002000
Epoch: 23, Loss: 10.1189, Rmse_valid: 18.7471, valid_score: 59022.0, , rmse_test: 16.2209, score_test: 1496.1, Learning rate:0.00002000
Epoch: 24, Loss: 10.0317, Rmse_valid: 18.9816, valid_score: 57751.9, , rmse_test: 16.2007, score_test: 1493.7, Learning rate:0.00002000
Epoch: 25, Loss: 9.9982, Rmse_valid: 19.0603, valid_score: 59153.7, , rmse_test: 16.2565, score_test: 1494.7, Learning rate:0.00002000
Epoch: 26, Loss: 9.9595, Rmse_valid: 18.8084, valid_score: 56793.7, , rmse_test: 16.1619, score_test: 1487.5, Learning rate:0.00002000
Epoch: 27, Loss: 9.8996, Rmse_valid: 18.9043, valid_score: 55642.3, , rmse_test: 16.1770, score_test: 1499.5, Learning rate:0.00002000
Epoch: 28, Loss: 9.8070, Rmse_valid: 19.0819, valid_score: 59375.8, , rmse_test: 16.2243, score_test: 1512.4, Learning rate:0.00002000
Epoch: 29, Loss: 9.7842, Rmse_valid: 19.0999, valid_score: 59718.9, , rmse_test: 16.1618, score_test: 1470.0, Learning rate:0.00002000
Epoch: 30, Loss: 9.7585, Rmse_valid: 19.0016, valid_score: 61523.1, , rmse_test: 16.2074, score_test: 1526.7, Learning rate:0.00002000
[Train Summary] Restored best model from epoch 13, rmse_valid: 17.6549, valid_score: 36572.2, rmse_test: 15.4022, score_test: 1135.2
[Train Time] start: 2026-08-05 14:06:50, end: 2026-08-05 14:15:09, duration: 0:08:19, total_seconds: 498.55
[Auto Test] command: /usr/local/miniconda3/envs/HV/bin/python /Mamba_Rul/test_GAT_EDmamba/test_model.py --sub-dataset FD002 --smooth-rate 40 --sequence-len 30 --feature-num 14 --dataset-root /Mamba_Rul/CMAPSSData/ --max-rul 125 --batch-size 128 --model-path /Mamba_Rul/logs/FD002_GAT_EDmamba_dmodel_64/seed17/model_FD002_0805_140650_seed17.pkl
model_path:/Mamba_Rul/logs/FD002_GAT_EDmamba_dmodel_64/seed17/model_FD002_0805_140650_seed17.pkl
rmse_final:15.521687507629395, score:1125.5079345703125
