-----FD002-----
关键参数:
序列长度: 30
批大小(batch_size): 128
最大训练轮数(max_epochs): 30
随机数种子: 17
模型代号(model_code): 1GAT_EDmamba_dstate_64
模型结构(model_structure): mamba_mamba
学习率: 0.002
学习率调度器: step
Step步长(step_size): 10
Step衰减系数(gamma): 0.1
use_gat: True
gat_hidden_dim: 8
编码器: 2层Mamba
解码器: 2层Mamba
mamba_d_model: 16
mamba_num_layers: 2
mamba_d_state: 64
训练损失: AdaptiveAsymmetricMSELoss
asym_alpha: 3.0
asym_gamma: 5.0
asym_delta: 0.9
focus_threshold: 35.0
cap_threshold: 125.0
------------------------------
Epoch: 1, Loss: 47.9848, Rmse_valid: 35.2183, valid_score: 223308.4, , rmse_test: 34.7292, score_test: 15811.8, Learning rate:0.00200000
Epoch: 2, Loss: 37.3419, Rmse_valid: 22.8107, valid_score: 41769.2, , rmse_test: 22.0730, score_test: 2295.9, Learning rate:0.00200000
Epoch: 3, Loss: 30.9358, Rmse_valid: 20.6824, valid_score: 33795.9, , rmse_test: 20.6328, score_test: 1628.5, Learning rate:0.00200000
Epoch: 4, Loss: 27.8276, Rmse_valid: 23.7877, valid_score: 42495.7, , rmse_test: 23.9054, score_test: 2306.5, Learning rate:0.00200000
Epoch: 5, Loss: 26.5439, Rmse_valid: 23.7212, valid_score: 42104.9, , rmse_test: 21.0365, score_test: 1726.7, Learning rate:0.00200000
Epoch: 6, Loss: 25.2304, Rmse_valid: 19.3644, valid_score: 24946.4, , rmse_test: 17.1436, score_test: 983.2, Learning rate:0.00200000
Epoch: 7, Loss: 24.6910, Rmse_valid: 22.5438, valid_score: 33912.0, , rmse_test: 20.5173, score_test: 1469.9, Learning rate:0.00200000
Epoch: 8, Loss: 23.9482, Rmse_valid: 21.2426, valid_score: 31362.7, , rmse_test: 18.2927, score_test: 1086.4, Learning rate:0.00200000
Epoch: 9, Loss: 23.3127, Rmse_valid: 20.1810, valid_score: 30688.3, , rmse_test: 16.4297, score_test: 908.7, Learning rate:0.00200000
Epoch: 10, Loss: 22.4761, Rmse_valid: 19.9915, valid_score: 29770.3, , rmse_test: 17.3723, score_test: 1016.7, Learning rate:0.00200000
Epoch: 11, Loss: 19.1887, Rmse_valid: 19.2183, valid_score: 28815.7, , rmse_test: 15.6938, score_test: 859.8, Learning rate:0.00020000
Epoch: 12, Loss: 18.7998, Rmse_valid: 19.0187, valid_score: 30744.0, , rmse_test: 15.7986, score_test: 875.1, Learning rate:0.00020000
Epoch: 13, Loss: 18.5246, Rmse_valid: 19.0569, valid_score: 30298.1, , rmse_test: 15.3364, score_test: 861.0, Learning rate:0.00020000
Epoch: 14, Loss: 18.3557, Rmse_valid: 19.1415, valid_score: 30209.7, , rmse_test: 15.5483, score_test: 853.4, Learning rate:0.00020000
Epoch: 15, Loss: 18.1388, Rmse_valid: 19.0023, valid_score: 29174.7, , rmse_test: 15.3803, score_test: 825.0, Learning rate:0.00020000
Epoch: 16, Loss: 17.9670, Rmse_valid: 19.0587, valid_score: 30103.9, , rmse_test: 15.4527, score_test: 849.9, Learning rate:0.00020000
Epoch: 17, Loss: 17.7916, Rmse_valid: 18.9230, valid_score: 31282.3, , rmse_test: 15.3806, score_test: 853.9, Learning rate:0.00020000
Epoch: 18, Loss: 17.5900, Rmse_valid: 18.9918, valid_score: 30449.2, , rmse_test: 15.4525, score_test: 857.0, Learning rate:0.00020000
Epoch: 19, Loss: 17.4396, Rmse_valid: 19.4921, valid_score: 34293.0, , rmse_test: 15.5729, score_test: 891.9, Learning rate:0.00020000
Epoch: 20, Loss: 17.3130, Rmse_valid: 18.7989, valid_score: 30630.5, , rmse_test: 14.8637, score_test: 843.7, Learning rate:0.00020000
Epoch: 21, Loss: 17.0130, Rmse_valid: 18.6769, valid_score: 31584.6, , rmse_test: 15.0879, score_test: 938.5, Learning rate:0.00002000
Epoch: 22, Loss: 16.9285, Rmse_valid: 18.4529, valid_score: 31501.3, , rmse_test: 15.0856, score_test: 974.3, Learning rate:0.00002000
Epoch: 23, Loss: 16.9003, Rmse_valid: 18.7458, valid_score: 31770.6, , rmse_test: 15.0803, score_test: 951.3, Learning rate:0.00002000
Epoch: 24, Loss: 16.9161, Rmse_valid: 18.4487, valid_score: 31044.3, , rmse_test: 14.9759, score_test: 958.0, Learning rate:0.00002000
Epoch: 25, Loss: 16.8741, Rmse_valid: 18.7087, valid_score: 32155.9, , rmse_test: 15.0398, score_test: 964.2, Learning rate:0.00002000
Epoch: 26, Loss: 16.9055, Rmse_valid: 18.5521, valid_score: 31268.1, , rmse_test: 15.0850, score_test: 994.1, Learning rate:0.00002000
Epoch: 27, Loss: 16.8480, Rmse_valid: 18.6842, valid_score: 31947.3, , rmse_test: 15.0402, score_test: 974.4, Learning rate:0.00002000
Epoch: 28, Loss: 16.8152, Rmse_valid: 18.6660, valid_score: 32793.0, , rmse_test: 15.0302, score_test: 995.1, Learning rate:0.00002000
Epoch: 29, Loss: 16.7606, Rmse_valid: 18.8300, valid_score: 32760.4, , rmse_test: 15.2651, score_test: 1106.6, Learning rate:0.00002000
Epoch: 30, Loss: 16.7989, Rmse_valid: 18.5576, valid_score: 31826.3, , rmse_test: 15.1200, score_test: 1053.2, Learning rate:0.00002000
[Train Summary] Restored best model from epoch 24, rmse_valid: 18.4487, valid_score: 31044.3, rmse_test: 14.9759, score_test: 958.0
[Train Time] start: 2026-08-28 10:52:07, end: 2026-08-28 11:00:02, duration: 0:07:55, total_seconds: 475.35
[Auto Test] command: /usr/local/miniconda3/envs/HV/bin/python /Mamba_Rul/test_GAT_EDmamba/test_model.py --sub-dataset FD002 --smooth-rate 40 --sequence-len 30 --feature-num 14 --dataset-root /Mamba_Rul/CMAPSSData/ --max-rul 125 --batch-size 128 --model-path /Mamba_Rul/logs/FD002_1GAT_EDmamba_dstate_64/seed17/model_FD002_0828_105207_seed17.pkl
model_path:/Mamba_Rul/logs/FD002_1GAT_EDmamba_dstate_64/seed17/model_FD002_0828_105207_seed17.pkl
rmse_final:15.0809907913208, score:933.0470581054688
