-----FD003-----
关键参数:
序列长度: 60
批大小(batch_size): 128
最大训练轮数(max_epochs): 30
随机数种子: 97
模型代号(model_code): GAT_EDmamba+60
模型结构(model_structure): mamba_mamba
学习率: 0.002
学习率调度器: step
Step步长(step_size): 10
Step衰减系数(gamma): 0.1
use_gat: True
gat_hidden_dim: 8
编码器: 2层Mamba
解码器: 2层Mamba
encoder_hidden_size: 16
mamba_num_layers: 2
mamba_d_state: 16
------------------------------
Epoch: 1, Loss: 26.1190, Rmse_valid: 16.8702, valid_score: 14534.8, , rmse_test: 23.3029, score_test: 2741.6, Learning rate:0.00200000
Epoch: 2, Loss: 18.0938, Rmse_valid: 13.9452, valid_score: 8500.7, , rmse_test: 17.4116, score_test: 1053.8, Learning rate:0.00200000
Epoch: 3, Loss: 14.9920, Rmse_valid: 14.1432, valid_score: 12407.4, , rmse_test: 16.2114, score_test: 1032.5, Learning rate:0.00200000
Epoch: 4, Loss: 13.9534, Rmse_valid: 10.9631, valid_score: 8822.1, , rmse_test: 16.7437, score_test: 1480.1, Learning rate:0.00200000
Epoch: 5, Loss: 12.9945, Rmse_valid: 10.6582, valid_score: 7071.2, , rmse_test: 15.5713, score_test: 1052.5, Learning rate:0.00200000
Epoch: 6, Loss: 12.4994, Rmse_valid: 10.8066, valid_score: 8348.2, , rmse_test: 15.6708, score_test: 971.5, Learning rate:0.00200000
Epoch: 7, Loss: 11.7265, Rmse_valid: 11.0916, valid_score: 8833.8, , rmse_test: 14.9634, score_test: 650.4, Learning rate:0.00200000
Epoch: 8, Loss: 11.2594, Rmse_valid: 9.7281, valid_score: 4985.3, , rmse_test: 14.5140, score_test: 657.1, Learning rate:0.00200000
Epoch: 9, Loss: 11.1268, Rmse_valid: 10.8753, valid_score: 7006.2, , rmse_test: 15.4282, score_test: 906.3, Learning rate:0.00200000
Epoch: 10, Loss: 10.5399, Rmse_valid: 9.6196, valid_score: 5884.6, , rmse_test: 15.5203, score_test: 898.6, Learning rate:0.00200000
Epoch: 11, Loss: 8.8932, Rmse_valid: 9.3630, valid_score: 4783.9, , rmse_test: 13.9267, score_test: 541.4, Learning rate:0.00020000
Epoch: 12, Loss: 8.6854, Rmse_valid: 9.1555, valid_score: 4530.6, , rmse_test: 13.9803, score_test: 517.9, Learning rate:0.00020000
Epoch: 13, Loss: 8.5678, Rmse_valid: 9.2693, valid_score: 4324.4, , rmse_test: 13.9620, score_test: 536.7, Learning rate:0.00020000
Epoch: 14, Loss: 8.4379, Rmse_valid: 9.0752, valid_score: 4545.1, , rmse_test: 14.2265, score_test: 593.3, Learning rate:0.00020000
Epoch: 15, Loss: 8.3403, Rmse_valid: 9.2858, valid_score: 4545.7, , rmse_test: 14.3045, score_test: 620.3, Learning rate:0.00020000
Epoch: 16, Loss: 8.2037, Rmse_valid: 9.3337, valid_score: 4150.3, , rmse_test: 13.9232, score_test: 538.7, Learning rate:0.00020000
Epoch: 17, Loss: 8.1334, Rmse_valid: 9.5562, valid_score: 4764.2, , rmse_test: 13.9251, score_test: 482.1, Learning rate:0.00020000
Epoch: 18, Loss: 7.9729, Rmse_valid: 9.4934, valid_score: 5178.2, , rmse_test: 14.1049, score_test: 530.8, Learning rate:0.00020000
Epoch: 19, Loss: 7.9362, Rmse_valid: 9.9696, valid_score: 4617.8, , rmse_test: 13.9313, score_test: 539.0, Learning rate:0.00020000
Epoch: 20, Loss: 7.8716, Rmse_valid: 9.9945, valid_score: 4148.4, , rmse_test: 13.7774, score_test: 501.6, Learning rate:0.00020000
Epoch: 21, Loss: 7.7239, Rmse_valid: 9.5003, valid_score: 4168.4, , rmse_test: 13.9635, score_test: 523.3, Learning rate:0.00002000
Epoch: 22, Loss: 7.6939, Rmse_valid: 9.3273, valid_score: 4109.5, , rmse_test: 13.9097, score_test: 515.5, Learning rate:0.00002000
Epoch: 23, Loss: 7.6762, Rmse_valid: 9.3106, valid_score: 4042.5, , rmse_test: 13.9015, score_test: 511.7, Learning rate:0.00002000
Epoch: 24, Loss: 7.6700, Rmse_valid: 9.5129, valid_score: 4193.8, , rmse_test: 13.9625, score_test: 527.5, Learning rate:0.00002000
Epoch: 25, Loss: 7.6282, Rmse_valid: 9.2758, valid_score: 4053.1, , rmse_test: 13.9172, score_test: 519.1, Learning rate:0.00002000
Epoch: 26, Loss: 7.6439, Rmse_valid: 9.2117, valid_score: 4094.5, , rmse_test: 13.9442, score_test: 519.6, Learning rate:0.00002000
Epoch: 27, Loss: 7.5933, Rmse_valid: 9.3169, valid_score: 4141.5, , rmse_test: 13.8902, score_test: 508.9, Learning rate:0.00002000
Epoch: 28, Loss: 7.6103, Rmse_valid: 9.4004, valid_score: 4178.8, , rmse_test: 13.9191, score_test: 519.1, Learning rate:0.00002000
Epoch: 29, Loss: 7.5982, Rmse_valid: 9.6972, valid_score: 4182.2, , rmse_test: 13.9655, score_test: 524.3, Learning rate:0.00002000
Epoch: 30, Loss: 7.5963, Rmse_valid: 9.5837, valid_score: 4193.8, , rmse_test: 13.9108, score_test: 512.4, Learning rate:0.00002000
[Train Summary] Restored best model from epoch 14, rmse_valid: 9.0752, valid_score: 4545.1, rmse_test: 14.2265, score_test: 593.3
[Train Time] start: 2026-07-23 04:48:19, end: 2026-07-23 04:52:12, duration: 0:03:53, total_seconds: 233.19
[Auto Test] command: /usr/local/miniconda3/envs/HV/bin/python /Mamba_Rul/test_GAT_EDmamba/test_model.py --sub-dataset FD003 --smooth-rate 30 --sequence-len 60 --feature-num 14 --dataset-root /Mamba_Rul/CMAPSSData/ --max-rul 125 --batch-size 128 --model-path /Mamba_Rul/logs/FD003_GAT_EDmamba+60/seed97/model_FD003_0723_044819_seed97.pkl
model_path:/Mamba_Rul/logs/FD003_GAT_EDmamba+60/seed97/model_FD003_0723_044819_seed97.pkl
rmse_final:14.093260765075684, score:572.2476806640625
