-----FD001-----
关键参数:
序列长度: 30
批大小(batch_size): 128
最大训练轮数(max_epochs): 30
随机数种子: 88
模型代号(model_code): GAT_EDmamba1_layer_3
模型结构(model_structure): mamba_mamba
学习率: 0.002
学习率调度器: step
Step步长(step_size): 10
Step衰减系数(gamma): 0.1
use_gat: True
gat_hidden_dim: 8
编码器: 2层Mamba
解码器: 2层Mamba
mamba_d_model: 4
mamba_num_layers: 3
mamba_d_state: 16
训练损失: AdaptiveAsymmetricMSELoss
asym_alpha: 1.5
asym_gamma: 2.0
asym_delta: 0.9
focus_threshold: 35.0
cap_threshold: 125.0
------------------------------
Epoch: 1, Loss: 32.3707, Rmse_valid: 21.2242, valid_score: 13005.0, , rmse_test: 17.5956, score_test: 486.4, Learning rate:0.00200000
Epoch: 2, Loss: 22.5051, Rmse_valid: 15.4858, valid_score: 6060.5, , rmse_test: 14.3120, score_test: 345.1, Learning rate:0.00200000
Epoch: 3, Loss: 21.5610, Rmse_valid: 15.6879, valid_score: 5153.5, , rmse_test: 14.2117, score_test: 267.2, Learning rate:0.00200000
Epoch: 4, Loss: 18.4915, Rmse_valid: 13.1275, valid_score: 4175.4, , rmse_test: 13.0909, score_test: 257.3, Learning rate:0.00200000
Epoch: 5, Loss: 17.3719, Rmse_valid: 12.7005, valid_score: 4343.1, , rmse_test: 13.6317, score_test: 274.6, Learning rate:0.00200000
Epoch: 6, Loss: 16.5344, Rmse_valid: 12.9301, valid_score: 3550.9, , rmse_test: 13.3709, score_test: 239.6, Learning rate:0.00200000
Epoch: 7, Loss: 19.2176, Rmse_valid: 15.5375, valid_score: 5890.3, , rmse_test: 13.2513, score_test: 270.4, Learning rate:0.00200000
Epoch: 8, Loss: 16.7999, Rmse_valid: 11.2442, valid_score: 4250.5, , rmse_test: 13.1984, score_test: 353.3, Learning rate:0.00200000
Epoch: 9, Loss: 15.7502, Rmse_valid: 10.8021, valid_score: 3104.6, , rmse_test: 12.7693, score_test: 270.3, Learning rate:0.00200000
Epoch: 10, Loss: 15.5643, Rmse_valid: 11.2641, valid_score: 3746.9, , rmse_test: 13.1766, score_test: 331.7, Learning rate:0.00200000
Epoch: 11, Loss: 14.4994, Rmse_valid: 11.3584, valid_score: 2946.7, , rmse_test: 13.1612, score_test: 238.5, Learning rate:0.00020000
Epoch: 12, Loss: 14.3162, Rmse_valid: 10.7755, valid_score: 2953.1, , rmse_test: 12.9407, score_test: 253.4, Learning rate:0.00020000
Epoch: 13, Loss: 14.3208, Rmse_valid: 10.7065, valid_score: 2882.2, , rmse_test: 12.9402, score_test: 247.0, Learning rate:0.00020000
Epoch: 14, Loss: 14.2509, Rmse_valid: 11.3259, valid_score: 2878.7, , rmse_test: 13.0832, score_test: 245.7, Learning rate:0.00020000
Epoch: 15, Loss: 14.1089, Rmse_valid: 11.3624, valid_score: 2956.4, , rmse_test: 13.1333, score_test: 258.6, Learning rate:0.00020000
Epoch: 16, Loss: 14.0850, Rmse_valid: 11.2389, valid_score: 3088.0, , rmse_test: 13.4681, score_test: 274.4, Learning rate:0.00020000
Epoch: 17, Loss: 14.1012, Rmse_valid: 10.8767, valid_score: 2836.0, , rmse_test: 13.1314, score_test: 239.8, Learning rate:0.00020000
Epoch: 18, Loss: 14.0079, Rmse_valid: 11.2390, valid_score: 2909.2, , rmse_test: 13.1749, score_test: 241.0, Learning rate:0.00020000
Epoch: 19, Loss: 13.9803, Rmse_valid: 10.4377, valid_score: 2945.4, , rmse_test: 12.8390, score_test: 291.9, Learning rate:0.00020000
Epoch: 20, Loss: 13.9806, Rmse_valid: 11.4399, valid_score: 2978.9, , rmse_test: 13.4205, score_test: 246.0, Learning rate:0.00020000
Epoch: 21, Loss: 13.9131, Rmse_valid: 11.0285, valid_score: 2889.0, , rmse_test: 13.0624, score_test: 253.2, Learning rate:0.00002000
Epoch: 22, Loss: 13.8983, Rmse_valid: 10.9441, valid_score: 2878.0, , rmse_test: 12.9810, score_test: 259.5, Learning rate:0.00002000
Epoch: 23, Loss: 13.8466, Rmse_valid: 10.8547, valid_score: 2859.1, , rmse_test: 12.9897, score_test: 257.0, Learning rate:0.00002000
Epoch: 24, Loss: 13.8909, Rmse_valid: 10.8846, valid_score: 2854.4, , rmse_test: 13.0617, score_test: 254.8, Learning rate:0.00002000
Epoch: 25, Loss: 13.8907, Rmse_valid: 11.3481, valid_score: 2858.2, , rmse_test: 13.0438, score_test: 254.0, Learning rate:0.00002000
Epoch: 26, Loss: 13.8753, Rmse_valid: 10.8480, valid_score: 2883.7, , rmse_test: 13.0777, score_test: 256.2, Learning rate:0.00002000
Epoch: 27, Loss: 13.8485, Rmse_valid: 11.0050, valid_score: 2867.2, , rmse_test: 12.9940, score_test: 263.6, Learning rate:0.00002000
Epoch: 28, Loss: 13.9131, Rmse_valid: 10.8063, valid_score: 2845.5, , rmse_test: 13.0317, score_test: 258.1, Learning rate:0.00002000
Epoch: 29, Loss: 13.8446, Rmse_valid: 11.2581, valid_score: 2840.5, , rmse_test: 13.0718, score_test: 256.0, Learning rate:0.00002000
Epoch: 30, Loss: 13.8609, Rmse_valid: 11.1623, valid_score: 2852.2, , rmse_test: 13.0428, score_test: 260.4, Learning rate:0.00002000
[Train Summary] Restored best model from epoch 19, rmse_valid: 10.4377, valid_score: 2945.4, rmse_test: 12.8390, score_test: 291.9
[Train Time] start: 2026-08-21 02:36:18, end: 2026-08-21 02:39:57, duration: 0:03:39, total_seconds: 218.96
[Auto Test] command: /usr/local/miniconda3/envs/HV/bin/python /Mamba_Rul/test_GAT_EDmamba/test_model.py --sub-dataset FD001 --smooth-rate 30 --sequence-len 30 --feature-num 14 --dataset-root /Mamba_Rul/CMAPSSData/ --max-rul 125 --batch-size 128 --model-path /Mamba_Rul/logs/FD001_GAT_EDmamba1_layer_3/seed88/model_FD001_0821_023618_seed88.pkl
model_path:/Mamba_Rul/logs/FD001_GAT_EDmamba1_layer_3/seed88/model_FD001_0821_023618_seed88.pkl
rmse_final:12.802734375, score:281.8559265136719
