-----FD003-----
关键参数:
序列长度: 30
批大小(batch_size): 128
最大训练轮数(max_epochs): 30
随机数种子: 27
模型代号(model_code): GAT_EDmamba_6
模型结构(model_structure): mamba_mamba
学习率: 0.002
学习率调度器: step
Step步长(step_size): 10
Step衰减系数(gamma): 0.1
use_gat: True
gat_hidden_dim: 8
编码器: 2层Mamba
解码器: 2层Mamba
encoder_hidden_size: 6
mamba_num_layers: 2
mamba_d_state: 16
训练损失: AdaptiveAsymmetricMSELoss
asym_alpha: 3.5
asym_gamma: 5.0
asym_delta: 0.9
focus_threshold: 35.0
cap_threshold: 125.0
------------------------------
Epoch: 1, Loss: 36.7899, Rmse_valid: 31.8835, valid_score: 139341.5, , rmse_test: 23.8334, score_test: 2491.1, Learning rate:0.00200000
Epoch: 2, Loss: 29.3956, Rmse_valid: 21.7405, valid_score: 32025.0, , rmse_test: 20.1148, score_test: 1406.5, Learning rate:0.00200000
Epoch: 3, Loss: 26.2752, Rmse_valid: 21.0359, valid_score: 22859.0, , rmse_test: 18.1816, score_test: 956.4, Learning rate:0.00200000
Epoch: 4, Loss: 24.2674, Rmse_valid: 17.6348, valid_score: 18174.6, , rmse_test: 17.3014, score_test: 1201.0, Learning rate:0.00200000
Epoch: 5, Loss: 22.7560, Rmse_valid: 21.0551, valid_score: 19967.2, , rmse_test: 17.1769, score_test: 700.7, Learning rate:0.00200000
Epoch: 6, Loss: 21.3710, Rmse_valid: 20.7245, valid_score: 14643.0, , rmse_test: 17.5583, score_test: 622.3, Learning rate:0.00200000
Epoch: 7, Loss: 19.7612, Rmse_valid: 21.2329, valid_score: 14026.3, , rmse_test: 18.4404, score_test: 565.0, Learning rate:0.00200000
Epoch: 8, Loss: 19.0946, Rmse_valid: 12.2601, valid_score: 6948.6, , rmse_test: 15.0906, score_test: 778.1, Learning rate:0.00200000
Epoch: 9, Loss: 18.3256, Rmse_valid: 15.4134, valid_score: 7282.8, , rmse_test: 15.2488, score_test: 429.7, Learning rate:0.00200000
Epoch: 10, Loss: 17.4733, Rmse_valid: 15.7639, valid_score: 8712.9, , rmse_test: 16.4357, score_test: 766.4, Learning rate:0.00200000
Epoch: 11, Loss: 15.4172, Rmse_valid: 12.2338, valid_score: 5832.2, , rmse_test: 14.4672, score_test: 473.1, Learning rate:0.00020000
Epoch: 12, Loss: 15.0747, Rmse_valid: 12.2863, valid_score: 5838.5, , rmse_test: 14.4927, score_test: 471.0, Learning rate:0.00020000
Epoch: 13, Loss: 15.0357, Rmse_valid: 11.2864, valid_score: 5502.1, , rmse_test: 14.1987, score_test: 443.1, Learning rate:0.00020000
Epoch: 14, Loss: 14.9121, Rmse_valid: 11.4379, valid_score: 5428.4, , rmse_test: 14.1545, score_test: 431.6, Learning rate:0.00020000
Epoch: 15, Loss: 14.8226, Rmse_valid: 12.4169, valid_score: 5752.3, , rmse_test: 14.4452, score_test: 413.5, Learning rate:0.00020000
Epoch: 16, Loss: 14.7592, Rmse_valid: 11.6431, valid_score: 5297.8, , rmse_test: 14.0819, score_test: 394.0, Learning rate:0.00020000
Epoch: 17, Loss: 14.6479, Rmse_valid: 11.2015, valid_score: 5047.9, , rmse_test: 13.8230, score_test: 399.6, Learning rate:0.00020000
Epoch: 18, Loss: 14.5929, Rmse_valid: 12.0932, valid_score: 5583.3, , rmse_test: 14.4029, score_test: 414.0, Learning rate:0.00020000
Epoch: 19, Loss: 14.5797, Rmse_valid: 11.1798, valid_score: 5065.9, , rmse_test: 13.8999, score_test: 378.3, Learning rate:0.00020000
Epoch: 20, Loss: 14.4860, Rmse_valid: 11.4565, valid_score: 5213.2, , rmse_test: 13.9124, score_test: 357.3, Learning rate:0.00020000
Epoch: 21, Loss: 14.2991, Rmse_valid: 11.3808, valid_score: 5237.7, , rmse_test: 13.9420, score_test: 374.9, Learning rate:0.00002000
Epoch: 22, Loss: 14.3181, Rmse_valid: 11.4227, valid_score: 5207.7, , rmse_test: 13.9712, score_test: 393.4, Learning rate:0.00002000
Epoch: 23, Loss: 14.3870, Rmse_valid: 11.4766, valid_score: 5250.8, , rmse_test: 13.9683, score_test: 379.7, Learning rate:0.00002000
Epoch: 24, Loss: 14.3358, Rmse_valid: 11.3729, valid_score: 5190.2, , rmse_test: 13.9383, score_test: 381.5, Learning rate:0.00002000
Epoch: 25, Loss: 14.3621, Rmse_valid: 11.2044, valid_score: 5176.2, , rmse_test: 13.9400, score_test: 390.9, Learning rate:0.00002000
Epoch: 26, Loss: 14.3388, Rmse_valid: 11.5388, valid_score: 5234.8, , rmse_test: 14.0153, score_test: 385.0, Learning rate:0.00002000
Epoch: 27, Loss: 14.3243, Rmse_valid: 11.5026, valid_score: 5202.8, , rmse_test: 14.0114, score_test: 382.1, Learning rate:0.00002000
Epoch: 28, Loss: 14.3211, Rmse_valid: 11.4674, valid_score: 5220.1, , rmse_test: 13.9944, score_test: 375.0, Learning rate:0.00002000
Epoch: 29, Loss: 14.2105, Rmse_valid: 11.2849, valid_score: 5130.1, , rmse_test: 13.8958, score_test: 370.4, Learning rate:0.00002000
Epoch: 30, Loss: 14.3474, Rmse_valid: 11.4638, valid_score: 5151.2, , rmse_test: 13.9395, score_test: 379.3, Learning rate:0.00002000
[Train Summary] Restored best model from epoch 19, rmse_valid: 11.1798, valid_score: 5065.9, rmse_test: 13.8999, score_test: 378.3
[Train Time] start: 2026-07-30 20:06:43, end: 2026-07-30 20:11:15, duration: 0:04:32, total_seconds: 271.99
[Auto Test] command: /usr/local/miniconda3/envs/HV/bin/python /Mamba_Rul/test_GAT_EDmamba/test_model.py --sub-dataset FD003 --smooth-rate 30 --sequence-len 30 --feature-num 14 --dataset-root /Mamba_Rul/CMAPSSData/ --max-rul 125 --batch-size 128 --model-path /Mamba_Rul/logs/FD003_GAT_EDmamba_6/seed27/model_FD003_0730_200643_seed27.pkl
model_path:/Mamba_Rul/logs/FD003_GAT_EDmamba_6/seed27/model_FD003_0730_200643_seed27.pkl
rmse_final:13.983561515808105, score:368.17755126953125
