-----FD004-----
关键参数:
序列长度: 30
批大小(batch_size): 128
最大训练轮数(max_epochs): 30
随机数种子: 27
模型代号(model_code): GAT_EDmamba_dstate_32
模型结构(model_structure): mamba_mamba
学习率: 0.002
学习率调度器: step
Step步长(step_size): 10
Step衰减系数(gamma): 0.1
use_gat: True
gat_hidden_dim: 8
编码器: 2层Mamba
解码器: 2层Mamba
encoder_hidden_size: 10
mamba_num_layers: 2
mamba_d_state: 32
训练损失: AdaptiveAsymmetricMSELoss
asym_alpha: 2.0
asym_gamma: 5.0
asym_delta: 0.9
focus_threshold: 35.0
cap_threshold: 125.0
------------------------------
Epoch: 1, Loss: 43.3698, Rmse_valid: 27.9182, valid_score: 162244.5, , rmse_test: 29.8120, score_test: 7502.7, Learning rate:0.00200000
Epoch: 2, Loss: 34.5250, Rmse_valid: 22.6318, valid_score: 49440.0, , rmse_test: 23.3350, score_test: 2616.9, Learning rate:0.00200000
Epoch: 3, Loss: 30.6931, Rmse_valid: 23.0277, valid_score: 118445.9, , rmse_test: 25.9116, score_test: 4900.5, Learning rate:0.00200000
Epoch: 4, Loss: 29.1493, Rmse_valid: 21.6409, valid_score: 46685.9, , rmse_test: 22.4661, score_test: 2527.4, Learning rate:0.00200000
Epoch: 5, Loss: 27.7637, Rmse_valid: 20.6362, valid_score: 53932.8, , rmse_test: 23.0539, score_test: 3077.3, Learning rate:0.00200000
Epoch: 6, Loss: 27.2017, Rmse_valid: 18.5645, valid_score: 33773.3, , rmse_test: 20.3256, score_test: 2052.0, Learning rate:0.00200000
Epoch: 7, Loss: 26.1697, Rmse_valid: 19.0227, valid_score: 33915.6, , rmse_test: 20.6243, score_test: 1865.1, Learning rate:0.00200000
Epoch: 8, Loss: 25.3838, Rmse_valid: 18.0543, valid_score: 29074.1, , rmse_test: 18.5057, score_test: 1564.4, Learning rate:0.00200000
Epoch: 9, Loss: 25.2077, Rmse_valid: 17.7921, valid_score: 30928.2, , rmse_test: 18.6471, score_test: 1670.7, Learning rate:0.00200000
Epoch: 10, Loss: 24.3575, Rmse_valid: 19.5442, valid_score: 38211.2, , rmse_test: 21.4024, score_test: 2006.6, Learning rate:0.00200000
Epoch: 11, Loss: 21.1645, Rmse_valid: 17.3612, valid_score: 29168.1, , rmse_test: 18.3680, score_test: 1457.4, Learning rate:0.00020000
Epoch: 12, Loss: 20.8693, Rmse_valid: 16.5438, valid_score: 27799.2, , rmse_test: 17.8249, score_test: 1363.5, Learning rate:0.00020000
Epoch: 13, Loss: 20.6967, Rmse_valid: 16.9264, valid_score: 30887.4, , rmse_test: 18.6358, score_test: 1508.5, Learning rate:0.00020000
Epoch: 14, Loss: 20.5091, Rmse_valid: 17.0625, valid_score: 29932.1, , rmse_test: 17.8197, score_test: 1320.5, Learning rate:0.00020000
Epoch: 15, Loss: 20.3423, Rmse_valid: 17.4385, valid_score: 32944.7, , rmse_test: 18.0612, score_test: 1374.5, Learning rate:0.00020000
Epoch: 16, Loss: 20.2378, Rmse_valid: 16.6523, valid_score: 31163.5, , rmse_test: 17.4750, score_test: 1308.5, Learning rate:0.00020000
Epoch: 17, Loss: 20.1437, Rmse_valid: 16.6593, valid_score: 30768.9, , rmse_test: 17.4610, score_test: 1274.9, Learning rate:0.00020000
Epoch: 18, Loss: 20.0441, Rmse_valid: 17.2005, valid_score: 30538.8, , rmse_test: 17.7312, score_test: 1283.7, Learning rate:0.00020000
Epoch: 19, Loss: 20.0142, Rmse_valid: 17.1030, valid_score: 31506.5, , rmse_test: 17.8297, score_test: 1272.2, Learning rate:0.00020000
Epoch: 20, Loss: 19.8675, Rmse_valid: 16.1129, valid_score: 28813.5, , rmse_test: 17.4350, score_test: 1283.1, Learning rate:0.00020000
Epoch: 21, Loss: 19.6208, Rmse_valid: 16.7050, valid_score: 29891.9, , rmse_test: 17.4119, score_test: 1224.3, Learning rate:0.00002000
Epoch: 22, Loss: 19.6447, Rmse_valid: 16.8644, valid_score: 30132.0, , rmse_test: 17.3620, score_test: 1209.6, Learning rate:0.00002000
Epoch: 23, Loss: 19.6284, Rmse_valid: 16.7525, valid_score: 30384.5, , rmse_test: 17.3122, score_test: 1216.4, Learning rate:0.00002000
Epoch: 24, Loss: 19.5844, Rmse_valid: 16.7305, valid_score: 29888.1, , rmse_test: 17.3836, score_test: 1216.5, Learning rate:0.00002000
Epoch: 25, Loss: 19.5798, Rmse_valid: 16.5635, valid_score: 30638.8, , rmse_test: 17.3571, score_test: 1219.5, Learning rate:0.00002000
Epoch: 26, Loss: 19.5717, Rmse_valid: 16.7421, valid_score: 30689.8, , rmse_test: 17.3468, score_test: 1221.2, Learning rate:0.00002000
Epoch: 27, Loss: 19.5671, Rmse_valid: 16.7088, valid_score: 30800.2, , rmse_test: 17.4807, score_test: 1231.8, Learning rate:0.00002000
Epoch: 28, Loss: 19.5611, Rmse_valid: 16.7091, valid_score: 31190.0, , rmse_test: 17.4499, score_test: 1238.9, Learning rate:0.00002000
Epoch: 29, Loss: 19.5764, Rmse_valid: 16.7716, valid_score: 31084.4, , rmse_test: 17.4295, score_test: 1228.1, Learning rate:0.00002000
Epoch: 30, Loss: 19.5371, Rmse_valid: 16.8553, valid_score: 31345.0, , rmse_test: 17.3180, score_test: 1211.7, Learning rate:0.00002000
[Train Summary] Restored best model from epoch 20, rmse_valid: 16.1129, valid_score: 28813.5, rmse_test: 17.4350, score_test: 1283.1
[Train Time] start: 2026-07-29 07:06:52, end: 2026-07-29 07:17:32, duration: 0:10:40, total_seconds: 639.83
[Auto Test] command: /usr/local/miniconda3/envs/HV/bin/python /Mamba_Rul/test_GAT_EDmamba/test_model.py --sub-dataset FD004 --smooth-rate 40 --sequence-len 30 --feature-num 14 --dataset-root /Mamba_Rul/CMAPSSData/ --max-rul 125 --batch-size 128 --model-path /Mamba_Rul/logs/FD004_GAT_EDmamba_dstate_32/seed27/model_FD004_0729_070652_seed27.pkl
model_path:/Mamba_Rul/logs/FD004_GAT_EDmamba_dstate_32/seed27/model_FD004_0729_070652_seed27.pkl
rmse_final:17.56118392944336, score:1287.2698974609375
