-----FD004-----
关键参数:
序列长度: 30
批大小(batch_size): 128
最大训练轮数(max_epochs): 30
随机数种子: 88
模型代号(model_code): GAT_EDmamba_layer_3
模型结构(model_structure): mamba_mamba
学习率: 0.002
学习率调度器: step
Step步长(step_size): 10
Step衰减系数(gamma): 0.1
use_gat: True
gat_hidden_dim: 8
编码器: 2层Mamba
解码器: 2层Mamba
encoder_hidden_size: 10
mamba_num_layers: 3
mamba_d_state: 16
训练损失: AdaptiveAsymmetricMSELoss
asym_alpha: 2.0
asym_gamma: 5.0
asym_delta: 0.9
focus_threshold: 35.0
cap_threshold: 125.0
------------------------------
Epoch: 1, Loss: 41.8796, Rmse_valid: 26.3419, valid_score: 119944.9, , rmse_test: 27.6937, score_test: 7643.8, Learning rate:0.00200000
Epoch: 2, Loss: 34.9109, Rmse_valid: 24.5214, valid_score: 75111.9, , rmse_test: 25.2532, score_test: 3082.6, Learning rate:0.00200000
Epoch: 3, Loss: 31.6253, Rmse_valid: 25.2971, valid_score: 100722.5, , rmse_test: 26.8002, score_test: 4399.2, Learning rate:0.00200000
Epoch: 4, Loss: 29.6810, Rmse_valid: 21.9874, valid_score: 59186.6, , rmse_test: 23.3681, score_test: 2694.0, Learning rate:0.00200000
Epoch: 5, Loss: 28.5656, Rmse_valid: 18.6735, valid_score: 39172.9, , rmse_test: 19.1381, score_test: 1949.1, Learning rate:0.00200000
Epoch: 6, Loss: 26.9637, Rmse_valid: 19.8476, valid_score: 36954.3, , rmse_test: 20.8571, score_test: 1941.1, Learning rate:0.00200000
Epoch: 7, Loss: 26.4575, Rmse_valid: 18.9124, valid_score: 34304.5, , rmse_test: 18.7065, score_test: 1479.4, Learning rate:0.00200000
Epoch: 8, Loss: 25.0676, Rmse_valid: 18.5401, valid_score: 33124.3, , rmse_test: 19.7297, score_test: 1532.2, Learning rate:0.00200000
Epoch: 9, Loss: 24.1309, Rmse_valid: 20.3452, valid_score: 36720.4, , rmse_test: 20.4195, score_test: 1669.4, Learning rate:0.00200000
Epoch: 10, Loss: 23.9533, Rmse_valid: 17.0228, valid_score: 27048.5, , rmse_test: 18.0128, score_test: 1411.2, Learning rate:0.00200000
Epoch: 11, Loss: 20.4892, Rmse_valid: 17.0323, valid_score: 27904.2, , rmse_test: 18.1998, score_test: 1353.5, Learning rate:0.00020000
Epoch: 12, Loss: 20.0704, Rmse_valid: 17.6007, valid_score: 31020.4, , rmse_test: 18.0762, score_test: 1297.9, Learning rate:0.00020000
Epoch: 13, Loss: 19.8682, Rmse_valid: 17.3248, valid_score: 30694.0, , rmse_test: 17.8249, score_test: 1261.7, Learning rate:0.00020000
Epoch: 14, Loss: 19.6909, Rmse_valid: 17.6048, valid_score: 34414.6, , rmse_test: 18.3079, score_test: 1377.4, Learning rate:0.00020000
Epoch: 15, Loss: 19.5579, Rmse_valid: 16.7723, valid_score: 34252.0, , rmse_test: 17.2752, score_test: 1213.6, Learning rate:0.00020000
Epoch: 16, Loss: 19.4932, Rmse_valid: 17.2570, valid_score: 37627.0, , rmse_test: 17.6249, score_test: 1323.2, Learning rate:0.00020000
Epoch: 17, Loss: 19.3718, Rmse_valid: 17.7481, valid_score: 36380.4, , rmse_test: 18.0428, score_test: 1317.9, Learning rate:0.00020000
Epoch: 18, Loss: 19.2907, Rmse_valid: 17.2340, valid_score: 35479.9, , rmse_test: 17.6261, score_test: 1245.6, Learning rate:0.00020000
Epoch: 19, Loss: 19.1936, Rmse_valid: 16.9338, valid_score: 36452.7, , rmse_test: 17.7429, score_test: 1362.4, Learning rate:0.00020000
Epoch: 20, Loss: 19.0979, Rmse_valid: 17.2322, valid_score: 32670.9, , rmse_test: 17.5827, score_test: 1280.4, Learning rate:0.00020000
Epoch: 21, Loss: 18.8221, Rmse_valid: 17.2831, valid_score: 34735.9, , rmse_test: 17.5351, score_test: 1265.6, Learning rate:0.00002000
Epoch: 22, Loss: 18.8048, Rmse_valid: 17.2627, valid_score: 35508.2, , rmse_test: 17.4446, score_test: 1258.8, Learning rate:0.00002000
Epoch: 23, Loss: 18.7735, Rmse_valid: 17.2338, valid_score: 35659.7, , rmse_test: 17.4624, score_test: 1254.3, Learning rate:0.00002000
Epoch: 24, Loss: 18.8048, Rmse_valid: 17.1681, valid_score: 35740.6, , rmse_test: 17.4041, score_test: 1261.3, Learning rate:0.00002000
Epoch: 25, Loss: 18.7844, Rmse_valid: 17.0804, valid_score: 37625.6, , rmse_test: 17.4576, score_test: 1280.6, Learning rate:0.00002000
Epoch: 26, Loss: 18.8135, Rmse_valid: 17.2548, valid_score: 35910.1, , rmse_test: 17.4979, score_test: 1263.2, Learning rate:0.00002000
Epoch: 27, Loss: 18.7037, Rmse_valid: 17.0971, valid_score: 36126.7, , rmse_test: 17.3248, score_test: 1258.1, Learning rate:0.00002000
Epoch: 28, Loss: 18.7384, Rmse_valid: 17.2005, valid_score: 36432.0, , rmse_test: 17.3762, score_test: 1267.1, Learning rate:0.00002000
Epoch: 29, Loss: 18.7425, Rmse_valid: 17.3123, valid_score: 36111.6, , rmse_test: 17.3517, score_test: 1251.8, Learning rate:0.00002000
Epoch: 30, Loss: 18.7149, Rmse_valid: 17.2533, valid_score: 35094.5, , rmse_test: 17.4302, score_test: 1255.7, Learning rate:0.00002000
[Train Summary] Restored best model from epoch 15, rmse_valid: 16.7723, valid_score: 34252.0, rmse_test: 17.2752, score_test: 1213.6
[Train Time] start: 2026-07-30 12:01:24, end: 2026-07-30 12:12:21, duration: 0:10:56, total_seconds: 656.43
[Auto Test] command: /usr/local/miniconda3/envs/HV/bin/python /Mamba_Rul/test_GAT_EDmamba/test_model.py --sub-dataset FD004 --smooth-rate 40 --sequence-len 30 --feature-num 14 --dataset-root /Mamba_Rul/CMAPSSData/ --max-rul 125 --batch-size 128 --model-path /Mamba_Rul/logs/FD004_GAT_EDmamba_layer_3/seed88/model_FD004_0730_120124_seed88.pkl
model_path:/Mamba_Rul/logs/FD004_GAT_EDmamba_layer_3/seed88/model_FD004_0730_120124_seed88.pkl
rmse_final:17.400754928588867, score:1218.848388671875
