-----FD003-----
关键参数:
序列长度: 30
批大小(batch_size): 128
最大训练轮数(max_epochs): 30
随机数种子: 80
模型代号(model_code): GAT_EDmamba4_dmodel_8
模型结构(model_structure): mamba_mamba
学习率: 0.002
学习率调度器: step
Step步长(step_size): 10
Step衰减系数(gamma): 0.1
use_gat: True
gat_hidden_dim: 8
编码器: 2层Mamba
解码器: 2层Mamba
mamba_d_model: 8
mamba_num_layers: 2
mamba_d_state: 16
训练损失: AdaptiveAsymmetricMSELoss
asym_alpha: 3.5
asym_gamma: 5.0
asym_delta: 0.9
focus_threshold: 35.0
cap_threshold: 125.0
------------------------------
Epoch: 1, Loss: 41.2609, Rmse_valid: 34.4925, valid_score: 89689.6, , rmse_test: 36.3864, score_test: 6965.7, Learning rate:0.00200000
Epoch: 2, Loss: 28.3981, Rmse_valid: 25.7639, valid_score: 31130.6, , rmse_test: 20.7662, score_test: 909.5, Learning rate:0.00200000
Epoch: 3, Loss: 25.2845, Rmse_valid: 15.4382, valid_score: 9322.2, , rmse_test: 16.5840, score_test: 892.9, Learning rate:0.00200000
Epoch: 4, Loss: 23.2095, Rmse_valid: 22.4624, valid_score: 20274.5, , rmse_test: 24.6638, score_test: 1380.8, Learning rate:0.00200000
Epoch: 5, Loss: 21.6315, Rmse_valid: 17.2665, valid_score: 10810.2, , rmse_test: 17.8680, score_test: 649.2, Learning rate:0.00200000
Epoch: 6, Loss: 20.2317, Rmse_valid: 14.7064, valid_score: 7125.5, , rmse_test: 15.6833, score_test: 502.7, Learning rate:0.00200000
Epoch: 7, Loss: 19.7522, Rmse_valid: 12.4079, valid_score: 6174.2, , rmse_test: 15.2420, score_test: 1000.0, Learning rate:0.00200000
Epoch: 8, Loss: 18.5687, Rmse_valid: 11.6353, valid_score: 5102.3, , rmse_test: 14.3813, score_test: 443.1, Learning rate:0.00200000
Epoch: 9, Loss: 18.3226, Rmse_valid: 11.0627, valid_score: 4681.8, , rmse_test: 13.7960, score_test: 550.7, Learning rate:0.00200000
Epoch: 10, Loss: 17.7407, Rmse_valid: 12.0379, valid_score: 5699.3, , rmse_test: 14.1661, score_test: 374.6, Learning rate:0.00200000
Epoch: 11, Loss: 15.5614, Rmse_valid: 11.3982, valid_score: 4584.3, , rmse_test: 13.5018, score_test: 343.0, Learning rate:0.00020000
Epoch: 12, Loss: 15.3138, Rmse_valid: 11.6637, valid_score: 4677.6, , rmse_test: 13.4653, score_test: 293.9, Learning rate:0.00020000
Epoch: 13, Loss: 15.3036, Rmse_valid: 11.3707, valid_score: 4567.5, , rmse_test: 13.2755, score_test: 286.8, Learning rate:0.00020000
Epoch: 14, Loss: 15.2241, Rmse_valid: 11.5725, valid_score: 4483.2, , rmse_test: 13.1758, score_test: 304.0, Learning rate:0.00020000
Epoch: 15, Loss: 15.1394, Rmse_valid: 12.0961, valid_score: 4847.7, , rmse_test: 13.6912, score_test: 327.0, Learning rate:0.00020000
Epoch: 16, Loss: 15.1311, Rmse_valid: 11.1278, valid_score: 4388.8, , rmse_test: 13.1466, score_test: 304.8, Learning rate:0.00020000
Epoch: 17, Loss: 15.0214, Rmse_valid: 12.0118, valid_score: 4892.6, , rmse_test: 13.4243, score_test: 289.5, Learning rate:0.00020000
Epoch: 18, Loss: 15.0314, Rmse_valid: 11.5436, valid_score: 4623.9, , rmse_test: 13.3077, score_test: 287.6, Learning rate:0.00020000
Epoch: 19, Loss: 14.9751, Rmse_valid: 11.3198, valid_score: 4474.4, , rmse_test: 13.0596, score_test: 274.2, Learning rate:0.00020000
Epoch: 20, Loss: 14.8940, Rmse_valid: 11.1318, valid_score: 4496.8, , rmse_test: 13.3032, score_test: 292.5, Learning rate:0.00020000
Epoch: 21, Loss: 14.8101, Rmse_valid: 11.5220, valid_score: 4573.5, , rmse_test: 13.2829, score_test: 288.0, Learning rate:0.00002000
Epoch: 22, Loss: 14.7117, Rmse_valid: 11.5626, valid_score: 4521.5, , rmse_test: 13.2110, score_test: 284.4, Learning rate:0.00002000
Epoch: 23, Loss: 14.7112, Rmse_valid: 11.4799, valid_score: 4520.9, , rmse_test: 13.2257, score_test: 285.4, Learning rate:0.00002000
Epoch: 24, Loss: 14.7127, Rmse_valid: 11.2591, valid_score: 4425.1, , rmse_test: 13.1405, score_test: 290.4, Learning rate:0.00002000
Epoch: 25, Loss: 14.7227, Rmse_valid: 11.3705, valid_score: 4452.2, , rmse_test: 13.1570, score_test: 287.4, Learning rate:0.00002000
Epoch: 26, Loss: 14.7377, Rmse_valid: 11.3364, valid_score: 4469.5, , rmse_test: 13.1601, score_test: 287.4, Learning rate:0.00002000
Epoch: 27, Loss: 14.6770, Rmse_valid: 11.6109, valid_score: 4581.7, , rmse_test: 13.3140, score_test: 285.5, Learning rate:0.00002000
Epoch: 28, Loss: 14.6859, Rmse_valid: 11.3824, valid_score: 4494.0, , rmse_test: 13.1632, score_test: 289.7, Learning rate:0.00002000
Epoch: 29, Loss: 14.7177, Rmse_valid: 11.3119, valid_score: 4433.4, , rmse_test: 13.1152, score_test: 289.3, Learning rate:0.00002000
Epoch: 30, Loss: 14.6579, Rmse_valid: 11.4045, valid_score: 4486.4, , rmse_test: 13.1961, score_test: 292.6, Learning rate:0.00002000
[Train Summary] Restored best model from epoch 9, rmse_valid: 11.0627, valid_score: 4681.8, rmse_test: 13.7960, score_test: 550.7
[Train Time] start: 2026-08-25 03:40:07, end: 2026-08-25 03:44:04, duration: 0:03:57, total_seconds: 236.75
[Auto Test] command: /usr/local/miniconda3/envs/HV/bin/python /Mamba_Rul/test_GAT_EDmamba/test_model.py --sub-dataset FD003 --smooth-rate 30 --sequence-len 30 --feature-num 14 --dataset-root /Mamba_Rul/CMAPSSData/ --max-rul 125 --batch-size 128 --model-path /Mamba_Rul/logs/FD003_GAT_EDmamba4_dmodel_8/seed80/model_FD003_0825_034007_seed80.pkl
model_path:/Mamba_Rul/logs/FD003_GAT_EDmamba4_dmodel_8/seed80/model_FD003_0825_034007_seed80.pkl
rmse_final:13.841604232788086, score:527.2946166992188
