-----FD003-----
关键参数:
序列长度: 30
批大小(batch_size): 128
最大训练轮数(max_epochs): 30
随机数种子: 62
模型代号(model_code): GAT_EDmamba_layer_3
模型结构(model_structure): mamba_mamba
学习率: 0.002
学习率调度器: step
Step步长(step_size): 10
Step衰减系数(gamma): 0.1
use_gat: True
gat_hidden_dim: 8
编码器: 2层Mamba
解码器: 2层Mamba
encoder_hidden_size: 16
mamba_num_layers: 3
mamba_d_state: 16
训练损失: AdaptiveAsymmetricMSELoss
asym_alpha: 3.5
asym_gamma: 5.0
asym_delta: 0.9
focus_threshold: 35.0
cap_threshold: 125.0
------------------------------
Epoch: 1, Loss: 44.4440, Rmse_valid: 22.2949, valid_score: 26777.8, , rmse_test: 23.7459, score_test: 1284.8, Learning rate:0.00200000
Epoch: 2, Loss: 28.1006, Rmse_valid: 23.5172, valid_score: 24647.4, , rmse_test: 17.6299, score_test: 696.2, Learning rate:0.00200000
Epoch: 3, Loss: 24.1531, Rmse_valid: 23.3299, valid_score: 19451.2, , rmse_test: 17.6839, score_test: 537.1, Learning rate:0.00200000
Epoch: 4, Loss: 22.2036, Rmse_valid: 16.7381, valid_score: 10397.0, , rmse_test: 15.7162, score_test: 370.4, Learning rate:0.00200000
Epoch: 5, Loss: 20.7304, Rmse_valid: 23.3064, valid_score: 39624.6, , rmse_test: 24.7482, score_test: 1246.4, Learning rate:0.00200000
Epoch: 6, Loss: 19.7803, Rmse_valid: 17.8886, valid_score: 14214.1, , rmse_test: 14.6660, score_test: 366.3, Learning rate:0.00200000
Epoch: 7, Loss: 18.3386, Rmse_valid: 13.6106, valid_score: 7499.7, , rmse_test: 17.1679, score_test: 421.6, Learning rate:0.00200000
Epoch: 8, Loss: 17.3943, Rmse_valid: 14.6196, valid_score: 7766.8, , rmse_test: 13.9844, score_test: 361.2, Learning rate:0.00200000
Epoch: 9, Loss: 16.9692, Rmse_valid: 12.7188, valid_score: 6437.6, , rmse_test: 16.2751, score_test: 359.0, Learning rate:0.00200000
Epoch: 10, Loss: 16.5765, Rmse_valid: 10.5240, valid_score: 4497.2, , rmse_test: 13.4667, score_test: 270.0, Learning rate:0.00200000
Epoch: 11, Loss: 13.2430, Rmse_valid: 11.3651, valid_score: 4888.1, , rmse_test: 12.6545, score_test: 229.1, Learning rate:0.00020000
Epoch: 12, Loss: 12.9937, Rmse_valid: 11.8564, valid_score: 5111.9, , rmse_test: 12.8842, score_test: 240.3, Learning rate:0.00020000
Epoch: 13, Loss: 12.8546, Rmse_valid: 11.4375, valid_score: 4903.1, , rmse_test: 13.0014, score_test: 235.8, Learning rate:0.00020000
Epoch: 14, Loss: 12.6894, Rmse_valid: 10.7938, valid_score: 4397.8, , rmse_test: 12.4806, score_test: 216.3, Learning rate:0.00020000
Epoch: 15, Loss: 12.5922, Rmse_valid: 11.2155, valid_score: 4518.6, , rmse_test: 12.4930, score_test: 224.9, Learning rate:0.00020000
Epoch: 16, Loss: 12.4911, Rmse_valid: 10.7030, valid_score: 4059.6, , rmse_test: 12.4515, score_test: 209.1, Learning rate:0.00020000
Epoch: 17, Loss: 12.3823, Rmse_valid: 10.2344, valid_score: 3831.3, , rmse_test: 12.4182, score_test: 215.2, Learning rate:0.00020000
Epoch: 18, Loss: 12.2102, Rmse_valid: 10.4737, valid_score: 4095.9, , rmse_test: 12.4489, score_test: 221.0, Learning rate:0.00020000
Epoch: 19, Loss: 12.2054, Rmse_valid: 9.8661, valid_score: 3799.9, , rmse_test: 12.0925, score_test: 207.8, Learning rate:0.00020000
Epoch: 20, Loss: 12.0866, Rmse_valid: 10.2723, valid_score: 3807.5, , rmse_test: 12.2953, score_test: 212.5, Learning rate:0.00020000
Epoch: 21, Loss: 11.8422, Rmse_valid: 9.9315, valid_score: 3773.6, , rmse_test: 12.2426, score_test: 213.4, Learning rate:0.00002000
Epoch: 22, Loss: 11.8033, Rmse_valid: 10.2753, valid_score: 3911.1, , rmse_test: 12.2512, score_test: 211.8, Learning rate:0.00002000
Epoch: 23, Loss: 11.7730, Rmse_valid: 10.3393, valid_score: 3869.1, , rmse_test: 12.2492, score_test: 211.2, Learning rate:0.00002000
Epoch: 24, Loss: 11.8076, Rmse_valid: 10.2017, valid_score: 3830.7, , rmse_test: 12.2110, score_test: 211.1, Learning rate:0.00002000
Epoch: 25, Loss: 11.7751, Rmse_valid: 10.4255, valid_score: 3949.5, , rmse_test: 12.3284, score_test: 210.4, Learning rate:0.00002000
Epoch: 26, Loss: 11.7604, Rmse_valid: 10.2829, valid_score: 3894.2, , rmse_test: 12.2121, score_test: 209.5, Learning rate:0.00002000
Epoch: 27, Loss: 11.7240, Rmse_valid: 10.2217, valid_score: 3901.3, , rmse_test: 12.2309, score_test: 210.5, Learning rate:0.00002000
Epoch: 28, Loss: 11.7217, Rmse_valid: 10.1508, valid_score: 3786.8, , rmse_test: 12.2365, score_test: 208.5, Learning rate:0.00002000
Epoch: 29, Loss: 11.7684, Rmse_valid: 10.1104, valid_score: 3810.5, , rmse_test: 12.1872, score_test: 209.4, Learning rate:0.00002000
Epoch: 30, Loss: 11.7573, Rmse_valid: 10.2277, valid_score: 3874.2, , rmse_test: 12.1957, score_test: 208.5, Learning rate:0.00002000
[Train Summary] Restored best model from epoch 19, rmse_valid: 9.8661, valid_score: 3799.9, rmse_test: 12.0925, score_test: 207.8
[Train Time] start: 2026-08-03 07:52:05, end: 2026-08-03 07:57:37, duration: 0:05:32, total_seconds: 332.20
[Auto Test] command: /usr/local/miniconda3/envs/HV/bin/python /Mamba_Rul/test_GAT_EDmamba/test_model.py --sub-dataset FD003 --smooth-rate 30 --sequence-len 30 --feature-num 14 --dataset-root /Mamba_Rul/CMAPSSData/ --max-rul 125 --batch-size 128 --model-path /Mamba_Rul/logs/FD003_GAT_EDmamba_layer_3/seed62/model_FD003_0803_075205_seed62.pkl
model_path:/Mamba_Rul/logs/FD003_GAT_EDmamba_layer_3/seed62/model_FD003_0803_075205_seed62.pkl
rmse_final:12.198360443115234, score:207.55419921875
