-----FD004-----
关键参数:
序列长度: 30
批大小(batch_size): 128
最大训练轮数(max_epochs): 30
随机数种子: 88
模型代号(model_code): GAT_EDmamba4_layer_1
模型结构(model_structure): mamba_mamba
学习率: 0.002
学习率调度器: step
Step步长(step_size): 10
Step衰减系数(gamma): 0.1
use_gat: True
gat_hidden_dim: 8
编码器: 2层Mamba
解码器: 2层Mamba
mamba_d_model: 10
mamba_num_layers: 1
mamba_d_state: 16
训练损失: AdaptiveAsymmetricMSELoss
asym_alpha: 2.0
asym_gamma: 5.0
asym_delta: 0.9
focus_threshold: 35.0
cap_threshold: 125.0
------------------------------
Epoch: 1, Loss: 43.5836, Rmse_valid: 26.0164, valid_score: 82244.7, , rmse_test: 27.8126, score_test: 5375.2, Learning rate:0.00200000
Epoch: 2, Loss: 35.1449, Rmse_valid: 25.5246, valid_score: 80874.2, , rmse_test: 26.1631, score_test: 3983.1, Learning rate:0.00200000
Epoch: 3, Loss: 31.1216, Rmse_valid: 18.2891, valid_score: 35295.2, , rmse_test: 19.0561, score_test: 2187.7, Learning rate:0.00200000
Epoch: 4, Loss: 28.4946, Rmse_valid: 18.9923, valid_score: 29708.7, , rmse_test: 19.4599, score_test: 1566.0, Learning rate:0.00200000
Epoch: 5, Loss: 27.0873, Rmse_valid: 19.6153, valid_score: 34658.9, , rmse_test: 20.0960, score_test: 1710.7, Learning rate:0.00200000
Epoch: 6, Loss: 26.1120, Rmse_valid: 18.0130, valid_score: 29688.4, , rmse_test: 18.1020, score_test: 1268.9, Learning rate:0.00200000
Epoch: 7, Loss: 25.6345, Rmse_valid: 18.0031, valid_score: 28841.2, , rmse_test: 18.2685, score_test: 1379.2, Learning rate:0.00200000
Epoch: 8, Loss: 25.0139, Rmse_valid: 18.0907, valid_score: 26850.6, , rmse_test: 18.3273, score_test: 1335.0, Learning rate:0.00200000
Epoch: 9, Loss: 24.2642, Rmse_valid: 18.2432, valid_score: 27949.4, , rmse_test: 17.7871, score_test: 1167.6, Learning rate:0.00200000
Epoch: 10, Loss: 24.6032, Rmse_valid: 24.4931, valid_score: 133429.7, , rmse_test: 26.2397, score_test: 6067.4, Learning rate:0.00200000
Epoch: 11, Loss: 20.8994, Rmse_valid: 16.9482, valid_score: 23321.6, , rmse_test: 17.8199, score_test: 1183.0, Learning rate:0.00020000
Epoch: 12, Loss: 20.5844, Rmse_valid: 16.9275, valid_score: 23572.2, , rmse_test: 18.0249, score_test: 1184.3, Learning rate:0.00020000
Epoch: 13, Loss: 20.4209, Rmse_valid: 16.9119, valid_score: 23085.2, , rmse_test: 17.2362, score_test: 1108.4, Learning rate:0.00020000
Epoch: 14, Loss: 20.3863, Rmse_valid: 17.1567, valid_score: 23970.0, , rmse_test: 17.8820, score_test: 1190.8, Learning rate:0.00020000
Epoch: 15, Loss: 20.3298, Rmse_valid: 17.5294, valid_score: 26470.8, , rmse_test: 18.5313, score_test: 1328.9, Learning rate:0.00020000
Epoch: 16, Loss: 20.2445, Rmse_valid: 17.5505, valid_score: 25096.8, , rmse_test: 18.3576, score_test: 1268.8, Learning rate:0.00020000
Epoch: 17, Loss: 20.1764, Rmse_valid: 16.9896, valid_score: 24259.8, , rmse_test: 17.9833, score_test: 1205.7, Learning rate:0.00020000
Epoch: 18, Loss: 20.1086, Rmse_valid: 17.1029, valid_score: 24053.9, , rmse_test: 17.7133, score_test: 1187.9, Learning rate:0.00020000
Epoch: 19, Loss: 20.0655, Rmse_valid: 16.9472, valid_score: 24507.4, , rmse_test: 18.0644, score_test: 1246.1, Learning rate:0.00020000
Epoch: 20, Loss: 20.0511, Rmse_valid: 16.7268, valid_score: 23372.2, , rmse_test: 17.6313, score_test: 1185.7, Learning rate:0.00020000
Epoch: 21, Loss: 19.8051, Rmse_valid: 16.8090, valid_score: 23376.4, , rmse_test: 17.6400, score_test: 1167.5, Learning rate:0.00002000
Epoch: 22, Loss: 19.8152, Rmse_valid: 16.8307, valid_score: 23486.6, , rmse_test: 17.7480, score_test: 1178.7, Learning rate:0.00002000
Epoch: 23, Loss: 19.7808, Rmse_valid: 16.9934, valid_score: 23406.2, , rmse_test: 17.7844, score_test: 1189.2, Learning rate:0.00002000
Epoch: 24, Loss: 19.7732, Rmse_valid: 16.9702, valid_score: 23946.4, , rmse_test: 17.7415, score_test: 1186.4, Learning rate:0.00002000
Epoch: 25, Loss: 19.7800, Rmse_valid: 16.8515, valid_score: 23717.8, , rmse_test: 17.6774, score_test: 1183.3, Learning rate:0.00002000
Epoch: 26, Loss: 19.7769, Rmse_valid: 16.8760, valid_score: 23663.5, , rmse_test: 17.6922, score_test: 1181.5, Learning rate:0.00002000
Epoch: 27, Loss: 19.7634, Rmse_valid: 16.8801, valid_score: 23734.2, , rmse_test: 17.5512, score_test: 1174.3, Learning rate:0.00002000
Epoch: 28, Loss: 19.7444, Rmse_valid: 16.9520, valid_score: 23583.6, , rmse_test: 17.6390, score_test: 1182.4, Learning rate:0.00002000
Epoch: 29, Loss: 19.7618, Rmse_valid: 16.9436, valid_score: 23927.1, , rmse_test: 17.6681, score_test: 1172.1, Learning rate:0.00002000
Epoch: 30, Loss: 19.7395, Rmse_valid: 17.0915, valid_score: 24022.3, , rmse_test: 17.6538, score_test: 1173.3, Learning rate:0.00002000
[Train Summary] Restored best model from epoch 20, rmse_valid: 16.7268, valid_score: 23372.2, rmse_test: 17.6313, score_test: 1185.7
[Train Time] start: 2026-08-21 11:20:44, end: 2026-08-21 11:28:24, duration: 0:07:40, total_seconds: 459.87
[Auto Test] command: /usr/local/miniconda3/envs/HV/bin/python /Mamba_Rul/test_GAT_EDmamba/test_model.py --sub-dataset FD004 --smooth-rate 40 --sequence-len 30 --feature-num 14 --dataset-root /Mamba_Rul/CMAPSSData/ --max-rul 125 --batch-size 128 --model-path /Mamba_Rul/logs/FD004_GAT_EDmamba4_layer_1/seed88/model_FD004_0821_112044_seed88.pkl
model_path:/Mamba_Rul/logs/FD004_GAT_EDmamba4_layer_1/seed88/model_FD004_0821_112044_seed88.pkl
rmse_final:17.769695281982422, score:1185.6092529296875
