-----FD004-----
关键参数:
序列长度: 30
批大小(batch_size): 128
最大训练轮数(max_epochs): 30
随机数种子: 27
模型代号(model_code): 1GAT_EDmamba_dstate_64
模型结构(model_structure): mamba_mamba
学习率: 0.002
学习率调度器: step
Step步长(step_size): 10
Step衰减系数(gamma): 0.1
use_gat: True
gat_hidden_dim: 8
编码器: 2层Mamba
解码器: 2层Mamba
mamba_d_model: 8
mamba_num_layers: 2
mamba_d_state: 64
训练损失: AdaptiveAsymmetricMSELoss
asym_alpha: 2.0
asym_gamma: 5.0
asym_delta: 0.9
focus_threshold: 35.0
cap_threshold: 125.0
------------------------------
Epoch: 1, Loss: 48.9263, Rmse_valid: 27.4677, valid_score: 223182.0, , rmse_test: 29.7090, score_test: 8033.8, Learning rate:0.00200000
Epoch: 2, Loss: 38.3932, Rmse_valid: 26.7575, valid_score: 108343.9, , rmse_test: 29.4829, score_test: 7245.4, Learning rate:0.00200000
Epoch: 3, Loss: 35.1605, Rmse_valid: 23.6297, valid_score: 68500.6, , rmse_test: 25.6581, score_test: 4187.1, Learning rate:0.00200000
Epoch: 4, Loss: 32.2419, Rmse_valid: 22.4191, valid_score: 53067.8, , rmse_test: 23.4320, score_test: 2775.0, Learning rate:0.00200000
Epoch: 5, Loss: 30.2686, Rmse_valid: 20.2596, valid_score: 53786.4, , rmse_test: 21.6512, score_test: 2776.1, Learning rate:0.00200000
Epoch: 6, Loss: 29.0029, Rmse_valid: 23.7276, valid_score: 76027.1, , rmse_test: 25.0559, score_test: 3668.4, Learning rate:0.00200000
Epoch: 7, Loss: 28.2263, Rmse_valid: 19.3050, valid_score: 34038.1, , rmse_test: 20.6601, score_test: 2010.0, Learning rate:0.00200000
Epoch: 8, Loss: 27.2517, Rmse_valid: 19.9556, valid_score: 35814.1, , rmse_test: 21.2894, score_test: 2072.7, Learning rate:0.00200000
Epoch: 9, Loss: 26.7467, Rmse_valid: 19.7444, valid_score: 34782.3, , rmse_test: 19.5938, score_test: 1508.0, Learning rate:0.00200000
Epoch: 10, Loss: 26.3418, Rmse_valid: 18.5739, valid_score: 32260.8, , rmse_test: 19.2467, score_test: 1550.4, Learning rate:0.00200000
Epoch: 11, Loss: 23.5527, Rmse_valid: 18.7128, valid_score: 31754.0, , rmse_test: 19.0314, score_test: 1470.9, Learning rate:0.00020000
Epoch: 12, Loss: 23.1249, Rmse_valid: 19.0370, valid_score: 31225.0, , rmse_test: 19.8881, score_test: 1597.6, Learning rate:0.00020000
Epoch: 13, Loss: 22.8671, Rmse_valid: 18.0120, valid_score: 27682.2, , rmse_test: 18.8708, score_test: 1436.9, Learning rate:0.00020000
Epoch: 14, Loss: 22.8066, Rmse_valid: 18.3647, valid_score: 29971.3, , rmse_test: 19.2819, score_test: 1506.6, Learning rate:0.00020000
Epoch: 15, Loss: 22.6304, Rmse_valid: 18.3039, valid_score: 29403.3, , rmse_test: 19.1406, score_test: 1489.2, Learning rate:0.00020000
Epoch: 16, Loss: 22.4870, Rmse_valid: 18.2338, valid_score: 29298.6, , rmse_test: 19.0195, score_test: 1472.2, Learning rate:0.00020000
Epoch: 17, Loss: 22.3282, Rmse_valid: 17.6496, valid_score: 27564.9, , rmse_test: 18.8607, score_test: 1455.8, Learning rate:0.00020000
Epoch: 18, Loss: 22.2651, Rmse_valid: 18.3848, valid_score: 30724.5, , rmse_test: 19.0206, score_test: 1475.3, Learning rate:0.00020000
Epoch: 19, Loss: 22.1567, Rmse_valid: 18.5026, valid_score: 30828.5, , rmse_test: 18.8527, score_test: 1460.5, Learning rate:0.00020000
Epoch: 20, Loss: 22.0519, Rmse_valid: 18.2779, valid_score: 30613.6, , rmse_test: 18.8865, score_test: 1511.5, Learning rate:0.00020000
Epoch: 21, Loss: 21.8070, Rmse_valid: 18.1380, valid_score: 29062.4, , rmse_test: 18.6376, score_test: 1416.2, Learning rate:0.00002000
Epoch: 22, Loss: 21.7881, Rmse_valid: 17.9609, valid_score: 29218.4, , rmse_test: 18.7194, score_test: 1427.9, Learning rate:0.00002000
Epoch: 23, Loss: 21.7643, Rmse_valid: 17.9602, valid_score: 29238.6, , rmse_test: 18.5323, score_test: 1399.5, Learning rate:0.00002000
Epoch: 24, Loss: 21.8065, Rmse_valid: 18.0138, valid_score: 29031.4, , rmse_test: 18.3910, score_test: 1372.9, Learning rate:0.00002000
Epoch: 25, Loss: 21.7411, Rmse_valid: 18.2007, valid_score: 29352.7, , rmse_test: 18.5326, score_test: 1402.6, Learning rate:0.00002000
Epoch: 26, Loss: 21.7497, Rmse_valid: 17.7573, valid_score: 28999.2, , rmse_test: 18.3978, score_test: 1379.9, Learning rate:0.00002000
Epoch: 27, Loss: 21.6773, Rmse_valid: 18.2460, valid_score: 29423.7, , rmse_test: 18.6018, score_test: 1412.8, Learning rate:0.00002000
Epoch: 28, Loss: 21.6769, Rmse_valid: 17.9485, valid_score: 29148.8, , rmse_test: 18.3804, score_test: 1382.4, Learning rate:0.00002000
Epoch: 29, Loss: 21.6617, Rmse_valid: 17.9233, valid_score: 29385.7, , rmse_test: 18.4149, score_test: 1387.9, Learning rate:0.00002000
Epoch: 30, Loss: 21.6768, Rmse_valid: 18.1092, valid_score: 29580.8, , rmse_test: 18.5816, score_test: 1414.4, Learning rate:0.00002000
[Train Summary] Restored best model from epoch 17, rmse_valid: 17.6496, valid_score: 27564.9, rmse_test: 18.8607, score_test: 1455.8
[Train Time] start: 2026-09-01 10:26:28, end: 2026-09-01 10:36:36, duration: 0:10:08, total_seconds: 607.85
[Auto Test] command: /usr/local/miniconda3/envs/HV/bin/python /Mamba_Rul/test_GAT_EDmamba/test_model.py --sub-dataset FD004 --smooth-rate 40 --sequence-len 30 --feature-num 14 --dataset-root /Mamba_Rul/CMAPSSData/ --max-rul 125 --batch-size 128 --model-path /Mamba_Rul/logs/FD004_1GAT_EDmamba_dstate_64/seed27/model_FD004_0901_102628_seed27.pkl
model_path:/Mamba_Rul/logs/FD004_1GAT_EDmamba_dstate_64/seed27/model_FD004_0901_102628_seed27.pkl
rmse_final:18.93303108215332, score:1455.165771484375
