-----FD003-----
关键参数:
序列长度: 30
批大小(batch_size): 128
最大训练轮数(max_epochs): 30
随机数种子: 27
模型代号(model_code): GAT_EDmamba4_layer_1
模型结构(model_structure): mamba_mamba
学习率: 0.002
学习率调度器: step
Step步长(step_size): 10
Step衰减系数(gamma): 0.1
use_gat: True
gat_hidden_dim: 8
编码器: 2层Mamba
解码器: 2层Mamba
mamba_d_model: 16
mamba_num_layers: 1
mamba_d_state: 16
训练损失: AdaptiveAsymmetricMSELoss
asym_alpha: 3.5
asym_gamma: 5.0
asym_delta: 0.9
focus_threshold: 35.0
cap_threshold: 125.0
------------------------------
Epoch: 1, Loss: 44.7070, Rmse_valid: 24.5451, valid_score: 32036.6, , rmse_test: 21.5762, score_test: 1393.8, Learning rate:0.00200000
Epoch: 2, Loss: 28.8449, Rmse_valid: 15.4555, valid_score: 12939.6, , rmse_test: 18.6484, score_test: 1302.3, Learning rate:0.00200000
Epoch: 3, Loss: 25.2215, Rmse_valid: 22.6844, valid_score: 18308.4, , rmse_test: 17.7981, score_test: 577.9, Learning rate:0.00200000
Epoch: 4, Loss: 22.7592, Rmse_valid: 18.2698, valid_score: 11919.6, , rmse_test: 15.9846, score_test: 606.8, Learning rate:0.00200000
Epoch: 5, Loss: 21.6236, Rmse_valid: 19.3983, valid_score: 16397.5, , rmse_test: 18.2188, score_test: 647.2, Learning rate:0.00200000
Epoch: 6, Loss: 20.7486, Rmse_valid: 27.0697, valid_score: 61877.6, , rmse_test: 24.8885, score_test: 2090.0, Learning rate:0.00200000
Epoch: 7, Loss: 19.4712, Rmse_valid: 20.1165, valid_score: 13937.2, , rmse_test: 16.6676, score_test: 434.5, Learning rate:0.00200000
Epoch: 8, Loss: 19.3606, Rmse_valid: 19.5949, valid_score: 13799.2, , rmse_test: 17.6117, score_test: 507.6, Learning rate:0.00200000
Epoch: 9, Loss: 18.7380, Rmse_valid: 13.4191, valid_score: 6910.4, , rmse_test: 14.5926, score_test: 429.8, Learning rate:0.00200000
Epoch: 10, Loss: 18.2800, Rmse_valid: 12.9124, valid_score: 6340.0, , rmse_test: 14.2396, score_test: 355.4, Learning rate:0.00200000
Epoch: 11, Loss: 15.5606, Rmse_valid: 12.1105, valid_score: 5151.7, , rmse_test: 13.5757, score_test: 292.7, Learning rate:0.00020000
Epoch: 12, Loss: 15.3090, Rmse_valid: 12.2791, valid_score: 5279.6, , rmse_test: 13.5776, score_test: 291.3, Learning rate:0.00020000
Epoch: 13, Loss: 15.1731, Rmse_valid: 13.0683, valid_score: 5675.8, , rmse_test: 13.9557, score_test: 295.4, Learning rate:0.00020000
Epoch: 14, Loss: 15.0412, Rmse_valid: 13.1215, valid_score: 5805.4, , rmse_test: 13.6196, score_test: 295.4, Learning rate:0.00020000
Epoch: 15, Loss: 14.9506, Rmse_valid: 11.8727, valid_score: 4963.7, , rmse_test: 13.3956, score_test: 281.2, Learning rate:0.00020000
Epoch: 16, Loss: 14.8114, Rmse_valid: 11.3540, valid_score: 4742.6, , rmse_test: 13.1776, score_test: 283.7, Learning rate:0.00020000
Epoch: 17, Loss: 14.7988, Rmse_valid: 11.7577, valid_score: 4867.1, , rmse_test: 13.3523, score_test: 303.5, Learning rate:0.00020000
Epoch: 18, Loss: 14.6163, Rmse_valid: 11.2171, valid_score: 4516.9, , rmse_test: 13.0518, score_test: 273.9, Learning rate:0.00020000
Epoch: 19, Loss: 14.5127, Rmse_valid: 12.0164, valid_score: 4995.4, , rmse_test: 13.3854, score_test: 305.0, Learning rate:0.00020000
Epoch: 20, Loss: 14.4292, Rmse_valid: 11.6040, valid_score: 4762.6, , rmse_test: 13.8493, score_test: 296.8, Learning rate:0.00020000
Epoch: 21, Loss: 14.3568, Rmse_valid: 11.4709, valid_score: 4700.3, , rmse_test: 13.2627, score_test: 277.2, Learning rate:0.00002000
Epoch: 22, Loss: 14.1937, Rmse_valid: 11.6284, valid_score: 4759.4, , rmse_test: 13.2736, score_test: 275.9, Learning rate:0.00002000
Epoch: 23, Loss: 14.1992, Rmse_valid: 11.3921, valid_score: 4684.2, , rmse_test: 13.1888, score_test: 275.3, Learning rate:0.00002000
Epoch: 24, Loss: 14.2503, Rmse_valid: 11.5416, valid_score: 4712.5, , rmse_test: 13.2153, score_test: 275.1, Learning rate:0.00002000
Epoch: 25, Loss: 14.2100, Rmse_valid: 11.4618, valid_score: 4658.7, , rmse_test: 13.1794, score_test: 273.1, Learning rate:0.00002000
Epoch: 26, Loss: 14.1825, Rmse_valid: 11.5841, valid_score: 4703.6, , rmse_test: 13.1901, score_test: 273.3, Learning rate:0.00002000
Epoch: 27, Loss: 14.2244, Rmse_valid: 11.5147, valid_score: 4667.3, , rmse_test: 13.2158, score_test: 275.3, Learning rate:0.00002000
Epoch: 28, Loss: 14.0991, Rmse_valid: 11.2704, valid_score: 4587.2, , rmse_test: 13.1911, score_test: 274.7, Learning rate:0.00002000
Epoch: 29, Loss: 14.1347, Rmse_valid: 11.3016, valid_score: 4608.5, , rmse_test: 13.1386, score_test: 274.6, Learning rate:0.00002000
Epoch: 30, Loss: 14.1770, Rmse_valid: 11.3451, valid_score: 4625.6, , rmse_test: 13.1589, score_test: 273.1, Learning rate:0.00002000
[Train Summary] Restored best model from epoch 18, rmse_valid: 11.2171, valid_score: 4516.9, rmse_test: 13.0518, score_test: 273.9
[Train Time] start: 2026-08-21 08:04:51, end: 2026-08-21 08:08:07, duration: 0:03:16, total_seconds: 195.87
[Auto Test] command: /usr/local/miniconda3/envs/HV/bin/python /Mamba_Rul/test_GAT_EDmamba/test_model.py --sub-dataset FD003 --smooth-rate 30 --sequence-len 30 --feature-num 14 --dataset-root /Mamba_Rul/CMAPSSData/ --max-rul 125 --batch-size 128 --model-path /Mamba_Rul/logs/FD003_GAT_EDmamba4_layer_1/seed27/model_FD003_0821_080451_seed27.pkl
model_path:/Mamba_Rul/logs/FD003_GAT_EDmamba4_layer_1/seed27/model_FD003_0821_080451_seed27.pkl
rmse_final:13.072489738464355, score:267.45294189453125
