-----FD001-----
关键参数:
序列长度: 30
批大小(batch_size): 128
最大训练轮数(max_epochs): 30
随机数种子: 62
模型代号(model_code): 1GAT_EDmamba_dstate_8
模型结构(model_structure): mamba_mamba
学习率: 0.002
学习率调度器: step
Step步长(step_size): 10
Step衰减系数(gamma): 0.1
use_gat: True
gat_hidden_dim: 8
编码器: 2层Mamba
解码器: 2层Mamba
mamba_d_model: 4
mamba_num_layers: 2
mamba_d_state: 8
训练损失: AdaptiveAsymmetricMSELoss
asym_alpha: 1.5
asym_gamma: 2.0
asym_delta: 0.9
focus_threshold: 35.0
cap_threshold: 125.0
------------------------------
Epoch: 1, Loss: 31.7374, Rmse_valid: 28.8395, valid_score: 33655.4, , rmse_test: 23.5891, score_test: 2700.7, Learning rate:0.00200000
Epoch: 2, Loss: 28.3006, Rmse_valid: 24.9418, valid_score: 21834.4, , rmse_test: 21.3035, score_test: 1833.2, Learning rate:0.00200000
Epoch: 3, Loss: 25.9086, Rmse_valid: 20.5928, valid_score: 12727.0, , rmse_test: 18.7864, score_test: 1013.2, Learning rate:0.00200000
Epoch: 4, Loss: 22.9992, Rmse_valid: 17.6927, valid_score: 11624.0, , rmse_test: 20.2742, score_test: 1888.0, Learning rate:0.00200000
Epoch: 5, Loss: 21.2181, Rmse_valid: 18.3312, valid_score: 7809.1, , rmse_test: 16.2051, score_test: 461.9, Learning rate:0.00200000
Epoch: 6, Loss: 19.8915, Rmse_valid: 16.3499, valid_score: 5852.2, , rmse_test: 16.3494, score_test: 508.2, Learning rate:0.00200000
Epoch: 7, Loss: 19.0309, Rmse_valid: 13.5530, valid_score: 4155.6, , rmse_test: 14.9472, score_test: 309.5, Learning rate:0.00200000
Epoch: 8, Loss: 18.3341, Rmse_valid: 12.8922, valid_score: 4049.4, , rmse_test: 13.9838, score_test: 331.9, Learning rate:0.00200000
Epoch: 9, Loss: 17.7706, Rmse_valid: 12.5583, valid_score: 4185.9, , rmse_test: 14.2224, score_test: 336.9, Learning rate:0.00200000
Epoch: 10, Loss: 17.4043, Rmse_valid: 13.5128, valid_score: 3937.7, , rmse_test: 14.4439, score_test: 353.3, Learning rate:0.00200000
Epoch: 11, Loss: 15.9905, Rmse_valid: 12.5889, valid_score: 3520.3, , rmse_test: 13.6828, score_test: 275.6, Learning rate:0.00020000
Epoch: 12, Loss: 15.8355, Rmse_valid: 11.7999, valid_score: 3404.8, , rmse_test: 13.4129, score_test: 279.4, Learning rate:0.00020000
Epoch: 13, Loss: 15.7204, Rmse_valid: 12.4810, valid_score: 3547.9, , rmse_test: 13.4357, score_test: 273.6, Learning rate:0.00020000
Epoch: 14, Loss: 15.7669, Rmse_valid: 12.4479, valid_score: 3495.1, , rmse_test: 13.6830, score_test: 279.0, Learning rate:0.00020000
Epoch: 15, Loss: 15.6368, Rmse_valid: 12.8071, valid_score: 3431.6, , rmse_test: 13.7680, score_test: 274.7, Learning rate:0.00020000
Epoch: 16, Loss: 15.5729, Rmse_valid: 11.6342, valid_score: 3335.0, , rmse_test: 13.3330, score_test: 275.4, Learning rate:0.00020000
Epoch: 17, Loss: 15.4983, Rmse_valid: 12.9720, valid_score: 3530.2, , rmse_test: 13.5807, score_test: 275.8, Learning rate:0.00020000
Epoch: 18, Loss: 15.4833, Rmse_valid: 12.7168, valid_score: 3414.3, , rmse_test: 13.4422, score_test: 265.9, Learning rate:0.00020000
Epoch: 19, Loss: 15.4690, Rmse_valid: 12.2609, valid_score: 3433.6, , rmse_test: 13.5066, score_test: 268.3, Learning rate:0.00020000
Epoch: 20, Loss: 15.3542, Rmse_valid: 12.7131, valid_score: 3500.2, , rmse_test: 13.7007, score_test: 252.5, Learning rate:0.00020000
Epoch: 21, Loss: 15.3374, Rmse_valid: 12.0130, valid_score: 3337.6, , rmse_test: 13.2891, score_test: 263.6, Learning rate:0.00002000
Epoch: 22, Loss: 15.3261, Rmse_valid: 12.3921, valid_score: 3342.3, , rmse_test: 13.3243, score_test: 267.6, Learning rate:0.00002000
Epoch: 23, Loss: 15.2041, Rmse_valid: 12.2588, valid_score: 3328.7, , rmse_test: 13.2169, score_test: 269.8, Learning rate:0.00002000
Epoch: 24, Loss: 15.2063, Rmse_valid: 12.2088, valid_score: 3317.8, , rmse_test: 13.2435, score_test: 265.4, Learning rate:0.00002000
Epoch: 25, Loss: 15.2259, Rmse_valid: 12.3247, valid_score: 3320.8, , rmse_test: 13.3043, score_test: 264.7, Learning rate:0.00002000
Epoch: 26, Loss: 15.1742, Rmse_valid: 12.2218, valid_score: 3305.4, , rmse_test: 13.2221, score_test: 269.9, Learning rate:0.00002000
Epoch: 27, Loss: 15.2528, Rmse_valid: 12.0649, valid_score: 3337.5, , rmse_test: 13.2450, score_test: 264.8, Learning rate:0.00002000
Epoch: 28, Loss: 15.2346, Rmse_valid: 11.9985, valid_score: 3316.0, , rmse_test: 13.2102, score_test: 267.9, Learning rate:0.00002000
Epoch: 29, Loss: 15.2605, Rmse_valid: 12.0335, valid_score: 3332.4, , rmse_test: 13.2932, score_test: 266.2, Learning rate:0.00002000
Epoch: 30, Loss: 15.2245, Rmse_valid: 12.1003, valid_score: 3325.4, , rmse_test: 13.2342, score_test: 267.2, Learning rate:0.00002000
[Train Summary] Restored best model from epoch 16, rmse_valid: 11.6342, valid_score: 3335.0, rmse_test: 13.3330, score_test: 275.4
[Train Time] start: 2026-08-28 05:29:12, end: 2026-08-28 05:32:32, duration: 0:03:20, total_seconds: 200.15
[Auto Test] command: /usr/local/miniconda3/envs/HV/bin/python /Mamba_Rul/test_GAT_EDmamba/test_model.py --sub-dataset FD001 --smooth-rate 30 --sequence-len 30 --feature-num 14 --dataset-root /Mamba_Rul/CMAPSSData/ --max-rul 125 --batch-size 128 --model-path /Mamba_Rul/logs/FD001_1GAT_EDmamba_dstate_8/seed62/model_FD001_0828_052912_seed62.pkl
model_path:/Mamba_Rul/logs/FD001_1GAT_EDmamba_dstate_8/seed62/model_FD001_0828_052912_seed62.pkl
rmse_final:13.40820598602295, score:271.99945068359375
