-----FD001-----
关键参数:
序列长度: 30
批大小(batch_size): 128
最大训练轮数(max_epochs): 30
随机数种子: 17
模型代号(model_code): GAT_EDmamba_6
模型结构(model_structure): mamba_mamba
学习率: 0.002
学习率调度器: step
Step步长(step_size): 10
Step衰减系数(gamma): 0.1
use_gat: True
gat_hidden_dim: 8
编码器: 2层Mamba
解码器: 2层Mamba
encoder_hidden_size: 6
mamba_num_layers: 2
mamba_d_state: 16
训练损失: AdaptiveAsymmetricMSELoss
asym_alpha: 1.5
asym_gamma: 2.0
asym_delta: 0.9
focus_threshold: 35.0
cap_threshold: 125.0
------------------------------
Epoch: 1, Loss: 34.7645, Rmse_valid: 25.1421, valid_score: 24163.6, , rmse_test: 21.6354, score_test: 1721.6, Learning rate:0.00200000
Epoch: 2, Loss: 27.1971, Rmse_valid: 18.8790, valid_score: 8900.7, , rmse_test: 16.8050, score_test: 480.0, Learning rate:0.00200000
Epoch: 3, Loss: 22.7171, Rmse_valid: 17.4094, valid_score: 7386.8, , rmse_test: 17.3429, score_test: 409.6, Learning rate:0.00200000
Epoch: 4, Loss: 19.7934, Rmse_valid: 21.3070, valid_score: 10032.5, , rmse_test: 19.4735, score_test: 561.5, Learning rate:0.00200000
Epoch: 5, Loss: 18.3896, Rmse_valid: 15.0614, valid_score: 4708.1, , rmse_test: 15.2313, score_test: 347.0, Learning rate:0.00200000
Epoch: 6, Loss: 17.4372, Rmse_valid: 20.3499, valid_score: 9497.9, , rmse_test: 18.9578, score_test: 540.6, Learning rate:0.00200000
Epoch: 7, Loss: 16.6381, Rmse_valid: 17.3211, valid_score: 7320.1, , rmse_test: 16.3485, score_test: 469.2, Learning rate:0.00200000
Epoch: 8, Loss: 16.0951, Rmse_valid: 11.4989, valid_score: 3435.4, , rmse_test: 13.3272, score_test: 271.7, Learning rate:0.00200000
Epoch: 9, Loss: 15.7594, Rmse_valid: 13.7796, valid_score: 4240.5, , rmse_test: 14.5556, score_test: 279.4, Learning rate:0.00200000
Epoch: 10, Loss: 15.3080, Rmse_valid: 13.0745, valid_score: 4081.0, , rmse_test: 14.6021, score_test: 279.6, Learning rate:0.00200000
Epoch: 11, Loss: 13.8092, Rmse_valid: 11.6371, valid_score: 3465.9, , rmse_test: 13.2854, score_test: 285.3, Learning rate:0.00020000
Epoch: 12, Loss: 13.6934, Rmse_valid: 11.7679, valid_score: 3541.3, , rmse_test: 13.4155, score_test: 282.4, Learning rate:0.00020000
Epoch: 13, Loss: 13.6021, Rmse_valid: 11.6442, valid_score: 3447.9, , rmse_test: 13.4147, score_test: 271.7, Learning rate:0.00020000
Epoch: 14, Loss: 13.4580, Rmse_valid: 11.3059, valid_score: 3473.9, , rmse_test: 13.3221, score_test: 288.7, Learning rate:0.00020000
Epoch: 15, Loss: 13.5293, Rmse_valid: 11.5571, valid_score: 3302.4, , rmse_test: 13.6012, score_test: 254.8, Learning rate:0.00020000
Epoch: 16, Loss: 13.4782, Rmse_valid: 11.5479, valid_score: 3551.7, , rmse_test: 13.4731, score_test: 273.7, Learning rate:0.00020000
Epoch: 17, Loss: 13.4031, Rmse_valid: 11.6545, valid_score: 3536.4, , rmse_test: 13.4394, score_test: 291.2, Learning rate:0.00020000
Epoch: 18, Loss: 13.3597, Rmse_valid: 11.4708, valid_score: 3439.2, , rmse_test: 13.4147, score_test: 277.0, Learning rate:0.00020000
Epoch: 19, Loss: 13.1841, Rmse_valid: 11.1585, valid_score: 3526.2, , rmse_test: 13.4405, score_test: 297.0, Learning rate:0.00020000
Epoch: 20, Loss: 13.2371, Rmse_valid: 11.7066, valid_score: 3662.3, , rmse_test: 13.4479, score_test: 291.4, Learning rate:0.00020000
Epoch: 21, Loss: 13.1609, Rmse_valid: 11.7705, valid_score: 3484.1, , rmse_test: 13.4543, score_test: 262.4, Learning rate:0.00002000
Epoch: 22, Loss: 13.0990, Rmse_valid: 11.7172, valid_score: 3462.0, , rmse_test: 13.4558, score_test: 266.4, Learning rate:0.00002000
Epoch: 23, Loss: 13.1042, Rmse_valid: 11.6615, valid_score: 3466.0, , rmse_test: 13.4656, score_test: 266.4, Learning rate:0.00002000
Epoch: 24, Loss: 13.0719, Rmse_valid: 11.4565, valid_score: 3450.2, , rmse_test: 13.4443, score_test: 268.0, Learning rate:0.00002000
Epoch: 25, Loss: 13.0844, Rmse_valid: 11.1988, valid_score: 3446.8, , rmse_test: 13.4668, score_test: 266.3, Learning rate:0.00002000
Epoch: 26, Loss: 13.1524, Rmse_valid: 11.6452, valid_score: 3460.9, , rmse_test: 13.4760, score_test: 269.3, Learning rate:0.00002000
Epoch: 27, Loss: 13.1646, Rmse_valid: 11.5772, valid_score: 3425.4, , rmse_test: 13.4901, score_test: 264.7, Learning rate:0.00002000
Epoch: 28, Loss: 13.0717, Rmse_valid: 11.6622, valid_score: 3450.7, , rmse_test: 13.4506, score_test: 269.8, Learning rate:0.00002000
Epoch: 29, Loss: 13.0646, Rmse_valid: 11.7841, valid_score: 3455.4, , rmse_test: 13.4931, score_test: 266.7, Learning rate:0.00002000
Epoch: 30, Loss: 13.0697, Rmse_valid: 11.3008, valid_score: 3465.1, , rmse_test: 13.4695, score_test: 269.7, Learning rate:0.00002000
[Train Summary] Restored best model from epoch 19, rmse_valid: 11.1585, valid_score: 3526.2, rmse_test: 13.4405, score_test: 297.0
[Train Time] start: 2026-07-30 14:40:42, end: 2026-07-30 14:43:54, duration: 0:03:12, total_seconds: 191.77
[Auto Test] command: /usr/local/miniconda3/envs/HV/bin/python /Mamba_Rul/test_GAT_EDmamba/test_model.py --sub-dataset FD001 --smooth-rate 30 --sequence-len 30 --feature-num 14 --dataset-root /Mamba_Rul/CMAPSSData/ --max-rul 125 --batch-size 128 --model-path /Mamba_Rul/logs/FD001_GAT_EDmamba_6/seed17/model_FD001_0730_144042_seed17.pkl
model_path:/Mamba_Rul/logs/FD001_GAT_EDmamba_6/seed17/model_FD001_0730_144042_seed17.pkl
rmse_final:13.497777938842773, score:295.60015869140625
