-----FD004-----
关键参数:
序列长度: 30
批大小(batch_size): 128
最大训练轮数(max_epochs): 30
随机数种子: 30
模型代号(model_code): GAT_EDmamba_dropout_0.4
模型结构(model_structure): mamba_mamba
学习率: 0.002
学习率调度器: step
Step步长(step_size): 10
Step衰减系数(gamma): 0.1
use_gat: True
gat_hidden_dim: 8
编码器: 2层Mamba
解码器: 2层Mamba
mamba_d_model: 8
mamba_num_layers: 2
mamba_d_state: 32
dropout: 0.4
训练损失: AdaptiveAsymmetricMSELoss
asym_alpha: 2.0
asym_gamma: 5.0
asym_delta: 0.9
focus_threshold: 35.0
cap_threshold: 125.0
------------------------------
Epoch: 1, Loss: 44.7416, Rmse_valid: 28.3716, valid_score: 146204.2, , rmse_test: 29.7718, score_test: 6857.6, Learning rate:0.00200000
Epoch: 2, Loss: 36.3950, Rmse_valid: 23.6354, valid_score: 91161.0, , rmse_test: 25.6623, score_test: 4240.7, Learning rate:0.00200000
Epoch: 3, Loss: 32.6229, Rmse_valid: 20.5443, valid_score: 40750.2, , rmse_test: 19.9790, score_test: 1914.7, Learning rate:0.00200000
Epoch: 4, Loss: 30.4581, Rmse_valid: 20.1676, valid_score: 43064.2, , rmse_test: 20.9601, score_test: 1962.6, Learning rate:0.00200000
Epoch: 5, Loss: 28.5021, Rmse_valid: 18.5708, valid_score: 33636.0, , rmse_test: 19.7476, score_test: 1665.0, Learning rate:0.00200000
Epoch: 6, Loss: 27.4303, Rmse_valid: 18.7351, valid_score: 31152.8, , rmse_test: 19.1642, score_test: 1619.6, Learning rate:0.00200000
Epoch: 7, Loss: 26.6550, Rmse_valid: 27.2360, valid_score: 221474.3, , rmse_test: 26.4976, score_test: 4645.8, Learning rate:0.00200000
Epoch: 8, Loss: 25.8804, Rmse_valid: 20.4164, valid_score: 48019.7, , rmse_test: 20.2454, score_test: 1652.3, Learning rate:0.00200000
Epoch: 9, Loss: 25.6236, Rmse_valid: 17.5862, valid_score: 27695.3, , rmse_test: 18.6548, score_test: 1496.5, Learning rate:0.00200000
Epoch: 10, Loss: 25.1120, Rmse_valid: 18.1132, valid_score: 28938.5, , rmse_test: 19.3803, score_test: 1562.7, Learning rate:0.00200000
Epoch: 11, Loss: 22.2391, Rmse_valid: 17.1031, valid_score: 25186.8, , rmse_test: 17.4995, score_test: 1196.7, Learning rate:0.00020000
Epoch: 12, Loss: 21.8401, Rmse_valid: 17.3978, valid_score: 26320.2, , rmse_test: 17.8899, score_test: 1222.3, Learning rate:0.00020000
Epoch: 13, Loss: 21.6965, Rmse_valid: 16.9517, valid_score: 26392.1, , rmse_test: 17.2714, score_test: 1183.8, Learning rate:0.00020000
Epoch: 14, Loss: 21.4937, Rmse_valid: 16.7196, valid_score: 24591.8, , rmse_test: 17.3022, score_test: 1178.8, Learning rate:0.00020000
Epoch: 15, Loss: 21.4711, Rmse_valid: 17.1133, valid_score: 26241.3, , rmse_test: 17.1981, score_test: 1170.5, Learning rate:0.00020000
Epoch: 16, Loss: 21.3689, Rmse_valid: 17.1606, valid_score: 25240.3, , rmse_test: 17.2770, score_test: 1180.5, Learning rate:0.00020000
Epoch: 17, Loss: 21.2928, Rmse_valid: 16.8858, valid_score: 24831.8, , rmse_test: 17.4585, score_test: 1174.0, Learning rate:0.00020000
Epoch: 18, Loss: 21.2187, Rmse_valid: 16.8877, valid_score: 24957.8, , rmse_test: 17.4524, score_test: 1210.3, Learning rate:0.00020000
Epoch: 19, Loss: 21.1388, Rmse_valid: 16.9612, valid_score: 25514.5, , rmse_test: 17.2598, score_test: 1172.3, Learning rate:0.00020000
Epoch: 20, Loss: 21.1727, Rmse_valid: 17.2063, valid_score: 26801.6, , rmse_test: 17.6006, score_test: 1229.3, Learning rate:0.00020000
Epoch: 21, Loss: 20.8974, Rmse_valid: 17.0243, valid_score: 26146.5, , rmse_test: 17.3509, score_test: 1181.7, Learning rate:0.00002000
Epoch: 22, Loss: 20.9245, Rmse_valid: 16.8202, valid_score: 25739.2, , rmse_test: 17.1905, score_test: 1157.5, Learning rate:0.00002000
Epoch: 23, Loss: 20.9041, Rmse_valid: 16.9656, valid_score: 25892.7, , rmse_test: 17.4036, score_test: 1181.9, Learning rate:0.00002000
Epoch: 24, Loss: 20.8726, Rmse_valid: 16.9768, valid_score: 26029.5, , rmse_test: 17.3938, score_test: 1174.1, Learning rate:0.00002000
Epoch: 25, Loss: 20.8893, Rmse_valid: 16.8614, valid_score: 25608.4, , rmse_test: 17.3179, score_test: 1174.0, Learning rate:0.00002000
Epoch: 26, Loss: 20.9053, Rmse_valid: 16.9684, valid_score: 25740.8, , rmse_test: 17.4200, score_test: 1179.0, Learning rate:0.00002000
Epoch: 27, Loss: 20.8347, Rmse_valid: 17.0827, valid_score: 25595.0, , rmse_test: 17.4110, score_test: 1172.8, Learning rate:0.00002000
Epoch: 28, Loss: 20.9200, Rmse_valid: 17.0122, valid_score: 25885.0, , rmse_test: 17.3994, score_test: 1183.8, Learning rate:0.00002000
Epoch: 29, Loss: 20.9367, Rmse_valid: 16.9337, valid_score: 26073.6, , rmse_test: 17.4205, score_test: 1180.3, Learning rate:0.00002000
Epoch: 30, Loss: 20.8545, Rmse_valid: 16.8200, valid_score: 25445.1, , rmse_test: 17.3185, score_test: 1160.1, Learning rate:0.00002000
[Train Summary] Restored best model from epoch 14, rmse_valid: 16.7196, valid_score: 24591.8, rmse_test: 17.3022, score_test: 1178.8
[Train Time] start: 2026-09-04 08:53:25, end: 2026-09-04 09:01:07, duration: 0:07:42, total_seconds: 462.07
[Auto Test] command: /usr/local/miniconda3/envs/HV/bin/python /Mamba_Rul/test_GAT_EDmamba/test_model.py --sub-dataset FD004 --smooth-rate 40 --sequence-len 30 --feature-num 14 --dataset-root /Mamba_Rul/CMAPSSData/ --max-rul 125 --batch-size 128 --model-path /Mamba_Rul/logs/FD004_GAT_EDmamba_dropout_0.4/seed30/model_FD004_0904_085325_seed30.pkl
model_path:/Mamba_Rul/logs/FD004_GAT_EDmamba_dropout_0.4/seed30/model_FD004_0904_085325_seed30.pkl
rmse_final:17.3221378326416, score:1169.306640625
