-----FD002-----
关键参数:
序列长度: 60
批大小(batch_size): 128
最大训练轮数(max_epochs): 30
随机数种子: 51
模型代号(model_code): GAT_EDmamba+60
模型结构(model_structure): mamba_mamba
学习率: 0.002
学习率调度器: step
Step步长(step_size): 10
Step衰减系数(gamma): 0.1
use_gat: True
gat_hidden_dim: 8
编码器: 2层Mamba
解码器: 2层Mamba
encoder_hidden_size: 16
mamba_num_layers: 2
mamba_d_state: 16
------------------------------
Epoch: 1, Loss: 30.4412, Rmse_valid: 25.7965, valid_score: 142582.4, , rmse_test: 26.5326, score_test: 5381.1, Learning rate:0.00200000
Epoch: 2, Loss: 20.5669, Rmse_valid: 27.6697, valid_score: 86934.0, , rmse_test: 27.4078, score_test: 6596.7, Learning rate:0.00200000
Epoch: 3, Loss: 17.8158, Rmse_valid: 33.5948, valid_score: 200249.2, , rmse_test: 36.4075, score_test: 28526.0, Learning rate:0.00200000
Epoch: 4, Loss: 16.7755, Rmse_valid: 26.9535, valid_score: 4470564.0, , rmse_test: 24.7810, score_test: 11780.8, Learning rate:0.00200000
Epoch: 5, Loss: 15.8717, Rmse_valid: 25.0380, valid_score: 46475.1, , rmse_test: 20.9199, score_test: 3437.6, Learning rate:0.00200000
Epoch: 6, Loss: 15.0266, Rmse_valid: 21.8205, valid_score: 231816.1, , rmse_test: 19.9866, score_test: 5554.9, Learning rate:0.00200000
Epoch: 7, Loss: 14.4426, Rmse_valid: 19.4162, valid_score: 40602.5, , rmse_test: 17.8093, score_test: 2670.5, Learning rate:0.00200000
Epoch: 8, Loss: 13.7251, Rmse_valid: 20.7826, valid_score: 73531.0, , rmse_test: 18.3153, score_test: 2227.2, Learning rate:0.00200000
Epoch: 9, Loss: 13.3845, Rmse_valid: 22.2544, valid_score: 77999.9, , rmse_test: 19.9613, score_test: 2531.8, Learning rate:0.00200000
Epoch: 10, Loss: 12.8696, Rmse_valid: 21.4979, valid_score: 229093.6, , rmse_test: 18.8032, score_test: 16444.3, Learning rate:0.00200000
Epoch: 11, Loss: 10.5686, Rmse_valid: 17.6725, valid_score: 40706.3, , rmse_test: 14.3268, score_test: 972.6, Learning rate:0.00020000
Epoch: 12, Loss: 10.1023, Rmse_valid: 18.7093, valid_score: 45830.4, , rmse_test: 15.3302, score_test: 1227.4, Learning rate:0.00020000
Epoch: 13, Loss: 9.8794, Rmse_valid: 18.1162, valid_score: 48827.4, , rmse_test: 15.1344, score_test: 1188.1, Learning rate:0.00020000
Epoch: 14, Loss: 9.7317, Rmse_valid: 17.9365, valid_score: 48493.4, , rmse_test: 14.9285, score_test: 1132.5, Learning rate:0.00020000
Epoch: 15, Loss: 9.5642, Rmse_valid: 18.2582, valid_score: 57328.3, , rmse_test: 15.4298, score_test: 1210.3, Learning rate:0.00020000
Epoch: 16, Loss: 9.4671, Rmse_valid: 18.6455, valid_score: 56367.1, , rmse_test: 15.2964, score_test: 1180.2, Learning rate:0.00020000
Epoch: 17, Loss: 9.2888, Rmse_valid: 18.1467, valid_score: 52173.1, , rmse_test: 15.2808, score_test: 1320.0, Learning rate:0.00020000
Epoch: 18, Loss: 9.1468, Rmse_valid: 18.3016, valid_score: 50924.4, , rmse_test: 15.3525, score_test: 1306.5, Learning rate:0.00020000
Epoch: 19, Loss: 9.0357, Rmse_valid: 18.4323, valid_score: 44179.6, , rmse_test: 16.2015, score_test: 1405.3, Learning rate:0.00020000
Epoch: 20, Loss: 8.8920, Rmse_valid: 17.9044, valid_score: 55163.7, , rmse_test: 15.4673, score_test: 1417.0, Learning rate:0.00020000
Epoch: 21, Loss: 8.6809, Rmse_valid: 18.7265, valid_score: 53499.0, , rmse_test: 15.8028, score_test: 1399.0, Learning rate:0.00002000
Epoch: 22, Loss: 8.6089, Rmse_valid: 18.1125, valid_score: 53998.5, , rmse_test: 15.6914, score_test: 1389.9, Learning rate:0.00002000
Epoch: 23, Loss: 8.5904, Rmse_valid: 18.3685, valid_score: 53625.4, , rmse_test: 15.9135, score_test: 1434.7, Learning rate:0.00002000
Epoch: 24, Loss: 8.5860, Rmse_valid: 18.0524, valid_score: 54397.8, , rmse_test: 15.8874, score_test: 1464.8, Learning rate:0.00002000
Epoch: 25, Loss: 8.5676, Rmse_valid: 18.0542, valid_score: 52179.1, , rmse_test: 15.8486, score_test: 1426.8, Learning rate:0.00002000
Epoch: 26, Loss: 8.5554, Rmse_valid: 18.0968, valid_score: 51853.1, , rmse_test: 15.8800, score_test: 1421.7, Learning rate:0.00002000
Epoch: 27, Loss: 8.5348, Rmse_valid: 18.0071, valid_score: 54674.0, , rmse_test: 15.9937, score_test: 1484.5, Learning rate:0.00002000
Epoch: 28, Loss: 8.5415, Rmse_valid: 18.6731, valid_score: 54300.7, , rmse_test: 15.9253, score_test: 1469.2, Learning rate:0.00002000
Epoch: 29, Loss: 8.5142, Rmse_valid: 18.3795, valid_score: 52311.9, , rmse_test: 15.9192, score_test: 1446.3, Learning rate:0.00002000
Epoch: 30, Loss: 8.4891, Rmse_valid: 18.4662, valid_score: 52195.0, , rmse_test: 15.9918, score_test: 1477.8, Learning rate:0.00002000
[Train Summary] Restored best model from epoch 11, rmse_valid: 17.6725, valid_score: 40706.3, rmse_test: 14.3268, score_test: 972.6
[Train Time] start: 2026-07-23 07:48:21, end: 2026-07-23 07:55:48, duration: 0:07:28, total_seconds: 447.85
[Auto Test] command: /usr/local/miniconda3/envs/HV/bin/python /Mamba_Rul/test_GAT_EDmamba/test_model.py --sub-dataset FD002 --smooth-rate 40 --sequence-len 60 --feature-num 14 --dataset-root /Mamba_Rul/CMAPSSData/ --max-rul 125 --batch-size 128 --model-path /Mamba_Rul/logs/FD002_GAT_EDmamba+60/seed51/model_FD002_0723_074821_seed51.pkl
model_path:/Mamba_Rul/logs/FD002_GAT_EDmamba+60/seed51/model_FD002_0723_074821_seed51.pkl
rmse_final:14.333318710327148, score:953.6842041015625
