-----FD003-----
关键参数:
序列长度: 50
批大小(batch_size): 128
最大训练轮数(max_epochs): 30
随机数种子: 62
模型代号(model_code): GAT_EDmamba+50
模型结构(model_structure): mamba_mamba
学习率: 0.002
学习率调度器: step
Step步长(step_size): 10
Step衰减系数(gamma): 0.1
use_gat: True
gat_hidden_dim: 8
编码器: 2层Mamba
解码器: 2层Mamba
encoder_hidden_size: 16
mamba_num_layers: 2
mamba_d_state: 16
------------------------------
Epoch: 1, Loss: 23.1642, Rmse_valid: 21.7560, valid_score: 29640.5, , rmse_test: 22.1115, score_test: 2962.0, Learning rate:0.00200000
Epoch: 2, Loss: 17.5267, Rmse_valid: 15.5124, valid_score: 11178.4, , rmse_test: 15.9644, score_test: 1014.5, Learning rate:0.00200000
Epoch: 3, Loss: 14.9715, Rmse_valid: 14.9338, valid_score: 10739.2, , rmse_test: 16.9194, score_test: 998.4, Learning rate:0.00200000
Epoch: 4, Loss: 13.3477, Rmse_valid: 12.7477, valid_score: 11689.3, , rmse_test: 18.6753, score_test: 1416.1, Learning rate:0.00200000
Epoch: 5, Loss: 12.2539, Rmse_valid: 9.5907, valid_score: 4241.2, , rmse_test: 14.6572, score_test: 1283.1, Learning rate:0.00200000
Epoch: 6, Loss: 11.4316, Rmse_valid: 11.6454, valid_score: 5616.2, , rmse_test: 14.2201, score_test: 753.3, Learning rate:0.00200000
Epoch: 7, Loss: 11.0505, Rmse_valid: 11.8381, valid_score: 5756.6, , rmse_test: 14.6870, score_test: 672.5, Learning rate:0.00200000
Epoch: 8, Loss: 10.8284, Rmse_valid: 9.1304, valid_score: 4562.4, , rmse_test: 14.4995, score_test: 569.0, Learning rate:0.00200000
Epoch: 9, Loss: 11.0542, Rmse_valid: 9.2728, valid_score: 4921.8, , rmse_test: 13.5496, score_test: 497.2, Learning rate:0.00200000
Epoch: 10, Loss: 9.8849, Rmse_valid: 9.5751, valid_score: 4805.3, , rmse_test: 13.6929, score_test: 495.1, Learning rate:0.00200000
Epoch: 11, Loss: 8.4438, Rmse_valid: 8.7834, valid_score: 3860.1, , rmse_test: 13.2284, score_test: 412.0, Learning rate:0.00020000
Epoch: 12, Loss: 8.2854, Rmse_valid: 9.0958, valid_score: 4137.8, , rmse_test: 13.1767, score_test: 425.2, Learning rate:0.00020000
Epoch: 13, Loss: 8.1641, Rmse_valid: 8.9027, valid_score: 4348.0, , rmse_test: 13.4706, score_test: 437.9, Learning rate:0.00020000
Epoch: 14, Loss: 8.1165, Rmse_valid: 8.3703, valid_score: 3674.5, , rmse_test: 13.3773, score_test: 440.1, Learning rate:0.00020000
Epoch: 15, Loss: 8.0101, Rmse_valid: 8.7169, valid_score: 3839.1, , rmse_test: 13.4288, score_test: 447.0, Learning rate:0.00020000
Epoch: 16, Loss: 7.9245, Rmse_valid: 8.7120, valid_score: 3668.0, , rmse_test: 13.1934, score_test: 397.1, Learning rate:0.00020000
Epoch: 17, Loss: 7.8831, Rmse_valid: 8.6080, valid_score: 3633.5, , rmse_test: 13.2750, score_test: 433.7, Learning rate:0.00020000
Epoch: 18, Loss: 7.7769, Rmse_valid: 8.3860, valid_score: 3575.3, , rmse_test: 13.4287, score_test: 423.8, Learning rate:0.00020000
Epoch: 19, Loss: 7.7542, Rmse_valid: 8.7140, valid_score: 3775.3, , rmse_test: 13.2532, score_test: 403.3, Learning rate:0.00020000
Epoch: 20, Loss: 7.6406, Rmse_valid: 8.6524, valid_score: 3810.7, , rmse_test: 13.6932, score_test: 473.3, Learning rate:0.00020000
Epoch: 21, Loss: 7.5202, Rmse_valid: 8.5961, valid_score: 3627.6, , rmse_test: 13.2954, score_test: 427.5, Learning rate:0.00002000
Epoch: 22, Loss: 7.4876, Rmse_valid: 8.5706, valid_score: 3595.3, , rmse_test: 13.3095, score_test: 427.2, Learning rate:0.00002000
Epoch: 23, Loss: 7.5369, Rmse_valid: 8.5521, valid_score: 3585.8, , rmse_test: 13.3363, score_test: 432.7, Learning rate:0.00002000
Epoch: 24, Loss: 7.4810, Rmse_valid: 8.5560, valid_score: 3547.8, , rmse_test: 13.3252, score_test: 423.7, Learning rate:0.00002000
Epoch: 25, Loss: 7.4600, Rmse_valid: 8.5729, valid_score: 3572.9, , rmse_test: 13.3238, score_test: 433.3, Learning rate:0.00002000
Epoch: 26, Loss: 7.4657, Rmse_valid: 8.5020, valid_score: 3545.9, , rmse_test: 13.3442, score_test: 431.6, Learning rate:0.00002000
Epoch: 27, Loss: 7.4554, Rmse_valid: 8.5908, valid_score: 3573.7, , rmse_test: 13.3327, score_test: 421.9, Learning rate:0.00002000
Epoch: 28, Loss: 7.4269, Rmse_valid: 8.5240, valid_score: 3577.8, , rmse_test: 13.3725, score_test: 436.2, Learning rate:0.00002000
Epoch: 29, Loss: 7.4626, Rmse_valid: 8.4668, valid_score: 3493.7, , rmse_test: 13.3745, score_test: 431.9, Learning rate:0.00002000
Epoch: 30, Loss: 7.4293, Rmse_valid: 8.5590, valid_score: 3570.2, , rmse_test: 13.3635, score_test: 433.0, Learning rate:0.00002000
[Train Summary] Restored best model from epoch 14, rmse_valid: 8.3703, valid_score: 3674.5, rmse_test: 13.3773, score_test: 440.1
[Train Time] start: 2026-07-23 03:52:26, end: 2026-07-23 03:56:31, duration: 0:04:04, total_seconds: 244.30
[Auto Test] command: /usr/local/miniconda3/envs/HV/bin/python /Mamba_Rul/test_GAT_EDmamba/test_model.py --sub-dataset FD003 --smooth-rate 30 --sequence-len 50 --feature-num 14 --dataset-root /Mamba_Rul/CMAPSSData/ --max-rul 125 --batch-size 128 --model-path /Mamba_Rul/logs/FD003_GAT_EDmamba+50/seed62/model_FD003_0723_035226_seed62.pkl
model_path:/Mamba_Rul/logs/FD003_GAT_EDmamba+50/seed62/model_FD003_0723_035226_seed62.pkl
rmse_final:13.252547264099121, score:415.6844482421875
