-----FD002-----
关键参数:
序列长度: 30
批大小(batch_size): 128
最大训练轮数(max_epochs): 30
随机数种子: 62
模型代号(model_code): 1GAT_EDmamba_dstate_64
模型结构(model_structure): mamba_mamba
学习率: 0.002
学习率调度器: step
Step步长(step_size): 10
Step衰减系数(gamma): 0.1
use_gat: True
gat_hidden_dim: 8
编码器: 2层Mamba
解码器: 2层Mamba
mamba_d_model: 16
mamba_num_layers: 2
mamba_d_state: 64
训练损失: AdaptiveAsymmetricMSELoss
asym_alpha: 3.0
asym_gamma: 5.0
asym_delta: 0.9
focus_threshold: 35.0
cap_threshold: 125.0
------------------------------
Epoch: 1, Loss: 50.2598, Rmse_valid: 29.5122, valid_score: 103710.3, , rmse_test: 32.2941, score_test: 7956.9, Learning rate:0.00200000
Epoch: 2, Loss: 35.7342, Rmse_valid: 23.8064, valid_score: 44113.1, , rmse_test: 24.3057, score_test: 2470.6, Learning rate:0.00200000
Epoch: 3, Loss: 30.3813, Rmse_valid: 21.5419, valid_score: 35178.4, , rmse_test: 21.7526, score_test: 2007.5, Learning rate:0.00200000
Epoch: 4, Loss: 27.4296, Rmse_valid: 22.3977, valid_score: 36792.9, , rmse_test: 21.8992, score_test: 1923.1, Learning rate:0.00200000
Epoch: 5, Loss: 26.3930, Rmse_valid: 21.9152, valid_score: 35747.3, , rmse_test: 19.4436, score_test: 1329.0, Learning rate:0.00200000
Epoch: 6, Loss: 24.9654, Rmse_valid: 23.5360, valid_score: 39909.8, , rmse_test: 19.1631, score_test: 1229.2, Learning rate:0.00200000
Epoch: 7, Loss: 24.0519, Rmse_valid: 21.2307, valid_score: 33061.4, , rmse_test: 19.3727, score_test: 1428.1, Learning rate:0.00200000
Epoch: 8, Loss: 23.4785, Rmse_valid: 18.8817, valid_score: 24189.3, , rmse_test: 16.8725, score_test: 1141.0, Learning rate:0.00200000
Epoch: 9, Loss: 22.9226, Rmse_valid: 22.6431, valid_score: 38535.8, , rmse_test: 21.1424, score_test: 1902.8, Learning rate:0.00200000
Epoch: 10, Loss: 22.4857, Rmse_valid: 23.6919, valid_score: 42706.8, , rmse_test: 20.1160, score_test: 1516.9, Learning rate:0.00200000
Epoch: 11, Loss: 18.7321, Rmse_valid: 17.8996, valid_score: 25601.5, , rmse_test: 15.1704, score_test: 869.5, Learning rate:0.00020000
Epoch: 12, Loss: 18.3446, Rmse_valid: 18.1065, valid_score: 24946.0, , rmse_test: 15.2760, score_test: 859.3, Learning rate:0.00020000
Epoch: 13, Loss: 18.1507, Rmse_valid: 18.3773, valid_score: 29380.4, , rmse_test: 15.2077, score_test: 846.7, Learning rate:0.00020000
Epoch: 14, Loss: 17.9945, Rmse_valid: 17.8001, valid_score: 27576.4, , rmse_test: 14.9487, score_test: 827.0, Learning rate:0.00020000
Epoch: 15, Loss: 17.7909, Rmse_valid: 18.3437, valid_score: 34901.5, , rmse_test: 15.2072, score_test: 848.5, Learning rate:0.00020000
Epoch: 16, Loss: 17.6678, Rmse_valid: 17.5600, valid_score: 28892.3, , rmse_test: 14.7172, score_test: 805.9, Learning rate:0.00020000
Epoch: 17, Loss: 17.5552, Rmse_valid: 17.4598, valid_score: 30512.7, , rmse_test: 14.5633, score_test: 800.6, Learning rate:0.00020000
Epoch: 18, Loss: 17.4058, Rmse_valid: 17.7380, valid_score: 30865.0, , rmse_test: 14.7408, score_test: 794.5, Learning rate:0.00020000
Epoch: 19, Loss: 17.2823, Rmse_valid: 17.9937, valid_score: 28358.8, , rmse_test: 14.9558, score_test: 785.6, Learning rate:0.00020000
Epoch: 20, Loss: 17.1642, Rmse_valid: 17.6259, valid_score: 31074.1, , rmse_test: 14.8839, score_test: 797.1, Learning rate:0.00020000
Epoch: 21, Loss: 16.8797, Rmse_valid: 18.1354, valid_score: 30062.0, , rmse_test: 14.9404, score_test: 771.9, Learning rate:0.00002000
Epoch: 22, Loss: 16.8354, Rmse_valid: 17.8765, valid_score: 30844.8, , rmse_test: 14.8144, score_test: 777.3, Learning rate:0.00002000
Epoch: 23, Loss: 16.7929, Rmse_valid: 17.7644, valid_score: 31354.1, , rmse_test: 14.6941, score_test: 776.1, Learning rate:0.00002000
Epoch: 24, Loss: 16.8159, Rmse_valid: 17.8017, valid_score: 30189.4, , rmse_test: 14.8141, score_test: 772.2, Learning rate:0.00002000
Epoch: 25, Loss: 16.8291, Rmse_valid: 17.6649, valid_score: 30597.9, , rmse_test: 14.8049, score_test: 771.9, Learning rate:0.00002000
Epoch: 26, Loss: 16.7979, Rmse_valid: 17.9625, valid_score: 31473.0, , rmse_test: 14.9409, score_test: 774.6, Learning rate:0.00002000
Epoch: 27, Loss: 16.7740, Rmse_valid: 17.9428, valid_score: 31620.4, , rmse_test: 14.9426, score_test: 777.7, Learning rate:0.00002000
Epoch: 28, Loss: 16.7564, Rmse_valid: 17.6505, valid_score: 30718.0, , rmse_test: 14.7496, score_test: 772.3, Learning rate:0.00002000
Epoch: 29, Loss: 16.7365, Rmse_valid: 18.1559, valid_score: 31115.9, , rmse_test: 14.9791, score_test: 776.6, Learning rate:0.00002000
Epoch: 30, Loss: 16.7220, Rmse_valid: 17.7811, valid_score: 30932.9, , rmse_test: 14.7662, score_test: 774.2, Learning rate:0.00002000
[Train Summary] Restored best model from epoch 17, rmse_valid: 17.4598, valid_score: 30512.7, rmse_test: 14.5633, score_test: 800.6
[Train Time] start: 2026-08-28 11:38:27, end: 2026-08-28 11:46:53, duration: 0:08:27, total_seconds: 506.70
[Auto Test] command: /usr/local/miniconda3/envs/HV/bin/python /Mamba_Rul/test_GAT_EDmamba/test_model.py --sub-dataset FD002 --smooth-rate 40 --sequence-len 30 --feature-num 14 --dataset-root /Mamba_Rul/CMAPSSData/ --max-rul 125 --batch-size 128 --model-path /Mamba_Rul/logs/FD002_1GAT_EDmamba_dstate_64/seed62/model_FD002_0828_113827_seed62.pkl
model_path:/Mamba_Rul/logs/FD002_1GAT_EDmamba_dstate_64/seed62/model_FD002_0828_113827_seed62.pkl
rmse_final:14.638105392456055, score:792.7114868164062
