-----FD001-----
关键参数:
序列长度: 30
批大小(batch_size): 128
最大训练轮数(max_epochs): 30
随机数种子: 30
模型代号(model_code): GAT_EDmamba4_dmodel_10
模型结构(model_structure): mamba_mamba
学习率: 0.002
学习率调度器: step
Step步长(step_size): 10
Step衰减系数(gamma): 0.1
use_gat: True
gat_hidden_dim: 8
编码器: 2层Mamba
解码器: 2层Mamba
mamba_d_model: 10
mamba_num_layers: 2
mamba_d_state: 16
训练损失: AdaptiveAsymmetricMSELoss
asym_alpha: 1.5
asym_gamma: 2.0
asym_delta: 0.9
focus_threshold: 35.0
cap_threshold: 125.0
------------------------------
Epoch: 1, Loss: 35.0682, Rmse_valid: 24.2628, valid_score: 21409.5, , rmse_test: 21.7871, score_test: 1751.6, Learning rate:0.00200000
Epoch: 2, Loss: 25.6853, Rmse_valid: 16.8090, valid_score: 6741.7, , rmse_test: 16.4050, score_test: 411.0, Learning rate:0.00200000
Epoch: 3, Loss: 20.6215, Rmse_valid: 16.6037, valid_score: 5850.0, , rmse_test: 16.6286, score_test: 392.4, Learning rate:0.00200000
Epoch: 4, Loss: 19.0062, Rmse_valid: 15.4877, valid_score: 6331.4, , rmse_test: 17.3468, score_test: 865.0, Learning rate:0.00200000
Epoch: 5, Loss: 18.2547, Rmse_valid: 15.1022, valid_score: 4737.8, , rmse_test: 15.2508, score_test: 331.1, Learning rate:0.00200000
Epoch: 6, Loss: 16.8933, Rmse_valid: 12.8588, valid_score: 4561.7, , rmse_test: 14.3828, score_test: 306.8, Learning rate:0.00200000
Epoch: 7, Loss: 16.5848, Rmse_valid: 15.7587, valid_score: 5568.3, , rmse_test: 15.5981, score_test: 379.8, Learning rate:0.00200000
Epoch: 8, Loss: 16.0418, Rmse_valid: 12.2220, valid_score: 3706.4, , rmse_test: 14.0266, score_test: 299.5, Learning rate:0.00200000
Epoch: 9, Loss: 15.5743, Rmse_valid: 13.6346, valid_score: 4911.9, , rmse_test: 15.2340, score_test: 355.0, Learning rate:0.00200000
Epoch: 10, Loss: 15.4458, Rmse_valid: 16.6878, valid_score: 6600.3, , rmse_test: 15.6423, score_test: 503.7, Learning rate:0.00200000
Epoch: 11, Loss: 13.9933, Rmse_valid: 12.3724, valid_score: 3877.1, , rmse_test: 14.2905, score_test: 345.3, Learning rate:0.00020000
Epoch: 12, Loss: 13.2420, Rmse_valid: 12.3949, valid_score: 3741.3, , rmse_test: 14.0953, score_test: 326.2, Learning rate:0.00020000
Epoch: 13, Loss: 13.0966, Rmse_valid: 11.6470, valid_score: 3826.0, , rmse_test: 14.2502, score_test: 340.9, Learning rate:0.00020000
Epoch: 14, Loss: 13.0031, Rmse_valid: 12.4982, valid_score: 3842.6, , rmse_test: 14.1986, score_test: 330.8, Learning rate:0.00020000
Epoch: 15, Loss: 12.9050, Rmse_valid: 12.3215, valid_score: 3838.6, , rmse_test: 14.1373, score_test: 334.4, Learning rate:0.00020000
Epoch: 16, Loss: 12.8653, Rmse_valid: 12.6099, valid_score: 3830.5, , rmse_test: 14.6664, score_test: 343.9, Learning rate:0.00020000
Epoch: 17, Loss: 12.6778, Rmse_valid: 11.9210, valid_score: 3962.4, , rmse_test: 14.3829, score_test: 347.0, Learning rate:0.00020000
Epoch: 18, Loss: 12.7326, Rmse_valid: 13.1478, valid_score: 3902.5, , rmse_test: 15.0291, score_test: 335.2, Learning rate:0.00020000
Epoch: 19, Loss: 12.5969, Rmse_valid: 12.3702, valid_score: 4138.3, , rmse_test: 14.6573, score_test: 338.0, Learning rate:0.00020000
Epoch: 20, Loss: 12.5400, Rmse_valid: 12.5328, valid_score: 4435.9, , rmse_test: 14.6096, score_test: 373.5, Learning rate:0.00020000
Epoch: 21, Loss: 12.3467, Rmse_valid: 11.8908, valid_score: 4232.0, , rmse_test: 14.5831, score_test: 365.3, Learning rate:0.00002000
Epoch: 22, Loss: 12.3310, Rmse_valid: 12.0731, valid_score: 4165.1, , rmse_test: 14.6006, score_test: 361.3, Learning rate:0.00002000
Epoch: 23, Loss: 12.3756, Rmse_valid: 11.9005, valid_score: 4167.3, , rmse_test: 14.6354, score_test: 358.4, Learning rate:0.00002000
Epoch: 24, Loss: 12.3614, Rmse_valid: 11.8879, valid_score: 4168.2, , rmse_test: 14.6150, score_test: 358.3, Learning rate:0.00002000
Epoch: 25, Loss: 12.3535, Rmse_valid: 12.1492, valid_score: 4210.8, , rmse_test: 14.6212, score_test: 357.1, Learning rate:0.00002000
Epoch: 26, Loss: 12.3394, Rmse_valid: 12.0008, valid_score: 4251.1, , rmse_test: 14.6214, score_test: 360.5, Learning rate:0.00002000
Epoch: 27, Loss: 12.2658, Rmse_valid: 12.4092, valid_score: 4162.4, , rmse_test: 14.6763, score_test: 356.0, Learning rate:0.00002000
Epoch: 28, Loss: 12.2888, Rmse_valid: 12.0018, valid_score: 4244.1, , rmse_test: 14.6766, score_test: 364.9, Learning rate:0.00002000
Epoch: 29, Loss: 12.2812, Rmse_valid: 11.8776, valid_score: 4287.3, , rmse_test: 14.6383, score_test: 363.5, Learning rate:0.00002000
Epoch: 30, Loss: 12.3054, Rmse_valid: 12.0372, valid_score: 4280.4, , rmse_test: 14.6649, score_test: 363.2, Learning rate:0.00002000
[Train Summary] Restored best model from epoch 13, rmse_valid: 11.6470, valid_score: 3826.0, rmse_test: 14.2502, score_test: 340.9
[Train Time] start: 2026-08-27 12:20:24, end: 2026-08-27 12:23:41, duration: 0:03:17, total_seconds: 197.39
[Auto Test] command: /usr/local/miniconda3/envs/HV/bin/python /Mamba_Rul/test_GAT_EDmamba/test_model.py --sub-dataset FD001 --smooth-rate 30 --sequence-len 30 --feature-num 14 --dataset-root /Mamba_Rul/CMAPSSData/ --max-rul 125 --batch-size 128 --model-path /Mamba_Rul/logs/FD001_GAT_EDmamba4_dmodel_10/seed30/model_FD001_0827_122024_seed30.pkl
model_path:/Mamba_Rul/logs/FD001_GAT_EDmamba4_dmodel_10/seed30/model_FD001_0827_122024_seed30.pkl
rmse_final:14.286706924438477, score:335.17987060546875
