-----FD001-----
关键参数:
序列长度: 30
批大小(batch_size): 128
最大训练轮数(max_epochs): 30
随机数种子: 30
模型代号(model_code): GAT_EDmamba_4
模型结构(model_structure): mamba_mamba
学习率: 0.002
学习率调度器: step
Step步长(step_size): 10
Step衰减系数(gamma): 0.1
use_gat: True
gat_hidden_dim: 8
编码器: 2层Mamba
解码器: 2层Mamba
encoder_hidden_size: 4
mamba_num_layers: 2
mamba_d_state: 16
训练损失: AdaptiveAsymmetricMSELoss
asym_alpha: 1.5
asym_gamma: 2.0
asym_delta: 0.9
focus_threshold: 35.0
cap_threshold: 125.0
------------------------------
Epoch: 1, Loss: 33.2832, Rmse_valid: 23.3328, valid_score: 17316.1, , rmse_test: 21.7519, score_test: 3281.7, Learning rate:0.00200000
Epoch: 2, Loss: 27.8243, Rmse_valid: 19.8611, valid_score: 9436.0, , rmse_test: 17.0458, score_test: 543.1, Learning rate:0.00200000
Epoch: 3, Loss: 21.8594, Rmse_valid: 15.2995, valid_score: 5361.2, , rmse_test: 15.8746, score_test: 346.7, Learning rate:0.00200000
Epoch: 4, Loss: 18.7107, Rmse_valid: 11.9905, valid_score: 3960.9, , rmse_test: 14.9353, score_test: 379.4, Learning rate:0.00200000
Epoch: 5, Loss: 17.6653, Rmse_valid: 17.6222, valid_score: 6373.4, , rmse_test: 17.9340, score_test: 434.3, Learning rate:0.00200000
Epoch: 6, Loss: 16.9202, Rmse_valid: 11.9594, valid_score: 3293.6, , rmse_test: 14.5181, score_test: 335.6, Learning rate:0.00200000
Epoch: 7, Loss: 16.5968, Rmse_valid: 12.1797, valid_score: 4022.7, , rmse_test: 14.0274, score_test: 314.0, Learning rate:0.00200000
Epoch: 8, Loss: 16.0420, Rmse_valid: 15.0272, valid_score: 5268.4, , rmse_test: 15.6371, score_test: 595.9, Learning rate:0.00200000
Epoch: 9, Loss: 15.8700, Rmse_valid: 12.1127, valid_score: 3469.5, , rmse_test: 14.2221, score_test: 265.0, Learning rate:0.00200000
Epoch: 10, Loss: 15.6490, Rmse_valid: 10.5428, valid_score: 2898.2, , rmse_test: 12.8953, score_test: 255.0, Learning rate:0.00200000
Epoch: 11, Loss: 14.5132, Rmse_valid: 10.8473, valid_score: 2758.5, , rmse_test: 12.7007, score_test: 267.9, Learning rate:0.00020000
Epoch: 12, Loss: 14.3210, Rmse_valid: 10.8038, valid_score: 2685.2, , rmse_test: 12.7729, score_test: 268.3, Learning rate:0.00020000
Epoch: 13, Loss: 14.1779, Rmse_valid: 10.7764, valid_score: 2836.4, , rmse_test: 12.8848, score_test: 282.8, Learning rate:0.00020000
Epoch: 14, Loss: 14.1898, Rmse_valid: 11.0427, valid_score: 2823.6, , rmse_test: 13.0864, score_test: 263.1, Learning rate:0.00020000
Epoch: 15, Loss: 14.1775, Rmse_valid: 11.5250, valid_score: 2819.7, , rmse_test: 12.9196, score_test: 262.1, Learning rate:0.00020000
Epoch: 16, Loss: 14.0674, Rmse_valid: 10.4620, valid_score: 2713.9, , rmse_test: 12.7043, score_test: 266.4, Learning rate:0.00020000
Epoch: 17, Loss: 14.0790, Rmse_valid: 10.4350, valid_score: 2750.1, , rmse_test: 12.6987, score_test: 266.0, Learning rate:0.00020000
Epoch: 18, Loss: 14.0059, Rmse_valid: 10.8408, valid_score: 2891.3, , rmse_test: 12.8663, score_test: 270.2, Learning rate:0.00020000
Epoch: 19, Loss: 14.0591, Rmse_valid: 11.1277, valid_score: 2778.9, , rmse_test: 12.8372, score_test: 267.8, Learning rate:0.00020000
Epoch: 20, Loss: 13.9824, Rmse_valid: 11.0212, valid_score: 2765.8, , rmse_test: 12.7032, score_test: 259.4, Learning rate:0.00020000
Epoch: 21, Loss: 13.9681, Rmse_valid: 11.0764, valid_score: 2766.4, , rmse_test: 12.7234, score_test: 262.8, Learning rate:0.00002000
Epoch: 22, Loss: 13.9129, Rmse_valid: 10.7829, valid_score: 2771.7, , rmse_test: 12.6854, score_test: 265.2, Learning rate:0.00002000
Epoch: 23, Loss: 13.8887, Rmse_valid: 11.2410, valid_score: 2782.6, , rmse_test: 12.7795, score_test: 261.4, Learning rate:0.00002000
Epoch: 24, Loss: 13.9096, Rmse_valid: 11.0517, valid_score: 2793.4, , rmse_test: 12.7489, score_test: 265.0, Learning rate:0.00002000
Epoch: 25, Loss: 13.8866, Rmse_valid: 10.8169, valid_score: 2748.6, , rmse_test: 12.7212, score_test: 263.7, Learning rate:0.00002000
Epoch: 26, Loss: 13.8432, Rmse_valid: 10.9650, valid_score: 2752.1, , rmse_test: 12.7392, score_test: 261.5, Learning rate:0.00002000
Epoch: 27, Loss: 13.9173, Rmse_valid: 10.6677, valid_score: 2767.5, , rmse_test: 12.7105, score_test: 264.9, Learning rate:0.00002000
Epoch: 28, Loss: 13.9065, Rmse_valid: 10.8785, valid_score: 2775.7, , rmse_test: 12.7300, score_test: 267.1, Learning rate:0.00002000
Epoch: 29, Loss: 13.9064, Rmse_valid: 10.6679, valid_score: 2771.8, , rmse_test: 12.7632, score_test: 264.0, Learning rate:0.00002000
Epoch: 30, Loss: 13.8993, Rmse_valid: 10.9530, valid_score: 2757.9, , rmse_test: 12.6728, score_test: 267.3, Learning rate:0.00002000
[Train Summary] Restored best model from epoch 17, rmse_valid: 10.4350, valid_score: 2750.1, rmse_test: 12.6987, score_test: 266.0
[Train Time] start: 2026-07-30 14:15:39, end: 2026-07-30 14:18:33, duration: 0:02:54, total_seconds: 174.33
[Auto Test] command: /usr/local/miniconda3/envs/HV/bin/python /Mamba_Rul/test_GAT_EDmamba/test_model.py --sub-dataset FD001 --smooth-rate 30 --sequence-len 30 --feature-num 14 --dataset-root /Mamba_Rul/CMAPSSData/ --max-rul 125 --batch-size 128 --model-path /Mamba_Rul/logs/FD001_GAT_EDmamba_4/seed30/model_FD001_0730_141539_seed30.pkl
model_path:/Mamba_Rul/logs/FD001_GAT_EDmamba_4/seed30/model_FD001_0730_141539_seed30.pkl
rmse_final:12.756567001342773, score:263.1131591796875
