-----FD002-----
关键参数:
序列长度: 30
批大小(batch_size): 128
最大训练轮数(max_epochs): 30
随机数种子: 97
模型代号(model_code): GAT_EDmamba4_layer_3
模型结构(model_structure): mamba_mamba
学习率: 0.002
学习率调度器: step
Step步长(step_size): 10
Step衰减系数(gamma): 0.1
use_gat: True
gat_hidden_dim: 8
编码器: 2层Mamba
解码器: 2层Mamba
mamba_d_model: 10
mamba_num_layers: 3
mamba_d_state: 16
训练损失: AdaptiveAsymmetricMSELoss
asym_alpha: 3.0
asym_gamma: 5.0
asym_delta: 0.9
focus_threshold: 35.0
cap_threshold: 125.0
------------------------------
Epoch: 1, Loss: 41.5099, Rmse_valid: 22.1432, valid_score: 61567.2, , rmse_test: 21.8820, score_test: 2656.3, Learning rate:0.00200000
Epoch: 2, Loss: 30.7786, Rmse_valid: 20.9732, valid_score: 33561.6, , rmse_test: 18.8826, score_test: 1430.3, Learning rate:0.00200000
Epoch: 3, Loss: 27.7354, Rmse_valid: 21.7957, valid_score: 34467.5, , rmse_test: 19.1520, score_test: 1344.3, Learning rate:0.00200000
Epoch: 4, Loss: 26.4827, Rmse_valid: 20.8634, valid_score: 29259.4, , rmse_test: 18.3779, score_test: 1310.2, Learning rate:0.00200000
Epoch: 5, Loss: 25.3950, Rmse_valid: 19.2370, valid_score: 25330.2, , rmse_test: 17.1505, score_test: 1047.8, Learning rate:0.00200000
Epoch: 6, Loss: 24.5169, Rmse_valid: 18.4798, valid_score: 23790.1, , rmse_test: 15.8560, score_test: 861.0, Learning rate:0.00200000
Epoch: 7, Loss: 23.9328, Rmse_valid: 20.8377, valid_score: 28377.1, , rmse_test: 20.0590, score_test: 1398.7, Learning rate:0.00200000
Epoch: 8, Loss: 23.6449, Rmse_valid: 24.1809, valid_score: 48314.5, , rmse_test: 23.3685, score_test: 2600.7, Learning rate:0.00200000
Epoch: 9, Loss: 23.0565, Rmse_valid: 19.1299, valid_score: 29352.2, , rmse_test: 16.6662, score_test: 1095.7, Learning rate:0.00200000
Epoch: 10, Loss: 22.7555, Rmse_valid: 19.2483, valid_score: 24670.4, , rmse_test: 17.0776, score_test: 986.3, Learning rate:0.00200000
Epoch: 11, Loss: 19.6094, Rmse_valid: 17.9019, valid_score: 23907.5, , rmse_test: 14.9025, score_test: 791.2, Learning rate:0.00020000
Epoch: 12, Loss: 19.1944, Rmse_valid: 18.0707, valid_score: 24114.6, , rmse_test: 15.1182, score_test: 812.0, Learning rate:0.00020000
Epoch: 13, Loss: 19.0008, Rmse_valid: 17.5826, valid_score: 22272.6, , rmse_test: 14.6370, score_test: 770.7, Learning rate:0.00020000
Epoch: 14, Loss: 18.8683, Rmse_valid: 17.8787, valid_score: 23032.8, , rmse_test: 14.8953, score_test: 800.1, Learning rate:0.00020000
Epoch: 15, Loss: 18.7534, Rmse_valid: 17.7798, valid_score: 21644.8, , rmse_test: 14.6709, score_test: 743.4, Learning rate:0.00020000
Epoch: 16, Loss: 18.6483, Rmse_valid: 18.5073, valid_score: 24196.1, , rmse_test: 15.5144, score_test: 805.1, Learning rate:0.00020000
Epoch: 17, Loss: 18.5999, Rmse_valid: 17.1182, valid_score: 21616.5, , rmse_test: 14.4210, score_test: 757.4, Learning rate:0.00020000
Epoch: 18, Loss: 18.4945, Rmse_valid: 17.9260, valid_score: 25917.6, , rmse_test: 15.0079, score_test: 832.8, Learning rate:0.00020000
Epoch: 19, Loss: 18.3625, Rmse_valid: 17.5580, valid_score: 22453.4, , rmse_test: 14.8891, score_test: 777.6, Learning rate:0.00020000
Epoch: 20, Loss: 18.2931, Rmse_valid: 17.1797, valid_score: 22615.6, , rmse_test: 14.2213, score_test: 752.7, Learning rate:0.00020000
Epoch: 21, Loss: 18.0899, Rmse_valid: 17.4386, valid_score: 22537.6, , rmse_test: 14.5834, score_test: 758.7, Learning rate:0.00002000
Epoch: 22, Loss: 18.0805, Rmse_valid: 17.6385, valid_score: 22775.7, , rmse_test: 14.6356, score_test: 763.4, Learning rate:0.00002000
Epoch: 23, Loss: 18.0733, Rmse_valid: 17.5245, valid_score: 22855.7, , rmse_test: 14.5821, score_test: 764.6, Learning rate:0.00002000
Epoch: 24, Loss: 18.0760, Rmse_valid: 17.5129, valid_score: 23002.9, , rmse_test: 14.5319, score_test: 767.0, Learning rate:0.00002000
Epoch: 25, Loss: 18.0450, Rmse_valid: 17.6148, valid_score: 23076.8, , rmse_test: 14.5394, score_test: 761.4, Learning rate:0.00002000
Epoch: 26, Loss: 18.0423, Rmse_valid: 17.4853, valid_score: 23207.7, , rmse_test: 14.5751, score_test: 766.7, Learning rate:0.00002000
Epoch: 27, Loss: 18.0030, Rmse_valid: 17.5369, valid_score: 23088.6, , rmse_test: 14.5626, score_test: 764.3, Learning rate:0.00002000
Epoch: 28, Loss: 18.0218, Rmse_valid: 17.3359, valid_score: 22807.4, , rmse_test: 14.4049, score_test: 761.4, Learning rate:0.00002000
Epoch: 29, Loss: 17.9959, Rmse_valid: 17.2999, valid_score: 22769.1, , rmse_test: 14.3748, score_test: 759.6, Learning rate:0.00002000
Epoch: 30, Loss: 18.0050, Rmse_valid: 17.4901, valid_score: 22938.0, , rmse_test: 14.5100, score_test: 762.4, Learning rate:0.00002000
[Train Summary] Restored best model from epoch 17, rmse_valid: 17.1182, valid_score: 21616.5, rmse_test: 14.4210, score_test: 757.4
[Train Time] start: 2026-08-21 07:46:51, end: 2026-08-21 07:56:35, duration: 0:09:44, total_seconds: 583.53
[Auto Test] command: /usr/local/miniconda3/envs/HV/bin/python /Mamba_Rul/test_GAT_EDmamba/test_model.py --sub-dataset FD002 --smooth-rate 40 --sequence-len 30 --feature-num 14 --dataset-root /Mamba_Rul/CMAPSSData/ --max-rul 125 --batch-size 128 --model-path /Mamba_Rul/logs/FD002_GAT_EDmamba4_layer_3/seed97/model_FD002_0821_074651_seed97.pkl
model_path:/Mamba_Rul/logs/FD002_GAT_EDmamba4_layer_3/seed97/model_FD002_0821_074651_seed97.pkl
rmse_final:14.578902244567871, score:759.5999755859375
