-----FD003-----
关键参数:
序列长度: 30
批大小(batch_size): 128
最大训练轮数(max_epochs): 30
随机数种子: 33
模型代号(model_code): GAT_EDmamba+30
模型结构(model_structure): mamba_mamba
学习率: 0.002
学习率调度器: step
Step步长(step_size): 10
Step衰减系数(gamma): 0.1
use_gat: True
gat_hidden_dim: 8
编码器: 2层Mamba
解码器: 2层Mamba
encoder_hidden_size: 16
mamba_num_layers: 2
mamba_d_state: 16
------------------------------
Epoch: 1, Loss: 26.0723, Rmse_valid: 17.6209, valid_score: 20179.7, , rmse_test: 23.7859, score_test: 4640.2, Learning rate:0.00200000
Epoch: 2, Loss: 18.6685, Rmse_valid: 15.4070, valid_score: 13353.2, , rmse_test: 25.0388, score_test: 2926.3, Learning rate:0.00200000
Epoch: 3, Loss: 16.8819, Rmse_valid: 13.8728, valid_score: 12664.8, , rmse_test: 17.8685, score_test: 1536.9, Learning rate:0.00200000
Epoch: 4, Loss: 14.7224, Rmse_valid: 14.8032, valid_score: 8598.8, , rmse_test: 18.1036, score_test: 861.4, Learning rate:0.00200000
Epoch: 5, Loss: 13.1995, Rmse_valid: 11.8388, valid_score: 11145.5, , rmse_test: 17.4561, score_test: 2269.7, Learning rate:0.00200000
Epoch: 6, Loss: 12.1997, Rmse_valid: 11.9725, valid_score: 9331.0, , rmse_test: 17.0331, score_test: 1081.5, Learning rate:0.00200000
Epoch: 7, Loss: 11.8981, Rmse_valid: 9.4533, valid_score: 5563.3, , rmse_test: 13.6387, score_test: 451.2, Learning rate:0.00200000
Epoch: 8, Loss: 11.0523, Rmse_valid: 8.8296, valid_score: 4797.2, , rmse_test: 13.3264, score_test: 423.9, Learning rate:0.00200000
Epoch: 9, Loss: 10.7680, Rmse_valid: 8.4228, valid_score: 3762.2, , rmse_test: 12.6306, score_test: 353.1, Learning rate:0.00200000
Epoch: 10, Loss: 10.5260, Rmse_valid: 9.1761, valid_score: 5113.7, , rmse_test: 15.0188, score_test: 541.0, Learning rate:0.00200000
Epoch: 11, Loss: 8.7879, Rmse_valid: 8.6684, valid_score: 4545.5, , rmse_test: 13.0556, score_test: 368.4, Learning rate:0.00020000
Epoch: 12, Loss: 8.5910, Rmse_valid: 8.6538, valid_score: 4426.3, , rmse_test: 13.0969, score_test: 373.1, Learning rate:0.00020000
Epoch: 13, Loss: 8.4661, Rmse_valid: 8.3388, valid_score: 4604.0, , rmse_test: 13.4643, score_test: 409.8, Learning rate:0.00020000
Epoch: 14, Loss: 8.3809, Rmse_valid: 8.2810, valid_score: 4130.0, , rmse_test: 13.0537, score_test: 383.0, Learning rate:0.00020000
Epoch: 15, Loss: 8.2712, Rmse_valid: 9.0024, valid_score: 4539.3, , rmse_test: 13.0609, score_test: 347.2, Learning rate:0.00020000
Epoch: 16, Loss: 8.2253, Rmse_valid: 8.3850, valid_score: 4531.6, , rmse_test: 12.9302, score_test: 346.8, Learning rate:0.00020000
Epoch: 17, Loss: 8.1111, Rmse_valid: 8.2040, valid_score: 4364.4, , rmse_test: 12.9321, score_test: 383.2, Learning rate:0.00020000
Epoch: 18, Loss: 8.0799, Rmse_valid: 8.1957, valid_score: 4368.5, , rmse_test: 13.0759, score_test: 380.7, Learning rate:0.00020000
Epoch: 19, Loss: 7.9478, Rmse_valid: 8.3504, valid_score: 4526.6, , rmse_test: 13.0603, score_test: 344.9, Learning rate:0.00020000
Epoch: 20, Loss: 7.8799, Rmse_valid: 8.4348, valid_score: 4724.2, , rmse_test: 12.8465, score_test: 368.3, Learning rate:0.00020000
Epoch: 21, Loss: 7.7424, Rmse_valid: 8.3941, valid_score: 4565.4, , rmse_test: 12.9228, score_test: 373.9, Learning rate:0.00002000
Epoch: 22, Loss: 7.7653, Rmse_valid: 8.5270, valid_score: 4610.4, , rmse_test: 12.9554, score_test: 372.6, Learning rate:0.00002000
Epoch: 23, Loss: 7.7375, Rmse_valid: 8.3686, valid_score: 4518.2, , rmse_test: 12.9324, score_test: 366.4, Learning rate:0.00002000
Epoch: 24, Loss: 7.7509, Rmse_valid: 8.4466, valid_score: 4570.6, , rmse_test: 12.9821, score_test: 374.5, Learning rate:0.00002000
Epoch: 25, Loss: 7.7406, Rmse_valid: 8.4268, valid_score: 4476.9, , rmse_test: 12.9782, score_test: 373.0, Learning rate:0.00002000
Epoch: 26, Loss: 7.7095, Rmse_valid: 8.4657, valid_score: 4604.8, , rmse_test: 13.0483, score_test: 380.2, Learning rate:0.00002000
Epoch: 27, Loss: 7.6892, Rmse_valid: 8.4347, valid_score: 4600.5, , rmse_test: 13.0044, score_test: 379.0, Learning rate:0.00002000
Epoch: 28, Loss: 7.7057, Rmse_valid: 8.4349, valid_score: 4567.5, , rmse_test: 13.0212, score_test: 376.6, Learning rate:0.00002000
Epoch: 29, Loss: 7.6594, Rmse_valid: 8.5072, valid_score: 4627.7, , rmse_test: 13.0118, score_test: 372.1, Learning rate:0.00002000
Epoch: 30, Loss: 7.6573, Rmse_valid: 8.4683, valid_score: 4661.4, , rmse_test: 13.0336, score_test: 374.7, Learning rate:0.00002000
[Train Summary] Restored best model from epoch 18, rmse_valid: 8.1957, valid_score: 4368.5, rmse_test: 13.0759, score_test: 380.7
[Train Time] start: 2026-07-23 02:09:12, end: 2026-07-23 02:13:44, duration: 0:04:32, total_seconds: 272.34
[Auto Test] command: /usr/local/miniconda3/envs/HV/bin/python /Mamba_Rul/test_GAT_EDmamba/test_model.py --sub-dataset FD003 --smooth-rate 30 --sequence-len 30 --feature-num 14 --dataset-root /Mamba_Rul/CMAPSSData/ --max-rul 125 --batch-size 128 --model-path /Mamba_Rul/logs/FD003_GAT_EDmamba+30/seed33/model_FD003_0723_020912_seed33.pkl
model_path:/Mamba_Rul/logs/FD003_GAT_EDmamba+30/seed33/model_FD003_0723_020912_seed33.pkl
rmse_final:12.967266082763672, score:363.9077453613281
