-----FD003-----
关键参数:
序列长度: 40
批大小(batch_size): 128
最大训练轮数(max_epochs): 30
随机数种子: 62
模型代号(model_code): GAT_EDmamba+40
模型结构(model_structure): mamba_mamba
学习率: 0.002
学习率调度器: step
Step步长(step_size): 10
Step衰减系数(gamma): 0.1
use_gat: True
gat_hidden_dim: 8
编码器: 2层Mamba
解码器: 2层Mamba
encoder_hidden_size: 16
mamba_num_layers: 2
mamba_d_state: 16
------------------------------
Epoch: 1, Loss: 22.6166, Rmse_valid: 16.7024, valid_score: 22849.2, , rmse_test: 23.8027, score_test: 4895.0, Learning rate:0.00200000
Epoch: 2, Loss: 18.0259, Rmse_valid: 14.8360, valid_score: 23055.8, , rmse_test: 20.6221, score_test: 3156.7, Learning rate:0.00200000
Epoch: 3, Loss: 15.9207, Rmse_valid: 12.7078, valid_score: 7873.3, , rmse_test: 16.4621, score_test: 1069.3, Learning rate:0.00200000
Epoch: 4, Loss: 13.9124, Rmse_valid: 11.3456, valid_score: 7007.0, , rmse_test: 15.2684, score_test: 1149.8, Learning rate:0.00200000
Epoch: 5, Loss: 12.9754, Rmse_valid: 11.5923, valid_score: 7851.4, , rmse_test: 16.3824, score_test: 1134.5, Learning rate:0.00200000
Epoch: 6, Loss: 12.3704, Rmse_valid: 12.5533, valid_score: 8867.2, , rmse_test: 18.6059, score_test: 1360.9, Learning rate:0.00200000
Epoch: 7, Loss: 11.6669, Rmse_valid: 10.9636, valid_score: 4112.9, , rmse_test: 13.7165, score_test: 355.4, Learning rate:0.00200000
Epoch: 8, Loss: 11.2096, Rmse_valid: 9.6068, valid_score: 4993.5, , rmse_test: 14.3657, score_test: 817.7, Learning rate:0.00200000
Epoch: 9, Loss: 10.9523, Rmse_valid: 8.6289, valid_score: 3380.1, , rmse_test: 13.3971, score_test: 572.1, Learning rate:0.00200000
Epoch: 10, Loss: 10.7280, Rmse_valid: 9.7685, valid_score: 3916.6, , rmse_test: 14.0952, score_test: 415.3, Learning rate:0.00200000
Epoch: 11, Loss: 9.1516, Rmse_valid: 8.6337, valid_score: 3403.2, , rmse_test: 12.9679, score_test: 424.7, Learning rate:0.00020000
Epoch: 12, Loss: 8.8917, Rmse_valid: 8.7756, valid_score: 3618.5, , rmse_test: 13.1550, score_test: 444.1, Learning rate:0.00020000
Epoch: 13, Loss: 8.8038, Rmse_valid: 8.4787, valid_score: 3332.2, , rmse_test: 13.1789, score_test: 409.7, Learning rate:0.00020000
Epoch: 14, Loss: 8.7488, Rmse_valid: 8.6883, valid_score: 3324.6, , rmse_test: 13.0218, score_test: 429.2, Learning rate:0.00020000
Epoch: 15, Loss: 8.6330, Rmse_valid: 8.9179, valid_score: 3438.2, , rmse_test: 13.0547, score_test: 390.1, Learning rate:0.00020000
Epoch: 16, Loss: 8.5895, Rmse_valid: 8.7343, valid_score: 3307.8, , rmse_test: 13.0440, score_test: 418.6, Learning rate:0.00020000
Epoch: 17, Loss: 8.4902, Rmse_valid: 8.5350, valid_score: 3229.5, , rmse_test: 12.7655, score_test: 358.9, Learning rate:0.00020000
Epoch: 18, Loss: 8.4811, Rmse_valid: 8.1502, valid_score: 3130.0, , rmse_test: 13.3535, score_test: 435.0, Learning rate:0.00020000
Epoch: 19, Loss: 8.3632, Rmse_valid: 8.4989, valid_score: 3164.4, , rmse_test: 13.1472, score_test: 398.9, Learning rate:0.00020000
Epoch: 20, Loss: 8.3342, Rmse_valid: 8.5166, valid_score: 3105.7, , rmse_test: 13.0736, score_test: 411.1, Learning rate:0.00020000
Epoch: 21, Loss: 8.2414, Rmse_valid: 8.3780, valid_score: 3139.4, , rmse_test: 13.2246, score_test: 427.2, Learning rate:0.00002000
Epoch: 22, Loss: 8.1684, Rmse_valid: 8.4332, valid_score: 3138.7, , rmse_test: 13.2133, score_test: 417.4, Learning rate:0.00002000
Epoch: 23, Loss: 8.2022, Rmse_valid: 8.4261, valid_score: 3181.1, , rmse_test: 13.1494, score_test: 408.7, Learning rate:0.00002000
Epoch: 24, Loss: 8.1598, Rmse_valid: 8.4426, valid_score: 3161.2, , rmse_test: 13.1063, score_test: 404.1, Learning rate:0.00002000
Epoch: 25, Loss: 8.1516, Rmse_valid: 8.3903, valid_score: 3142.2, , rmse_test: 13.2014, score_test: 415.2, Learning rate:0.00002000
Epoch: 26, Loss: 8.1836, Rmse_valid: 8.3845, valid_score: 3133.3, , rmse_test: 13.1665, score_test: 409.7, Learning rate:0.00002000
Epoch: 27, Loss: 8.1290, Rmse_valid: 8.3869, valid_score: 3138.1, , rmse_test: 13.1639, score_test: 411.5, Learning rate:0.00002000
Epoch: 28, Loss: 8.1671, Rmse_valid: 8.4051, valid_score: 3090.0, , rmse_test: 13.1148, score_test: 403.6, Learning rate:0.00002000
Epoch: 29, Loss: 8.1848, Rmse_valid: 8.3908, valid_score: 3075.8, , rmse_test: 13.1883, score_test: 411.9, Learning rate:0.00002000
Epoch: 30, Loss: 8.1402, Rmse_valid: 8.3820, valid_score: 3095.1, , rmse_test: 13.1681, score_test: 401.7, Learning rate:0.00002000
[Train Summary] Restored best model from epoch 18, rmse_valid: 8.1502, valid_score: 3130.0, rmse_test: 13.3535, score_test: 435.0
[Train Time] start: 2026-07-23 03:06:55, end: 2026-07-23 03:11:14, duration: 0:04:20, total_seconds: 259.66
[Auto Test] command: /usr/local/miniconda3/envs/HV/bin/python /Mamba_Rul/test_GAT_EDmamba/test_model.py --sub-dataset FD003 --smooth-rate 30 --sequence-len 40 --feature-num 14 --dataset-root /Mamba_Rul/CMAPSSData/ --max-rul 125 --batch-size 128 --model-path /Mamba_Rul/logs/FD003_GAT_EDmamba+40/seed62/model_FD003_0723_030655_seed62.pkl
model_path:/Mamba_Rul/logs/FD003_GAT_EDmamba+40/seed62/model_FD003_0723_030655_seed62.pkl
rmse_final:13.259714126586914, score:420.1192626953125
