-----FD001-----
关键参数:
序列长度: 30
批大小(batch_size): 128
最大训练轮数(max_epochs): 30
随机数种子: 27
模型代号(model_code): GAT_EDmamba4_dmodel_64
模型结构(model_structure): mamba_mamba
学习率: 0.002
学习率调度器: step
Step步长(step_size): 10
Step衰减系数(gamma): 0.1
use_gat: True
gat_hidden_dim: 8
编码器: 2层Mamba
解码器: 2层Mamba
mamba_d_model: 64
mamba_num_layers: 2
mamba_d_state: 16
训练损失: AdaptiveAsymmetricMSELoss
asym_alpha: 1.5
asym_gamma: 2.0
asym_delta: 0.9
focus_threshold: 35.0
cap_threshold: 125.0
------------------------------
Epoch: 1, Loss: 61.6898, Rmse_valid: 18.4470, valid_score: 8673.1, , rmse_test: 17.8614, score_test: 615.7, Learning rate:0.00200000
Epoch: 2, Loss: 21.7281, Rmse_valid: 17.6590, valid_score: 7149.5, , rmse_test: 16.6857, score_test: 420.6, Learning rate:0.00200000
Epoch: 3, Loss: 23.8734, Rmse_valid: 20.4207, valid_score: 10775.7, , rmse_test: 18.6439, score_test: 618.0, Learning rate:0.00200000
Epoch: 4, Loss: 18.9628, Rmse_valid: 13.7361, valid_score: 4677.7, , rmse_test: 15.8467, score_test: 298.6, Learning rate:0.00200000
Epoch: 5, Loss: 18.6859, Rmse_valid: 12.4055, valid_score: 3954.5, , rmse_test: 12.9275, score_test: 254.8, Learning rate:0.00200000
Epoch: 6, Loss: 17.9888, Rmse_valid: 16.9440, valid_score: 6446.6, , rmse_test: 17.5558, score_test: 439.8, Learning rate:0.00200000
Epoch: 7, Loss: 39.5586, Rmse_valid: 26.8109, valid_score: 20000.7, , rmse_test: 23.0773, score_test: 1308.1, Learning rate:0.00200000
Epoch: 8, Loss: 23.4593, Rmse_valid: 17.7786, valid_score: 7712.4, , rmse_test: 16.8105, score_test: 388.5, Learning rate:0.00200000
Epoch: 9, Loss: 17.4399, Rmse_valid: 24.0377, valid_score: 15082.9, , rmse_test: 22.1458, score_test: 781.1, Learning rate:0.00200000
Epoch: 10, Loss: 16.0507, Rmse_valid: 13.4406, valid_score: 4259.9, , rmse_test: 14.2861, score_test: 254.4, Learning rate:0.00200000
Epoch: 11, Loss: 13.1296, Rmse_valid: 11.4747, valid_score: 3343.4, , rmse_test: 12.3793, score_test: 223.5, Learning rate:0.00020000
Epoch: 12, Loss: 12.6843, Rmse_valid: 10.8440, valid_score: 3521.6, , rmse_test: 12.2776, score_test: 237.9, Learning rate:0.00020000
Epoch: 13, Loss: 12.4698, Rmse_valid: 11.0987, valid_score: 3221.3, , rmse_test: 12.5252, score_test: 225.7, Learning rate:0.00020000
Epoch: 14, Loss: 12.2600, Rmse_valid: 12.6387, valid_score: 3575.4, , rmse_test: 12.9418, score_test: 208.3, Learning rate:0.00020000
Epoch: 15, Loss: 11.9466, Rmse_valid: 11.9913, valid_score: 4375.4, , rmse_test: 12.3896, score_test: 258.8, Learning rate:0.00020000
Epoch: 16, Loss: 11.7620, Rmse_valid: 11.9770, valid_score: 3606.7, , rmse_test: 12.5495, score_test: 221.2, Learning rate:0.00020000
Epoch: 17, Loss: 11.3792, Rmse_valid: 11.6446, valid_score: 3990.3, , rmse_test: 12.2255, score_test: 206.7, Learning rate:0.00020000
Epoch: 18, Loss: 11.2136, Rmse_valid: 12.8333, valid_score: 4056.1, , rmse_test: 12.6584, score_test: 224.2, Learning rate:0.00020000
Epoch: 19, Loss: 10.9800, Rmse_valid: 11.3470, valid_score: 4843.4, , rmse_test: 12.2751, score_test: 264.6, Learning rate:0.00020000
Epoch: 20, Loss: 10.7005, Rmse_valid: 11.4918, valid_score: 4414.7, , rmse_test: 11.9668, score_test: 244.9, Learning rate:0.00020000
Epoch: 21, Loss: 10.2951, Rmse_valid: 11.4281, valid_score: 4168.0, , rmse_test: 12.0261, score_test: 226.5, Learning rate:0.00002000
Epoch: 22, Loss: 10.1894, Rmse_valid: 11.6015, valid_score: 4370.2, , rmse_test: 12.0479, score_test: 241.2, Learning rate:0.00002000
Epoch: 23, Loss: 10.1391, Rmse_valid: 11.9587, valid_score: 4707.3, , rmse_test: 12.1577, score_test: 251.6, Learning rate:0.00002000
Epoch: 24, Loss: 10.0997, Rmse_valid: 11.8492, valid_score: 4512.4, , rmse_test: 12.1889, score_test: 236.7, Learning rate:0.00002000
Epoch: 25, Loss: 10.0652, Rmse_valid: 11.8400, valid_score: 4429.6, , rmse_test: 12.0597, score_test: 235.3, Learning rate:0.00002000
Epoch: 26, Loss: 10.1125, Rmse_valid: 12.6316, valid_score: 4565.2, , rmse_test: 12.1736, score_test: 236.1, Learning rate:0.00002000
Epoch: 27, Loss: 10.0630, Rmse_valid: 12.1147, valid_score: 4634.4, , rmse_test: 12.2115, score_test: 250.2, Learning rate:0.00002000
Epoch: 28, Loss: 9.9882, Rmse_valid: 11.8328, valid_score: 4398.6, , rmse_test: 12.1911, score_test: 238.1, Learning rate:0.00002000
Epoch: 29, Loss: 9.9665, Rmse_valid: 12.7368, valid_score: 4737.9, , rmse_test: 12.2266, score_test: 249.7, Learning rate:0.00002000
Epoch: 30, Loss: 9.9335, Rmse_valid: 11.9008, valid_score: 4462.4, , rmse_test: 12.1490, score_test: 242.3, Learning rate:0.00002000
[Train Summary] Restored best model from epoch 12, rmse_valid: 10.8440, valid_score: 3521.6, rmse_test: 12.2776, score_test: 237.9
[Train Time] start: 2026-08-24 17:57:08, end: 2026-08-24 18:00:30, duration: 0:03:21, total_seconds: 201.38
[Auto Test] command: /usr/local/miniconda3/envs/HV/bin/python /Mamba_Rul/test_GAT_EDmamba/test_model.py --sub-dataset FD001 --smooth-rate 30 --sequence-len 30 --feature-num 14 --dataset-root /Mamba_Rul/CMAPSSData/ --max-rul 125 --batch-size 128 --model-path /Mamba_Rul/logs/FD001_GAT_EDmamba4_dmodel_64/seed27/model_FD001_0824_175708_seed27.pkl
model_path:/Mamba_Rul/logs/FD001_GAT_EDmamba4_dmodel_64/seed27/model_FD001_0824_175708_seed27.pkl
rmse_final:12.247448921203613, score:226.7088165283203
