-----FD002-----
关键参数:
序列长度: 30
批大小(batch_size): 128
最大训练轮数(max_epochs): 30
随机数种子: 62
模型代号(model_code): GAT_EDmamba_dmodel_32
模型结构(model_structure): mamba_mamba
学习率: 0.002
学习率调度器: step
Step步长(step_size): 10
Step衰减系数(gamma): 0.1
use_gat: True
gat_hidden_dim: 8
编码器: 2层Mamba
解码器: 2层Mamba
encoder_hidden_size: 32
mamba_num_layers: 2
mamba_d_state: 16
训练损失: AdaptiveAsymmetricMSELoss
asym_alpha: 3.0
asym_gamma: 5.0
asym_delta: 0.9
focus_threshold: 35.0
cap_threshold: 125.0
------------------------------
Epoch: 1, Loss: 47.8513, Rmse_valid: 26.3271, valid_score: 63173.1, , rmse_test: 26.5076, score_test: 3595.9, Learning rate:0.00200000
Epoch: 2, Loss: 32.0138, Rmse_valid: 23.0047, valid_score: 35147.7, , rmse_test: 20.5187, score_test: 1522.2, Learning rate:0.00200000
Epoch: 3, Loss: 27.5956, Rmse_valid: 19.3795, valid_score: 33281.7, , rmse_test: 16.0257, score_test: 886.3, Learning rate:0.00200000
Epoch: 4, Loss: 25.9566, Rmse_valid: 25.7810, valid_score: 61052.1, , rmse_test: 21.7095, score_test: 2601.0, Learning rate:0.00200000
Epoch: 5, Loss: 24.6158, Rmse_valid: 19.4549, valid_score: 28468.9, , rmse_test: 16.6468, score_test: 942.4, Learning rate:0.00200000
Epoch: 6, Loss: 24.7011, Rmse_valid: 26.6943, valid_score: 56856.4, , rmse_test: 26.5579, score_test: 3229.5, Learning rate:0.00200000
Epoch: 7, Loss: 22.6257, Rmse_valid: 23.5719, valid_score: 37673.4, , rmse_test: 22.7627, score_test: 2032.4, Learning rate:0.00200000
Epoch: 8, Loss: 22.2405, Rmse_valid: 17.7369, valid_score: 25283.8, , rmse_test: 15.1616, score_test: 832.4, Learning rate:0.00200000
Epoch: 9, Loss: 21.5614, Rmse_valid: 20.6090, valid_score: 35733.5, , rmse_test: 17.1994, score_test: 1220.1, Learning rate:0.00200000
Epoch: 10, Loss: 20.9055, Rmse_valid: 21.2903, valid_score: 43958.3, , rmse_test: 19.3375, score_test: 1511.3, Learning rate:0.00200000
Epoch: 11, Loss: 17.7286, Rmse_valid: 18.6349, valid_score: 39020.7, , rmse_test: 14.9461, score_test: 772.0, Learning rate:0.00020000
Epoch: 12, Loss: 15.4613, Rmse_valid: 18.6136, valid_score: 39743.3, , rmse_test: 15.2615, score_test: 898.5, Learning rate:0.00020000
Epoch: 13, Loss: 14.9285, Rmse_valid: 17.9161, valid_score: 37777.9, , rmse_test: 14.5398, score_test: 786.3, Learning rate:0.00020000
Epoch: 14, Loss: 14.4926, Rmse_valid: 18.5808, valid_score: 41751.5, , rmse_test: 15.1415, score_test: 933.7, Learning rate:0.00020000
Epoch: 15, Loss: 14.1678, Rmse_valid: 17.8397, valid_score: 42417.7, , rmse_test: 14.4127, score_test: 844.9, Learning rate:0.00020000
Epoch: 16, Loss: 13.7977, Rmse_valid: 18.7525, valid_score: 50391.1, , rmse_test: 14.7643, score_test: 887.9, Learning rate:0.00020000
Epoch: 17, Loss: 13.5657, Rmse_valid: 18.4062, valid_score: 47201.3, , rmse_test: 14.3742, score_test: 843.8, Learning rate:0.00020000
Epoch: 18, Loss: 13.2590, Rmse_valid: 19.0940, valid_score: 52109.8, , rmse_test: 14.4764, score_test: 829.2, Learning rate:0.00020000
Epoch: 19, Loss: 12.9887, Rmse_valid: 18.5095, valid_score: 46142.6, , rmse_test: 14.8484, score_test: 993.1, Learning rate:0.00020000
Epoch: 20, Loss: 12.7131, Rmse_valid: 18.6773, valid_score: 61856.7, , rmse_test: 14.7265, score_test: 978.8, Learning rate:0.00020000
Epoch: 21, Loss: 12.2516, Rmse_valid: 18.6395, valid_score: 55929.9, , rmse_test: 14.5351, score_test: 1013.2, Learning rate:0.00002000
Epoch: 22, Loss: 12.1722, Rmse_valid: 18.3567, valid_score: 54911.2, , rmse_test: 14.5925, score_test: 1007.8, Learning rate:0.00002000
Epoch: 23, Loss: 12.1357, Rmse_valid: 18.4470, valid_score: 57509.1, , rmse_test: 14.6078, score_test: 1055.5, Learning rate:0.00002000
Epoch: 24, Loss: 12.0847, Rmse_valid: 18.3042, valid_score: 53965.1, , rmse_test: 14.6672, score_test: 1067.7, Learning rate:0.00002000
Epoch: 25, Loss: 12.0885, Rmse_valid: 18.7848, valid_score: 53853.6, , rmse_test: 14.7437, score_test: 1012.8, Learning rate:0.00002000
Epoch: 26, Loss: 12.0495, Rmse_valid: 18.4824, valid_score: 56453.9, , rmse_test: 14.6710, score_test: 1044.6, Learning rate:0.00002000
Epoch: 27, Loss: 12.0411, Rmse_valid: 18.6611, valid_score: 55516.9, , rmse_test: 14.6936, score_test: 1074.8, Learning rate:0.00002000
Epoch: 28, Loss: 11.9651, Rmse_valid: 18.6502, valid_score: 53886.5, , rmse_test: 14.7755, score_test: 1061.5, Learning rate:0.00002000
Epoch: 29, Loss: 11.9393, Rmse_valid: 18.6966, valid_score: 55751.2, , rmse_test: 14.7968, score_test: 1058.0, Learning rate:0.00002000
Epoch: 30, Loss: 11.9137, Rmse_valid: 18.4922, valid_score: 57005.2, , rmse_test: 14.7129, score_test: 1113.0, Learning rate:0.00002000
[Train Summary] Restored best model from epoch 8, rmse_valid: 17.7369, valid_score: 25283.8, rmse_test: 15.1616, score_test: 832.4
[Train Time] start: 2026-08-05 13:18:50, end: 2026-08-05 13:27:40, duration: 0:08:50, total_seconds: 529.74
[Auto Test] command: /usr/local/miniconda3/envs/HV/bin/python /Mamba_Rul/test_GAT_EDmamba/test_model.py --sub-dataset FD002 --smooth-rate 40 --sequence-len 30 --feature-num 14 --dataset-root /Mamba_Rul/CMAPSSData/ --max-rul 125 --batch-size 128 --model-path /Mamba_Rul/logs/FD002_GAT_EDmamba_dmodel_32/seed62/model_FD002_0805_131850_seed62.pkl
model_path:/Mamba_Rul/logs/FD002_GAT_EDmamba_dmodel_32/seed62/model_FD002_0805_131850_seed62.pkl
rmse_final:15.283549308776855, score:832.3900146484375
