-----FD004-----
关键参数:
序列长度: 30
批大小(batch_size): 128
最大训练轮数(max_epochs): 30
随机数种子: 17
模型代号(model_code): GAT_EDmamba4_dmodel_6
模型结构(model_structure): mamba_mamba
学习率: 0.002
学习率调度器: step
Step步长(step_size): 10
Step衰减系数(gamma): 0.1
use_gat: True
gat_hidden_dim: 8
编码器: 2层Mamba
解码器: 2层Mamba
mamba_d_model: 6
mamba_num_layers: 2
mamba_d_state: 16
训练损失: AdaptiveAsymmetricMSELoss
asym_alpha: 2.0
asym_gamma: 5.0
asym_delta: 0.9
focus_threshold: 35.0
cap_threshold: 125.0
------------------------------
Epoch: 1, Loss: 42.2302, Rmse_valid: 23.8867, valid_score: 90450.5, , rmse_test: 26.8830, score_test: 5529.9, Learning rate:0.00200000
Epoch: 2, Loss: 36.3136, Rmse_valid: 22.8201, valid_score: 66902.5, , rmse_test: 24.4286, score_test: 3493.4, Learning rate:0.00200000
Epoch: 3, Loss: 32.7542, Rmse_valid: 20.5291, valid_score: 38553.9, , rmse_test: 21.4517, score_test: 2458.0, Learning rate:0.00200000
Epoch: 4, Loss: 30.0207, Rmse_valid: 19.6918, valid_score: 43804.1, , rmse_test: 22.1745, score_test: 3083.1, Learning rate:0.00200000
Epoch: 5, Loss: 28.4752, Rmse_valid: 20.3545, valid_score: 43284.4, , rmse_test: 20.2953, score_test: 2006.3, Learning rate:0.00200000
Epoch: 6, Loss: 27.4738, Rmse_valid: 20.4451, valid_score: 50555.1, , rmse_test: 21.3045, score_test: 2449.5, Learning rate:0.00200000
Epoch: 7, Loss: 26.2602, Rmse_valid: 19.6157, valid_score: 37896.9, , rmse_test: 20.0651, score_test: 1770.3, Learning rate:0.00200000
Epoch: 8, Loss: 26.4737, Rmse_valid: 17.2621, valid_score: 28203.3, , rmse_test: 18.7683, score_test: 1664.6, Learning rate:0.00200000
Epoch: 9, Loss: 25.0709, Rmse_valid: 17.7481, valid_score: 31957.3, , rmse_test: 17.6169, score_test: 1310.2, Learning rate:0.00200000
Epoch: 10, Loss: 24.7828, Rmse_valid: 20.5572, valid_score: 49068.3, , rmse_test: 21.9966, score_test: 2206.1, Learning rate:0.00200000
Epoch: 11, Loss: 21.9622, Rmse_valid: 17.4447, valid_score: 29035.4, , rmse_test: 18.3668, score_test: 1423.9, Learning rate:0.00020000
Epoch: 12, Loss: 21.6233, Rmse_valid: 17.4081, valid_score: 27894.4, , rmse_test: 18.4390, score_test: 1382.3, Learning rate:0.00020000
Epoch: 13, Loss: 21.4308, Rmse_valid: 17.1289, valid_score: 25695.8, , rmse_test: 18.0972, score_test: 1290.2, Learning rate:0.00020000
Epoch: 14, Loss: 21.3907, Rmse_valid: 17.4002, valid_score: 28614.3, , rmse_test: 18.1392, score_test: 1333.2, Learning rate:0.00020000
Epoch: 15, Loss: 21.3236, Rmse_valid: 17.3285, valid_score: 27320.5, , rmse_test: 17.6314, score_test: 1232.8, Learning rate:0.00020000
Epoch: 16, Loss: 21.2509, Rmse_valid: 17.5563, valid_score: 27177.1, , rmse_test: 17.6505, score_test: 1212.8, Learning rate:0.00020000
Epoch: 17, Loss: 21.1794, Rmse_valid: 17.2970, valid_score: 28796.6, , rmse_test: 18.4572, score_test: 1399.3, Learning rate:0.00020000
Epoch: 18, Loss: 21.1456, Rmse_valid: 17.3733, valid_score: 25918.8, , rmse_test: 17.6307, score_test: 1216.3, Learning rate:0.00020000
Epoch: 19, Loss: 21.1093, Rmse_valid: 16.9773, valid_score: 26815.7, , rmse_test: 17.9075, score_test: 1304.0, Learning rate:0.00020000
Epoch: 20, Loss: 21.0771, Rmse_valid: 17.5824, valid_score: 29889.0, , rmse_test: 18.0562, score_test: 1309.1, Learning rate:0.00020000
Epoch: 21, Loss: 20.8739, Rmse_valid: 17.2602, valid_score: 26959.6, , rmse_test: 17.8823, score_test: 1245.8, Learning rate:0.00002000
Epoch: 22, Loss: 20.8731, Rmse_valid: 17.1089, valid_score: 26319.1, , rmse_test: 17.7761, score_test: 1236.4, Learning rate:0.00002000
Epoch: 23, Loss: 20.8718, Rmse_valid: 17.1877, valid_score: 26662.9, , rmse_test: 17.8633, score_test: 1246.0, Learning rate:0.00002000
Epoch: 24, Loss: 20.8042, Rmse_valid: 17.0849, valid_score: 26278.9, , rmse_test: 17.7699, score_test: 1236.7, Learning rate:0.00002000
Epoch: 25, Loss: 20.8191, Rmse_valid: 17.2721, valid_score: 26660.5, , rmse_test: 17.9524, score_test: 1261.3, Learning rate:0.00002000
Epoch: 26, Loss: 20.8471, Rmse_valid: 17.2162, valid_score: 26765.0, , rmse_test: 17.8895, score_test: 1247.1, Learning rate:0.00002000
Epoch: 27, Loss: 20.7897, Rmse_valid: 17.1093, valid_score: 26474.0, , rmse_test: 17.7291, score_test: 1241.4, Learning rate:0.00002000
Epoch: 28, Loss: 20.8521, Rmse_valid: 17.0177, valid_score: 26495.4, , rmse_test: 17.9649, score_test: 1261.1, Learning rate:0.00002000
Epoch: 29, Loss: 20.8065, Rmse_valid: 17.2637, valid_score: 26605.1, , rmse_test: 17.8358, score_test: 1239.1, Learning rate:0.00002000
Epoch: 30, Loss: 20.7775, Rmse_valid: 16.9927, valid_score: 26237.6, , rmse_test: 17.8766, score_test: 1247.9, Learning rate:0.00002000
[Train Summary] Restored best model from epoch 19, rmse_valid: 16.9773, valid_score: 26815.7, rmse_test: 17.9075, score_test: 1304.0
[Train Time] start: 2026-08-25 06:08:31, end: 2026-08-25 06:18:36, duration: 0:10:04, total_seconds: 604.20
[Auto Test] command: /usr/local/miniconda3/envs/HV/bin/python /Mamba_Rul/test_GAT_EDmamba/test_model.py --sub-dataset FD004 --smooth-rate 40 --sequence-len 30 --feature-num 14 --dataset-root /Mamba_Rul/CMAPSSData/ --max-rul 125 --batch-size 128 --model-path /Mamba_Rul/logs/FD004_GAT_EDmamba4_dmodel_6/seed17/model_FD004_0825_060831_seed17.pkl
model_path:/Mamba_Rul/logs/FD004_GAT_EDmamba4_dmodel_6/seed17/model_FD004_0825_060831_seed17.pkl
rmse_final:17.97287368774414, score:1288.90185546875
