-----FD002-----
关键参数:
序列长度: 30
批大小(batch_size): 128
最大训练轮数(max_epochs): 30
随机数种子: 2
模型代号(model_code): GAT_EDmamba_dropout_0.4
模型结构(model_structure): mamba_mamba
学习率: 0.002
学习率调度器: step
Step步长(step_size): 10
Step衰减系数(gamma): 0.1
use_gat: True
gat_hidden_dim: 8
编码器: 2层Mamba
解码器: 2层Mamba
mamba_d_model: 16
mamba_num_layers: 2
mamba_d_state: 32
dropout: 0.4
训练损失: AdaptiveAsymmetricMSELoss
asym_alpha: 3.0
asym_gamma: 5.0
asym_delta: 0.9
focus_threshold: 35.0
cap_threshold: 125.0
------------------------------
Epoch: 1, Loss: 51.6319, Rmse_valid: 33.0438, valid_score: 134781.4, , rmse_test: 33.7409, score_test: 10538.8, Learning rate:0.00200000
Epoch: 2, Loss: 37.0559, Rmse_valid: 23.6363, valid_score: 50910.0, , rmse_test: 24.4233, score_test: 2939.8, Learning rate:0.00200000
Epoch: 3, Loss: 31.3692, Rmse_valid: 31.5619, valid_score: 93706.3, , rmse_test: 29.8248, score_test: 5140.7, Learning rate:0.00200000
Epoch: 4, Loss: 29.2177, Rmse_valid: 23.1065, valid_score: 36354.2, , rmse_test: 20.9914, score_test: 1595.0, Learning rate:0.00200000
Epoch: 5, Loss: 27.5168, Rmse_valid: 25.8368, valid_score: 48383.1, , rmse_test: 23.9041, score_test: 2219.1, Learning rate:0.00200000
Epoch: 6, Loss: 26.5959, Rmse_valid: 24.9849, valid_score: 70377.3, , rmse_test: 24.1975, score_test: 4383.2, Learning rate:0.00200000
Epoch: 7, Loss: 25.2186, Rmse_valid: 22.0802, valid_score: 32687.0, , rmse_test: 18.0392, score_test: 1039.5, Learning rate:0.00200000
Epoch: 8, Loss: 24.6400, Rmse_valid: 21.7188, valid_score: 39007.1, , rmse_test: 20.4340, score_test: 1807.1, Learning rate:0.00200000
Epoch: 9, Loss: 24.2082, Rmse_valid: 20.1471, valid_score: 26107.1, , rmse_test: 17.2086, score_test: 931.1, Learning rate:0.00200000
Epoch: 10, Loss: 23.2685, Rmse_valid: 18.8705, valid_score: 25852.2, , rmse_test: 16.0489, score_test: 870.0, Learning rate:0.00200000
Epoch: 11, Loss: 20.1853, Rmse_valid: 19.0067, valid_score: 26557.3, , rmse_test: 15.9330, score_test: 825.9, Learning rate:0.00020000
Epoch: 12, Loss: 19.8747, Rmse_valid: 18.1936, valid_score: 23577.2, , rmse_test: 15.6025, score_test: 814.8, Learning rate:0.00020000
Epoch: 13, Loss: 19.6941, Rmse_valid: 18.6393, valid_score: 25186.8, , rmse_test: 15.7094, score_test: 817.8, Learning rate:0.00020000
Epoch: 14, Loss: 19.5865, Rmse_valid: 18.0366, valid_score: 22849.9, , rmse_test: 15.0815, score_test: 763.8, Learning rate:0.00020000
Epoch: 15, Loss: 19.4229, Rmse_valid: 18.0564, valid_score: 24577.2, , rmse_test: 15.2832, score_test: 798.4, Learning rate:0.00020000
Epoch: 16, Loss: 19.3805, Rmse_valid: 18.0942, valid_score: 23948.8, , rmse_test: 15.1681, score_test: 791.0, Learning rate:0.00020000
Epoch: 17, Loss: 19.2439, Rmse_valid: 17.3827, valid_score: 22471.4, , rmse_test: 14.6597, score_test: 773.2, Learning rate:0.00020000
Epoch: 18, Loss: 19.1141, Rmse_valid: 18.7181, valid_score: 24244.5, , rmse_test: 15.7777, score_test: 830.5, Learning rate:0.00020000
Epoch: 19, Loss: 19.0033, Rmse_valid: 18.3297, valid_score: 22564.8, , rmse_test: 15.3577, score_test: 781.7, Learning rate:0.00020000
Epoch: 20, Loss: 18.9214, Rmse_valid: 18.3632, valid_score: 24058.4, , rmse_test: 15.1198, score_test: 766.5, Learning rate:0.00020000
Epoch: 21, Loss: 18.7122, Rmse_valid: 18.0432, valid_score: 23763.1, , rmse_test: 15.2227, score_test: 787.2, Learning rate:0.00002000
Epoch: 22, Loss: 18.6450, Rmse_valid: 17.9469, valid_score: 23301.3, , rmse_test: 15.1060, score_test: 780.1, Learning rate:0.00002000
Epoch: 23, Loss: 18.6489, Rmse_valid: 18.0573, valid_score: 23851.6, , rmse_test: 15.1752, score_test: 796.3, Learning rate:0.00002000
Epoch: 24, Loss: 18.5879, Rmse_valid: 17.9745, valid_score: 24153.8, , rmse_test: 15.2019, score_test: 793.7, Learning rate:0.00002000
Epoch: 25, Loss: 18.6015, Rmse_valid: 18.1910, valid_score: 24365.7, , rmse_test: 15.1705, score_test: 787.4, Learning rate:0.00002000
Epoch: 26, Loss: 18.5909, Rmse_valid: 17.9947, valid_score: 24084.4, , rmse_test: 15.1516, score_test: 790.5, Learning rate:0.00002000
Epoch: 27, Loss: 18.6128, Rmse_valid: 17.7763, valid_score: 23842.6, , rmse_test: 15.0376, score_test: 789.2, Learning rate:0.00002000
Epoch: 28, Loss: 18.5182, Rmse_valid: 18.2126, valid_score: 24343.6, , rmse_test: 15.1975, score_test: 796.2, Learning rate:0.00002000
Epoch: 29, Loss: 18.5167, Rmse_valid: 18.0954, valid_score: 24332.4, , rmse_test: 15.2413, score_test: 795.2, Learning rate:0.00002000
Epoch: 30, Loss: 18.5746, Rmse_valid: 17.8409, valid_score: 23691.8, , rmse_test: 14.8846, score_test: 776.1, Learning rate:0.00002000
[Train Summary] Restored best model from epoch 17, rmse_valid: 17.3827, valid_score: 22471.4, rmse_test: 14.6597, score_test: 773.2
[Train Time] start: 2026-09-02 21:23:58, end: 2026-09-02 21:32:35, duration: 0:08:37, total_seconds: 517.06
[Auto Test] command: /usr/local/miniconda3/envs/HV/bin/python /Mamba_Rul/test_GAT_EDmamba/test_model.py --sub-dataset FD002 --smooth-rate 40 --sequence-len 30 --feature-num 14 --dataset-root /Mamba_Rul/CMAPSSData/ --max-rul 125 --batch-size 128 --model-path /Mamba_Rul/logs/FD002_GAT_EDmamba_dropout_0.4/seed2/model_FD002_0902_212358_seed2.pkl
model_path:/Mamba_Rul/logs/FD002_GAT_EDmamba_dropout_0.4/seed2/model_FD002_0902_212358_seed2.pkl
rmse_final:14.689580917358398, score:760.9221801757812
