-----FD002-----
关键参数:
序列长度: 60
批大小(batch_size): 128
最大训练轮数(max_epochs): 30
随机数种子: 27
模型代号(model_code): GAT_EDmamba+60
模型结构(model_structure): mamba_mamba
学习率: 0.002
学习率调度器: step
Step步长(step_size): 10
Step衰减系数(gamma): 0.1
use_gat: True
gat_hidden_dim: 8
编码器: 2层Mamba
解码器: 2层Mamba
encoder_hidden_size: 16
mamba_num_layers: 2
mamba_d_state: 16
------------------------------
Epoch: 1, Loss: 29.7591, Rmse_valid: 32.1730, valid_score: 158489.8, , rmse_test: 32.7295, score_test: 14128.3, Learning rate:0.00200000
Epoch: 2, Loss: 22.4035, Rmse_valid: 26.8284, valid_score: 83503.9, , rmse_test: 26.3591, score_test: 4492.2, Learning rate:0.00200000
Epoch: 3, Loss: 19.0048, Rmse_valid: 24.0345, valid_score: 100823.9, , rmse_test: 20.9764, score_test: 5380.4, Learning rate:0.00200000
Epoch: 4, Loss: 17.4425, Rmse_valid: 21.3588, valid_score: 83453.9, , rmse_test: 19.4484, score_test: 2899.6, Learning rate:0.00200000
Epoch: 5, Loss: 16.1117, Rmse_valid: 19.5899, valid_score: 34849.5, , rmse_test: 19.1169, score_test: 1734.9, Learning rate:0.00200000
Epoch: 6, Loss: 15.3107, Rmse_valid: 21.8517, valid_score: 573382.0, , rmse_test: 17.9367, score_test: 2271.0, Learning rate:0.00200000
Epoch: 7, Loss: 14.4021, Rmse_valid: 20.9749, valid_score: 72641.4, , rmse_test: 20.0640, score_test: 3885.7, Learning rate:0.00200000
Epoch: 8, Loss: 13.7414, Rmse_valid: 25.8205, valid_score: 52388.3, , rmse_test: 26.4701, score_test: 3614.4, Learning rate:0.00200000
Epoch: 9, Loss: 13.2153, Rmse_valid: 23.3023, valid_score: 204386.3, , rmse_test: 20.1771, score_test: 2776.7, Learning rate:0.00200000
Epoch: 10, Loss: 12.6180, Rmse_valid: 24.9774, valid_score: 20571972.0, , rmse_test: 18.5188, score_test: 2279.8, Learning rate:0.00200000
Epoch: 11, Loss: 10.4748, Rmse_valid: 19.0725, valid_score: 58517.4, , rmse_test: 15.5876, score_test: 1441.9, Learning rate:0.00020000
Epoch: 12, Loss: 9.7568, Rmse_valid: 19.0567, valid_score: 51216.0, , rmse_test: 15.8337, score_test: 1698.0, Learning rate:0.00020000
Epoch: 13, Loss: 9.5626, Rmse_valid: 18.9573, valid_score: 48032.0, , rmse_test: 15.4334, score_test: 1491.6, Learning rate:0.00020000
Epoch: 14, Loss: 9.3771, Rmse_valid: 18.5361, valid_score: 46545.5, , rmse_test: 16.2400, score_test: 1675.7, Learning rate:0.00020000
Epoch: 15, Loss: 9.2241, Rmse_valid: 19.1728, valid_score: 56266.0, , rmse_test: 15.9045, score_test: 1556.0, Learning rate:0.00020000
Epoch: 16, Loss: 9.1055, Rmse_valid: 18.7928, valid_score: 61179.8, , rmse_test: 16.3956, score_test: 1622.0, Learning rate:0.00020000
Epoch: 17, Loss: 8.9375, Rmse_valid: 19.1156, valid_score: 59808.9, , rmse_test: 16.4706, score_test: 1971.5, Learning rate:0.00020000
Epoch: 18, Loss: 8.8424, Rmse_valid: 19.3046, valid_score: 41795.3, , rmse_test: 16.4634, score_test: 1877.9, Learning rate:0.00020000
Epoch: 19, Loss: 8.7453, Rmse_valid: 18.6634, valid_score: 42033.7, , rmse_test: 16.9984, score_test: 2386.3, Learning rate:0.00020000
Epoch: 20, Loss: 8.6095, Rmse_valid: 18.9714, valid_score: 34609.3, , rmse_test: 16.9550, score_test: 2426.5, Learning rate:0.00020000
Epoch: 21, Loss: 8.4354, Rmse_valid: 18.6971, valid_score: 45127.8, , rmse_test: 16.2818, score_test: 1920.9, Learning rate:0.00002000
Epoch: 22, Loss: 8.3389, Rmse_valid: 19.0094, valid_score: 44755.8, , rmse_test: 16.2991, score_test: 1942.9, Learning rate:0.00002000
Epoch: 23, Loss: 8.3632, Rmse_valid: 18.7987, valid_score: 45248.9, , rmse_test: 16.3025, score_test: 1945.3, Learning rate:0.00002000
Epoch: 24, Loss: 8.3255, Rmse_valid: 18.8871, valid_score: 46661.1, , rmse_test: 16.3616, score_test: 2000.1, Learning rate:0.00002000
Epoch: 25, Loss: 8.3491, Rmse_valid: 18.9299, valid_score: 48319.5, , rmse_test: 16.3197, score_test: 1938.1, Learning rate:0.00002000
Epoch: 26, Loss: 8.2832, Rmse_valid: 18.7979, valid_score: 48441.7, , rmse_test: 16.2933, score_test: 1970.6, Learning rate:0.00002000
Epoch: 27, Loss: 8.2968, Rmse_valid: 18.8080, valid_score: 47758.6, , rmse_test: 16.3913, score_test: 2016.4, Learning rate:0.00002000
Epoch: 28, Loss: 8.2971, Rmse_valid: 18.7986, valid_score: 44083.8, , rmse_test: 16.3521, score_test: 1951.0, Learning rate:0.00002000
Epoch: 29, Loss: 8.2819, Rmse_valid: 18.9058, valid_score: 48270.4, , rmse_test: 16.3613, score_test: 2047.6, Learning rate:0.00002000
Epoch: 30, Loss: 8.2539, Rmse_valid: 19.0105, valid_score: 49384.9, , rmse_test: 16.3880, score_test: 2047.1, Learning rate:0.00002000
[Train Summary] Restored best model from epoch 14, rmse_valid: 18.5361, valid_score: 46545.5, rmse_test: 16.2400, score_test: 1675.7
[Train Time] start: 2026-07-23 07:22:13, end: 2026-07-23 07:29:46, duration: 0:07:33, total_seconds: 453.41
[Auto Test] command: /usr/local/miniconda3/envs/HV/bin/python /Mamba_Rul/test_GAT_EDmamba/test_model.py --sub-dataset FD002 --smooth-rate 40 --sequence-len 60 --feature-num 14 --dataset-root /Mamba_Rul/CMAPSSData/ --max-rul 125 --batch-size 128 --model-path /Mamba_Rul/logs/FD002_GAT_EDmamba+60/seed27/model_FD002_0723_072213_seed27.pkl
model_path:/Mamba_Rul/logs/FD002_GAT_EDmamba+60/seed27/model_FD002_0723_072213_seed27.pkl
rmse_final:16.225486755371094, score:1624.4332275390625
