-----FD001-----
关键参数:
序列长度: 30
批大小(batch_size): 128
最大训练轮数(max_epochs): 30
随机数种子: 33
模型代号(model_code): 1GAT_EDmamba_dstate_8
模型结构(model_structure): mamba_mamba
学习率: 0.002
学习率调度器: step
Step步长(step_size): 10
Step衰减系数(gamma): 0.1
use_gat: True
gat_hidden_dim: 8
编码器: 2层Mamba
解码器: 2层Mamba
mamba_d_model: 4
mamba_num_layers: 2
mamba_d_state: 8
训练损失: AdaptiveAsymmetricMSELoss
asym_alpha: 1.5
asym_gamma: 2.0
asym_delta: 0.9
focus_threshold: 35.0
cap_threshold: 125.0
------------------------------
Epoch: 1, Loss: 31.0197, Rmse_valid: 23.5163, valid_score: 22270.0, , rmse_test: 21.4452, score_test: 6158.1, Learning rate:0.00200000
Epoch: 2, Loss: 28.4793, Rmse_valid: 25.1785, valid_score: 22965.7, , rmse_test: 21.9994, score_test: 2444.7, Learning rate:0.00200000
Epoch: 3, Loss: 23.8511, Rmse_valid: 15.4291, valid_score: 6128.4, , rmse_test: 15.3084, score_test: 420.8, Learning rate:0.00200000
Epoch: 4, Loss: 20.1213, Rmse_valid: 15.3962, valid_score: 5448.5, , rmse_test: 15.0056, score_test: 328.3, Learning rate:0.00200000
Epoch: 5, Loss: 18.9246, Rmse_valid: 14.3632, valid_score: 5315.6, , rmse_test: 14.8703, score_test: 311.1, Learning rate:0.00200000
Epoch: 6, Loss: 17.6775, Rmse_valid: 14.5462, valid_score: 4620.2, , rmse_test: 15.6368, score_test: 308.6, Learning rate:0.00200000
Epoch: 7, Loss: 17.3048, Rmse_valid: 13.7052, valid_score: 5346.7, , rmse_test: 14.1735, score_test: 340.6, Learning rate:0.00200000
Epoch: 8, Loss: 16.8357, Rmse_valid: 15.6706, valid_score: 5234.7, , rmse_test: 15.0423, score_test: 307.7, Learning rate:0.00200000
Epoch: 9, Loss: 16.4536, Rmse_valid: 14.2986, valid_score: 4382.0, , rmse_test: 14.4332, score_test: 288.7, Learning rate:0.00200000
Epoch: 10, Loss: 16.2182, Rmse_valid: 11.6105, valid_score: 3902.2, , rmse_test: 13.7907, score_test: 329.6, Learning rate:0.00200000
Epoch: 11, Loss: 15.3071, Rmse_valid: 12.1810, valid_score: 3400.0, , rmse_test: 13.7704, score_test: 282.0, Learning rate:0.00020000
Epoch: 12, Loss: 15.1840, Rmse_valid: 11.9315, valid_score: 3332.9, , rmse_test: 13.6037, score_test: 286.4, Learning rate:0.00020000
Epoch: 13, Loss: 15.2059, Rmse_valid: 12.1026, valid_score: 3262.3, , rmse_test: 13.6442, score_test: 289.2, Learning rate:0.00020000
Epoch: 14, Loss: 15.0861, Rmse_valid: 11.7295, valid_score: 3316.4, , rmse_test: 13.8249, score_test: 292.9, Learning rate:0.00020000
Epoch: 15, Loss: 15.0457, Rmse_valid: 12.1604, valid_score: 3292.5, , rmse_test: 13.5469, score_test: 287.7, Learning rate:0.00020000
Epoch: 16, Loss: 15.0699, Rmse_valid: 12.2382, valid_score: 3498.2, , rmse_test: 14.1596, score_test: 306.4, Learning rate:0.00020000
Epoch: 17, Loss: 15.0049, Rmse_valid: 11.6926, valid_score: 3253.8, , rmse_test: 13.5694, score_test: 286.3, Learning rate:0.00020000
Epoch: 18, Loss: 15.1012, Rmse_valid: 12.1801, valid_score: 3452.9, , rmse_test: 13.7491, score_test: 307.1, Learning rate:0.00020000
Epoch: 19, Loss: 14.9815, Rmse_valid: 12.1060, valid_score: 3401.5, , rmse_test: 13.8295, score_test: 307.5, Learning rate:0.00020000
Epoch: 20, Loss: 14.9254, Rmse_valid: 12.4001, valid_score: 3331.8, , rmse_test: 13.5945, score_test: 304.8, Learning rate:0.00020000
Epoch: 21, Loss: 14.8781, Rmse_valid: 11.8673, valid_score: 3286.1, , rmse_test: 13.6793, score_test: 298.5, Learning rate:0.00002000
Epoch: 22, Loss: 14.8957, Rmse_valid: 11.5851, valid_score: 3266.6, , rmse_test: 13.6135, score_test: 298.2, Learning rate:0.00002000
Epoch: 23, Loss: 14.9085, Rmse_valid: 11.9343, valid_score: 3296.3, , rmse_test: 13.6573, score_test: 294.6, Learning rate:0.00002000
Epoch: 24, Loss: 14.9173, Rmse_valid: 12.3167, valid_score: 3325.2, , rmse_test: 13.6340, score_test: 300.8, Learning rate:0.00002000
Epoch: 25, Loss: 14.9768, Rmse_valid: 11.6276, valid_score: 3289.3, , rmse_test: 13.6056, score_test: 300.1, Learning rate:0.00002000
Epoch: 26, Loss: 14.9484, Rmse_valid: 11.9238, valid_score: 3277.1, , rmse_test: 13.6399, score_test: 296.3, Learning rate:0.00002000
Epoch: 27, Loss: 14.8788, Rmse_valid: 11.7875, valid_score: 3294.6, , rmse_test: 13.6623, score_test: 295.2, Learning rate:0.00002000
Epoch: 28, Loss: 14.9270, Rmse_valid: 11.8380, valid_score: 3283.4, , rmse_test: 13.5885, score_test: 297.8, Learning rate:0.00002000
Epoch: 29, Loss: 14.8114, Rmse_valid: 11.9045, valid_score: 3285.8, , rmse_test: 13.6628, score_test: 296.6, Learning rate:0.00002000
Epoch: 30, Loss: 14.8970, Rmse_valid: 11.8900, valid_score: 3300.6, , rmse_test: 13.6234, score_test: 298.5, Learning rate:0.00002000
[Train Summary] Restored best model from epoch 22, rmse_valid: 11.5851, valid_score: 3266.6, rmse_test: 13.6135, score_test: 298.2
[Train Time] start: 2026-08-28 05:21:55, end: 2026-08-28 05:25:09, duration: 0:03:14, total_seconds: 193.53
[Auto Test] command: /usr/local/miniconda3/envs/HV/bin/python /Mamba_Rul/test_GAT_EDmamba/test_model.py --sub-dataset FD001 --smooth-rate 30 --sequence-len 30 --feature-num 14 --dataset-root /Mamba_Rul/CMAPSSData/ --max-rul 125 --batch-size 128 --model-path /Mamba_Rul/logs/FD001_1GAT_EDmamba_dstate_8/seed33/model_FD001_0828_052155_seed33.pkl
model_path:/Mamba_Rul/logs/FD001_1GAT_EDmamba_dstate_8/seed33/model_FD001_0828_052155_seed33.pkl
rmse_final:13.696715354919434, score:297.3138732910156
