-----FD004-----
关键参数:
序列长度: 30
批大小(batch_size): 128
最大训练轮数(max_epochs): 30
随机数种子: 62
模型代号(model_code): GAT_EDmamba_dropout_0.3
模型结构(model_structure): mamba_mamba
学习率: 0.002
学习率调度器: step
Step步长(step_size): 10
Step衰减系数(gamma): 0.1
use_gat: True
gat_hidden_dim: 8
编码器: 2层Mamba
解码器: 2层Mamba
mamba_d_model: 8
mamba_num_layers: 2
mamba_d_state: 32
dropout: 0.3
训练损失: AdaptiveAsymmetricMSELoss
asym_alpha: 2.0
asym_gamma: 5.0
asym_delta: 0.9
focus_threshold: 35.0
cap_threshold: 125.0
------------------------------
Epoch: 1, Loss: 43.5648, Rmse_valid: 26.5403, valid_score: 113618.1, , rmse_test: 28.8008, score_test: 6154.6, Learning rate:0.00200000
Epoch: 2, Loss: 35.9352, Rmse_valid: 22.4524, valid_score: 52631.0, , rmse_test: 22.8990, score_test: 2691.2, Learning rate:0.00200000
Epoch: 3, Loss: 31.8716, Rmse_valid: 22.3447, valid_score: 48984.4, , rmse_test: 23.0937, score_test: 2708.4, Learning rate:0.00200000
Epoch: 4, Loss: 29.8919, Rmse_valid: 19.1619, valid_score: 36338.2, , rmse_test: 19.7123, score_test: 1894.4, Learning rate:0.00200000
Epoch: 5, Loss: 28.2826, Rmse_valid: 20.5137, valid_score: 39151.1, , rmse_test: 20.8335, score_test: 1999.6, Learning rate:0.00200000
Epoch: 6, Loss: 27.4209, Rmse_valid: 26.1076, valid_score: 195284.8, , rmse_test: 23.2304, score_test: 2901.5, Learning rate:0.00200000
Epoch: 7, Loss: 26.5683, Rmse_valid: 26.1287, valid_score: 224334.2, , rmse_test: 25.0205, score_test: 4358.4, Learning rate:0.00200000
Epoch: 8, Loss: 26.5505, Rmse_valid: 19.3749, valid_score: 32668.5, , rmse_test: 20.4293, score_test: 1655.0, Learning rate:0.00200000
Epoch: 9, Loss: 25.1647, Rmse_valid: 19.1843, valid_score: 39912.1, , rmse_test: 18.7487, score_test: 1531.4, Learning rate:0.00200000
Epoch: 10, Loss: 25.4904, Rmse_valid: 22.0473, valid_score: 95576.9, , rmse_test: 20.8415, score_test: 2322.0, Learning rate:0.00200000
Epoch: 11, Loss: 22.0894, Rmse_valid: 16.3992, valid_score: 23609.5, , rmse_test: 18.3266, score_test: 1332.4, Learning rate:0.00020000
Epoch: 12, Loss: 21.5762, Rmse_valid: 16.6800, valid_score: 23390.2, , rmse_test: 18.4317, score_test: 1283.6, Learning rate:0.00020000
Epoch: 13, Loss: 21.5124, Rmse_valid: 17.1025, valid_score: 23128.5, , rmse_test: 18.5559, score_test: 1293.3, Learning rate:0.00020000
Epoch: 14, Loss: 21.4070, Rmse_valid: 16.8875, valid_score: 23430.4, , rmse_test: 18.0560, score_test: 1249.8, Learning rate:0.00020000
Epoch: 15, Loss: 21.3421, Rmse_valid: 16.3947, valid_score: 21793.8, , rmse_test: 17.6977, score_test: 1210.7, Learning rate:0.00020000
Epoch: 16, Loss: 21.1993, Rmse_valid: 17.1558, valid_score: 24998.4, , rmse_test: 18.8050, score_test: 1345.6, Learning rate:0.00020000
Epoch: 17, Loss: 21.1676, Rmse_valid: 16.4181, valid_score: 22933.7, , rmse_test: 18.6630, score_test: 1361.4, Learning rate:0.00020000
Epoch: 18, Loss: 21.0713, Rmse_valid: 16.5351, valid_score: 21841.0, , rmse_test: 17.9795, score_test: 1235.6, Learning rate:0.00020000
Epoch: 19, Loss: 21.0352, Rmse_valid: 16.8927, valid_score: 23611.9, , rmse_test: 18.1005, score_test: 1242.2, Learning rate:0.00020000
Epoch: 20, Loss: 20.9604, Rmse_valid: 16.7649, valid_score: 23208.1, , rmse_test: 17.7430, score_test: 1217.2, Learning rate:0.00020000
Epoch: 21, Loss: 20.7746, Rmse_valid: 16.6814, valid_score: 22762.1, , rmse_test: 18.1251, score_test: 1261.2, Learning rate:0.00002000
Epoch: 22, Loss: 20.7112, Rmse_valid: 16.6512, valid_score: 22589.8, , rmse_test: 17.9034, score_test: 1245.2, Learning rate:0.00002000
Epoch: 23, Loss: 20.7548, Rmse_valid: 16.6196, valid_score: 22691.4, , rmse_test: 18.0259, score_test: 1254.7, Learning rate:0.00002000
Epoch: 24, Loss: 20.7016, Rmse_valid: 16.5702, valid_score: 22484.2, , rmse_test: 17.9316, score_test: 1258.1, Learning rate:0.00002000
Epoch: 25, Loss: 20.7056, Rmse_valid: 16.5202, valid_score: 22331.3, , rmse_test: 17.8206, score_test: 1245.1, Learning rate:0.00002000
Epoch: 26, Loss: 20.7360, Rmse_valid: 16.5571, valid_score: 22299.0, , rmse_test: 17.9583, score_test: 1247.8, Learning rate:0.00002000
Epoch: 27, Loss: 20.6581, Rmse_valid: 16.8829, valid_score: 23491.6, , rmse_test: 18.1695, score_test: 1289.0, Learning rate:0.00002000
Epoch: 28, Loss: 20.7160, Rmse_valid: 16.4540, valid_score: 22478.4, , rmse_test: 17.9277, score_test: 1257.5, Learning rate:0.00002000
Epoch: 29, Loss: 20.7293, Rmse_valid: 16.5850, valid_score: 22582.4, , rmse_test: 17.9809, score_test: 1258.9, Learning rate:0.00002000
Epoch: 30, Loss: 20.7098, Rmse_valid: 16.7622, valid_score: 22850.5, , rmse_test: 18.0868, score_test: 1273.0, Learning rate:0.00002000
[Train Summary] Restored best model from epoch 15, rmse_valid: 16.3947, valid_score: 21793.8, rmse_test: 17.6977, score_test: 1210.7
[Train Time] start: 2026-09-04 07:49:21, end: 2026-09-04 07:57:12, duration: 0:07:51, total_seconds: 471.49
[Auto Test] command: /usr/local/miniconda3/envs/HV/bin/python /Mamba_Rul/test_GAT_EDmamba/test_model.py --sub-dataset FD004 --smooth-rate 40 --sequence-len 30 --feature-num 14 --dataset-root /Mamba_Rul/CMAPSSData/ --max-rul 125 --batch-size 128 --model-path /Mamba_Rul/logs/FD004_GAT_EDmamba_dropout_0.3/seed62/model_FD004_0904_074921_seed62.pkl
model_path:/Mamba_Rul/logs/FD004_GAT_EDmamba_dropout_0.3/seed62/model_FD004_0904_074921_seed62.pkl
rmse_final:17.702856063842773, score:1195.8375244140625
