-----FD003-----
关键参数:
序列长度: 50
批大小(batch_size): 128
最大训练轮数(max_epochs): 30
随机数种子: 33
模型代号(model_code): GAT_EDmamba+50
模型结构(model_structure): mamba_mamba
学习率: 0.002
学习率调度器: step
Step步长(step_size): 10
Step衰减系数(gamma): 0.1
use_gat: True
gat_hidden_dim: 8
编码器: 2层Mamba
解码器: 2层Mamba
encoder_hidden_size: 16
mamba_num_layers: 2
mamba_d_state: 16
------------------------------
Epoch: 1, Loss: 26.4431, Rmse_valid: 16.1119, valid_score: 10779.6, , rmse_test: 19.9120, score_test: 1584.4, Learning rate:0.00200000
Epoch: 2, Loss: 16.9672, Rmse_valid: 16.5651, valid_score: 9063.4, , rmse_test: 15.3314, score_test: 886.1, Learning rate:0.00200000
Epoch: 3, Loss: 14.3202, Rmse_valid: 17.2224, valid_score: 8876.8, , rmse_test: 15.3515, score_test: 883.2, Learning rate:0.00200000
Epoch: 4, Loss: 13.0493, Rmse_valid: 11.3803, valid_score: 6191.2, , rmse_test: 14.8362, score_test: 942.8, Learning rate:0.00200000
Epoch: 5, Loss: 12.3965, Rmse_valid: 14.2795, valid_score: 9491.2, , rmse_test: 20.6526, score_test: 1998.4, Learning rate:0.00200000
Epoch: 6, Loss: 11.7774, Rmse_valid: 11.7033, valid_score: 8239.1, , rmse_test: 15.3533, score_test: 828.3, Learning rate:0.00200000
Epoch: 7, Loss: 11.0214, Rmse_valid: 10.1911, valid_score: 7066.7, , rmse_test: 14.4746, score_test: 413.6, Learning rate:0.00200000
Epoch: 8, Loss: 10.8466, Rmse_valid: 9.6478, valid_score: 4613.2, , rmse_test: 14.4669, score_test: 763.8, Learning rate:0.00200000
Epoch: 9, Loss: 10.2645, Rmse_valid: 10.6183, valid_score: 5234.2, , rmse_test: 13.8992, score_test: 375.5, Learning rate:0.00200000
Epoch: 10, Loss: 10.0468, Rmse_valid: 10.3622, valid_score: 5641.1, , rmse_test: 14.3139, score_test: 503.4, Learning rate:0.00200000
Epoch: 11, Loss: 8.0470, Rmse_valid: 8.7450, valid_score: 4609.8, , rmse_test: 13.3224, score_test: 455.3, Learning rate:0.00020000
Epoch: 12, Loss: 7.8796, Rmse_valid: 9.1576, valid_score: 5071.2, , rmse_test: 13.1897, score_test: 451.7, Learning rate:0.00020000
Epoch: 13, Loss: 7.7620, Rmse_valid: 8.7031, valid_score: 4968.5, , rmse_test: 13.1514, score_test: 421.0, Learning rate:0.00020000
Epoch: 14, Loss: 7.6241, Rmse_valid: 9.0406, valid_score: 4898.9, , rmse_test: 13.2341, score_test: 468.5, Learning rate:0.00020000
Epoch: 15, Loss: 7.5433, Rmse_valid: 9.3019, valid_score: 5362.6, , rmse_test: 13.0440, score_test: 433.5, Learning rate:0.00020000
Epoch: 16, Loss: 7.4125, Rmse_valid: 9.1125, valid_score: 4990.2, , rmse_test: 13.2564, score_test: 455.6, Learning rate:0.00020000
Epoch: 17, Loss: 7.3314, Rmse_valid: 9.1554, valid_score: 5606.2, , rmse_test: 13.2301, score_test: 407.0, Learning rate:0.00020000
Epoch: 18, Loss: 7.2621, Rmse_valid: 8.8314, valid_score: 4988.8, , rmse_test: 13.3377, score_test: 442.3, Learning rate:0.00020000
Epoch: 19, Loss: 7.1891, Rmse_valid: 8.8968, valid_score: 5302.2, , rmse_test: 13.3427, score_test: 475.9, Learning rate:0.00020000
Epoch: 20, Loss: 7.0975, Rmse_valid: 9.0375, valid_score: 5504.7, , rmse_test: 13.2823, score_test: 413.6, Learning rate:0.00020000
Epoch: 21, Loss: 6.9277, Rmse_valid: 9.0555, valid_score: 5304.9, , rmse_test: 13.3148, score_test: 462.9, Learning rate:0.00002000
Epoch: 22, Loss: 6.9130, Rmse_valid: 8.9863, valid_score: 5158.6, , rmse_test: 13.2821, score_test: 461.7, Learning rate:0.00002000
Epoch: 23, Loss: 6.8795, Rmse_valid: 8.9785, valid_score: 5211.7, , rmse_test: 13.2379, score_test: 438.3, Learning rate:0.00002000
Epoch: 24, Loss: 6.9123, Rmse_valid: 8.9739, valid_score: 5233.7, , rmse_test: 13.3063, score_test: 473.6, Learning rate:0.00002000
Epoch: 25, Loss: 6.9028, Rmse_valid: 9.0556, valid_score: 5180.3, , rmse_test: 13.2514, score_test: 458.5, Learning rate:0.00002000
Epoch: 26, Loss: 6.8723, Rmse_valid: 8.9702, valid_score: 5046.8, , rmse_test: 13.2191, score_test: 438.4, Learning rate:0.00002000
Epoch: 27, Loss: 6.8523, Rmse_valid: 9.0275, valid_score: 5237.2, , rmse_test: 13.2460, score_test: 454.2, Learning rate:0.00002000
Epoch: 28, Loss: 6.8568, Rmse_valid: 9.0552, valid_score: 5196.2, , rmse_test: 13.2358, score_test: 428.0, Learning rate:0.00002000
Epoch: 29, Loss: 6.8788, Rmse_valid: 8.9403, valid_score: 5064.0, , rmse_test: 13.2353, score_test: 460.2, Learning rate:0.00002000
Epoch: 30, Loss: 6.8390, Rmse_valid: 9.0030, valid_score: 5288.3, , rmse_test: 13.2661, score_test: 447.6, Learning rate:0.00002000
[Train Summary] Restored best model from epoch 13, rmse_valid: 8.7031, valid_score: 4968.5, rmse_test: 13.1514, score_test: 421.0
[Train Time] start: 2026-07-23 03:43:28, end: 2026-07-23 03:47:33, duration: 0:04:05, total_seconds: 245.14
[Auto Test] command: /usr/local/miniconda3/envs/HV/bin/python /Mamba_Rul/test_GAT_EDmamba/test_model.py --sub-dataset FD003 --smooth-rate 30 --sequence-len 50 --feature-num 14 --dataset-root /Mamba_Rul/CMAPSSData/ --max-rul 125 --batch-size 128 --model-path /Mamba_Rul/logs/FD003_GAT_EDmamba+50/seed33/model_FD003_0723_034328_seed33.pkl
model_path:/Mamba_Rul/logs/FD003_GAT_EDmamba+50/seed33/model_FD003_0723_034328_seed33.pkl
rmse_final:13.06636905670166, score:403.34808349609375
