-----FD003-----
关键参数:
序列长度: 30
批大小(batch_size): 128
最大训练轮数(max_epochs): 30
随机数种子: 30
模型代号(model_code): GAT_EDmamba+30
模型结构(model_structure): mamba_mamba
学习率: 0.002
学习率调度器: step
Step步长(step_size): 10
Step衰减系数(gamma): 0.1
use_gat: True
gat_hidden_dim: 8
编码器: 2层Mamba
解码器: 2层Mamba
encoder_hidden_size: 16
mamba_num_layers: 2
mamba_d_state: 16
------------------------------
Epoch: 1, Loss: 23.9613, Rmse_valid: 17.4623, valid_score: 17565.3, , rmse_test: 22.3564, score_test: 3281.9, Learning rate:0.00200000
Epoch: 2, Loss: 18.2309, Rmse_valid: 18.9134, valid_score: 15698.9, , rmse_test: 18.5344, score_test: 884.8, Learning rate:0.00200000
Epoch: 3, Loss: 15.6694, Rmse_valid: 13.0953, valid_score: 10149.1, , rmse_test: 20.4453, score_test: 3089.7, Learning rate:0.00200000
Epoch: 4, Loss: 14.2498, Rmse_valid: 11.8196, valid_score: 6357.7, , rmse_test: 16.9660, score_test: 1295.5, Learning rate:0.00200000
Epoch: 5, Loss: 13.3532, Rmse_valid: 11.6930, valid_score: 5489.2, , rmse_test: 17.1036, score_test: 1470.0, Learning rate:0.00200000
Epoch: 6, Loss: 12.7101, Rmse_valid: 11.2536, valid_score: 5109.8, , rmse_test: 14.6788, score_test: 702.8, Learning rate:0.00200000
Epoch: 7, Loss: 12.0940, Rmse_valid: 11.7445, valid_score: 5495.0, , rmse_test: 14.1989, score_test: 556.9, Learning rate:0.00200000
Epoch: 8, Loss: 11.7331, Rmse_valid: 9.5228, valid_score: 4717.2, , rmse_test: 15.5904, score_test: 746.1, Learning rate:0.00200000
Epoch: 9, Loss: 11.2960, Rmse_valid: 10.7736, valid_score: 6083.6, , rmse_test: 14.6164, score_test: 715.7, Learning rate:0.00200000
Epoch: 10, Loss: 11.1532, Rmse_valid: 8.8712, valid_score: 4298.7, , rmse_test: 14.5653, score_test: 1040.7, Learning rate:0.00200000
Epoch: 11, Loss: 9.6581, Rmse_valid: 9.0363, valid_score: 4018.2, , rmse_test: 13.6333, score_test: 688.9, Learning rate:0.00020000
Epoch: 12, Loss: 9.3727, Rmse_valid: 9.0708, valid_score: 3974.6, , rmse_test: 13.4392, score_test: 534.3, Learning rate:0.00020000
Epoch: 13, Loss: 9.2678, Rmse_valid: 8.9126, valid_score: 3831.8, , rmse_test: 13.1380, score_test: 472.8, Learning rate:0.00020000
Epoch: 14, Loss: 9.1774, Rmse_valid: 8.7942, valid_score: 3884.2, , rmse_test: 13.3260, score_test: 481.4, Learning rate:0.00020000
Epoch: 15, Loss: 9.0890, Rmse_valid: 8.8254, valid_score: 3872.8, , rmse_test: 13.0696, score_test: 443.1, Learning rate:0.00020000
Epoch: 16, Loss: 9.0232, Rmse_valid: 8.6208, valid_score: 3630.4, , rmse_test: 13.2637, score_test: 463.1, Learning rate:0.00020000
Epoch: 17, Loss: 8.9715, Rmse_valid: 8.7609, valid_score: 3890.7, , rmse_test: 13.1579, score_test: 483.4, Learning rate:0.00020000
Epoch: 18, Loss: 8.8336, Rmse_valid: 8.7984, valid_score: 4083.9, , rmse_test: 13.2014, score_test: 459.0, Learning rate:0.00020000
Epoch: 19, Loss: 8.7992, Rmse_valid: 8.8138, valid_score: 4051.3, , rmse_test: 13.2440, score_test: 488.9, Learning rate:0.00020000
Epoch: 20, Loss: 8.7458, Rmse_valid: 8.6244, valid_score: 4093.1, , rmse_test: 13.4004, score_test: 498.7, Learning rate:0.00020000
Epoch: 21, Loss: 8.6857, Rmse_valid: 8.5562, valid_score: 3835.8, , rmse_test: 13.0650, score_test: 440.8, Learning rate:0.00002000
Epoch: 22, Loss: 8.5909, Rmse_valid: 8.7184, valid_score: 3882.1, , rmse_test: 13.0725, score_test: 442.5, Learning rate:0.00002000
Epoch: 23, Loss: 8.6097, Rmse_valid: 8.5495, valid_score: 3882.0, , rmse_test: 13.0387, score_test: 432.3, Learning rate:0.00002000
Epoch: 24, Loss: 8.5756, Rmse_valid: 8.6965, valid_score: 3940.0, , rmse_test: 13.1148, score_test: 442.4, Learning rate:0.00002000
Epoch: 25, Loss: 8.5620, Rmse_valid: 8.6401, valid_score: 3917.1, , rmse_test: 13.0212, score_test: 427.1, Learning rate:0.00002000
Epoch: 26, Loss: 8.5457, Rmse_valid: 8.7063, valid_score: 3941.9, , rmse_test: 13.0517, score_test: 433.4, Learning rate:0.00002000
Epoch: 27, Loss: 8.5351, Rmse_valid: 8.6391, valid_score: 3912.2, , rmse_test: 13.0955, score_test: 438.9, Learning rate:0.00002000
Epoch: 28, Loss: 8.5547, Rmse_valid: 8.7472, valid_score: 3979.6, , rmse_test: 13.0553, score_test: 425.9, Learning rate:0.00002000
Epoch: 29, Loss: 8.5375, Rmse_valid: 8.6352, valid_score: 3930.4, , rmse_test: 13.1005, score_test: 431.3, Learning rate:0.00002000
Epoch: 30, Loss: 8.5248, Rmse_valid: 8.6704, valid_score: 3899.6, , rmse_test: 13.0348, score_test: 427.3, Learning rate:0.00002000
[Train Summary] Restored best model from epoch 23, rmse_valid: 8.5495, valid_score: 3882.0, rmse_test: 13.0387, score_test: 432.3
[Train Time] start: 2026-07-23 02:04:19, end: 2026-07-23 02:08:49, duration: 0:04:30, total_seconds: 269.94
[Auto Test] command: /usr/local/miniconda3/envs/HV/bin/python /Mamba_Rul/test_GAT_EDmamba/test_model.py --sub-dataset FD003 --smooth-rate 30 --sequence-len 30 --feature-num 14 --dataset-root /Mamba_Rul/CMAPSSData/ --max-rul 125 --batch-size 128 --model-path /Mamba_Rul/logs/FD003_GAT_EDmamba+30/seed30/model_FD003_0723_020419_seed30.pkl
model_path:/Mamba_Rul/logs/FD003_GAT_EDmamba+30/seed30/model_FD003_0723_020419_seed30.pkl
rmse_final:12.889142990112305, score:410.4052734375
