-----FD004-----
关键参数:
序列长度: 30
批大小(batch_size): 128
最大训练轮数(max_epochs): 30
随机数种子: 30
模型代号(model_code): GAT_EDmamba_12
模型结构(model_structure): mamba_mamba
学习率: 0.002
学习率调度器: step
Step步长(step_size): 10
Step衰减系数(gamma): 0.1
use_gat: True
gat_hidden_dim: 8
编码器: 2层Mamba
解码器: 2层Mamba
encoder_hidden_size: 12
mamba_num_layers: 3
mamba_d_state: 16
训练损失: AdaptiveAsymmetricMSELoss
asym_alpha: 2.0
asym_gamma: 5.0
asym_delta: 0.9
focus_threshold: 35.0
cap_threshold: 125.0
------------------------------
Epoch: 1, Loss: 40.7800, Rmse_valid: 23.6037, valid_score: 57549.4, , rmse_test: 25.1620, score_test: 3329.5, Learning rate:0.00200000
Epoch: 2, Loss: 32.3658, Rmse_valid: 21.1887, valid_score: 48991.3, , rmse_test: 23.0798, score_test: 2777.1, Learning rate:0.00200000
Epoch: 3, Loss: 30.0134, Rmse_valid: 21.6403, valid_score: 43418.2, , rmse_test: 22.8585, score_test: 2448.5, Learning rate:0.00200000
Epoch: 4, Loss: 28.0994, Rmse_valid: 18.3889, valid_score: 30724.4, , rmse_test: 19.9434, score_test: 1603.4, Learning rate:0.00200000
Epoch: 5, Loss: 26.7354, Rmse_valid: 18.2624, valid_score: 27952.0, , rmse_test: 19.4644, score_test: 1647.6, Learning rate:0.00200000
Epoch: 6, Loss: 25.8986, Rmse_valid: 18.5792, valid_score: 27349.3, , rmse_test: 19.4579, score_test: 1429.1, Learning rate:0.00200000
Epoch: 7, Loss: 25.0257, Rmse_valid: 19.4541, valid_score: 31517.2, , rmse_test: 20.3563, score_test: 1727.2, Learning rate:0.00200000
Epoch: 8, Loss: 24.4869, Rmse_valid: 16.8350, valid_score: 26838.0, , rmse_test: 19.0254, score_test: 1645.3, Learning rate:0.00200000
Epoch: 9, Loss: 23.9380, Rmse_valid: 18.7249, valid_score: 35688.9, , rmse_test: 18.1828, score_test: 1420.3, Learning rate:0.00200000
Epoch: 10, Loss: 23.3579, Rmse_valid: 18.4579, valid_score: 28839.7, , rmse_test: 19.1123, score_test: 1463.4, Learning rate:0.00200000
Epoch: 11, Loss: 19.7730, Rmse_valid: 17.3472, valid_score: 27613.7, , rmse_test: 18.4868, score_test: 1571.9, Learning rate:0.00020000
Epoch: 12, Loss: 19.4135, Rmse_valid: 17.4883, valid_score: 29558.0, , rmse_test: 18.6145, score_test: 1708.7, Learning rate:0.00020000
Epoch: 13, Loss: 19.2062, Rmse_valid: 17.3135, valid_score: 29793.8, , rmse_test: 18.5205, score_test: 1916.3, Learning rate:0.00020000
Epoch: 14, Loss: 18.9807, Rmse_valid: 17.9775, valid_score: 32295.6, , rmse_test: 19.1937, score_test: 2004.8, Learning rate:0.00020000
Epoch: 15, Loss: 18.8233, Rmse_valid: 17.4189, valid_score: 30705.8, , rmse_test: 18.5070, score_test: 1805.5, Learning rate:0.00020000
Epoch: 16, Loss: 18.7400, Rmse_valid: 17.4833, valid_score: 34898.6, , rmse_test: 18.4786, score_test: 2100.7, Learning rate:0.00020000
Epoch: 17, Loss: 18.4994, Rmse_valid: 17.6257, valid_score: 32227.6, , rmse_test: 18.4045, score_test: 1551.5, Learning rate:0.00020000
Epoch: 18, Loss: 18.4145, Rmse_valid: 18.2135, valid_score: 38255.5, , rmse_test: 18.4513, score_test: 1734.1, Learning rate:0.00020000
Epoch: 19, Loss: 18.3699, Rmse_valid: 17.5907, valid_score: 32743.7, , rmse_test: 18.7569, score_test: 1883.1, Learning rate:0.00020000
Epoch: 20, Loss: 18.1905, Rmse_valid: 17.9972, valid_score: 36128.2, , rmse_test: 18.7872, score_test: 1820.7, Learning rate:0.00020000
Epoch: 21, Loss: 17.8894, Rmse_valid: 18.0300, valid_score: 37515.5, , rmse_test: 18.8349, score_test: 1985.1, Learning rate:0.00002000
Epoch: 22, Loss: 17.8369, Rmse_valid: 18.0255, valid_score: 37602.7, , rmse_test: 18.8603, score_test: 2006.1, Learning rate:0.00002000
Epoch: 23, Loss: 17.8198, Rmse_valid: 17.8144, valid_score: 36537.9, , rmse_test: 18.7645, score_test: 1950.1, Learning rate:0.00002000
Epoch: 24, Loss: 17.8523, Rmse_valid: 18.0882, valid_score: 36998.2, , rmse_test: 18.9495, score_test: 2022.7, Learning rate:0.00002000
Epoch: 25, Loss: 17.8269, Rmse_valid: 18.0051, valid_score: 37169.9, , rmse_test: 18.7720, score_test: 1961.1, Learning rate:0.00002000
Epoch: 26, Loss: 17.8337, Rmse_valid: 18.0162, valid_score: 37372.1, , rmse_test: 18.9454, score_test: 2044.3, Learning rate:0.00002000
Epoch: 27, Loss: 17.7810, Rmse_valid: 17.8635, valid_score: 36748.8, , rmse_test: 18.8120, score_test: 1964.1, Learning rate:0.00002000
Epoch: 28, Loss: 17.7714, Rmse_valid: 17.9663, valid_score: 36866.8, , rmse_test: 18.9008, score_test: 1957.1, Learning rate:0.00002000
Epoch: 29, Loss: 17.7421, Rmse_valid: 17.9085, valid_score: 37830.0, , rmse_test: 18.9288, score_test: 2148.0, Learning rate:0.00002000
Epoch: 30, Loss: 17.6975, Rmse_valid: 18.1332, valid_score: 37739.3, , rmse_test: 18.8829, score_test: 2002.2, Learning rate:0.00002000
[Train Summary] Restored best model from epoch 8, rmse_valid: 16.8350, valid_score: 26838.0, rmse_test: 19.0254, score_test: 1645.3
[Train Time] start: 2026-07-31 11:13:59, end: 2026-07-31 11:26:46, duration: 0:12:47, total_seconds: 767.31
[Auto Test] command: /usr/local/miniconda3/envs/HV/bin/python /Mamba_Rul/test_GAT_EDmamba/test_model.py --sub-dataset FD004 --smooth-rate 40 --sequence-len 30 --feature-num 14 --dataset-root /Mamba_Rul/CMAPSSData/ --max-rul 125 --batch-size 128 --model-path /Mamba_Rul/logs/FD004_GAT_EDmamba_12/seed30/model_FD004_0731_111359_seed30.pkl
model_path:/Mamba_Rul/logs/FD004_GAT_EDmamba_12/seed30/model_FD004_0731_111359_seed30.pkl
rmse_final:19.121746063232422, score:1629.4111328125
