-----FD004-----
关键参数:
序列长度: 30
批大小(batch_size): 128
最大训练轮数(max_epochs): 30
随机数种子: 17
模型代号(model_code): 1GAT_EDmamba_dstate_4
模型结构(model_structure): mamba_mamba
学习率: 0.002
学习率调度器: step
Step步长(step_size): 10
Step衰减系数(gamma): 0.1
use_gat: True
gat_hidden_dim: 8
编码器: 2层Mamba
解码器: 2层Mamba
mamba_d_model: 8
mamba_num_layers: 2
mamba_d_state: 4
训练损失: AdaptiveAsymmetricMSELoss
asym_alpha: 2.0
asym_gamma: 5.0
asym_delta: 0.9
focus_threshold: 35.0
cap_threshold: 125.0
------------------------------
Epoch: 1, Loss: 44.3547, Rmse_valid: 25.9591, valid_score: 126484.9, , rmse_test: 27.3815, score_test: 5943.4, Learning rate:0.00200000
Epoch: 2, Loss: 35.8120, Rmse_valid: 21.7613, valid_score: 46102.2, , rmse_test: 23.3559, score_test: 3002.1, Learning rate:0.00200000
Epoch: 3, Loss: 33.3146, Rmse_valid: 22.9451, valid_score: 58536.1, , rmse_test: 23.8506, score_test: 2814.1, Learning rate:0.00200000
Epoch: 4, Loss: 30.8527, Rmse_valid: 21.6336, valid_score: 56881.8, , rmse_test: 23.9178, score_test: 2923.5, Learning rate:0.00200000
Epoch: 5, Loss: 29.4149, Rmse_valid: 28.7681, valid_score: 301080.8, , rmse_test: 30.5698, score_test: 8235.2, Learning rate:0.00200000
Epoch: 6, Loss: 28.7365, Rmse_valid: 21.3976, valid_score: 83233.8, , rmse_test: 23.6888, score_test: 3243.8, Learning rate:0.00200000
Epoch: 7, Loss: 27.7714, Rmse_valid: 19.0659, valid_score: 30381.1, , rmse_test: 19.4261, score_test: 1622.3, Learning rate:0.00200000
Epoch: 8, Loss: 26.7505, Rmse_valid: 19.3094, valid_score: 31001.9, , rmse_test: 20.7834, score_test: 1794.6, Learning rate:0.00200000
Epoch: 9, Loss: 26.2024, Rmse_valid: 21.7599, valid_score: 51469.4, , rmse_test: 23.4582, score_test: 2553.1, Learning rate:0.00200000
Epoch: 10, Loss: 25.9082, Rmse_valid: 20.9252, valid_score: 39540.6, , rmse_test: 21.6383, score_test: 2104.8, Learning rate:0.00200000
Epoch: 11, Loss: 22.7942, Rmse_valid: 17.4486, valid_score: 26048.4, , rmse_test: 18.5481, score_test: 1384.7, Learning rate:0.00020000
Epoch: 12, Loss: 22.0323, Rmse_valid: 17.6931, valid_score: 26599.8, , rmse_test: 18.3955, score_test: 1383.5, Learning rate:0.00020000
Epoch: 13, Loss: 21.7858, Rmse_valid: 17.1410, valid_score: 25894.6, , rmse_test: 18.1048, score_test: 1335.5, Learning rate:0.00020000
Epoch: 14, Loss: 21.5543, Rmse_valid: 18.8214, valid_score: 30186.6, , rmse_test: 19.0611, score_test: 1525.6, Learning rate:0.00020000
Epoch: 15, Loss: 21.4179, Rmse_valid: 16.7280, valid_score: 24371.8, , rmse_test: 17.6812, score_test: 1270.3, Learning rate:0.00020000
Epoch: 16, Loss: 21.3080, Rmse_valid: 17.4381, valid_score: 26460.0, , rmse_test: 17.8741, score_test: 1280.1, Learning rate:0.00020000
Epoch: 17, Loss: 21.2007, Rmse_valid: 17.5739, valid_score: 25852.9, , rmse_test: 18.5177, score_test: 1333.7, Learning rate:0.00020000
Epoch: 18, Loss: 21.1748, Rmse_valid: 17.1193, valid_score: 24833.7, , rmse_test: 17.9067, score_test: 1266.8, Learning rate:0.00020000
Epoch: 19, Loss: 21.0169, Rmse_valid: 16.5871, valid_score: 24350.5, , rmse_test: 17.8163, score_test: 1282.5, Learning rate:0.00020000
Epoch: 20, Loss: 20.9968, Rmse_valid: 16.6975, valid_score: 23855.1, , rmse_test: 17.8828, score_test: 1274.9, Learning rate:0.00020000
Epoch: 21, Loss: 20.7280, Rmse_valid: 17.0871, valid_score: 25273.9, , rmse_test: 17.9572, score_test: 1267.2, Learning rate:0.00002000
Epoch: 22, Loss: 20.7328, Rmse_valid: 17.2244, valid_score: 25159.8, , rmse_test: 18.0694, score_test: 1276.3, Learning rate:0.00002000
Epoch: 23, Loss: 20.6673, Rmse_valid: 16.9240, valid_score: 24968.0, , rmse_test: 17.9498, score_test: 1270.8, Learning rate:0.00002000
Epoch: 24, Loss: 20.6769, Rmse_valid: 16.9009, valid_score: 24874.0, , rmse_test: 17.9649, score_test: 1272.0, Learning rate:0.00002000
Epoch: 25, Loss: 20.6182, Rmse_valid: 17.0862, valid_score: 25126.3, , rmse_test: 17.9654, score_test: 1268.7, Learning rate:0.00002000
Epoch: 26, Loss: 20.6964, Rmse_valid: 17.0753, valid_score: 25484.0, , rmse_test: 18.0558, score_test: 1287.7, Learning rate:0.00002000
Epoch: 27, Loss: 20.6595, Rmse_valid: 17.0151, valid_score: 25342.4, , rmse_test: 17.9417, score_test: 1268.9, Learning rate:0.00002000
Epoch: 28, Loss: 20.6689, Rmse_valid: 17.1293, valid_score: 25104.7, , rmse_test: 17.9211, score_test: 1268.1, Learning rate:0.00002000
Epoch: 29, Loss: 20.6362, Rmse_valid: 17.0978, valid_score: 25465.7, , rmse_test: 18.0370, score_test: 1281.2, Learning rate:0.00002000
Epoch: 30, Loss: 20.6669, Rmse_valid: 16.9706, valid_score: 25264.9, , rmse_test: 18.0050, score_test: 1278.5, Learning rate:0.00002000
[Train Summary] Restored best model from epoch 19, rmse_valid: 16.5871, valid_score: 24350.5, rmse_test: 17.8163, score_test: 1282.5
[Train Time] start: 2026-08-28 15:26:02, end: 2026-08-28 15:36:00, duration: 0:09:58, total_seconds: 598.21
[Auto Test] command: /usr/local/miniconda3/envs/HV/bin/python /Mamba_Rul/test_GAT_EDmamba/test_model.py --sub-dataset FD004 --smooth-rate 40 --sequence-len 30 --feature-num 14 --dataset-root /Mamba_Rul/CMAPSSData/ --max-rul 125 --batch-size 128 --model-path /Mamba_Rul/logs/FD004_1GAT_EDmamba_dstate_4/seed17/model_FD004_0828_152602_seed17.pkl
model_path:/Mamba_Rul/logs/FD004_1GAT_EDmamba_dstate_4/seed17/model_FD004_0828_152602_seed17.pkl
rmse_final:17.891361236572266, score:1276.46875
