-----FD003-----
关键参数:
序列长度: 30
批大小(batch_size): 128
最大训练轮数(max_epochs): 30
随机数种子: 2
模型代号(model_code): GAT_EDmamba_16
模型结构(model_structure): mamba_mamba
学习率: 0.002
学习率调度器: step
Step步长(step_size): 10
Step衰减系数(gamma): 0.1
use_gat: True
gat_hidden_dim: 8
编码器: 2层Mamba
解码器: 2层Mamba
encoder_hidden_size: 16
mamba_num_layers: 2
mamba_d_state: 16
训练损失: AdaptiveAsymmetricMSELoss
asym_alpha: 3.5
asym_gamma: 5.0
asym_delta: 0.9
focus_threshold: 35.0
cap_threshold: 125.0
------------------------------
Epoch: 1, Loss: 45.2692, Rmse_valid: 31.9971, valid_score: 71116.0, , rmse_test: 23.4336, score_test: 1238.0, Learning rate:0.00200000
Epoch: 2, Loss: 31.1712, Rmse_valid: 29.6223, valid_score: 58067.5, , rmse_test: 21.7832, score_test: 1233.9, Learning rate:0.00200000
Epoch: 3, Loss: 26.7767, Rmse_valid: 23.3434, valid_score: 24111.3, , rmse_test: 17.4950, score_test: 766.5, Learning rate:0.00200000
Epoch: 4, Loss: 22.8548, Rmse_valid: 15.7207, valid_score: 11141.4, , rmse_test: 18.2530, score_test: 762.6, Learning rate:0.00200000
Epoch: 5, Loss: 21.0775, Rmse_valid: 17.8252, valid_score: 10968.6, , rmse_test: 15.1267, score_test: 545.7, Learning rate:0.00200000
Epoch: 6, Loss: 19.3538, Rmse_valid: 13.0650, valid_score: 6577.7, , rmse_test: 15.1603, score_test: 427.3, Learning rate:0.00200000
Epoch: 7, Loss: 18.4486, Rmse_valid: 13.1378, valid_score: 6694.9, , rmse_test: 15.2477, score_test: 385.8, Learning rate:0.00200000
Epoch: 8, Loss: 17.7470, Rmse_valid: 20.2021, valid_score: 12826.7, , rmse_test: 16.9370, score_test: 442.3, Learning rate:0.00200000
Epoch: 9, Loss: 17.1222, Rmse_valid: 13.2095, valid_score: 6442.7, , rmse_test: 13.7192, score_test: 381.3, Learning rate:0.00200000
Epoch: 10, Loss: 16.5824, Rmse_valid: 14.5302, valid_score: 6827.3, , rmse_test: 18.2705, score_test: 482.9, Learning rate:0.00200000
Epoch: 11, Loss: 14.2217, Rmse_valid: 11.6193, valid_score: 4890.6, , rmse_test: 13.0175, score_test: 330.6, Learning rate:0.00020000
Epoch: 12, Loss: 13.7533, Rmse_valid: 12.0802, valid_score: 5336.4, , rmse_test: 13.3342, score_test: 330.3, Learning rate:0.00020000
Epoch: 13, Loss: 13.6097, Rmse_valid: 11.4548, valid_score: 5206.9, , rmse_test: 13.1787, score_test: 333.7, Learning rate:0.00020000
Epoch: 14, Loss: 13.4671, Rmse_valid: 12.4228, valid_score: 5746.3, , rmse_test: 13.2465, score_test: 310.4, Learning rate:0.00020000
Epoch: 15, Loss: 13.2895, Rmse_valid: 11.6609, valid_score: 5342.7, , rmse_test: 13.0433, score_test: 315.3, Learning rate:0.00020000
Epoch: 16, Loss: 13.1546, Rmse_valid: 11.5455, valid_score: 5044.6, , rmse_test: 12.9131, score_test: 318.4, Learning rate:0.00020000
Epoch: 17, Loss: 13.0525, Rmse_valid: 12.1597, valid_score: 5755.9, , rmse_test: 13.0935, score_test: 300.8, Learning rate:0.00020000
Epoch: 18, Loss: 12.9975, Rmse_valid: 12.2430, valid_score: 5561.8, , rmse_test: 12.9048, score_test: 293.4, Learning rate:0.00020000
Epoch: 19, Loss: 12.7305, Rmse_valid: 11.8837, valid_score: 5293.3, , rmse_test: 12.9577, score_test: 293.1, Learning rate:0.00020000
Epoch: 20, Loss: 12.6054, Rmse_valid: 11.8511, valid_score: 5484.2, , rmse_test: 13.0338, score_test: 292.2, Learning rate:0.00020000
Epoch: 21, Loss: 12.3678, Rmse_valid: 11.5616, valid_score: 5117.4, , rmse_test: 12.9560, score_test: 298.8, Learning rate:0.00002000
Epoch: 22, Loss: 12.3955, Rmse_valid: 11.5151, valid_score: 5089.3, , rmse_test: 12.9659, score_test: 298.3, Learning rate:0.00002000
Epoch: 23, Loss: 12.3222, Rmse_valid: 11.6459, valid_score: 5187.5, , rmse_test: 12.9810, score_test: 298.6, Learning rate:0.00002000
Epoch: 24, Loss: 12.3684, Rmse_valid: 11.7676, valid_score: 5191.6, , rmse_test: 13.0117, score_test: 298.1, Learning rate:0.00002000
Epoch: 25, Loss: 12.2283, Rmse_valid: 11.6985, valid_score: 5185.1, , rmse_test: 13.0351, score_test: 300.5, Learning rate:0.00002000
Epoch: 26, Loss: 12.2797, Rmse_valid: 11.7280, valid_score: 5144.1, , rmse_test: 12.9593, score_test: 295.7, Learning rate:0.00002000
Epoch: 27, Loss: 12.2327, Rmse_valid: 11.6511, valid_score: 5108.5, , rmse_test: 12.9599, score_test: 300.2, Learning rate:0.00002000
Epoch: 28, Loss: 12.2437, Rmse_valid: 11.7281, valid_score: 5215.5, , rmse_test: 13.0353, score_test: 301.1, Learning rate:0.00002000
Epoch: 29, Loss: 12.2778, Rmse_valid: 11.5337, valid_score: 5101.7, , rmse_test: 12.9220, score_test: 304.9, Learning rate:0.00002000
Epoch: 30, Loss: 12.2297, Rmse_valid: 11.5960, valid_score: 5103.4, , rmse_test: 12.9776, score_test: 304.5, Learning rate:0.00002000
[Train Summary] Restored best model from epoch 13, rmse_valid: 11.4548, valid_score: 5206.9, rmse_test: 13.1787, score_test: 333.7
[Train Time] start: 2026-07-30 22:56:14, end: 2026-07-30 23:00:50, duration: 0:04:36, total_seconds: 275.87
[Auto Test] command: /usr/local/miniconda3/envs/HV/bin/python /Mamba_Rul/test_GAT_EDmamba/test_model.py --sub-dataset FD003 --smooth-rate 30 --sequence-len 30 --feature-num 14 --dataset-root /Mamba_Rul/CMAPSSData/ --max-rul 125 --batch-size 128 --model-path /Mamba_Rul/logs/FD003_GAT_EDmamba_16/seed2/model_FD003_0730_225614_seed2.pkl
model_path:/Mamba_Rul/logs/FD003_GAT_EDmamba_16/seed2/model_FD003_0730_225614_seed2.pkl
rmse_final:13.252923965454102, score:331.4254150390625
