-----FD003-----
关键参数:
序列长度: 40
批大小(batch_size): 128
最大训练轮数(max_epochs): 30
随机数种子: 17
模型代号(model_code): GAT_EDmamba+40
模型结构(model_structure): mamba_mamba
学习率: 0.002
学习率调度器: step
Step步长(step_size): 10
Step衰减系数(gamma): 0.1
use_gat: True
gat_hidden_dim: 8
编码器: 2层Mamba
解码器: 2层Mamba
encoder_hidden_size: 16
mamba_num_layers: 2
mamba_d_state: 16
------------------------------
Epoch: 1, Loss: 24.2019, Rmse_valid: 16.3213, valid_score: 26552.6, , rmse_test: 23.0589, score_test: 2582.0, Learning rate:0.00200000
Epoch: 2, Loss: 16.5963, Rmse_valid: 22.6246, valid_score: 21308.7, , rmse_test: 18.2399, score_test: 1078.3, Learning rate:0.00200000
Epoch: 3, Loss: 14.8645, Rmse_valid: 12.7891, valid_score: 12352.4, , rmse_test: 18.5358, score_test: 1569.7, Learning rate:0.00200000
Epoch: 4, Loss: 13.2142, Rmse_valid: 13.7963, valid_score: 10594.0, , rmse_test: 16.0687, score_test: 919.6, Learning rate:0.00200000
Epoch: 5, Loss: 12.5752, Rmse_valid: 12.0410, valid_score: 10721.0, , rmse_test: 14.6730, score_test: 462.1, Learning rate:0.00200000
Epoch: 6, Loss: 11.6339, Rmse_valid: 10.6017, valid_score: 9140.6, , rmse_test: 15.5003, score_test: 606.3, Learning rate:0.00200000
Epoch: 7, Loss: 11.0921, Rmse_valid: 11.5488, valid_score: 7964.6, , rmse_test: 14.9841, score_test: 632.5, Learning rate:0.00200000
Epoch: 8, Loss: 10.3970, Rmse_valid: 11.4061, valid_score: 7690.4, , rmse_test: 13.1269, score_test: 325.3, Learning rate:0.00200000
Epoch: 9, Loss: 10.1990, Rmse_valid: 9.4525, valid_score: 3930.0, , rmse_test: 11.9549, score_test: 243.6, Learning rate:0.00200000
Epoch: 10, Loss: 9.7680, Rmse_valid: 9.6046, valid_score: 4275.6, , rmse_test: 12.7012, score_test: 333.0, Learning rate:0.00200000
Epoch: 11, Loss: 8.1940, Rmse_valid: 8.3829, valid_score: 3639.7, , rmse_test: 12.7236, score_test: 359.3, Learning rate:0.00020000
Epoch: 12, Loss: 8.0084, Rmse_valid: 8.5546, valid_score: 3950.9, , rmse_test: 12.8083, score_test: 376.9, Learning rate:0.00020000
Epoch: 13, Loss: 7.9108, Rmse_valid: 8.5643, valid_score: 3821.4, , rmse_test: 12.6836, score_test: 356.1, Learning rate:0.00020000
Epoch: 14, Loss: 7.8474, Rmse_valid: 8.2059, valid_score: 3377.2, , rmse_test: 12.7547, score_test: 364.3, Learning rate:0.00020000
Epoch: 15, Loss: 7.7491, Rmse_valid: 8.7460, valid_score: 3877.0, , rmse_test: 12.4748, score_test: 314.8, Learning rate:0.00020000
Epoch: 16, Loss: 7.6343, Rmse_valid: 8.6866, valid_score: 4025.5, , rmse_test: 12.8177, score_test: 337.4, Learning rate:0.00020000
Epoch: 17, Loss: 7.5428, Rmse_valid: 8.4785, valid_score: 3667.6, , rmse_test: 12.6878, score_test: 330.2, Learning rate:0.00020000
Epoch: 18, Loss: 7.5391, Rmse_valid: 8.3987, valid_score: 3774.9, , rmse_test: 12.9499, score_test: 362.3, Learning rate:0.00020000
Epoch: 19, Loss: 7.4678, Rmse_valid: 8.3309, valid_score: 3544.3, , rmse_test: 12.8534, score_test: 335.5, Learning rate:0.00020000
Epoch: 20, Loss: 7.3714, Rmse_valid: 8.1098, valid_score: 3497.0, , rmse_test: 13.4126, score_test: 415.3, Learning rate:0.00020000
Epoch: 21, Loss: 7.2803, Rmse_valid: 8.3621, valid_score: 3696.0, , rmse_test: 12.9095, score_test: 344.1, Learning rate:0.00002000
Epoch: 22, Loss: 7.2578, Rmse_valid: 8.3216, valid_score: 3591.4, , rmse_test: 12.8939, score_test: 341.3, Learning rate:0.00002000
Epoch: 23, Loss: 7.2317, Rmse_valid: 8.3789, valid_score: 3656.7, , rmse_test: 12.8937, score_test: 344.3, Learning rate:0.00002000
Epoch: 24, Loss: 7.2124, Rmse_valid: 8.2448, valid_score: 3511.2, , rmse_test: 12.8909, score_test: 343.4, Learning rate:0.00002000
Epoch: 25, Loss: 7.1948, Rmse_valid: 8.3322, valid_score: 3576.2, , rmse_test: 12.8585, score_test: 335.9, Learning rate:0.00002000
Epoch: 26, Loss: 7.2142, Rmse_valid: 8.3466, valid_score: 3618.6, , rmse_test: 12.8981, score_test: 340.6, Learning rate:0.00002000
Epoch: 27, Loss: 7.1665, Rmse_valid: 8.2304, valid_score: 3608.6, , rmse_test: 12.9924, score_test: 349.7, Learning rate:0.00002000
Epoch: 28, Loss: 7.2109, Rmse_valid: 8.3186, valid_score: 3610.8, , rmse_test: 12.8933, score_test: 341.2, Learning rate:0.00002000
Epoch: 29, Loss: 7.1805, Rmse_valid: 8.2625, valid_score: 3616.3, , rmse_test: 12.9824, score_test: 345.4, Learning rate:0.00002000
Epoch: 30, Loss: 7.1571, Rmse_valid: 8.1486, valid_score: 3521.8, , rmse_test: 12.9647, score_test: 343.9, Learning rate:0.00002000
[Train Summary] Restored best model from epoch 20, rmse_valid: 8.1098, valid_score: 3497.0, rmse_test: 13.4126, score_test: 415.3
[Train Time] start: 2026-07-23 02:43:25, end: 2026-07-23 02:47:44, duration: 0:04:19, total_seconds: 258.83
[Auto Test] command: /usr/local/miniconda3/envs/HV/bin/python /Mamba_Rul/test_GAT_EDmamba/test_model.py --sub-dataset FD003 --smooth-rate 30 --sequence-len 40 --feature-num 14 --dataset-root /Mamba_Rul/CMAPSSData/ --max-rul 125 --batch-size 128 --model-path /Mamba_Rul/logs/FD003_GAT_EDmamba+40/seed17/model_FD003_0723_024325_seed17.pkl
model_path:/Mamba_Rul/logs/FD003_GAT_EDmamba+40/seed17/model_FD003_0723_024325_seed17.pkl
rmse_final:13.306389808654785, score:401.6728210449219
