-----FD002-----
关键参数:
序列长度: 30
批大小(batch_size): 128
最大训练轮数(max_epochs): 30
随机数种子: 80
模型代号(model_code): GAT_EDmamba4_layer_2
模型结构(model_structure): mamba_mamba
学习率: 0.002
学习率调度器: step
Step步长(step_size): 10
Step衰减系数(gamma): 0.1
use_gat: True
gat_hidden_dim: 8
编码器: 2层Mamba
解码器: 2层Mamba
mamba_d_model: 10
mamba_num_layers: 2
mamba_d_state: 16
训练损失: AdaptiveAsymmetricMSELoss
asym_alpha: 3.0
asym_gamma: 5.0
asym_delta: 0.9
focus_threshold: 35.0
cap_threshold: 125.0
------------------------------
Epoch: 1, Loss: 44.9056, Rmse_valid: 33.7183, valid_score: 197367.9, , rmse_test: 33.6652, score_test: 10823.4, Learning rate:0.00200000
Epoch: 2, Loss: 33.6741, Rmse_valid: 20.6020, valid_score: 32281.9, , rmse_test: 20.1838, score_test: 1593.0, Learning rate:0.00200000
Epoch: 3, Loss: 28.5113, Rmse_valid: 21.2183, valid_score: 30408.3, , rmse_test: 19.5599, score_test: 1358.3, Learning rate:0.00200000
Epoch: 4, Loss: 27.1409, Rmse_valid: 20.6417, valid_score: 27201.5, , rmse_test: 19.0968, score_test: 1251.6, Learning rate:0.00200000
Epoch: 5, Loss: 25.6551, Rmse_valid: 19.8779, valid_score: 35770.0, , rmse_test: 18.0047, score_test: 1167.7, Learning rate:0.00200000
Epoch: 6, Loss: 25.6461, Rmse_valid: 18.5468, valid_score: 24116.9, , rmse_test: 16.7624, score_test: 1027.2, Learning rate:0.00200000
Epoch: 7, Loss: 24.9786, Rmse_valid: 18.1541, valid_score: 23634.3, , rmse_test: 17.9341, score_test: 1144.8, Learning rate:0.00200000
Epoch: 8, Loss: 24.9015, Rmse_valid: 18.2792, valid_score: 25749.0, , rmse_test: 16.8285, score_test: 1020.1, Learning rate:0.00200000
Epoch: 9, Loss: 23.9651, Rmse_valid: 19.0386, valid_score: 25506.3, , rmse_test: 19.6004, score_test: 1510.3, Learning rate:0.00200000
Epoch: 10, Loss: 24.0426, Rmse_valid: 19.3286, valid_score: 27350.1, , rmse_test: 16.8817, score_test: 927.6, Learning rate:0.00200000
Epoch: 11, Loss: 20.5389, Rmse_valid: 17.2306, valid_score: 20136.6, , rmse_test: 15.4685, score_test: 804.0, Learning rate:0.00020000
Epoch: 12, Loss: 20.2553, Rmse_valid: 17.2305, valid_score: 20712.5, , rmse_test: 15.3314, score_test: 788.8, Learning rate:0.00020000
Epoch: 13, Loss: 20.1554, Rmse_valid: 17.7001, valid_score: 21629.3, , rmse_test: 15.4871, score_test: 797.3, Learning rate:0.00020000
Epoch: 14, Loss: 20.0580, Rmse_valid: 17.5362, valid_score: 20841.5, , rmse_test: 15.4719, score_test: 785.4, Learning rate:0.00020000
Epoch: 15, Loss: 19.9929, Rmse_valid: 17.5413, valid_score: 21156.4, , rmse_test: 15.4317, score_test: 793.5, Learning rate:0.00020000
Epoch: 16, Loss: 19.9171, Rmse_valid: 17.1221, valid_score: 19444.2, , rmse_test: 15.1161, score_test: 779.7, Learning rate:0.00020000
Epoch: 17, Loss: 19.8115, Rmse_valid: 16.9159, valid_score: 19603.7, , rmse_test: 15.4074, score_test: 806.3, Learning rate:0.00020000
Epoch: 18, Loss: 19.7551, Rmse_valid: 16.9725, valid_score: 20667.5, , rmse_test: 15.0586, score_test: 786.7, Learning rate:0.00020000
Epoch: 19, Loss: 19.6863, Rmse_valid: 17.9298, valid_score: 20607.1, , rmse_test: 15.5952, score_test: 788.1, Learning rate:0.00020000
Epoch: 20, Loss: 19.6222, Rmse_valid: 16.9384, valid_score: 19063.5, , rmse_test: 15.0857, score_test: 784.2, Learning rate:0.00020000
Epoch: 21, Loss: 19.4910, Rmse_valid: 17.0083, valid_score: 19852.6, , rmse_test: 15.1266, score_test: 779.6, Learning rate:0.00002000
Epoch: 22, Loss: 19.4217, Rmse_valid: 17.2952, valid_score: 20013.9, , rmse_test: 15.2441, score_test: 783.5, Learning rate:0.00002000
Epoch: 23, Loss: 19.4368, Rmse_valid: 17.0108, valid_score: 19801.4, , rmse_test: 15.0722, score_test: 774.3, Learning rate:0.00002000
Epoch: 24, Loss: 19.3786, Rmse_valid: 17.2677, valid_score: 20061.7, , rmse_test: 15.1508, score_test: 781.7, Learning rate:0.00002000
Epoch: 25, Loss: 19.3957, Rmse_valid: 17.1634, valid_score: 19741.8, , rmse_test: 15.1909, score_test: 782.3, Learning rate:0.00002000
Epoch: 26, Loss: 19.3652, Rmse_valid: 16.9987, valid_score: 19775.9, , rmse_test: 15.0723, score_test: 775.4, Learning rate:0.00002000
Epoch: 27, Loss: 19.3970, Rmse_valid: 17.2243, valid_score: 19814.7, , rmse_test: 15.1985, score_test: 783.2, Learning rate:0.00002000
Epoch: 28, Loss: 19.4194, Rmse_valid: 17.0859, valid_score: 19848.4, , rmse_test: 15.0518, score_test: 776.2, Learning rate:0.00002000
Epoch: 29, Loss: 19.3656, Rmse_valid: 17.1540, valid_score: 19721.5, , rmse_test: 15.0753, score_test: 776.4, Learning rate:0.00002000
Epoch: 30, Loss: 19.3721, Rmse_valid: 17.2586, valid_score: 20096.7, , rmse_test: 15.1925, score_test: 781.6, Learning rate:0.00002000
[Train Summary] Restored best model from epoch 17, rmse_valid: 16.9159, valid_score: 19603.7, rmse_test: 15.4074, score_test: 806.3
[Train Time] start: 2026-08-21 05:39:43, end: 2026-08-21 05:48:12, duration: 0:08:29, total_seconds: 508.57
[Auto Test] command: /usr/local/miniconda3/envs/HV/bin/python /Mamba_Rul/test_GAT_EDmamba/test_model.py --sub-dataset FD002 --smooth-rate 40 --sequence-len 30 --feature-num 14 --dataset-root /Mamba_Rul/CMAPSSData/ --max-rul 125 --batch-size 128 --model-path /Mamba_Rul/logs/FD002_GAT_EDmamba4_layer_2/seed80/model_FD002_0821_053943_seed80.pkl
model_path:/Mamba_Rul/logs/FD002_GAT_EDmamba4_layer_2/seed80/model_FD002_0821_053943_seed80.pkl
rmse_final:15.619139671325684, score:819.0208740234375
