-----FD003-----
关键参数:
序列长度: 30
批大小(batch_size): 128
最大训练轮数(max_epochs): 30
随机数种子: 51
模型代号(model_code): GAT_EDmamba_dropout_0.3
模型结构(model_structure): mamba_mamba
学习率: 0.002
学习率调度器: step
Step步长(step_size): 10
Step衰减系数(gamma): 0.1
use_gat: True
gat_hidden_dim: 8
编码器: 2层Mamba
解码器: 2层Mamba
mamba_d_model: 32
mamba_num_layers: 2
mamba_d_state: 64
dropout: 0.3
训练损失: AdaptiveAsymmetricMSELoss
asym_alpha: 3.5
asym_gamma: 5.0
asym_delta: 0.9
focus_threshold: 35.0
cap_threshold: 125.0
------------------------------
Epoch: 1, Loss: 41.6807, Rmse_valid: 19.0396, valid_score: 16654.0, , rmse_test: 17.2270, score_test: 855.1, Learning rate:0.00200000
Epoch: 2, Loss: 24.3395, Rmse_valid: 17.3675, valid_score: 14278.9, , rmse_test: 17.7564, score_test: 833.4, Learning rate:0.00200000
Epoch: 3, Loss: 22.8110, Rmse_valid: 16.8980, valid_score: 9734.9, , rmse_test: 14.9949, score_test: 378.1, Learning rate:0.00200000
Epoch: 4, Loss: 20.6593, Rmse_valid: 19.2875, valid_score: 12377.5, , rmse_test: 15.4938, score_test: 347.8, Learning rate:0.00200000
Epoch: 5, Loss: 22.3115, Rmse_valid: 12.7653, valid_score: 5985.2, , rmse_test: 14.8266, score_test: 565.5, Learning rate:0.00200000
Epoch: 6, Loss: 19.3770, Rmse_valid: 15.2014, valid_score: 7183.6, , rmse_test: 16.0583, score_test: 331.2, Learning rate:0.00200000
Epoch: 7, Loss: 18.5276, Rmse_valid: 11.8285, valid_score: 4843.1, , rmse_test: 13.4013, score_test: 316.2, Learning rate:0.00200000
Epoch: 8, Loss: 17.9479, Rmse_valid: 11.3522, valid_score: 4478.5, , rmse_test: 15.9027, score_test: 379.2, Learning rate:0.00200000
Epoch: 9, Loss: 18.5188, Rmse_valid: 13.5443, valid_score: 6220.9, , rmse_test: 13.5171, score_test: 249.5, Learning rate:0.00200000
Epoch: 10, Loss: 17.1437, Rmse_valid: 13.0252, valid_score: 5225.0, , rmse_test: 14.0941, score_test: 300.8, Learning rate:0.00200000
Epoch: 11, Loss: 14.2116, Rmse_valid: 11.0458, valid_score: 3961.3, , rmse_test: 12.8741, score_test: 242.1, Learning rate:0.00020000
Epoch: 12, Loss: 13.7494, Rmse_valid: 11.1663, valid_score: 3990.4, , rmse_test: 12.6965, score_test: 224.9, Learning rate:0.00020000
Epoch: 13, Loss: 13.6249, Rmse_valid: 10.9140, valid_score: 3816.3, , rmse_test: 12.4696, score_test: 217.0, Learning rate:0.00020000
Epoch: 14, Loss: 13.4434, Rmse_valid: 10.0240, valid_score: 3272.5, , rmse_test: 12.5499, score_test: 243.7, Learning rate:0.00020000
Epoch: 15, Loss: 13.3055, Rmse_valid: 10.1884, valid_score: 3377.5, , rmse_test: 12.5232, score_test: 231.5, Learning rate:0.00020000
Epoch: 16, Loss: 13.2105, Rmse_valid: 10.7905, valid_score: 3758.4, , rmse_test: 12.7036, score_test: 243.1, Learning rate:0.00020000
Epoch: 17, Loss: 13.0425, Rmse_valid: 9.9987, valid_score: 3441.7, , rmse_test: 12.5789, score_test: 249.2, Learning rate:0.00020000
Epoch: 18, Loss: 12.8943, Rmse_valid: 10.8561, valid_score: 3736.2, , rmse_test: 12.5580, score_test: 209.1, Learning rate:0.00020000
Epoch: 19, Loss: 12.8293, Rmse_valid: 10.5217, valid_score: 3549.8, , rmse_test: 13.0894, score_test: 232.7, Learning rate:0.00020000
Epoch: 20, Loss: 12.7352, Rmse_valid: 10.4672, valid_score: 3564.5, , rmse_test: 12.8016, score_test: 217.4, Learning rate:0.00020000
Epoch: 21, Loss: 12.5341, Rmse_valid: 10.2260, valid_score: 3405.3, , rmse_test: 12.4521, score_test: 218.1, Learning rate:0.00002000
Epoch: 22, Loss: 12.4428, Rmse_valid: 9.9963, valid_score: 3287.6, , rmse_test: 12.4706, score_test: 219.6, Learning rate:0.00002000
Epoch: 23, Loss: 12.4342, Rmse_valid: 10.2580, valid_score: 3397.4, , rmse_test: 12.4592, score_test: 217.1, Learning rate:0.00002000
Epoch: 24, Loss: 12.3818, Rmse_valid: 9.9983, valid_score: 3298.8, , rmse_test: 12.3536, score_test: 221.3, Learning rate:0.00002000
Epoch: 25, Loss: 12.3852, Rmse_valid: 9.8368, valid_score: 3204.1, , rmse_test: 12.2950, score_test: 220.9, Learning rate:0.00002000
Epoch: 26, Loss: 12.3650, Rmse_valid: 9.9999, valid_score: 3281.3, , rmse_test: 12.3500, score_test: 219.7, Learning rate:0.00002000
Epoch: 27, Loss: 12.3463, Rmse_valid: 10.0094, valid_score: 3285.8, , rmse_test: 12.3296, score_test: 222.8, Learning rate:0.00002000
Epoch: 28, Loss: 12.3968, Rmse_valid: 9.9060, valid_score: 3217.3, , rmse_test: 12.4937, score_test: 220.9, Learning rate:0.00002000
Epoch: 29, Loss: 12.3030, Rmse_valid: 10.0918, valid_score: 3342.5, , rmse_test: 12.3851, score_test: 217.9, Learning rate:0.00002000
Epoch: 30, Loss: 12.2931, Rmse_valid: 9.8001, valid_score: 3159.1, , rmse_test: 12.4084, score_test: 222.7, Learning rate:0.00002000
[Train Summary] Restored best model from epoch 30, rmse_valid: 9.8001, valid_score: 3159.1, rmse_test: 12.4084, score_test: 222.7
[Train Time] start: 2026-09-03 02:08:53, end: 2026-09-03 02:12:27, duration: 0:03:34, total_seconds: 213.97
[Auto Test] command: /usr/local/miniconda3/envs/HV/bin/python /Mamba_Rul/test_GAT_EDmamba/test_model.py --sub-dataset FD003 --smooth-rate 30 --sequence-len 30 --feature-num 14 --dataset-root /Mamba_Rul/CMAPSSData/ --max-rul 125 --batch-size 128 --model-path /Mamba_Rul/logs/FD003_GAT_EDmamba_dropout_0.3/seed51/model_FD003_0903_020853_seed51.pkl
model_path:/Mamba_Rul/logs/FD003_GAT_EDmamba_dropout_0.3/seed51/model_FD003_0903_020853_seed51.pkl
rmse_final:12.474774360656738, score:224.2165985107422
