-----FD003-----
关键参数:
序列长度: 50
批大小(batch_size): 128
最大训练轮数(max_epochs): 30
随机数种子: 17
模型代号(model_code): GAT_EDmamba+50
模型结构(model_structure): mamba_mamba
学习率: 0.002
学习率调度器: step
Step步长(step_size): 10
Step衰减系数(gamma): 0.1
use_gat: True
gat_hidden_dim: 8
编码器: 2层Mamba
解码器: 2层Mamba
encoder_hidden_size: 16
mamba_num_layers: 2
mamba_d_state: 16
------------------------------
Epoch: 1, Loss: 23.9873, Rmse_valid: 14.3735, valid_score: 12957.1, , rmse_test: 21.1923, score_test: 2207.0, Learning rate:0.00200000
Epoch: 2, Loss: 16.2576, Rmse_valid: 20.3725, valid_score: 22505.6, , rmse_test: 18.2088, score_test: 1251.2, Learning rate:0.00200000
Epoch: 3, Loss: 14.3731, Rmse_valid: 12.3028, valid_score: 14707.2, , rmse_test: 16.2596, score_test: 1182.6, Learning rate:0.00200000
Epoch: 4, Loss: 12.7536, Rmse_valid: 10.9078, valid_score: 7410.5, , rmse_test: 14.4994, score_test: 488.5, Learning rate:0.00200000
Epoch: 5, Loss: 12.1079, Rmse_valid: 12.8519, valid_score: 9983.1, , rmse_test: 18.3146, score_test: 1977.7, Learning rate:0.00200000
Epoch: 6, Loss: 11.2755, Rmse_valid: 10.4382, valid_score: 6157.3, , rmse_test: 13.7836, score_test: 517.8, Learning rate:0.00200000
Epoch: 7, Loss: 10.7796, Rmse_valid: 12.7955, valid_score: 7142.5, , rmse_test: 14.3900, score_test: 463.7, Learning rate:0.00200000
Epoch: 8, Loss: 10.5701, Rmse_valid: 12.6001, valid_score: 5306.5, , rmse_test: 14.2840, score_test: 657.4, Learning rate:0.00200000
Epoch: 9, Loss: 9.9523, Rmse_valid: 10.9110, valid_score: 4850.0, , rmse_test: 13.4892, score_test: 382.4, Learning rate:0.00200000
Epoch: 10, Loss: 10.0578, Rmse_valid: 10.4096, valid_score: 4306.8, , rmse_test: 13.4508, score_test: 370.8, Learning rate:0.00200000
Epoch: 11, Loss: 8.2015, Rmse_valid: 7.9161, valid_score: 2807.4, , rmse_test: 12.7242, score_test: 355.8, Learning rate:0.00020000
Epoch: 12, Loss: 7.9786, Rmse_valid: 7.5016, valid_score: 2636.7, , rmse_test: 13.2023, score_test: 399.3, Learning rate:0.00020000
Epoch: 13, Loss: 7.8558, Rmse_valid: 7.4732, valid_score: 2383.1, , rmse_test: 13.0866, score_test: 377.9, Learning rate:0.00020000
Epoch: 14, Loss: 7.7577, Rmse_valid: 7.6028, valid_score: 2512.7, , rmse_test: 13.0487, score_test: 367.5, Learning rate:0.00020000
Epoch: 15, Loss: 7.6407, Rmse_valid: 7.6325, valid_score: 2513.1, , rmse_test: 12.9702, score_test: 351.3, Learning rate:0.00020000
Epoch: 16, Loss: 7.5699, Rmse_valid: 8.1304, valid_score: 2730.5, , rmse_test: 12.8307, score_test: 338.9, Learning rate:0.00020000
Epoch: 17, Loss: 7.5239, Rmse_valid: 8.3227, valid_score: 2751.6, , rmse_test: 12.6774, score_test: 310.9, Learning rate:0.00020000
Epoch: 18, Loss: 7.3918, Rmse_valid: 8.0054, valid_score: 2882.1, , rmse_test: 13.3147, score_test: 381.5, Learning rate:0.00020000
Epoch: 19, Loss: 7.3411, Rmse_valid: 7.8204, valid_score: 2670.8, , rmse_test: 12.9291, score_test: 341.0, Learning rate:0.00020000
Epoch: 20, Loss: 7.2723, Rmse_valid: 7.9967, valid_score: 2934.7, , rmse_test: 12.9386, score_test: 332.0, Learning rate:0.00020000
Epoch: 21, Loss: 7.1180, Rmse_valid: 7.8972, valid_score: 2697.8, , rmse_test: 12.8316, score_test: 326.5, Learning rate:0.00002000
Epoch: 22, Loss: 7.1042, Rmse_valid: 7.7909, valid_score: 2615.5, , rmse_test: 12.8510, score_test: 326.6, Learning rate:0.00002000
Epoch: 23, Loss: 7.1033, Rmse_valid: 7.8715, valid_score: 2663.7, , rmse_test: 12.7957, score_test: 320.8, Learning rate:0.00002000
Epoch: 24, Loss: 7.0680, Rmse_valid: 7.8333, valid_score: 2685.0, , rmse_test: 12.8389, score_test: 327.6, Learning rate:0.00002000
Epoch: 25, Loss: 7.0415, Rmse_valid: 7.8097, valid_score: 2630.5, , rmse_test: 12.8978, score_test: 333.4, Learning rate:0.00002000
Epoch: 26, Loss: 7.0749, Rmse_valid: 7.9413, valid_score: 2706.1, , rmse_test: 12.8559, score_test: 327.7, Learning rate:0.00002000
Epoch: 27, Loss: 7.0335, Rmse_valid: 7.8652, valid_score: 2647.9, , rmse_test: 12.8387, score_test: 325.7, Learning rate:0.00002000
Epoch: 28, Loss: 7.0291, Rmse_valid: 7.9592, valid_score: 2727.4, , rmse_test: 12.8484, score_test: 329.6, Learning rate:0.00002000
Epoch: 29, Loss: 7.0107, Rmse_valid: 8.0107, valid_score: 2729.2, , rmse_test: 12.7443, score_test: 320.6, Learning rate:0.00002000
Epoch: 30, Loss: 7.0166, Rmse_valid: 7.8866, valid_score: 2700.4, , rmse_test: 12.8725, score_test: 328.4, Learning rate:0.00002000
[Train Summary] Restored best model from epoch 13, rmse_valid: 7.4732, valid_score: 2383.1, rmse_test: 13.0866, score_test: 377.9
[Train Time] start: 2026-07-23 03:30:13, end: 2026-07-23 03:34:07, duration: 0:03:54, total_seconds: 233.57
[Auto Test] command: /usr/local/miniconda3/envs/HV/bin/python /Mamba_Rul/test_GAT_EDmamba/test_model.py --sub-dataset FD003 --smooth-rate 30 --sequence-len 50 --feature-num 14 --dataset-root /Mamba_Rul/CMAPSSData/ --max-rul 125 --batch-size 128 --model-path /Mamba_Rul/logs/FD003_GAT_EDmamba+50/seed17/model_FD003_0723_033013_seed17.pkl
model_path:/Mamba_Rul/logs/FD003_GAT_EDmamba+50/seed17/model_FD003_0723_033013_seed17.pkl
rmse_final:12.959166526794434, score:358.5558776855469
