-----FD002-----
关键参数:
序列长度: 60
批大小(batch_size): 128
最大训练轮数(max_epochs): 30
随机数种子: 88
模型代号(model_code): GAT_EDmamba+60
模型结构(model_structure): mamba_mamba
学习率: 0.002
学习率调度器: step
Step步长(step_size): 10
Step衰减系数(gamma): 0.1
use_gat: True
gat_hidden_dim: 8
编码器: 2层Mamba
解码器: 2层Mamba
encoder_hidden_size: 16
mamba_num_layers: 2
mamba_d_state: 16
------------------------------
Epoch: 1, Loss: 31.8280, Rmse_valid: 29.0139, valid_score: 387150.8, , rmse_test: 26.8548, score_test: 14448.5, Learning rate:0.00200000
Epoch: 2, Loss: 23.6474, Rmse_valid: 29.9236, valid_score: 207222.9, , rmse_test: 24.4236, score_test: 10928.4, Learning rate:0.00200000
Epoch: 3, Loss: 19.8167, Rmse_valid: 23.9899, valid_score: 38309.1, , rmse_test: 20.2662, score_test: 1446.7, Learning rate:0.00200000
Epoch: 4, Loss: 17.8600, Rmse_valid: 33.2292, valid_score: 3503751.5, , rmse_test: 28.2790, score_test: 52445.5, Learning rate:0.00200000
Epoch: 5, Loss: 16.7111, Rmse_valid: 25.2256, valid_score: 914001.9, , rmse_test: 24.3987, score_test: 26332.9, Learning rate:0.00200000
Epoch: 6, Loss: 15.6162, Rmse_valid: 23.7191, valid_score: 112332.2, , rmse_test: 24.8254, score_test: 7225.5, Learning rate:0.00200000
Epoch: 7, Loss: 14.8230, Rmse_valid: 22.8465, valid_score: 307007.0, , rmse_test: 20.3595, score_test: 5305.8, Learning rate:0.00200000
Epoch: 8, Loss: 14.0461, Rmse_valid: 19.0670, valid_score: 175977.4, , rmse_test: 16.5617, score_test: 2116.6, Learning rate:0.00200000
Epoch: 9, Loss: 13.6170, Rmse_valid: 19.6753, valid_score: 47275.9, , rmse_test: 16.1193, score_test: 1517.4, Learning rate:0.00200000
Epoch: 10, Loss: 12.9144, Rmse_valid: 20.4585, valid_score: 45608.9, , rmse_test: 17.7521, score_test: 1219.1, Learning rate:0.00200000
Epoch: 11, Loss: 10.2988, Rmse_valid: 17.6118, valid_score: 59589.5, , rmse_test: 14.7682, score_test: 1029.9, Learning rate:0.00020000
Epoch: 12, Loss: 9.8123, Rmse_valid: 17.9156, valid_score: 70409.6, , rmse_test: 14.8496, score_test: 1040.1, Learning rate:0.00020000
Epoch: 13, Loss: 9.6187, Rmse_valid: 18.2363, valid_score: 43153.6, , rmse_test: 14.9513, score_test: 1006.8, Learning rate:0.00020000
Epoch: 14, Loss: 9.4044, Rmse_valid: 17.2084, valid_score: 49355.9, , rmse_test: 15.4723, score_test: 1205.2, Learning rate:0.00020000
Epoch: 15, Loss: 9.2370, Rmse_valid: 17.5853, valid_score: 42692.0, , rmse_test: 15.3017, score_test: 1100.5, Learning rate:0.00020000
Epoch: 16, Loss: 9.0739, Rmse_valid: 17.8928, valid_score: 89533.8, , rmse_test: 15.9303, score_test: 1443.4, Learning rate:0.00020000
Epoch: 17, Loss: 8.8888, Rmse_valid: 17.2100, valid_score: 52077.3, , rmse_test: 15.4989, score_test: 1106.7, Learning rate:0.00020000
Epoch: 18, Loss: 8.7527, Rmse_valid: 17.5558, valid_score: 53374.7, , rmse_test: 15.6836, score_test: 1374.5, Learning rate:0.00020000
Epoch: 19, Loss: 8.5733, Rmse_valid: 17.1063, valid_score: 45989.9, , rmse_test: 15.3605, score_test: 1241.3, Learning rate:0.00020000
Epoch: 20, Loss: 8.4880, Rmse_valid: 17.6591, valid_score: 43856.9, , rmse_test: 15.4866, score_test: 1155.2, Learning rate:0.00020000
Epoch: 21, Loss: 8.2815, Rmse_valid: 17.6842, valid_score: 69133.4, , rmse_test: 15.4587, score_test: 1320.2, Learning rate:0.00002000
Epoch: 22, Loss: 8.1824, Rmse_valid: 17.6541, valid_score: 71797.8, , rmse_test: 15.5271, score_test: 1350.8, Learning rate:0.00002000
Epoch: 23, Loss: 8.1786, Rmse_valid: 17.3693, valid_score: 66015.2, , rmse_test: 15.4705, score_test: 1309.3, Learning rate:0.00002000
Epoch: 24, Loss: 8.1224, Rmse_valid: 17.3838, valid_score: 65185.1, , rmse_test: 15.6081, score_test: 1339.3, Learning rate:0.00002000
Epoch: 25, Loss: 8.1057, Rmse_valid: 17.3589, valid_score: 68851.7, , rmse_test: 15.6131, score_test: 1378.2, Learning rate:0.00002000
Epoch: 26, Loss: 8.1212, Rmse_valid: 17.5330, valid_score: 62328.9, , rmse_test: 15.5563, score_test: 1315.6, Learning rate:0.00002000
Epoch: 27, Loss: 8.0845, Rmse_valid: 17.4457, valid_score: 65709.6, , rmse_test: 15.6603, score_test: 1379.9, Learning rate:0.00002000
Epoch: 28, Loss: 8.0844, Rmse_valid: 17.4145, valid_score: 65829.1, , rmse_test: 15.6464, score_test: 1373.0, Learning rate:0.00002000
Epoch: 29, Loss: 8.0363, Rmse_valid: 17.4982, valid_score: 65097.9, , rmse_test: 15.6539, score_test: 1355.3, Learning rate:0.00002000
Epoch: 30, Loss: 8.0201, Rmse_valid: 17.3877, valid_score: 67895.9, , rmse_test: 15.6905, score_test: 1392.9, Learning rate:0.00002000
[Train Summary] Restored best model from epoch 19, rmse_valid: 17.1063, valid_score: 45989.9, rmse_test: 15.3605, score_test: 1241.3
[Train Time] start: 2026-07-23 08:10:39, end: 2026-07-23 08:16:45, duration: 0:06:06, total_seconds: 365.92
[Auto Test] command: /usr/local/miniconda3/envs/HV/bin/python /Mamba_Rul/test_GAT_EDmamba/test_model.py --sub-dataset FD002 --smooth-rate 40 --sequence-len 60 --feature-num 14 --dataset-root /Mamba_Rul/CMAPSSData/ --max-rul 125 --batch-size 128 --model-path /Mamba_Rul/logs/FD002_GAT_EDmamba+60/seed88/model_FD002_0723_081039_seed88.pkl
model_path:/Mamba_Rul/logs/FD002_GAT_EDmamba+60/seed88/model_FD002_0723_081039_seed88.pkl
rmse_final:15.272809028625488, score:1189.306884765625
