-----FD001-----
关键参数:
序列长度: 30
批大小(batch_size): 128
最大训练轮数(max_epochs): 30
随机数种子: 33
模型代号(model_code): GAT_EDmamba_dstate_64
模型结构(model_structure): mamba_mamba
学习率: 0.002
学习率调度器: step
Step步长(step_size): 10
Step衰减系数(gamma): 0.1
use_gat: True
gat_hidden_dim: 8
编码器: 2层Mamba
解码器: 2层Mamba
encoder_hidden_size: 4
mamba_num_layers: 2
mamba_d_state: 64
训练损失: AdaptiveAsymmetricMSELoss
asym_alpha: 1.5
asym_gamma: 2.0
asym_delta: 0.9
focus_threshold: 35.0
cap_threshold: 125.0
------------------------------
Epoch: 1, Loss: 34.3665, Rmse_valid: 22.8410, valid_score: 15217.0, , rmse_test: 21.8951, score_test: 3596.5, Learning rate:0.00200000
Epoch: 2, Loss: 29.0167, Rmse_valid: 24.7431, valid_score: 22489.2, , rmse_test: 21.7370, score_test: 1847.2, Learning rate:0.00200000
Epoch: 3, Loss: 24.6328, Rmse_valid: 17.2974, valid_score: 6958.6, , rmse_test: 15.8752, score_test: 401.9, Learning rate:0.00200000
Epoch: 4, Loss: 19.8959, Rmse_valid: 13.5635, valid_score: 5087.8, , rmse_test: 14.6732, score_test: 364.9, Learning rate:0.00200000
Epoch: 5, Loss: 18.1168, Rmse_valid: 14.6577, valid_score: 4499.5, , rmse_test: 15.1102, score_test: 368.3, Learning rate:0.00200000
Epoch: 6, Loss: 17.1948, Rmse_valid: 11.8402, valid_score: 3246.5, , rmse_test: 13.2368, score_test: 273.4, Learning rate:0.00200000
Epoch: 7, Loss: 16.5628, Rmse_valid: 11.4144, valid_score: 3309.0, , rmse_test: 13.8389, score_test: 387.6, Learning rate:0.00200000
Epoch: 8, Loss: 16.2420, Rmse_valid: 18.4795, valid_score: 7169.5, , rmse_test: 18.3842, score_test: 426.6, Learning rate:0.00200000
Epoch: 9, Loss: 15.8658, Rmse_valid: 11.2610, valid_score: 2893.5, , rmse_test: 13.5625, score_test: 266.2, Learning rate:0.00200000
Epoch: 10, Loss: 15.6357, Rmse_valid: 11.0119, valid_score: 2889.7, , rmse_test: 13.5997, score_test: 343.6, Learning rate:0.00200000
Epoch: 11, Loss: 14.4193, Rmse_valid: 11.0981, valid_score: 2756.5, , rmse_test: 13.1092, score_test: 284.0, Learning rate:0.00020000
Epoch: 12, Loss: 14.3029, Rmse_valid: 11.0388, valid_score: 2873.6, , rmse_test: 13.1485, score_test: 296.3, Learning rate:0.00020000
Epoch: 13, Loss: 14.2868, Rmse_valid: 11.4942, valid_score: 2853.1, , rmse_test: 13.1649, score_test: 286.0, Learning rate:0.00020000
Epoch: 14, Loss: 14.1486, Rmse_valid: 10.5546, valid_score: 2768.4, , rmse_test: 12.9067, score_test: 283.9, Learning rate:0.00020000
Epoch: 15, Loss: 14.1673, Rmse_valid: 10.7059, valid_score: 2711.5, , rmse_test: 13.0340, score_test: 280.7, Learning rate:0.00020000
Epoch: 16, Loss: 14.0987, Rmse_valid: 11.2152, valid_score: 2771.4, , rmse_test: 13.0620, score_test: 283.6, Learning rate:0.00020000
Epoch: 17, Loss: 14.1062, Rmse_valid: 10.4555, valid_score: 2691.4, , rmse_test: 12.9822, score_test: 283.5, Learning rate:0.00020000
Epoch: 18, Loss: 14.0650, Rmse_valid: 10.8335, valid_score: 2708.4, , rmse_test: 13.0217, score_test: 273.2, Learning rate:0.00020000
Epoch: 19, Loss: 14.0597, Rmse_valid: 10.5246, valid_score: 2743.1, , rmse_test: 13.0216, score_test: 278.0, Learning rate:0.00020000
Epoch: 20, Loss: 14.0056, Rmse_valid: 11.0123, valid_score: 2823.5, , rmse_test: 13.2380, score_test: 282.7, Learning rate:0.00020000
Epoch: 21, Loss: 13.9773, Rmse_valid: 10.9148, valid_score: 2741.7, , rmse_test: 13.0464, score_test: 276.9, Learning rate:0.00002000
Epoch: 22, Loss: 13.9278, Rmse_valid: 10.8788, valid_score: 2760.0, , rmse_test: 13.0103, score_test: 273.4, Learning rate:0.00002000
Epoch: 23, Loss: 13.9658, Rmse_valid: 10.8884, valid_score: 2770.4, , rmse_test: 13.0970, score_test: 274.8, Learning rate:0.00002000
Epoch: 24, Loss: 13.9600, Rmse_valid: 10.4744, valid_score: 2746.4, , rmse_test: 13.0670, score_test: 278.5, Learning rate:0.00002000
Epoch: 25, Loss: 13.8931, Rmse_valid: 10.8167, valid_score: 2762.9, , rmse_test: 13.0844, score_test: 272.9, Learning rate:0.00002000
Epoch: 26, Loss: 13.9142, Rmse_valid: 10.8617, valid_score: 2757.8, , rmse_test: 13.0650, score_test: 273.8, Learning rate:0.00002000
Epoch: 27, Loss: 13.9193, Rmse_valid: 11.0533, valid_score: 2753.8, , rmse_test: 13.0537, score_test: 279.0, Learning rate:0.00002000
Epoch: 28, Loss: 13.9614, Rmse_valid: 10.8028, valid_score: 2782.5, , rmse_test: 13.0704, score_test: 274.4, Learning rate:0.00002000
Epoch: 29, Loss: 13.9277, Rmse_valid: 11.1213, valid_score: 2772.3, , rmse_test: 13.1022, score_test: 273.3, Learning rate:0.00002000
Epoch: 30, Loss: 13.8933, Rmse_valid: 10.9013, valid_score: 2757.5, , rmse_test: 13.0519, score_test: 277.5, Learning rate:0.00002000
[Train Summary] Restored best model from epoch 17, rmse_valid: 10.4555, valid_score: 2691.4, rmse_test: 12.9822, score_test: 283.5
[Train Time] start: 2026-08-04 02:25:42, end: 2026-08-04 02:29:23, duration: 0:03:42, total_seconds: 221.61
[Auto Test] command: /usr/local/miniconda3/envs/HV/bin/python /Mamba_Rul/test_GAT_EDmamba/test_model.py --sub-dataset FD001 --smooth-rate 30 --sequence-len 30 --feature-num 14 --dataset-root /Mamba_Rul/CMAPSSData/ --max-rul 125 --batch-size 128 --model-path /Mamba_Rul/logs/FD001_GAT_EDmamba_dstate_64/seed33/model_FD001_0804_022542_seed33.pkl
model_path:/Mamba_Rul/logs/FD001_GAT_EDmamba_dstate_64/seed33/model_FD001_0804_022542_seed33.pkl
rmse_final:13.052968978881836, score:275.9413757324219
