-----FD004-----
关键参数:
序列长度: 30
批大小(batch_size): 128
最大训练轮数(max_epochs): 30
随机数种子: 30
模型代号(model_code): GAT_EDmamba4_dmodel_8
模型结构(model_structure): mamba_mamba
学习率: 0.002
学习率调度器: step
Step步长(step_size): 10
Step衰减系数(gamma): 0.1
use_gat: True
gat_hidden_dim: 8
编码器: 2层Mamba
解码器: 2层Mamba
mamba_d_model: 8
mamba_num_layers: 2
mamba_d_state: 16
训练损失: AdaptiveAsymmetricMSELoss
asym_alpha: 2.0
asym_gamma: 5.0
asym_delta: 0.9
focus_threshold: 35.0
cap_threshold: 125.0
------------------------------
Epoch: 1, Loss: 42.9842, Rmse_valid: 28.5221, valid_score: 147370.7, , rmse_test: 28.5491, score_test: 6776.1, Learning rate:0.00200000
Epoch: 2, Loss: 35.9431, Rmse_valid: 23.4932, valid_score: 65359.8, , rmse_test: 25.8879, score_test: 4134.3, Learning rate:0.00200000
Epoch: 3, Loss: 32.5071, Rmse_valid: 26.1574, valid_score: 154472.6, , rmse_test: 28.0105, score_test: 5932.1, Learning rate:0.00200000
Epoch: 4, Loss: 29.6598, Rmse_valid: 20.9096, valid_score: 53034.2, , rmse_test: 21.7978, score_test: 2468.9, Learning rate:0.00200000
Epoch: 5, Loss: 28.4513, Rmse_valid: 19.9807, valid_score: 57781.1, , rmse_test: 19.9708, score_test: 2893.8, Learning rate:0.00200000
Epoch: 6, Loss: 27.4169, Rmse_valid: 20.4362, valid_score: 40005.1, , rmse_test: 21.2247, score_test: 2300.1, Learning rate:0.00200000
Epoch: 7, Loss: 26.6114, Rmse_valid: 18.3553, valid_score: 30621.4, , rmse_test: 19.8031, score_test: 2072.8, Learning rate:0.00200000
Epoch: 8, Loss: 25.7700, Rmse_valid: 17.9956, valid_score: 29120.6, , rmse_test: 19.0539, score_test: 1689.1, Learning rate:0.00200000
Epoch: 9, Loss: 25.1266, Rmse_valid: 18.4521, valid_score: 33752.0, , rmse_test: 19.6370, score_test: 1839.2, Learning rate:0.00200000
Epoch: 10, Loss: 24.6771, Rmse_valid: 18.0638, valid_score: 29103.7, , rmse_test: 19.0628, score_test: 1578.9, Learning rate:0.00200000
Epoch: 11, Loss: 21.9059, Rmse_valid: 18.2043, valid_score: 34206.5, , rmse_test: 19.6012, score_test: 1728.1, Learning rate:0.00020000
Epoch: 12, Loss: 21.5475, Rmse_valid: 17.5039, valid_score: 31056.3, , rmse_test: 19.1180, score_test: 1575.6, Learning rate:0.00020000
Epoch: 13, Loss: 21.3627, Rmse_valid: 18.3487, valid_score: 33902.4, , rmse_test: 19.4776, score_test: 1621.2, Learning rate:0.00020000
Epoch: 14, Loss: 21.2484, Rmse_valid: 17.5338, valid_score: 31952.9, , rmse_test: 19.3550, score_test: 1641.9, Learning rate:0.00020000
Epoch: 15, Loss: 21.2027, Rmse_valid: 17.7633, valid_score: 35039.9, , rmse_test: 19.5922, score_test: 1720.1, Learning rate:0.00020000
Epoch: 16, Loss: 21.0618, Rmse_valid: 18.0211, valid_score: 33488.0, , rmse_test: 18.8596, score_test: 1531.9, Learning rate:0.00020000
Epoch: 17, Loss: 21.0010, Rmse_valid: 18.2649, valid_score: 39228.4, , rmse_test: 19.6482, score_test: 1782.8, Learning rate:0.00020000
Epoch: 18, Loss: 20.9454, Rmse_valid: 18.6868, valid_score: 40546.0, , rmse_test: 19.9449, score_test: 1862.3, Learning rate:0.00020000
Epoch: 19, Loss: 20.8783, Rmse_valid: 18.1232, valid_score: 34979.2, , rmse_test: 19.4378, score_test: 1686.7, Learning rate:0.00020000
Epoch: 20, Loss: 20.8165, Rmse_valid: 17.9137, valid_score: 34579.9, , rmse_test: 19.1518, score_test: 1647.0, Learning rate:0.00020000
Epoch: 21, Loss: 20.6224, Rmse_valid: 18.2923, valid_score: 35708.9, , rmse_test: 19.3952, score_test: 1708.4, Learning rate:0.00002000
Epoch: 22, Loss: 20.5061, Rmse_valid: 18.1674, valid_score: 36354.2, , rmse_test: 19.4978, score_test: 1735.5, Learning rate:0.00002000
Epoch: 23, Loss: 20.5726, Rmse_valid: 18.0608, valid_score: 37247.9, , rmse_test: 19.6847, score_test: 1803.4, Learning rate:0.00002000
Epoch: 24, Loss: 20.5319, Rmse_valid: 18.2418, valid_score: 35908.2, , rmse_test: 19.5123, score_test: 1724.3, Learning rate:0.00002000
Epoch: 25, Loss: 20.5249, Rmse_valid: 18.1505, valid_score: 37301.1, , rmse_test: 19.6713, score_test: 1779.7, Learning rate:0.00002000
Epoch: 26, Loss: 20.5424, Rmse_valid: 18.0157, valid_score: 36271.6, , rmse_test: 19.5430, score_test: 1755.3, Learning rate:0.00002000
Epoch: 27, Loss: 20.4969, Rmse_valid: 18.1742, valid_score: 36890.4, , rmse_test: 19.6450, score_test: 1775.8, Learning rate:0.00002000
Epoch: 28, Loss: 20.5013, Rmse_valid: 18.2740, valid_score: 37198.7, , rmse_test: 19.6459, score_test: 1786.0, Learning rate:0.00002000
Epoch: 29, Loss: 20.4459, Rmse_valid: 18.4273, valid_score: 37268.6, , rmse_test: 19.6322, score_test: 1789.9, Learning rate:0.00002000
Epoch: 30, Loss: 20.5103, Rmse_valid: 18.3775, valid_score: 37609.8, , rmse_test: 19.7038, score_test: 1799.0, Learning rate:0.00002000
[Train Summary] Restored best model from epoch 12, rmse_valid: 17.5039, valid_score: 31056.3, rmse_test: 19.1180, score_test: 1575.6
[Train Time] start: 2026-08-25 08:14:12, end: 2026-08-25 08:23:24, duration: 0:09:12, total_seconds: 551.85
[Auto Test] command: /usr/local/miniconda3/envs/HV/bin/python /Mamba_Rul/test_GAT_EDmamba/test_model.py --sub-dataset FD004 --smooth-rate 40 --sequence-len 30 --feature-num 14 --dataset-root /Mamba_Rul/CMAPSSData/ --max-rul 125 --batch-size 128 --model-path /Mamba_Rul/logs/FD004_GAT_EDmamba4_dmodel_8/seed30/model_FD004_0825_081412_seed30.pkl
model_path:/Mamba_Rul/logs/FD004_GAT_EDmamba4_dmodel_8/seed30/model_FD004_0825_081412_seed30.pkl
rmse_final:19.13776397705078, score:1551.3907470703125
