-----FD001-----
关键参数:
序列长度: 30
批大小(batch_size): 128
最大训练轮数(max_epochs): 30
随机数种子: 2
模型代号(model_code): GAT_EDmamba_dropout_0.1
模型结构(model_structure): mamba_mamba
学习率: 0.002
学习率调度器: step
Step步长(step_size): 10
Step衰减系数(gamma): 0.1
use_gat: True
gat_hidden_dim: 8
编码器: 2层Mamba
解码器: 2层Mamba
mamba_d_model: 4
mamba_num_layers: 2
mamba_d_state: 16
dropout: 0.1
训练损失: AdaptiveAsymmetricMSELoss
asym_alpha: 1.5
asym_gamma: 2.0
asym_delta: 0.9
focus_threshold: 35.0
cap_threshold: 125.0
------------------------------
Epoch: 1, Loss: 32.6720, Rmse_valid: 24.6038, valid_score: 18081.1, , rmse_test: 22.4051, score_test: 1448.1, Learning rate:0.00200000
Epoch: 2, Loss: 27.6917, Rmse_valid: 24.9948, valid_score: 17765.0, , rmse_test: 20.3003, score_test: 655.1, Learning rate:0.00200000
Epoch: 3, Loss: 23.2587, Rmse_valid: 17.8740, valid_score: 6949.3, , rmse_test: 15.4861, score_test: 340.3, Learning rate:0.00200000
Epoch: 4, Loss: 20.3692, Rmse_valid: 16.0054, valid_score: 5335.7, , rmse_test: 15.7481, score_test: 324.6, Learning rate:0.00200000
Epoch: 5, Loss: 18.6192, Rmse_valid: 13.9495, valid_score: 4359.2, , rmse_test: 14.1555, score_test: 326.6, Learning rate:0.00200000
Epoch: 6, Loss: 17.6555, Rmse_valid: 14.0351, valid_score: 4415.6, , rmse_test: 14.2050, score_test: 381.2, Learning rate:0.00200000
Epoch: 7, Loss: 17.0932, Rmse_valid: 12.5004, valid_score: 3958.6, , rmse_test: 13.5934, score_test: 315.9, Learning rate:0.00200000
Epoch: 8, Loss: 16.8337, Rmse_valid: 15.0961, valid_score: 4777.5, , rmse_test: 15.2416, score_test: 294.8, Learning rate:0.00200000
Epoch: 9, Loss: 16.3720, Rmse_valid: 17.2510, valid_score: 6155.4, , rmse_test: 17.0654, score_test: 388.3, Learning rate:0.00200000
Epoch: 10, Loss: 16.0971, Rmse_valid: 11.9029, valid_score: 3274.8, , rmse_test: 13.3096, score_test: 292.5, Learning rate:0.00200000
Epoch: 11, Loss: 15.0694, Rmse_valid: 11.0942, valid_score: 3021.3, , rmse_test: 13.2230, score_test: 284.8, Learning rate:0.00020000
Epoch: 12, Loss: 14.9359, Rmse_valid: 11.3615, valid_score: 2988.3, , rmse_test: 13.3284, score_test: 279.1, Learning rate:0.00020000
Epoch: 13, Loss: 14.9149, Rmse_valid: 11.0291, valid_score: 3030.8, , rmse_test: 13.2352, score_test: 285.5, Learning rate:0.00020000
Epoch: 14, Loss: 14.9097, Rmse_valid: 11.3348, valid_score: 3050.3, , rmse_test: 13.2394, score_test: 291.1, Learning rate:0.00020000
Epoch: 15, Loss: 14.8677, Rmse_valid: 11.5648, valid_score: 3047.6, , rmse_test: 13.3086, score_test: 310.4, Learning rate:0.00020000
Epoch: 16, Loss: 14.8682, Rmse_valid: 11.1544, valid_score: 3065.3, , rmse_test: 13.4199, score_test: 291.0, Learning rate:0.00020000
Epoch: 17, Loss: 14.7789, Rmse_valid: 11.5602, valid_score: 3061.5, , rmse_test: 13.3839, score_test: 264.1, Learning rate:0.00020000
Epoch: 18, Loss: 14.6964, Rmse_valid: 11.6854, valid_score: 3047.2, , rmse_test: 13.2303, score_test: 274.7, Learning rate:0.00020000
Epoch: 19, Loss: 14.7155, Rmse_valid: 11.2507, valid_score: 3087.1, , rmse_test: 13.1846, score_test: 306.4, Learning rate:0.00020000
Epoch: 20, Loss: 14.7254, Rmse_valid: 11.6544, valid_score: 3064.1, , rmse_test: 13.2800, score_test: 300.2, Learning rate:0.00020000
Epoch: 21, Loss: 14.5599, Rmse_valid: 11.2681, valid_score: 3028.9, , rmse_test: 13.2158, score_test: 273.6, Learning rate:0.00002000
Epoch: 22, Loss: 14.6119, Rmse_valid: 11.4388, valid_score: 3029.3, , rmse_test: 13.1676, score_test: 275.4, Learning rate:0.00002000
Epoch: 23, Loss: 14.6067, Rmse_valid: 11.2608, valid_score: 3010.6, , rmse_test: 13.2312, score_test: 274.3, Learning rate:0.00002000
Epoch: 24, Loss: 14.5240, Rmse_valid: 11.0378, valid_score: 3025.4, , rmse_test: 13.2099, score_test: 276.4, Learning rate:0.00002000
Epoch: 25, Loss: 14.5364, Rmse_valid: 11.3260, valid_score: 3013.0, , rmse_test: 13.2143, score_test: 277.4, Learning rate:0.00002000
Epoch: 26, Loss: 14.6418, Rmse_valid: 11.2326, valid_score: 3017.2, , rmse_test: 13.2325, score_test: 277.0, Learning rate:0.00002000
Epoch: 27, Loss: 14.5236, Rmse_valid: 11.1461, valid_score: 3020.1, , rmse_test: 13.2674, score_test: 273.3, Learning rate:0.00002000
Epoch: 28, Loss: 14.5071, Rmse_valid: 11.4802, valid_score: 3012.2, , rmse_test: 13.2112, score_test: 278.5, Learning rate:0.00002000
Epoch: 29, Loss: 14.5746, Rmse_valid: 11.1374, valid_score: 3005.0, , rmse_test: 13.2473, score_test: 274.7, Learning rate:0.00002000
Epoch: 30, Loss: 14.5938, Rmse_valid: 10.9734, valid_score: 3010.5, , rmse_test: 13.2323, score_test: 273.8, Learning rate:0.00002000
[Train Summary] Restored best model from epoch 30, rmse_valid: 10.9734, valid_score: 3010.5, rmse_test: 13.2323, score_test: 273.8
[Train Time] start: 2026-09-02 13:37:09, end: 2026-09-02 13:39:58, duration: 0:02:49, total_seconds: 169.31
[Auto Test] command: /usr/local/miniconda3/envs/HV/bin/python /Mamba_Rul/test_GAT_EDmamba/test_model.py --sub-dataset FD001 --smooth-rate 30 --sequence-len 30 --feature-num 14 --dataset-root /Mamba_Rul/CMAPSSData/ --max-rul 125 --batch-size 128 --model-path /Mamba_Rul/logs/FD001_GAT_EDmamba_dropout_0.1/seed2/model_FD001_0902_133709_seed2.pkl
model_path:/Mamba_Rul/logs/FD001_GAT_EDmamba_dropout_0.1/seed2/model_FD001_0902_133709_seed2.pkl
rmse_final:13.354774475097656, score:272.5113830566406
