-----FD003-----
关键参数:
序列长度: 30
批大小(batch_size): 128
最大训练轮数(max_epochs): 30
随机数种子: 88
模型代号(model_code): GAT_EDmamba_dropout_0.2
模型结构(model_structure): mamba_mamba
学习率: 0.002
学习率调度器: step
Step步长(step_size): 10
Step衰减系数(gamma): 0.1
use_gat: True
gat_hidden_dim: 8
编码器: 2层Mamba
解码器: 2层Mamba
mamba_d_model: 32
mamba_num_layers: 2
mamba_d_state: 64
dropout: 0.2
训练损失: AdaptiveAsymmetricMSELoss
asym_alpha: 3.5
asym_gamma: 5.0
asym_delta: 0.9
focus_threshold: 35.0
cap_threshold: 125.0
------------------------------
Epoch: 1, Loss: 43.8672, Rmse_valid: 29.3211, valid_score: 102837.7, , rmse_test: 24.8865, score_test: 2097.0, Learning rate:0.00200000
Epoch: 2, Loss: 31.0328, Rmse_valid: 22.3320, valid_score: 27108.5, , rmse_test: 20.3004, score_test: 998.7, Learning rate:0.00200000
Epoch: 3, Loss: 26.8664, Rmse_valid: 16.9983, valid_score: 10967.8, , rmse_test: 15.0519, score_test: 474.5, Learning rate:0.00200000
Epoch: 4, Loss: 22.7208, Rmse_valid: 20.8227, valid_score: 15382.5, , rmse_test: 18.7666, score_test: 495.3, Learning rate:0.00200000
Epoch: 5, Loss: 20.1585, Rmse_valid: 14.7465, valid_score: 8467.1, , rmse_test: 14.4923, score_test: 640.2, Learning rate:0.00200000
Epoch: 6, Loss: 19.1887, Rmse_valid: 17.5996, valid_score: 11364.9, , rmse_test: 16.3674, score_test: 460.3, Learning rate:0.00200000
Epoch: 7, Loss: 18.2582, Rmse_valid: 14.7587, valid_score: 7129.3, , rmse_test: 15.8850, score_test: 353.3, Learning rate:0.00200000
Epoch: 8, Loss: 17.7427, Rmse_valid: 16.8854, valid_score: 9329.8, , rmse_test: 14.4216, score_test: 283.2, Learning rate:0.00200000
Epoch: 9, Loss: 18.2543, Rmse_valid: 15.4823, valid_score: 7671.6, , rmse_test: 16.5275, score_test: 373.8, Learning rate:0.00200000
Epoch: 10, Loss: 19.0108, Rmse_valid: 16.5486, valid_score: 11202.4, , rmse_test: 14.6872, score_test: 385.6, Learning rate:0.00200000
Epoch: 11, Loss: 14.4029, Rmse_valid: 12.3079, valid_score: 5198.8, , rmse_test: 13.2763, score_test: 267.0, Learning rate:0.00020000
Epoch: 12, Loss: 14.0123, Rmse_valid: 12.3862, valid_score: 5101.3, , rmse_test: 13.3624, score_test: 250.3, Learning rate:0.00020000
Epoch: 13, Loss: 13.7522, Rmse_valid: 11.6681, valid_score: 4797.5, , rmse_test: 13.1966, score_test: 269.4, Learning rate:0.00020000
Epoch: 14, Loss: 13.5467, Rmse_valid: 10.9052, valid_score: 4482.3, , rmse_test: 13.0095, score_test: 276.0, Learning rate:0.00020000
Epoch: 15, Loss: 13.3202, Rmse_valid: 10.7498, valid_score: 4365.8, , rmse_test: 13.1120, score_test: 271.9, Learning rate:0.00020000
Epoch: 16, Loss: 13.0793, Rmse_valid: 10.6842, valid_score: 4407.9, , rmse_test: 13.1854, score_test: 277.5, Learning rate:0.00020000
Epoch: 17, Loss: 13.0417, Rmse_valid: 10.7565, valid_score: 4441.1, , rmse_test: 12.9199, score_test: 259.4, Learning rate:0.00020000
Epoch: 18, Loss: 12.8811, Rmse_valid: 10.2488, valid_score: 3931.9, , rmse_test: 13.1083, score_test: 260.3, Learning rate:0.00020000
Epoch: 19, Loss: 12.8028, Rmse_valid: 11.1498, valid_score: 4357.3, , rmse_test: 13.0060, score_test: 261.6, Learning rate:0.00020000
Epoch: 20, Loss: 12.6763, Rmse_valid: 12.2851, valid_score: 5275.3, , rmse_test: 13.4812, score_test: 263.2, Learning rate:0.00020000
Epoch: 21, Loss: 12.4442, Rmse_valid: 10.7630, valid_score: 4240.0, , rmse_test: 13.2356, score_test: 263.7, Learning rate:0.00002000
Epoch: 22, Loss: 12.3403, Rmse_valid: 10.9135, valid_score: 4334.4, , rmse_test: 13.2624, score_test: 263.0, Learning rate:0.00002000
Epoch: 23, Loss: 12.3442, Rmse_valid: 10.6295, valid_score: 4136.7, , rmse_test: 13.2820, score_test: 257.4, Learning rate:0.00002000
Epoch: 24, Loss: 12.3149, Rmse_valid: 10.7623, valid_score: 4206.5, , rmse_test: 13.2327, score_test: 259.0, Learning rate:0.00002000
Epoch: 25, Loss: 12.3112, Rmse_valid: 10.6821, valid_score: 4148.5, , rmse_test: 13.2979, score_test: 260.9, Learning rate:0.00002000
Epoch: 26, Loss: 12.3654, Rmse_valid: 10.6051, valid_score: 4056.0, , rmse_test: 13.2576, score_test: 262.8, Learning rate:0.00002000
Epoch: 27, Loss: 12.2957, Rmse_valid: 10.9190, valid_score: 4245.1, , rmse_test: 13.2693, score_test: 264.0, Learning rate:0.00002000
Epoch: 28, Loss: 12.2732, Rmse_valid: 10.9755, valid_score: 4285.4, , rmse_test: 13.3032, score_test: 262.8, Learning rate:0.00002000
Epoch: 29, Loss: 12.2125, Rmse_valid: 10.7651, valid_score: 4226.4, , rmse_test: 13.2912, score_test: 268.2, Learning rate:0.00002000
Epoch: 30, Loss: 12.2231, Rmse_valid: 10.8596, valid_score: 4284.3, , rmse_test: 13.3242, score_test: 265.0, Learning rate:0.00002000
[Train Summary] Restored best model from epoch 18, rmse_valid: 10.2488, valid_score: 3931.9, rmse_test: 13.1083, score_test: 260.3
[Train Time] start: 2026-09-03 01:40:14, end: 2026-09-03 01:43:02, duration: 0:02:47, total_seconds: 167.45
[Auto Test] command: /usr/local/miniconda3/envs/HV/bin/python /Mamba_Rul/test_GAT_EDmamba/test_model.py --sub-dataset FD003 --smooth-rate 30 --sequence-len 30 --feature-num 14 --dataset-root /Mamba_Rul/CMAPSSData/ --max-rul 125 --batch-size 128 --model-path /Mamba_Rul/logs/FD003_GAT_EDmamba_dropout_0.2/seed88/model_FD003_0903_014014_seed88.pkl
model_path:/Mamba_Rul/logs/FD003_GAT_EDmamba_dropout_0.2/seed88/model_FD003_0903_014014_seed88.pkl
rmse_final:13.193559646606445, score:259.8374328613281
