-----FD002-----
关键参数:
序列长度: 30
批大小(batch_size): 128
最大训练轮数(max_epochs): 30
随机数种子: 97
模型代号(model_code): 1GAT_EDmamba_dstate_64
模型结构(model_structure): mamba_mamba
学习率: 0.002
学习率调度器: step
Step步长(step_size): 10
Step衰减系数(gamma): 0.1
use_gat: True
gat_hidden_dim: 8
编码器: 2层Mamba
解码器: 2层Mamba
mamba_d_model: 16
mamba_num_layers: 2
mamba_d_state: 64
训练损失: AdaptiveAsymmetricMSELoss
asym_alpha: 3.0
asym_gamma: 5.0
asym_delta: 0.9
focus_threshold: 35.0
cap_threshold: 125.0
------------------------------
Epoch: 1, Loss: 48.8530, Rmse_valid: 30.4463, valid_score: 124910.8, , rmse_test: 29.2221, score_test: 7641.9, Learning rate:0.00200000
Epoch: 2, Loss: 34.3644, Rmse_valid: 24.7901, valid_score: 46330.6, , rmse_test: 23.2546, score_test: 2068.8, Learning rate:0.00200000
Epoch: 3, Loss: 30.1107, Rmse_valid: 23.6910, valid_score: 44880.4, , rmse_test: 22.2952, score_test: 2320.5, Learning rate:0.00200000
Epoch: 4, Loss: 28.0205, Rmse_valid: 23.4086, valid_score: 41025.9, , rmse_test: 21.9262, score_test: 1766.8, Learning rate:0.00200000
Epoch: 5, Loss: 26.6672, Rmse_valid: 20.8527, valid_score: 32184.9, , rmse_test: 20.2591, score_test: 1654.9, Learning rate:0.00200000
Epoch: 6, Loss: 25.5048, Rmse_valid: 20.8454, valid_score: 32914.0, , rmse_test: 18.9466, score_test: 1459.0, Learning rate:0.00200000
Epoch: 7, Loss: 24.6873, Rmse_valid: 20.3118, valid_score: 31350.4, , rmse_test: 17.2730, score_test: 1058.2, Learning rate:0.00200000
Epoch: 8, Loss: 23.7103, Rmse_valid: 20.3644, valid_score: 28736.2, , rmse_test: 17.4052, score_test: 1009.8, Learning rate:0.00200000
Epoch: 9, Loss: 23.2867, Rmse_valid: 19.4083, valid_score: 25485.1, , rmse_test: 18.0427, score_test: 1195.4, Learning rate:0.00200000
Epoch: 10, Loss: 22.8443, Rmse_valid: 18.7651, valid_score: 24989.7, , rmse_test: 15.8894, score_test: 882.9, Learning rate:0.00200000
Epoch: 11, Loss: 19.2412, Rmse_valid: 18.3916, valid_score: 24493.7, , rmse_test: 15.2313, score_test: 818.4, Learning rate:0.00020000
Epoch: 12, Loss: 18.7729, Rmse_valid: 18.5167, valid_score: 24666.3, , rmse_test: 15.5030, score_test: 835.4, Learning rate:0.00020000
Epoch: 13, Loss: 18.5370, Rmse_valid: 18.5716, valid_score: 23564.9, , rmse_test: 16.0417, score_test: 949.7, Learning rate:0.00020000
Epoch: 14, Loss: 18.3325, Rmse_valid: 17.8002, valid_score: 22889.2, , rmse_test: 15.1202, score_test: 841.7, Learning rate:0.00020000
Epoch: 15, Loss: 18.1461, Rmse_valid: 17.9445, valid_score: 23207.6, , rmse_test: 15.3028, score_test: 902.7, Learning rate:0.00020000
Epoch: 16, Loss: 18.0154, Rmse_valid: 18.3386, valid_score: 24430.8, , rmse_test: 15.8203, score_test: 972.2, Learning rate:0.00020000
Epoch: 17, Loss: 17.8547, Rmse_valid: 18.0518, valid_score: 24247.7, , rmse_test: 15.4462, score_test: 944.1, Learning rate:0.00020000
Epoch: 18, Loss: 17.6938, Rmse_valid: 18.4263, valid_score: 24343.4, , rmse_test: 15.9281, score_test: 1091.7, Learning rate:0.00020000
Epoch: 19, Loss: 17.5430, Rmse_valid: 18.3407, valid_score: 23679.0, , rmse_test: 15.7492, score_test: 992.6, Learning rate:0.00020000
Epoch: 20, Loss: 17.4015, Rmse_valid: 17.6530, valid_score: 22411.0, , rmse_test: 15.6240, score_test: 983.2, Learning rate:0.00020000
Epoch: 21, Loss: 17.0766, Rmse_valid: 17.7278, valid_score: 23408.5, , rmse_test: 15.6038, score_test: 1012.5, Learning rate:0.00002000
Epoch: 22, Loss: 17.0082, Rmse_valid: 17.6522, valid_score: 23619.3, , rmse_test: 15.5325, score_test: 1001.2, Learning rate:0.00002000
Epoch: 23, Loss: 17.0105, Rmse_valid: 17.6108, valid_score: 23294.9, , rmse_test: 15.5779, score_test: 1015.5, Learning rate:0.00002000
Epoch: 24, Loss: 16.9953, Rmse_valid: 17.5149, valid_score: 23543.3, , rmse_test: 15.4466, score_test: 995.7, Learning rate:0.00002000
Epoch: 25, Loss: 16.9576, Rmse_valid: 17.6750, valid_score: 23755.0, , rmse_test: 15.5593, score_test: 996.9, Learning rate:0.00002000
Epoch: 26, Loss: 16.9454, Rmse_valid: 17.5731, valid_score: 23790.0, , rmse_test: 15.6129, score_test: 1022.4, Learning rate:0.00002000
Epoch: 27, Loss: 16.9651, Rmse_valid: 17.7035, valid_score: 23648.7, , rmse_test: 15.6139, score_test: 1023.6, Learning rate:0.00002000
Epoch: 28, Loss: 16.9228, Rmse_valid: 17.8113, valid_score: 23925.8, , rmse_test: 15.6468, score_test: 1026.6, Learning rate:0.00002000
Epoch: 29, Loss: 16.8790, Rmse_valid: 17.6722, valid_score: 23506.8, , rmse_test: 15.5391, score_test: 1034.8, Learning rate:0.00002000
Epoch: 30, Loss: 16.8665, Rmse_valid: 17.5937, valid_score: 23603.6, , rmse_test: 15.5841, score_test: 1023.9, Learning rate:0.00002000
[Train Summary] Restored best model from epoch 24, rmse_valid: 17.5149, valid_score: 23543.3, rmse_test: 15.4466, score_test: 995.7
[Train Time] start: 2026-08-28 12:07:09, end: 2026-08-28 12:15:46, duration: 0:08:37, total_seconds: 517.32
[Auto Test] command: /usr/local/miniconda3/envs/HV/bin/python /Mamba_Rul/test_GAT_EDmamba/test_model.py --sub-dataset FD002 --smooth-rate 40 --sequence-len 30 --feature-num 14 --dataset-root /Mamba_Rul/CMAPSSData/ --max-rul 125 --batch-size 128 --model-path /Mamba_Rul/logs/FD002_1GAT_EDmamba_dstate_64/seed97/model_FD002_0828_120709_seed97.pkl
model_path:/Mamba_Rul/logs/FD002_1GAT_EDmamba_dstate_64/seed97/model_FD002_0828_120709_seed97.pkl
rmse_final:15.542941093444824, score:984.9151611328125
