-----FD003-----
关键参数:
序列长度: 30
批大小(batch_size): 128
最大训练轮数(max_epochs): 30
随机数种子: 17
模型代号(model_code): GAT_EDmamba_64
模型结构(model_structure): mamba_mamba
学习率: 0.002
学习率调度器: step
Step步长(step_size): 10
Step衰减系数(gamma): 0.1
use_gat: True
gat_hidden_dim: 8
编码器: 2层Mamba
解码器: 2层Mamba
encoder_hidden_size: 64
mamba_num_layers: 2
mamba_d_state: 16
训练损失: AdaptiveAsymmetricMSELoss
asym_alpha: 3.5
asym_gamma: 5.0
asym_delta: 0.9
focus_threshold: 35.0
cap_threshold: 125.0
------------------------------
Epoch: 1, Loss: 117.2523, Rmse_valid: 20.5512, valid_score: 24390.8, , rmse_test: 21.5345, score_test: 1496.8, Learning rate:0.00200000
Epoch: 2, Loss: 28.9181, Rmse_valid: 20.4950, valid_score: 16638.4, , rmse_test: 19.1350, score_test: 618.4, Learning rate:0.00200000
Epoch: 3, Loss: 24.3711, Rmse_valid: 18.1739, valid_score: 15596.5, , rmse_test: 24.2499, score_test: 1094.5, Learning rate:0.00200000
Epoch: 4, Loss: 23.1996, Rmse_valid: 21.4732, valid_score: 16204.9, , rmse_test: 18.4878, score_test: 482.7, Learning rate:0.00200000
Epoch: 5, Loss: 33.3650, Rmse_valid: 16.1413, valid_score: 10035.7, , rmse_test: 15.8397, score_test: 598.0, Learning rate:0.00200000
Epoch: 6, Loss: 19.8578, Rmse_valid: 14.6676, valid_score: 8278.2, , rmse_test: 18.5232, score_test: 549.9, Learning rate:0.00200000
Epoch: 7, Loss: 20.1046, Rmse_valid: 16.6572, valid_score: 10262.4, , rmse_test: 17.8658, score_test: 476.8, Learning rate:0.00200000
Epoch: 8, Loss: 19.0450, Rmse_valid: 12.7661, valid_score: 9159.6, , rmse_test: 16.3066, score_test: 655.6, Learning rate:0.00200000
Epoch: 9, Loss: 33.7919, Rmse_valid: 19.5356, valid_score: 12147.8, , rmse_test: 16.5794, score_test: 448.5, Learning rate:0.00200000
Epoch: 10, Loss: 17.7031, Rmse_valid: 18.0320, valid_score: 10360.1, , rmse_test: 21.1375, score_test: 654.7, Learning rate:0.00200000
Epoch: 11, Loss: 14.4745, Rmse_valid: 12.2351, valid_score: 5645.5, , rmse_test: 13.1605, score_test: 268.4, Learning rate:0.00020000
Epoch: 12, Loss: 13.6416, Rmse_valid: 11.8757, valid_score: 5178.8, , rmse_test: 12.9573, score_test: 234.3, Learning rate:0.00020000
Epoch: 13, Loss: 13.4872, Rmse_valid: 11.9344, valid_score: 5141.9, , rmse_test: 13.2758, score_test: 221.2, Learning rate:0.00020000
Epoch: 14, Loss: 13.1373, Rmse_valid: 11.0875, valid_score: 5034.5, , rmse_test: 13.0437, score_test: 242.4, Learning rate:0.00020000
Epoch: 15, Loss: 12.9373, Rmse_valid: 10.9316, valid_score: 4532.7, , rmse_test: 12.6219, score_test: 218.5, Learning rate:0.00020000
Epoch: 16, Loss: 12.6345, Rmse_valid: 10.9461, valid_score: 4379.6, , rmse_test: 12.6396, score_test: 216.8, Learning rate:0.00020000
Epoch: 17, Loss: 12.3721, Rmse_valid: 11.1889, valid_score: 4916.1, , rmse_test: 12.8581, score_test: 240.4, Learning rate:0.00020000
Epoch: 18, Loss: 12.2454, Rmse_valid: 10.8855, valid_score: 4970.9, , rmse_test: 12.7518, score_test: 216.2, Learning rate:0.00020000
Epoch: 19, Loss: 12.0057, Rmse_valid: 10.4244, valid_score: 4157.8, , rmse_test: 12.1288, score_test: 216.6, Learning rate:0.00020000
Epoch: 20, Loss: 11.7754, Rmse_valid: 11.0875, valid_score: 4377.9, , rmse_test: 13.1263, score_test: 228.9, Learning rate:0.00020000
Epoch: 21, Loss: 11.1954, Rmse_valid: 10.7665, valid_score: 4571.0, , rmse_test: 12.5504, score_test: 218.3, Learning rate:0.00002000
Epoch: 22, Loss: 11.0500, Rmse_valid: 10.6881, valid_score: 4459.5, , rmse_test: 12.4299, score_test: 214.1, Learning rate:0.00002000
Epoch: 23, Loss: 11.0192, Rmse_valid: 10.3076, valid_score: 4279.6, , rmse_test: 12.3249, score_test: 212.9, Learning rate:0.00002000
Epoch: 24, Loss: 10.9825, Rmse_valid: 10.7747, valid_score: 4672.4, , rmse_test: 12.5150, score_test: 221.0, Learning rate:0.00002000
Epoch: 25, Loss: 10.9673, Rmse_valid: 10.6695, valid_score: 4436.9, , rmse_test: 12.4976, score_test: 219.8, Learning rate:0.00002000
Epoch: 26, Loss: 10.9161, Rmse_valid: 10.6578, valid_score: 4559.4, , rmse_test: 12.5208, score_test: 221.6, Learning rate:0.00002000
Epoch: 27, Loss: 10.8927, Rmse_valid: 10.4131, valid_score: 4494.9, , rmse_test: 12.4238, score_test: 220.1, Learning rate:0.00002000
Epoch: 28, Loss: 10.8594, Rmse_valid: 10.5551, valid_score: 4482.4, , rmse_test: 12.4140, score_test: 215.9, Learning rate:0.00002000
Epoch: 29, Loss: 10.8024, Rmse_valid: 10.5124, valid_score: 4531.9, , rmse_test: 12.5228, score_test: 227.8, Learning rate:0.00002000
Epoch: 30, Loss: 10.7491, Rmse_valid: 10.5731, valid_score: 4454.5, , rmse_test: 12.3995, score_test: 217.1, Learning rate:0.00002000
[Train Summary] Restored best model from epoch 23, rmse_valid: 10.3076, valid_score: 4279.6, rmse_test: 12.3249, score_test: 212.9
[Train Time] start: 2026-07-31 00:39:30, end: 2026-07-31 00:44:09, duration: 0:04:38, total_seconds: 278.20
[Auto Test] command: /usr/local/miniconda3/envs/HV/bin/python /Mamba_Rul/test_GAT_EDmamba/test_model.py --sub-dataset FD003 --smooth-rate 30 --sequence-len 30 --feature-num 14 --dataset-root /Mamba_Rul/CMAPSSData/ --max-rul 125 --batch-size 128 --model-path /Mamba_Rul/logs/FD003_GAT_EDmamba_64/seed17/model_FD003_0731_003930_seed17.pkl
model_path:/Mamba_Rul/logs/FD003_GAT_EDmamba_64/seed17/model_FD003_0731_003930_seed17.pkl
rmse_final:12.364869117736816, score:208.45834350585938
