-----FD003-----
关键参数:
序列长度: 30
批大小(batch_size): 128
最大训练轮数(max_epochs): 30
随机数种子: 97
模型代号(model_code): 1GAT_EDmamba_dstate_8
模型结构(model_structure): mamba_mamba
学习率: 0.002
学习率调度器: step
Step步长(step_size): 10
Step衰减系数(gamma): 0.1
use_gat: True
gat_hidden_dim: 8
编码器: 2层Mamba
解码器: 2层Mamba
mamba_d_model: 32
mamba_num_layers: 2
mamba_d_state: 8
训练损失: AdaptiveAsymmetricMSELoss
asym_alpha: 3.5
asym_gamma: 5.0
asym_delta: 0.9
focus_threshold: 35.0
cap_threshold: 125.0
------------------------------
Epoch: 1, Loss: 40.9882, Rmse_valid: 26.6514, valid_score: 41461.2, , rmse_test: 19.7891, score_test: 1049.6, Learning rate:0.00200000
Epoch: 2, Loss: 23.0662, Rmse_valid: 20.7875, valid_score: 15955.2, , rmse_test: 16.2310, score_test: 445.4, Learning rate:0.00200000
Epoch: 3, Loss: 20.6365, Rmse_valid: 15.9008, valid_score: 8273.5, , rmse_test: 14.5625, score_test: 285.3, Learning rate:0.00200000
Epoch: 4, Loss: 18.9823, Rmse_valid: 12.2638, valid_score: 5463.8, , rmse_test: 13.7315, score_test: 362.3, Learning rate:0.00200000
Epoch: 5, Loss: 18.3715, Rmse_valid: 12.4256, valid_score: 6482.6, , rmse_test: 14.7913, score_test: 402.4, Learning rate:0.00200000
Epoch: 6, Loss: 17.1237, Rmse_valid: 14.2085, valid_score: 6319.2, , rmse_test: 13.7050, score_test: 259.7, Learning rate:0.00200000
Epoch: 7, Loss: 17.4667, Rmse_valid: 21.5175, valid_score: 16626.1, , rmse_test: 21.2026, score_test: 658.3, Learning rate:0.00200000
Epoch: 8, Loss: 16.1896, Rmse_valid: 15.2156, valid_score: 7499.3, , rmse_test: 13.8765, score_test: 254.9, Learning rate:0.00200000
Epoch: 9, Loss: 15.8277, Rmse_valid: 10.0800, valid_score: 4459.8, , rmse_test: 12.8268, score_test: 365.5, Learning rate:0.00200000
Epoch: 10, Loss: 15.6271, Rmse_valid: 13.7041, valid_score: 6288.2, , rmse_test: 13.2969, score_test: 300.5, Learning rate:0.00200000
Epoch: 11, Loss: 12.9510, Rmse_valid: 10.7723, valid_score: 4009.6, , rmse_test: 12.1988, score_test: 230.6, Learning rate:0.00020000
Epoch: 12, Loss: 12.7094, Rmse_valid: 11.2312, valid_score: 4253.0, , rmse_test: 12.3718, score_test: 238.5, Learning rate:0.00020000
Epoch: 13, Loss: 12.5822, Rmse_valid: 11.9933, valid_score: 4805.9, , rmse_test: 12.2946, score_test: 231.0, Learning rate:0.00020000
Epoch: 14, Loss: 12.4113, Rmse_valid: 11.3307, valid_score: 4581.2, , rmse_test: 12.2266, score_test: 230.8, Learning rate:0.00020000
Epoch: 15, Loss: 12.2500, Rmse_valid: 11.1101, valid_score: 4416.7, , rmse_test: 12.0661, score_test: 221.9, Learning rate:0.00020000
Epoch: 16, Loss: 12.1130, Rmse_valid: 11.8255, valid_score: 4838.3, , rmse_test: 12.4430, score_test: 246.8, Learning rate:0.00020000
Epoch: 17, Loss: 12.0262, Rmse_valid: 10.7784, valid_score: 4137.5, , rmse_test: 12.0534, score_test: 219.5, Learning rate:0.00020000
Epoch: 18, Loss: 11.9083, Rmse_valid: 11.3695, valid_score: 4508.9, , rmse_test: 12.3047, score_test: 216.9, Learning rate:0.00020000
Epoch: 19, Loss: 11.8028, Rmse_valid: 10.8824, valid_score: 4214.6, , rmse_test: 11.8154, score_test: 208.6, Learning rate:0.00020000
Epoch: 20, Loss: 11.6991, Rmse_valid: 11.7021, valid_score: 4657.8, , rmse_test: 12.1203, score_test: 223.9, Learning rate:0.00020000
Epoch: 21, Loss: 11.4956, Rmse_valid: 10.7300, valid_score: 3972.7, , rmse_test: 11.8195, score_test: 212.1, Learning rate:0.00002000
Epoch: 22, Loss: 11.4427, Rmse_valid: 11.0578, valid_score: 4241.0, , rmse_test: 11.8893, score_test: 212.7, Learning rate:0.00002000
Epoch: 23, Loss: 11.4674, Rmse_valid: 11.2322, valid_score: 4357.9, , rmse_test: 11.9311, score_test: 210.7, Learning rate:0.00002000
Epoch: 24, Loss: 11.4139, Rmse_valid: 11.0408, valid_score: 4213.2, , rmse_test: 11.8844, score_test: 208.1, Learning rate:0.00002000
Epoch: 25, Loss: 11.4453, Rmse_valid: 10.9378, valid_score: 4190.7, , rmse_test: 11.8605, score_test: 210.9, Learning rate:0.00002000
Epoch: 26, Loss: 11.4146, Rmse_valid: 11.1660, valid_score: 4304.9, , rmse_test: 11.8684, score_test: 209.8, Learning rate:0.00002000
Epoch: 27, Loss: 11.4037, Rmse_valid: 11.3385, valid_score: 4461.4, , rmse_test: 11.9781, score_test: 210.3, Learning rate:0.00002000
Epoch: 28, Loss: 11.3597, Rmse_valid: 11.0747, valid_score: 4283.9, , rmse_test: 11.8525, score_test: 211.0, Learning rate:0.00002000
Epoch: 29, Loss: 11.3971, Rmse_valid: 10.9551, valid_score: 4201.2, , rmse_test: 11.8989, score_test: 211.6, Learning rate:0.00002000
Epoch: 30, Loss: 11.3488, Rmse_valid: 11.1500, valid_score: 4264.5, , rmse_test: 11.8422, score_test: 207.2, Learning rate:0.00002000
[Train Summary] Restored best model from epoch 9, rmse_valid: 10.0800, valid_score: 4459.8, rmse_test: 12.8268, score_test: 365.5
[Train Time] start: 2026-08-28 13:41:12, end: 2026-08-28 13:45:13, duration: 0:04:01, total_seconds: 240.99
[Auto Test] command: /usr/local/miniconda3/envs/HV/bin/python /Mamba_Rul/test_GAT_EDmamba/test_model.py --sub-dataset FD003 --smooth-rate 30 --sequence-len 30 --feature-num 14 --dataset-root /Mamba_Rul/CMAPSSData/ --max-rul 125 --batch-size 128 --model-path /Mamba_Rul/logs/FD003_1GAT_EDmamba_dstate_8/seed97/model_FD003_0828_134112_seed97.pkl
model_path:/Mamba_Rul/logs/FD003_1GAT_EDmamba_dstate_8/seed97/model_FD003_0828_134112_seed97.pkl
rmse_final:12.798437118530273, score:354.26263427734375
