-----FD003-----
关键参数:
序列长度: 40
批大小(batch_size): 128
最大训练轮数(max_epochs): 30
随机数种子: 2
模型代号(model_code): GAT_EDmamba+40
模型结构(model_structure): mamba_mamba
学习率: 0.002
学习率调度器: step
Step步长(step_size): 10
Step衰减系数(gamma): 0.1
use_gat: True
gat_hidden_dim: 8
编码器: 2层Mamba
解码器: 2层Mamba
encoder_hidden_size: 16
mamba_num_layers: 2
mamba_d_state: 16
------------------------------
Epoch: 1, Loss: 25.8895, Rmse_valid: 19.1907, valid_score: 19858.8, , rmse_test: 24.0579, score_test: 3344.1, Learning rate:0.00200000
Epoch: 2, Loss: 17.3055, Rmse_valid: 20.8494, valid_score: 16834.8, , rmse_test: 16.3460, score_test: 604.2, Learning rate:0.00200000
Epoch: 3, Loss: 15.3276, Rmse_valid: 12.3902, valid_score: 8309.5, , rmse_test: 16.8655, score_test: 1235.5, Learning rate:0.00200000
Epoch: 4, Loss: 13.6921, Rmse_valid: 11.7890, valid_score: 7573.8, , rmse_test: 16.0887, score_test: 1083.1, Learning rate:0.00200000
Epoch: 5, Loss: 12.9913, Rmse_valid: 11.7397, valid_score: 8280.5, , rmse_test: 16.2443, score_test: 1014.6, Learning rate:0.00200000
Epoch: 6, Loss: 12.3330, Rmse_valid: 10.3978, valid_score: 6225.9, , rmse_test: 15.3562, score_test: 859.3, Learning rate:0.00200000
Epoch: 7, Loss: 11.9795, Rmse_valid: 10.7331, valid_score: 9764.5, , rmse_test: 16.3507, score_test: 1301.2, Learning rate:0.00200000
Epoch: 8, Loss: 11.6142, Rmse_valid: 9.5913, valid_score: 5645.4, , rmse_test: 14.5373, score_test: 727.1, Learning rate:0.00200000
Epoch: 9, Loss: 11.1140, Rmse_valid: 11.2456, valid_score: 5341.8, , rmse_test: 15.2262, score_test: 594.5, Learning rate:0.00200000
Epoch: 10, Loss: 10.8410, Rmse_valid: 11.1753, valid_score: 8197.1, , rmse_test: 17.5385, score_test: 1313.0, Learning rate:0.00200000
Epoch: 11, Loss: 9.2437, Rmse_valid: 9.4219, valid_score: 4647.7, , rmse_test: 13.9425, score_test: 656.3, Learning rate:0.00020000
Epoch: 12, Loss: 8.9180, Rmse_valid: 9.3699, valid_score: 5419.5, , rmse_test: 14.2495, score_test: 670.2, Learning rate:0.00020000
Epoch: 13, Loss: 8.8218, Rmse_valid: 9.5367, valid_score: 4748.9, , rmse_test: 14.1341, score_test: 638.1, Learning rate:0.00020000
Epoch: 14, Loss: 8.6804, Rmse_valid: 9.4736, valid_score: 4711.7, , rmse_test: 14.0972, score_test: 660.6, Learning rate:0.00020000
Epoch: 15, Loss: 8.5231, Rmse_valid: 9.1241, valid_score: 4368.9, , rmse_test: 13.9518, score_test: 615.7, Learning rate:0.00020000
Epoch: 16, Loss: 8.4533, Rmse_valid: 9.3427, valid_score: 4918.6, , rmse_test: 14.0253, score_test: 598.3, Learning rate:0.00020000
Epoch: 17, Loss: 8.2773, Rmse_valid: 9.2281, valid_score: 4257.2, , rmse_test: 13.6402, score_test: 523.6, Learning rate:0.00020000
Epoch: 18, Loss: 8.2014, Rmse_valid: 9.1738, valid_score: 4630.8, , rmse_test: 14.0156, score_test: 575.5, Learning rate:0.00020000
Epoch: 19, Loss: 8.0967, Rmse_valid: 9.3487, valid_score: 4224.4, , rmse_test: 13.7315, score_test: 535.8, Learning rate:0.00020000
Epoch: 20, Loss: 7.9806, Rmse_valid: 9.3713, valid_score: 4245.3, , rmse_test: 13.8421, score_test: 613.6, Learning rate:0.00020000
Epoch: 21, Loss: 7.8076, Rmse_valid: 9.1534, valid_score: 4434.9, , rmse_test: 13.9416, score_test: 608.2, Learning rate:0.00002000
Epoch: 22, Loss: 7.8154, Rmse_valid: 9.1521, valid_score: 4479.2, , rmse_test: 13.9644, score_test: 615.9, Learning rate:0.00002000
Epoch: 23, Loss: 7.7907, Rmse_valid: 9.1588, valid_score: 4360.9, , rmse_test: 13.8745, score_test: 591.4, Learning rate:0.00002000
Epoch: 24, Loss: 7.7690, Rmse_valid: 9.1609, valid_score: 4443.3, , rmse_test: 13.9148, score_test: 603.9, Learning rate:0.00002000
Epoch: 25, Loss: 7.7704, Rmse_valid: 9.0948, valid_score: 4379.3, , rmse_test: 13.9028, score_test: 588.0, Learning rate:0.00002000
Epoch: 26, Loss: 7.7554, Rmse_valid: 9.1843, valid_score: 4406.8, , rmse_test: 13.9125, score_test: 592.9, Learning rate:0.00002000
Epoch: 27, Loss: 7.7390, Rmse_valid: 9.1582, valid_score: 4530.2, , rmse_test: 13.9893, score_test: 602.4, Learning rate:0.00002000
Epoch: 28, Loss: 7.7461, Rmse_valid: 9.1730, valid_score: 4418.6, , rmse_test: 13.9028, score_test: 593.7, Learning rate:0.00002000
Epoch: 29, Loss: 7.7087, Rmse_valid: 9.1768, valid_score: 4481.7, , rmse_test: 13.9567, score_test: 591.6, Learning rate:0.00002000
Epoch: 30, Loss: 7.7115, Rmse_valid: 9.1058, valid_score: 4387.4, , rmse_test: 13.8506, score_test: 571.2, Learning rate:0.00002000
[Train Summary] Restored best model from epoch 25, rmse_valid: 9.0948, valid_score: 4379.3, rmse_test: 13.9028, score_test: 588.0
[Train Time] start: 2026-07-23 02:38:38, end: 2026-07-23 02:43:00, duration: 0:04:22, total_seconds: 262.18
[Auto Test] command: /usr/local/miniconda3/envs/HV/bin/python /Mamba_Rul/test_GAT_EDmamba/test_model.py --sub-dataset FD003 --smooth-rate 30 --sequence-len 40 --feature-num 14 --dataset-root /Mamba_Rul/CMAPSSData/ --max-rul 125 --batch-size 128 --model-path /Mamba_Rul/logs/FD003_GAT_EDmamba+40/seed2/model_FD003_0723_023838_seed2.pkl
model_path:/Mamba_Rul/logs/FD003_GAT_EDmamba+40/seed2/model_FD003_0723_023838_seed2.pkl
rmse_final:13.781146049499512, score:560.0291748046875
