-----FD003-----
关键参数:
序列长度: 30
批大小(batch_size): 128
最大训练轮数(max_epochs): 30
随机数种子: 30
模型代号(model_code): GAT_EDmamba_8
模型结构(model_structure): mamba_mamba
学习率: 0.002
学习率调度器: step
Step步长(step_size): 10
Step衰减系数(gamma): 0.1
use_gat: True
gat_hidden_dim: 8
编码器: 2层Mamba
解码器: 2层Mamba
encoder_hidden_size: 8
mamba_num_layers: 2
mamba_d_state: 16
训练损失: AdaptiveAsymmetricMSELoss
asym_alpha: 3.5
asym_gamma: 5.0
asym_delta: 0.9
focus_threshold: 35.0
cap_threshold: 125.0
------------------------------
Epoch: 1, Loss: 36.6232, Rmse_valid: 30.5263, valid_score: 79802.0, , rmse_test: 23.2561, score_test: 1560.8, Learning rate:0.00200000
Epoch: 2, Loss: 30.6120, Rmse_valid: 19.6084, valid_score: 18779.2, , rmse_test: 21.6074, score_test: 1173.1, Learning rate:0.00200000
Epoch: 3, Loss: 25.3597, Rmse_valid: 23.9390, valid_score: 27698.7, , rmse_test: 17.3770, score_test: 809.8, Learning rate:0.00200000
Epoch: 4, Loss: 22.0842, Rmse_valid: 17.3104, valid_score: 14981.9, , rmse_test: 19.4948, score_test: 819.7, Learning rate:0.00200000
Epoch: 5, Loss: 20.6572, Rmse_valid: 18.0137, valid_score: 15003.3, , rmse_test: 16.0072, score_test: 808.0, Learning rate:0.00200000
Epoch: 6, Loss: 19.6485, Rmse_valid: 12.5745, valid_score: 7203.9, , rmse_test: 15.4998, score_test: 511.9, Learning rate:0.00200000
Epoch: 7, Loss: 18.9362, Rmse_valid: 12.9788, valid_score: 7407.6, , rmse_test: 14.5308, score_test: 453.5, Learning rate:0.00200000
Epoch: 8, Loss: 18.0882, Rmse_valid: 16.7175, valid_score: 9278.3, , rmse_test: 15.4916, score_test: 417.7, Learning rate:0.00200000
Epoch: 9, Loss: 17.4744, Rmse_valid: 12.1440, valid_score: 6182.1, , rmse_test: 14.7770, score_test: 477.5, Learning rate:0.00200000
Epoch: 10, Loss: 16.9986, Rmse_valid: 12.2603, valid_score: 6156.3, , rmse_test: 13.9002, score_test: 334.2, Learning rate:0.00200000
Epoch: 11, Loss: 14.8899, Rmse_valid: 12.4550, valid_score: 5894.8, , rmse_test: 13.5367, score_test: 277.7, Learning rate:0.00020000
Epoch: 12, Loss: 14.7383, Rmse_valid: 12.8070, valid_score: 6050.9, , rmse_test: 13.6666, score_test: 279.4, Learning rate:0.00020000
Epoch: 13, Loss: 14.7305, Rmse_valid: 11.7062, valid_score: 5706.2, , rmse_test: 13.5078, score_test: 286.2, Learning rate:0.00020000
Epoch: 14, Loss: 14.5736, Rmse_valid: 12.7902, valid_score: 6133.5, , rmse_test: 13.6498, score_test: 279.0, Learning rate:0.00020000
Epoch: 15, Loss: 14.5208, Rmse_valid: 12.4067, valid_score: 6020.7, , rmse_test: 13.8194, score_test: 280.2, Learning rate:0.00020000
Epoch: 16, Loss: 14.3907, Rmse_valid: 12.0237, valid_score: 5604.3, , rmse_test: 13.8570, score_test: 287.1, Learning rate:0.00020000
Epoch: 17, Loss: 14.2894, Rmse_valid: 12.3731, valid_score: 5930.2, , rmse_test: 13.7200, score_test: 275.6, Learning rate:0.00020000
Epoch: 18, Loss: 14.2875, Rmse_valid: 12.4462, valid_score: 5953.8, , rmse_test: 13.7939, score_test: 275.1, Learning rate:0.00020000
Epoch: 19, Loss: 14.2618, Rmse_valid: 12.0976, valid_score: 5674.8, , rmse_test: 13.6740, score_test: 283.7, Learning rate:0.00020000
Epoch: 20, Loss: 14.1576, Rmse_valid: 11.7791, valid_score: 5625.1, , rmse_test: 13.6354, score_test: 271.7, Learning rate:0.00020000
Epoch: 21, Loss: 13.9932, Rmse_valid: 11.9406, valid_score: 5633.8, , rmse_test: 13.7045, score_test: 275.7, Learning rate:0.00002000
Epoch: 22, Loss: 13.9546, Rmse_valid: 11.7769, valid_score: 5558.7, , rmse_test: 13.6747, score_test: 275.7, Learning rate:0.00002000
Epoch: 23, Loss: 13.9503, Rmse_valid: 12.0159, valid_score: 5679.4, , rmse_test: 13.7244, score_test: 275.7, Learning rate:0.00002000
Epoch: 24, Loss: 13.9250, Rmse_valid: 11.9700, valid_score: 5600.2, , rmse_test: 13.6553, score_test: 275.0, Learning rate:0.00002000
Epoch: 25, Loss: 13.8794, Rmse_valid: 11.8817, valid_score: 5594.7, , rmse_test: 13.6664, score_test: 275.4, Learning rate:0.00002000
Epoch: 26, Loss: 13.9663, Rmse_valid: 11.8767, valid_score: 5609.7, , rmse_test: 13.7374, score_test: 276.0, Learning rate:0.00002000
Epoch: 27, Loss: 13.9102, Rmse_valid: 11.8388, valid_score: 5502.7, , rmse_test: 13.6159, score_test: 274.6, Learning rate:0.00002000
Epoch: 28, Loss: 13.9465, Rmse_valid: 11.8862, valid_score: 5592.3, , rmse_test: 13.7194, score_test: 275.3, Learning rate:0.00002000
Epoch: 29, Loss: 13.8312, Rmse_valid: 11.8637, valid_score: 5557.5, , rmse_test: 13.6799, score_test: 274.2, Learning rate:0.00002000
Epoch: 30, Loss: 13.9419, Rmse_valid: 11.9533, valid_score: 5621.6, , rmse_test: 13.6711, score_test: 275.0, Learning rate:0.00002000
[Train Summary] Restored best model from epoch 13, rmse_valid: 11.7062, valid_score: 5706.2, rmse_test: 13.5078, score_test: 286.2
[Train Time] start: 2026-07-30 20:58:49, end: 2026-07-30 21:02:53, duration: 0:04:03, total_seconds: 243.36
[Auto Test] command: /usr/local/miniconda3/envs/HV/bin/python /Mamba_Rul/test_GAT_EDmamba/test_model.py --sub-dataset FD003 --smooth-rate 30 --sequence-len 30 --feature-num 14 --dataset-root /Mamba_Rul/CMAPSSData/ --max-rul 125 --batch-size 128 --model-path /Mamba_Rul/logs/FD003_GAT_EDmamba_8/seed30/model_FD003_0730_205849_seed30.pkl
model_path:/Mamba_Rul/logs/FD003_GAT_EDmamba_8/seed30/model_FD003_0730_205849_seed30.pkl
rmse_final:13.575345039367676, score:280.9700012207031
