-----FD003-----
关键参数:
序列长度: 30
批大小(batch_size): 128
最大训练轮数(max_epochs): 30
随机数种子: 80
模型代号(model_code): GAT_EDmamba_dstate_64
模型结构(model_structure): mamba_mamba
学习率: 0.002
学习率调度器: step
Step步长(step_size): 10
Step衰减系数(gamma): 0.1
use_gat: True
gat_hidden_dim: 8
编码器: 2层Mamba
解码器: 2层Mamba
encoder_hidden_size: 16
mamba_num_layers: 2
mamba_d_state: 64
训练损失: AdaptiveAsymmetricMSELoss
asym_alpha: 3.5
asym_gamma: 5.0
asym_delta: 0.9
focus_threshold: 35.0
cap_threshold: 125.0
------------------------------
Epoch: 1, Loss: 42.1830, Rmse_valid: 22.7281, valid_score: 36173.6, , rmse_test: 31.5511, score_test: 4258.7, Learning rate:0.00200000
Epoch: 2, Loss: 24.5160, Rmse_valid: 15.5294, valid_score: 10440.8, , rmse_test: 16.3875, score_test: 663.0, Learning rate:0.00200000
Epoch: 3, Loss: 21.8498, Rmse_valid: 17.7443, valid_score: 12026.0, , rmse_test: 15.3143, score_test: 439.2, Learning rate:0.00200000
Epoch: 4, Loss: 20.6053, Rmse_valid: 13.1817, valid_score: 7318.1, , rmse_test: 14.3859, score_test: 430.4, Learning rate:0.00200000
Epoch: 5, Loss: 18.5674, Rmse_valid: 11.5401, valid_score: 5249.6, , rmse_test: 13.7220, score_test: 322.9, Learning rate:0.00200000
Epoch: 6, Loss: 18.1008, Rmse_valid: 13.3215, valid_score: 6803.0, , rmse_test: 13.3718, score_test: 328.5, Learning rate:0.00200000
Epoch: 7, Loss: 17.3146, Rmse_valid: 11.1322, valid_score: 4965.1, , rmse_test: 13.6595, score_test: 380.4, Learning rate:0.00200000
Epoch: 8, Loss: 16.7886, Rmse_valid: 12.7634, valid_score: 4930.8, , rmse_test: 13.4542, score_test: 228.9, Learning rate:0.00200000
Epoch: 9, Loss: 15.9428, Rmse_valid: 12.1704, valid_score: 5391.6, , rmse_test: 14.2662, score_test: 311.1, Learning rate:0.00200000
Epoch: 10, Loss: 15.8496, Rmse_valid: 11.0651, valid_score: 4196.5, , rmse_test: 13.4364, score_test: 506.5, Learning rate:0.00200000
Epoch: 11, Loss: 13.1417, Rmse_valid: 10.5505, valid_score: 4121.7, , rmse_test: 12.6694, score_test: 257.0, Learning rate:0.00020000
Epoch: 12, Loss: 12.5961, Rmse_valid: 10.4658, valid_score: 3912.4, , rmse_test: 12.5113, score_test: 232.1, Learning rate:0.00020000
Epoch: 13, Loss: 12.5194, Rmse_valid: 10.5114, valid_score: 4192.0, , rmse_test: 12.7778, score_test: 242.0, Learning rate:0.00020000
Epoch: 14, Loss: 12.2932, Rmse_valid: 11.0734, valid_score: 4507.6, , rmse_test: 12.7226, score_test: 230.4, Learning rate:0.00020000
Epoch: 15, Loss: 12.2656, Rmse_valid: 10.6754, valid_score: 4261.8, , rmse_test: 12.1879, score_test: 218.8, Learning rate:0.00020000
Epoch: 16, Loss: 12.0853, Rmse_valid: 10.9532, valid_score: 4443.2, , rmse_test: 12.4776, score_test: 224.2, Learning rate:0.00020000
Epoch: 17, Loss: 12.0001, Rmse_valid: 11.1725, valid_score: 4636.6, , rmse_test: 12.6585, score_test: 218.6, Learning rate:0.00020000
Epoch: 18, Loss: 11.8635, Rmse_valid: 10.0316, valid_score: 4317.2, , rmse_test: 12.4328, score_test: 224.7, Learning rate:0.00020000
Epoch: 19, Loss: 11.7628, Rmse_valid: 10.8648, valid_score: 4574.2, , rmse_test: 12.3368, score_test: 212.2, Learning rate:0.00020000
Epoch: 20, Loss: 11.6683, Rmse_valid: 9.8957, valid_score: 4330.0, , rmse_test: 12.3899, score_test: 224.2, Learning rate:0.00020000
Epoch: 21, Loss: 11.4873, Rmse_valid: 10.2246, valid_score: 4235.9, , rmse_test: 12.3474, score_test: 219.2, Learning rate:0.00002000
Epoch: 22, Loss: 11.4761, Rmse_valid: 10.3456, valid_score: 4274.0, , rmse_test: 12.3585, score_test: 222.7, Learning rate:0.00002000
Epoch: 23, Loss: 11.4193, Rmse_valid: 10.2361, valid_score: 4223.9, , rmse_test: 12.3888, score_test: 221.5, Learning rate:0.00002000
Epoch: 24, Loss: 11.3767, Rmse_valid: 10.2825, valid_score: 4216.1, , rmse_test: 12.3825, score_test: 220.2, Learning rate:0.00002000
Epoch: 25, Loss: 11.3834, Rmse_valid: 10.2234, valid_score: 4182.1, , rmse_test: 12.3997, score_test: 223.0, Learning rate:0.00002000
Epoch: 26, Loss: 11.3662, Rmse_valid: 10.2222, valid_score: 4217.3, , rmse_test: 12.3494, score_test: 220.7, Learning rate:0.00002000
Epoch: 27, Loss: 11.3702, Rmse_valid: 10.1848, valid_score: 4172.2, , rmse_test: 12.3669, score_test: 223.0, Learning rate:0.00002000
Epoch: 28, Loss: 11.3716, Rmse_valid: 10.2130, valid_score: 4234.5, , rmse_test: 12.3920, score_test: 221.9, Learning rate:0.00002000
Epoch: 29, Loss: 11.3521, Rmse_valid: 10.2956, valid_score: 4323.4, , rmse_test: 12.3871, score_test: 218.6, Learning rate:0.00002000
Epoch: 30, Loss: 11.3616, Rmse_valid: 10.1645, valid_score: 4243.4, , rmse_test: 12.3746, score_test: 219.8, Learning rate:0.00002000
[Train Summary] Restored best model from epoch 20, rmse_valid: 9.8957, valid_score: 4330.0, rmse_test: 12.3899, score_test: 224.2
[Train Time] start: 2026-08-04 04:51:33, end: 2026-08-04 04:56:05, duration: 0:04:32, total_seconds: 272.13
[Auto Test] command: /usr/local/miniconda3/envs/HV/bin/python /Mamba_Rul/test_GAT_EDmamba/test_model.py --sub-dataset FD003 --smooth-rate 30 --sequence-len 30 --feature-num 14 --dataset-root /Mamba_Rul/CMAPSSData/ --max-rul 125 --batch-size 128 --model-path /Mamba_Rul/logs/FD003_GAT_EDmamba_dstate_64/seed80/model_FD003_0804_045133_seed80.pkl
model_path:/Mamba_Rul/logs/FD003_GAT_EDmamba_dstate_64/seed80/model_FD003_0804_045133_seed80.pkl
rmse_final:12.51559066772461, score:223.34524536132812
