-----FD003-----
关键参数:
序列长度: 30
批大小(batch_size): 128
最大训练轮数(max_epochs): 30
随机数种子: 33
模型代号(model_code): GAT_EDmamba_16
模型结构(model_structure): mamba_mamba
学习率: 0.002
学习率调度器: step
Step步长(step_size): 10
Step衰减系数(gamma): 0.1
use_gat: True
gat_hidden_dim: 8
编码器: 2层Mamba
解码器: 2层Mamba
encoder_hidden_size: 16
mamba_num_layers: 2
mamba_d_state: 16
训练损失: AdaptiveAsymmetricMSELoss
asym_alpha: 3.5
asym_gamma: 5.0
asym_delta: 0.9
focus_threshold: 35.0
cap_threshold: 125.0
------------------------------
Epoch: 1, Loss: 46.1050, Rmse_valid: 30.4018, valid_score: 83243.2, , rmse_test: 30.6604, score_test: 3573.6, Learning rate:0.00200000
Epoch: 2, Loss: 29.9407, Rmse_valid: 21.2146, valid_score: 17819.5, , rmse_test: 18.9423, score_test: 696.6, Learning rate:0.00200000
Epoch: 3, Loss: 25.1771, Rmse_valid: 21.9328, valid_score: 17117.8, , rmse_test: 17.9627, score_test: 624.4, Learning rate:0.00200000
Epoch: 4, Loss: 23.0476, Rmse_valid: 16.6465, valid_score: 9105.8, , rmse_test: 15.4099, score_test: 407.7, Learning rate:0.00200000
Epoch: 5, Loss: 20.3452, Rmse_valid: 17.5172, valid_score: 9687.0, , rmse_test: 15.5263, score_test: 454.2, Learning rate:0.00200000
Epoch: 6, Loss: 19.0129, Rmse_valid: 14.6295, valid_score: 8304.2, , rmse_test: 15.2216, score_test: 601.1, Learning rate:0.00200000
Epoch: 7, Loss: 18.5300, Rmse_valid: 13.1176, valid_score: 6536.6, , rmse_test: 15.1928, score_test: 543.1, Learning rate:0.00200000
Epoch: 8, Loss: 17.7316, Rmse_valid: 12.8269, valid_score: 5874.7, , rmse_test: 15.3921, score_test: 394.3, Learning rate:0.00200000
Epoch: 9, Loss: 17.1067, Rmse_valid: 14.0641, valid_score: 6297.3, , rmse_test: 14.8118, score_test: 496.9, Learning rate:0.00200000
Epoch: 10, Loss: 16.6651, Rmse_valid: 11.9745, valid_score: 6032.6, , rmse_test: 16.6215, score_test: 497.3, Learning rate:0.00200000
Epoch: 11, Loss: 14.2775, Rmse_valid: 11.8339, valid_score: 4936.9, , rmse_test: 13.4528, score_test: 309.8, Learning rate:0.00020000
Epoch: 12, Loss: 13.6223, Rmse_valid: 11.4012, valid_score: 4592.4, , rmse_test: 13.2654, score_test: 311.5, Learning rate:0.00020000
Epoch: 13, Loss: 13.4605, Rmse_valid: 11.0696, valid_score: 4394.9, , rmse_test: 13.2777, score_test: 346.4, Learning rate:0.00020000
Epoch: 14, Loss: 13.2931, Rmse_valid: 11.3426, valid_score: 4467.9, , rmse_test: 13.2373, score_test: 337.0, Learning rate:0.00020000
Epoch: 15, Loss: 13.2030, Rmse_valid: 11.9224, valid_score: 4651.0, , rmse_test: 13.3275, score_test: 313.0, Learning rate:0.00020000
Epoch: 16, Loss: 13.0816, Rmse_valid: 11.6957, valid_score: 4677.1, , rmse_test: 13.1617, score_test: 286.7, Learning rate:0.00020000
Epoch: 17, Loss: 12.9925, Rmse_valid: 10.9903, valid_score: 4171.7, , rmse_test: 12.9531, score_test: 310.6, Learning rate:0.00020000
Epoch: 18, Loss: 12.8064, Rmse_valid: 10.7662, valid_score: 4070.9, , rmse_test: 13.1244, score_test: 314.7, Learning rate:0.00020000
Epoch: 19, Loss: 12.6760, Rmse_valid: 10.8375, valid_score: 4321.3, , rmse_test: 13.4751, score_test: 301.3, Learning rate:0.00020000
Epoch: 20, Loss: 12.6401, Rmse_valid: 11.1303, valid_score: 4475.7, , rmse_test: 13.1967, score_test: 295.5, Learning rate:0.00020000
Epoch: 21, Loss: 12.4036, Rmse_valid: 11.0059, valid_score: 4355.2, , rmse_test: 13.0928, score_test: 317.0, Learning rate:0.00002000
Epoch: 22, Loss: 12.3943, Rmse_valid: 11.0682, valid_score: 4329.0, , rmse_test: 13.1077, score_test: 315.5, Learning rate:0.00002000
Epoch: 23, Loss: 12.3374, Rmse_valid: 11.0205, valid_score: 4334.9, , rmse_test: 13.0918, score_test: 310.7, Learning rate:0.00002000
Epoch: 24, Loss: 12.3564, Rmse_valid: 10.9389, valid_score: 4286.1, , rmse_test: 13.1236, score_test: 316.8, Learning rate:0.00002000
Epoch: 25, Loss: 12.3554, Rmse_valid: 11.0364, valid_score: 4302.2, , rmse_test: 13.1071, score_test: 316.8, Learning rate:0.00002000
Epoch: 26, Loss: 12.3389, Rmse_valid: 10.9047, valid_score: 4269.2, , rmse_test: 13.1205, score_test: 319.8, Learning rate:0.00002000
Epoch: 27, Loss: 12.2593, Rmse_valid: 11.0608, valid_score: 4339.5, , rmse_test: 13.0988, score_test: 318.8, Learning rate:0.00002000
Epoch: 28, Loss: 12.2981, Rmse_valid: 11.0067, valid_score: 4315.9, , rmse_test: 13.1332, score_test: 318.2, Learning rate:0.00002000
Epoch: 29, Loss: 12.3148, Rmse_valid: 11.1317, valid_score: 4375.5, , rmse_test: 13.1422, score_test: 321.8, Learning rate:0.00002000
Epoch: 30, Loss: 12.2554, Rmse_valid: 11.0705, valid_score: 4361.6, , rmse_test: 13.1451, score_test: 319.4, Learning rate:0.00002000
[Train Summary] Restored best model from epoch 18, rmse_valid: 10.7662, valid_score: 4070.9, rmse_test: 13.1244, score_test: 314.7
[Train Time] start: 2026-07-30 23:15:41, end: 2026-07-30 23:20:15, duration: 0:04:35, total_seconds: 274.68
[Auto Test] command: /usr/local/miniconda3/envs/HV/bin/python /Mamba_Rul/test_GAT_EDmamba/test_model.py --sub-dataset FD003 --smooth-rate 30 --sequence-len 30 --feature-num 14 --dataset-root /Mamba_Rul/CMAPSSData/ --max-rul 125 --batch-size 128 --model-path /Mamba_Rul/logs/FD003_GAT_EDmamba_16/seed33/model_FD003_0730_231541_seed33.pkl
model_path:/Mamba_Rul/logs/FD003_GAT_EDmamba_16/seed33/model_FD003_0730_231541_seed33.pkl
rmse_final:13.178391456604004, score:304.4499206542969
