-----FD001-----
关键参数:
序列长度: 30
批大小(batch_size): 128
最大训练轮数(max_epochs): 30
随机数种子: 17
模型代号(model_code): GAT_EDmamba_dstate_32
模型结构(model_structure): mamba_mamba
学习率: 0.002
学习率调度器: step
Step步长(step_size): 10
Step衰减系数(gamma): 0.1
use_gat: True
gat_hidden_dim: 8
编码器: 2层Mamba
解码器: 2层Mamba
encoder_hidden_size: 4
mamba_num_layers: 2
mamba_d_state: 32
训练损失: AdaptiveAsymmetricMSELoss
asym_alpha: 1.5
asym_gamma: 2.0
asym_delta: 0.9
focus_threshold: 35.0
cap_threshold: 125.0
------------------------------
Epoch: 1, Loss: 38.1612, Rmse_valid: 24.9836, valid_score: 23403.4, , rmse_test: 22.2648, score_test: 1786.6, Learning rate:0.00200000
Epoch: 2, Loss: 28.1216, Rmse_valid: 29.3389, valid_score: 26295.0, , rmse_test: 23.7243, score_test: 927.4, Learning rate:0.00200000
Epoch: 3, Loss: 23.4937, Rmse_valid: 19.9025, valid_score: 8475.4, , rmse_test: 17.9954, score_test: 437.7, Learning rate:0.00200000
Epoch: 4, Loss: 21.2853, Rmse_valid: 14.1511, valid_score: 4863.5, , rmse_test: 15.2613, score_test: 351.4, Learning rate:0.00200000
Epoch: 5, Loss: 19.6923, Rmse_valid: 15.4224, valid_score: 6755.8, , rmse_test: 17.9565, score_test: 459.8, Learning rate:0.00200000
Epoch: 6, Loss: 18.8118, Rmse_valid: 14.4279, valid_score: 4591.4, , rmse_test: 15.7909, score_test: 347.0, Learning rate:0.00200000
Epoch: 7, Loss: 18.0693, Rmse_valid: 14.5869, valid_score: 6206.9, , rmse_test: 15.1855, score_test: 466.0, Learning rate:0.00200000
Epoch: 8, Loss: 17.2394, Rmse_valid: 16.4042, valid_score: 6139.7, , rmse_test: 16.5731, score_test: 453.6, Learning rate:0.00200000
Epoch: 9, Loss: 16.8196, Rmse_valid: 16.7508, valid_score: 7174.7, , rmse_test: 17.3545, score_test: 511.5, Learning rate:0.00200000
Epoch: 10, Loss: 16.2551, Rmse_valid: 11.8490, valid_score: 3357.8, , rmse_test: 14.1199, score_test: 334.0, Learning rate:0.00200000
Epoch: 11, Loss: 14.8586, Rmse_valid: 11.4767, valid_score: 3279.6, , rmse_test: 13.9009, score_test: 311.4, Learning rate:0.00020000
Epoch: 12, Loss: 14.8286, Rmse_valid: 11.6448, valid_score: 3101.7, , rmse_test: 13.7407, score_test: 294.5, Learning rate:0.00020000
Epoch: 13, Loss: 14.5995, Rmse_valid: 11.4984, valid_score: 3240.9, , rmse_test: 13.6617, score_test: 299.4, Learning rate:0.00020000
Epoch: 14, Loss: 14.6551, Rmse_valid: 11.5808, valid_score: 3299.0, , rmse_test: 13.6733, score_test: 281.4, Learning rate:0.00020000
Epoch: 15, Loss: 14.5395, Rmse_valid: 11.2027, valid_score: 3353.4, , rmse_test: 13.5398, score_test: 295.7, Learning rate:0.00020000
Epoch: 16, Loss: 14.5391, Rmse_valid: 11.7206, valid_score: 3261.9, , rmse_test: 13.8236, score_test: 292.8, Learning rate:0.00020000
Epoch: 17, Loss: 14.4255, Rmse_valid: 11.9540, valid_score: 3409.0, , rmse_test: 13.6478, score_test: 278.7, Learning rate:0.00020000
Epoch: 18, Loss: 14.4212, Rmse_valid: 11.0000, valid_score: 3260.8, , rmse_test: 13.4305, score_test: 315.0, Learning rate:0.00020000
Epoch: 19, Loss: 14.3775, Rmse_valid: 11.2969, valid_score: 3209.3, , rmse_test: 13.5040, score_test: 292.9, Learning rate:0.00020000
Epoch: 20, Loss: 14.3626, Rmse_valid: 11.5444, valid_score: 3245.0, , rmse_test: 13.5077, score_test: 299.2, Learning rate:0.00020000
Epoch: 21, Loss: 14.2025, Rmse_valid: 11.4395, valid_score: 3232.1, , rmse_test: 13.5894, score_test: 289.7, Learning rate:0.00002000
Epoch: 22, Loss: 14.2189, Rmse_valid: 11.4989, valid_score: 3259.8, , rmse_test: 13.5721, score_test: 289.2, Learning rate:0.00002000
Epoch: 23, Loss: 14.2586, Rmse_valid: 11.4969, valid_score: 3262.2, , rmse_test: 13.6087, score_test: 290.0, Learning rate:0.00002000
Epoch: 24, Loss: 14.2268, Rmse_valid: 11.1013, valid_score: 3242.0, , rmse_test: 13.5615, score_test: 288.9, Learning rate:0.00002000
Epoch: 25, Loss: 14.2383, Rmse_valid: 11.2737, valid_score: 3239.7, , rmse_test: 13.6516, score_test: 286.8, Learning rate:0.00002000
Epoch: 26, Loss: 14.2625, Rmse_valid: 11.8831, valid_score: 3247.4, , rmse_test: 13.5681, score_test: 291.1, Learning rate:0.00002000
Epoch: 27, Loss: 14.2183, Rmse_valid: 11.5612, valid_score: 3256.9, , rmse_test: 13.6037, score_test: 288.6, Learning rate:0.00002000
Epoch: 28, Loss: 14.2169, Rmse_valid: 11.7463, valid_score: 3264.9, , rmse_test: 13.6578, score_test: 285.8, Learning rate:0.00002000
Epoch: 29, Loss: 14.1701, Rmse_valid: 11.6356, valid_score: 3240.8, , rmse_test: 13.5875, score_test: 289.9, Learning rate:0.00002000
Epoch: 30, Loss: 14.1606, Rmse_valid: 11.2671, valid_score: 3236.4, , rmse_test: 13.6340, score_test: 286.3, Learning rate:0.00002000
[Train Summary] Restored best model from epoch 18, rmse_valid: 11.0000, valid_score: 3260.8, rmse_test: 13.4305, score_test: 315.0
[Train Time] start: 2026-08-04 01:34:11, end: 2026-08-04 01:37:49, duration: 0:03:38, total_seconds: 217.96
[Auto Test] command: /usr/local/miniconda3/envs/HV/bin/python /Mamba_Rul/test_GAT_EDmamba/test_model.py --sub-dataset FD001 --smooth-rate 30 --sequence-len 30 --feature-num 14 --dataset-root /Mamba_Rul/CMAPSSData/ --max-rul 125 --batch-size 128 --model-path /Mamba_Rul/logs/FD001_GAT_EDmamba_dstate_32/seed17/model_FD001_0804_013411_seed17.pkl
model_path:/Mamba_Rul/logs/FD001_GAT_EDmamba_dstate_32/seed17/model_FD001_0804_013411_seed17.pkl
rmse_final:13.451766014099121, score:306.9997863769531
