-----FD003-----
关键参数:
序列长度: 30
批大小(batch_size): 128
最大训练轮数(max_epochs): 30
随机数种子: 2
模型代号(model_code): GAT_EDmamba4_dmodel_64
模型结构(model_structure): mamba_mamba
学习率: 0.002
学习率调度器: step
Step步长(step_size): 10
Step衰减系数(gamma): 0.1
use_gat: True
gat_hidden_dim: 8
编码器: 2层Mamba
解码器: 2层Mamba
mamba_d_model: 64
mamba_num_layers: 2
mamba_d_state: 16
训练损失: AdaptiveAsymmetricMSELoss
asym_alpha: 3.5
asym_gamma: 5.0
asym_delta: 0.9
focus_threshold: 35.0
cap_threshold: 125.0
------------------------------
Epoch: 1, Loss: 74.8806, Rmse_valid: 25.4186, valid_score: 68639.3, , rmse_test: 23.9634, score_test: 2413.4, Learning rate:0.00200000
Epoch: 2, Loss: 30.2040, Rmse_valid: 24.2579, valid_score: 35327.6, , rmse_test: 18.7429, score_test: 871.5, Learning rate:0.00200000
Epoch: 3, Loss: 26.3354, Rmse_valid: 17.4575, valid_score: 15626.7, , rmse_test: 16.3514, score_test: 707.1, Learning rate:0.00200000
Epoch: 4, Loss: 29.4022, Rmse_valid: 21.1907, valid_score: 14550.9, , rmse_test: 18.2754, score_test: 421.6, Learning rate:0.00200000
Epoch: 5, Loss: 22.3263, Rmse_valid: 13.2137, valid_score: 8788.0, , rmse_test: 15.7518, score_test: 651.8, Learning rate:0.00200000
Epoch: 6, Loss: 23.3636, Rmse_valid: 18.8306, valid_score: 12375.7, , rmse_test: 17.0798, score_test: 708.4, Learning rate:0.00200000
Epoch: 7, Loss: 20.9315, Rmse_valid: 20.7391, valid_score: 41200.5, , rmse_test: 17.3201, score_test: 961.7, Learning rate:0.00200000
Epoch: 8, Loss: 20.3058, Rmse_valid: 22.5550, valid_score: 16873.1, , rmse_test: 22.1197, score_test: 724.1, Learning rate:0.00200000
Epoch: 9, Loss: 19.1358, Rmse_valid: 16.6723, valid_score: 12016.5, , rmse_test: 15.4586, score_test: 468.8, Learning rate:0.00200000
Epoch: 10, Loss: 21.8012, Rmse_valid: 16.6315, valid_score: 9783.2, , rmse_test: 14.6060, score_test: 358.2, Learning rate:0.00200000
Epoch: 11, Loss: 14.5048, Rmse_valid: 13.3693, valid_score: 6585.1, , rmse_test: 13.5821, score_test: 270.1, Learning rate:0.00020000
Epoch: 12, Loss: 13.9393, Rmse_valid: 12.4492, valid_score: 5569.3, , rmse_test: 13.4358, score_test: 261.4, Learning rate:0.00020000
Epoch: 13, Loss: 13.5215, Rmse_valid: 12.5480, valid_score: 5789.6, , rmse_test: 13.2614, score_test: 256.8, Learning rate:0.00020000
Epoch: 14, Loss: 13.2500, Rmse_valid: 12.3892, valid_score: 5442.3, , rmse_test: 13.1306, score_test: 249.8, Learning rate:0.00020000
Epoch: 15, Loss: 12.8837, Rmse_valid: 12.3453, valid_score: 5182.1, , rmse_test: 13.1432, score_test: 242.9, Learning rate:0.00020000
Epoch: 16, Loss: 12.5875, Rmse_valid: 11.9459, valid_score: 5210.6, , rmse_test: 13.0013, score_test: 258.2, Learning rate:0.00020000
Epoch: 17, Loss: 12.3136, Rmse_valid: 11.6196, valid_score: 4864.9, , rmse_test: 13.1964, score_test: 288.8, Learning rate:0.00020000
Epoch: 18, Loss: 12.1275, Rmse_valid: 11.8399, valid_score: 4854.1, , rmse_test: 12.8856, score_test: 262.4, Learning rate:0.00020000
Epoch: 19, Loss: 11.9389, Rmse_valid: 11.8875, valid_score: 4792.6, , rmse_test: 12.9156, score_test: 259.2, Learning rate:0.00020000
Epoch: 20, Loss: 11.7157, Rmse_valid: 10.6954, valid_score: 4373.0, , rmse_test: 12.5401, score_test: 276.9, Learning rate:0.00020000
Epoch: 21, Loss: 11.1752, Rmse_valid: 11.1337, valid_score: 4410.5, , rmse_test: 12.7755, score_test: 266.1, Learning rate:0.00002000
Epoch: 22, Loss: 11.1741, Rmse_valid: 10.9042, valid_score: 4292.8, , rmse_test: 12.6817, score_test: 276.5, Learning rate:0.00002000
Epoch: 23, Loss: 11.1535, Rmse_valid: 11.0776, valid_score: 4392.4, , rmse_test: 12.7687, score_test: 282.7, Learning rate:0.00002000
Epoch: 24, Loss: 11.0868, Rmse_valid: 10.9564, valid_score: 4259.6, , rmse_test: 12.7553, score_test: 280.8, Learning rate:0.00002000
Epoch: 25, Loss: 10.9887, Rmse_valid: 10.8194, valid_score: 4282.8, , rmse_test: 12.7258, score_test: 278.7, Learning rate:0.00002000
Epoch: 26, Loss: 10.9699, Rmse_valid: 11.1261, valid_score: 4410.4, , rmse_test: 12.7597, score_test: 281.0, Learning rate:0.00002000
Epoch: 27, Loss: 10.9701, Rmse_valid: 10.9629, valid_score: 4270.0, , rmse_test: 12.7483, score_test: 283.3, Learning rate:0.00002000
Epoch: 28, Loss: 10.9642, Rmse_valid: 10.5947, valid_score: 4136.1, , rmse_test: 12.6239, score_test: 275.3, Learning rate:0.00002000
Epoch: 29, Loss: 10.8985, Rmse_valid: 10.9446, valid_score: 4270.1, , rmse_test: 12.7527, score_test: 294.8, Learning rate:0.00002000
Epoch: 30, Loss: 10.8936, Rmse_valid: 11.0564, valid_score: 4358.5, , rmse_test: 12.7819, score_test: 286.7, Learning rate:0.00002000
[Train Summary] Restored best model from epoch 28, rmse_valid: 10.5947, valid_score: 4136.1, rmse_test: 12.6239, score_test: 275.3
[Train Time] start: 2026-08-25 05:12:29, end: 2026-08-25 05:16:34, duration: 0:04:06, total_seconds: 245.91
[Auto Test] command: /usr/local/miniconda3/envs/HV/bin/python /Mamba_Rul/test_GAT_EDmamba/test_model.py --sub-dataset FD003 --smooth-rate 30 --sequence-len 30 --feature-num 14 --dataset-root /Mamba_Rul/CMAPSSData/ --max-rul 125 --batch-size 128 --model-path /Mamba_Rul/logs/FD003_GAT_EDmamba4_dmodel_64/seed2/model_FD003_0825_051229_seed2.pkl
model_path:/Mamba_Rul/logs/FD003_GAT_EDmamba4_dmodel_64/seed2/model_FD003_0825_051229_seed2.pkl
rmse_final:12.603174209594727, score:261.8958740234375
