-----FD004-----
关键参数:
序列长度: 30
批大小(batch_size): 128
最大训练轮数(max_epochs): 30
随机数种子: 80
模型代号(model_code): GAT_EDmamba4_dmodel_4
模型结构(model_structure): mamba_mamba
学习率: 0.002
学习率调度器: step
Step步长(step_size): 10
Step衰减系数(gamma): 0.1
use_gat: True
gat_hidden_dim: 8
编码器: 2层Mamba
解码器: 2层Mamba
mamba_d_model: 4
mamba_num_layers: 2
mamba_d_state: 16
训练损失: AdaptiveAsymmetricMSELoss
asym_alpha: 2.0
asym_gamma: 5.0
asym_delta: 0.9
focus_threshold: 35.0
cap_threshold: 125.0
------------------------------
Epoch: 1, Loss: 46.5676, Rmse_valid: 26.0097, valid_score: 109159.4, , rmse_test: 30.5099, score_test: 7920.1, Learning rate:0.00200000
Epoch: 2, Loss: 38.0975, Rmse_valid: 27.6238, valid_score: 133037.7, , rmse_test: 28.9742, score_test: 5915.8, Learning rate:0.00200000
Epoch: 3, Loss: 35.5437, Rmse_valid: 25.7220, valid_score: 95427.3, , rmse_test: 26.5565, score_test: 3995.8, Learning rate:0.00200000
Epoch: 4, Loss: 33.7748, Rmse_valid: 22.4762, valid_score: 64802.7, , rmse_test: 24.3585, score_test: 3630.0, Learning rate:0.00200000
Epoch: 5, Loss: 32.4070, Rmse_valid: 21.5460, valid_score: 45178.2, , rmse_test: 21.9198, score_test: 2248.8, Learning rate:0.00200000
Epoch: 6, Loss: 30.8987, Rmse_valid: 23.0204, valid_score: 53508.8, , rmse_test: 22.7073, score_test: 2274.8, Learning rate:0.00200000
Epoch: 7, Loss: 29.3815, Rmse_valid: 19.9876, valid_score: 34096.0, , rmse_test: 20.4532, score_test: 1866.1, Learning rate:0.00200000
Epoch: 8, Loss: 28.1878, Rmse_valid: 18.9912, valid_score: 29567.9, , rmse_test: 19.7376, score_test: 1721.3, Learning rate:0.00200000
Epoch: 9, Loss: 27.5883, Rmse_valid: 21.1208, valid_score: 40338.2, , rmse_test: 19.9683, score_test: 1612.0, Learning rate:0.00200000
Epoch: 10, Loss: 26.8264, Rmse_valid: 18.0815, valid_score: 25850.0, , rmse_test: 19.0757, score_test: 1732.9, Learning rate:0.00200000
Epoch: 11, Loss: 24.3690, Rmse_valid: 18.5075, valid_score: 28120.5, , rmse_test: 19.6771, score_test: 1710.8, Learning rate:0.00020000
Epoch: 12, Loss: 24.1139, Rmse_valid: 18.3954, valid_score: 27477.3, , rmse_test: 18.9817, score_test: 1576.6, Learning rate:0.00020000
Epoch: 13, Loss: 23.9093, Rmse_valid: 17.7825, valid_score: 26926.8, , rmse_test: 18.5937, score_test: 1591.6, Learning rate:0.00020000
Epoch: 14, Loss: 23.6936, Rmse_valid: 17.4545, valid_score: 25116.4, , rmse_test: 18.6055, score_test: 1594.4, Learning rate:0.00020000
Epoch: 15, Loss: 23.5191, Rmse_valid: 18.3680, valid_score: 29260.4, , rmse_test: 19.4846, score_test: 1675.4, Learning rate:0.00020000
Epoch: 16, Loss: 23.3767, Rmse_valid: 17.3842, valid_score: 24810.4, , rmse_test: 18.2766, score_test: 1532.2, Learning rate:0.00020000
Epoch: 17, Loss: 23.2931, Rmse_valid: 17.4902, valid_score: 24819.9, , rmse_test: 18.4885, score_test: 1410.9, Learning rate:0.00020000
Epoch: 18, Loss: 23.0690, Rmse_valid: 17.4288, valid_score: 24654.0, , rmse_test: 18.4355, score_test: 1459.0, Learning rate:0.00020000
Epoch: 19, Loss: 22.9407, Rmse_valid: 17.9268, valid_score: 26754.4, , rmse_test: 19.0606, score_test: 1499.6, Learning rate:0.00020000
Epoch: 20, Loss: 22.8297, Rmse_valid: 16.9398, valid_score: 23592.7, , rmse_test: 17.9988, score_test: 1363.7, Learning rate:0.00020000
Epoch: 21, Loss: 22.5793, Rmse_valid: 17.4041, valid_score: 24103.7, , rmse_test: 18.4897, score_test: 1419.2, Learning rate:0.00002000
Epoch: 22, Loss: 22.6301, Rmse_valid: 17.4038, valid_score: 24405.5, , rmse_test: 18.6092, score_test: 1432.4, Learning rate:0.00002000
Epoch: 23, Loss: 22.5975, Rmse_valid: 17.2248, valid_score: 23772.1, , rmse_test: 18.4353, score_test: 1412.4, Learning rate:0.00002000
Epoch: 24, Loss: 22.6087, Rmse_valid: 17.1598, valid_score: 24068.4, , rmse_test: 18.5467, score_test: 1430.4, Learning rate:0.00002000
Epoch: 25, Loss: 22.5590, Rmse_valid: 17.1996, valid_score: 24001.5, , rmse_test: 18.5458, score_test: 1429.9, Learning rate:0.00002000
Epoch: 26, Loss: 22.5315, Rmse_valid: 17.1530, valid_score: 24029.1, , rmse_test: 18.5028, score_test: 1417.9, Learning rate:0.00002000
Epoch: 27, Loss: 22.5645, Rmse_valid: 17.2165, valid_score: 24023.4, , rmse_test: 18.5148, score_test: 1422.5, Learning rate:0.00002000
Epoch: 28, Loss: 22.4486, Rmse_valid: 17.0672, valid_score: 23626.9, , rmse_test: 18.4053, score_test: 1392.5, Learning rate:0.00002000
Epoch: 29, Loss: 22.4629, Rmse_valid: 17.1845, valid_score: 23744.2, , rmse_test: 18.4351, score_test: 1415.2, Learning rate:0.00002000
Epoch: 30, Loss: 22.5229, Rmse_valid: 17.3950, valid_score: 24078.3, , rmse_test: 18.4777, score_test: 1392.9, Learning rate:0.00002000
[Train Summary] Restored best model from epoch 20, rmse_valid: 16.9398, valid_score: 23592.7, rmse_test: 17.9988, score_test: 1363.7
[Train Time] start: 2026-08-27 08:02:45, end: 2026-08-27 08:12:43, duration: 0:09:58, total_seconds: 598.31
[Auto Test] command: /usr/local/miniconda3/envs/HV/bin/python /Mamba_Rul/test_GAT_EDmamba/test_model.py --sub-dataset FD004 --smooth-rate 40 --sequence-len 30 --feature-num 14 --dataset-root /Mamba_Rul/CMAPSSData/ --max-rul 125 --batch-size 128 --model-path /Mamba_Rul/logs/FD004_GAT_EDmamba4_dmodel_4/seed80/model_FD004_0827_080245_seed80.pkl
model_path:/Mamba_Rul/logs/FD004_GAT_EDmamba4_dmodel_4/seed80/model_FD004_0827_080245_seed80.pkl
rmse_final:18.111328125, score:1353.236083984375
