-----FD002-----
关键参数:
序列长度: 30
批大小(batch_size): 128
最大训练轮数(max_epochs): 30
随机数种子: 80
模型代号(model_code): GAT_EDmamba_layer_1
模型结构(model_structure): mamba_mamba
学习率: 0.002
学习率调度器: step
Step步长(step_size): 10
Step衰减系数(gamma): 0.1
use_gat: True
gat_hidden_dim: 8
编码器: 2层Mamba
解码器: 2层Mamba
encoder_hidden_size: 16
mamba_num_layers: 1
mamba_d_state: 16
训练损失: AdaptiveAsymmetricMSELoss
asym_alpha: 3.0
asym_gamma: 5.0
asym_delta: 0.9
focus_threshold: 35.0
cap_threshold: 125.0
------------------------------
Epoch: 1, Loss: 52.6445, Rmse_valid: 28.7525, valid_score: 93789.9, , rmse_test: 31.5560, score_test: 6479.9, Learning rate:0.00200000
Epoch: 2, Loss: 37.8938, Rmse_valid: 31.6349, valid_score: 149872.9, , rmse_test: 29.7792, score_test: 6783.7, Learning rate:0.00200000
Epoch: 3, Loss: 31.5593, Rmse_valid: 21.2229, valid_score: 33931.9, , rmse_test: 19.8919, score_test: 1489.1, Learning rate:0.00200000
Epoch: 4, Loss: 28.4661, Rmse_valid: 22.2962, valid_score: 31810.8, , rmse_test: 21.2891, score_test: 1647.4, Learning rate:0.00200000
Epoch: 5, Loss: 26.7842, Rmse_valid: 22.5049, valid_score: 33725.7, , rmse_test: 20.4295, score_test: 1531.7, Learning rate:0.00200000
Epoch: 6, Loss: 25.2775, Rmse_valid: 21.9539, valid_score: 39173.0, , rmse_test: 18.1421, score_test: 1257.7, Learning rate:0.00200000
Epoch: 7, Loss: 24.7821, Rmse_valid: 25.8036, valid_score: 63985.2, , rmse_test: 20.9320, score_test: 2306.1, Learning rate:0.00200000
Epoch: 8, Loss: 24.1675, Rmse_valid: 22.2930, valid_score: 37662.4, , rmse_test: 18.1748, score_test: 1385.7, Learning rate:0.00200000
Epoch: 9, Loss: 23.6762, Rmse_valid: 18.7139, valid_score: 29964.6, , rmse_test: 16.3641, score_test: 1068.8, Learning rate:0.00200000
Epoch: 10, Loss: 22.7832, Rmse_valid: 21.7545, valid_score: 33596.0, , rmse_test: 18.2026, score_test: 1324.3, Learning rate:0.00200000
Epoch: 11, Loss: 19.4880, Rmse_valid: 17.7991, valid_score: 28412.1, , rmse_test: 14.6289, score_test: 768.0, Learning rate:0.00020000
Epoch: 12, Loss: 19.1552, Rmse_valid: 18.2647, valid_score: 29994.5, , rmse_test: 14.8571, score_test: 785.1, Learning rate:0.00020000
Epoch: 13, Loss: 18.9211, Rmse_valid: 18.2258, valid_score: 30954.6, , rmse_test: 14.6524, score_test: 787.9, Learning rate:0.00020000
Epoch: 14, Loss: 18.7739, Rmse_valid: 18.2505, valid_score: 29089.2, , rmse_test: 14.7764, score_test: 773.2, Learning rate:0.00020000
Epoch: 15, Loss: 18.6422, Rmse_valid: 18.3121, valid_score: 25231.2, , rmse_test: 14.8663, score_test: 788.1, Learning rate:0.00020000
Epoch: 16, Loss: 18.5069, Rmse_valid: 18.1147, valid_score: 27384.7, , rmse_test: 15.0568, score_test: 799.0, Learning rate:0.00020000
Epoch: 17, Loss: 18.4093, Rmse_valid: 17.5640, valid_score: 28560.3, , rmse_test: 14.5159, score_test: 764.3, Learning rate:0.00020000
Epoch: 18, Loss: 18.2669, Rmse_valid: 17.6693, valid_score: 29896.1, , rmse_test: 14.5019, score_test: 819.1, Learning rate:0.00020000
Epoch: 19, Loss: 18.1683, Rmse_valid: 17.9893, valid_score: 29588.7, , rmse_test: 14.9412, score_test: 857.9, Learning rate:0.00020000
Epoch: 20, Loss: 18.0641, Rmse_valid: 17.0141, valid_score: 27025.9, , rmse_test: 14.1305, score_test: 818.4, Learning rate:0.00020000
Epoch: 21, Loss: 17.8117, Rmse_valid: 17.4616, valid_score: 27726.9, , rmse_test: 14.5633, score_test: 807.7, Learning rate:0.00002000
Epoch: 22, Loss: 17.7568, Rmse_valid: 17.6541, valid_score: 27823.6, , rmse_test: 14.6824, score_test: 806.8, Learning rate:0.00002000
Epoch: 23, Loss: 17.7442, Rmse_valid: 17.4861, valid_score: 27375.1, , rmse_test: 14.6192, score_test: 803.2, Learning rate:0.00002000
Epoch: 24, Loss: 17.7404, Rmse_valid: 17.4382, valid_score: 27719.6, , rmse_test: 14.5407, score_test: 803.6, Learning rate:0.00002000
Epoch: 25, Loss: 17.7475, Rmse_valid: 17.6593, valid_score: 27988.0, , rmse_test: 14.7433, score_test: 818.5, Learning rate:0.00002000
Epoch: 26, Loss: 17.7303, Rmse_valid: 17.5797, valid_score: 27358.6, , rmse_test: 14.6775, score_test: 817.5, Learning rate:0.00002000
Epoch: 27, Loss: 17.7137, Rmse_valid: 17.5634, valid_score: 27310.7, , rmse_test: 14.6455, score_test: 809.6, Learning rate:0.00002000
Epoch: 28, Loss: 17.6564, Rmse_valid: 17.4837, valid_score: 27461.2, , rmse_test: 14.6124, score_test: 805.6, Learning rate:0.00002000
Epoch: 29, Loss: 17.6823, Rmse_valid: 17.6190, valid_score: 27969.2, , rmse_test: 14.6167, score_test: 810.8, Learning rate:0.00002000
Epoch: 30, Loss: 17.6925, Rmse_valid: 17.5800, valid_score: 28677.3, , rmse_test: 14.6243, score_test: 821.8, Learning rate:0.00002000
[Train Summary] Restored best model from epoch 20, rmse_valid: 17.0141, valid_score: 27025.9, rmse_test: 14.1305, score_test: 818.4
[Train Time] start: 2026-08-05 03:59:07, end: 2026-08-05 04:07:50, duration: 0:08:43, total_seconds: 523.03
[Auto Test] command: /usr/local/miniconda3/envs/HV/bin/python /Mamba_Rul/test_GAT_EDmamba/test_model.py --sub-dataset FD002 --smooth-rate 40 --sequence-len 30 --feature-num 14 --dataset-root /Mamba_Rul/CMAPSSData/ --max-rul 125 --batch-size 128 --model-path /Mamba_Rul/logs/FD002_GAT_EDmamba_layer_1/seed80/model_FD002_0805_035907_seed80.pkl
model_path:/Mamba_Rul/logs/FD002_GAT_EDmamba_layer_1/seed80/model_FD002_0805_035907_seed80.pkl
rmse_final:14.261214256286621, score:807.7675170898438
