-----FD004-----
关键参数:
序列长度: 30
批大小(batch_size): 128
最大训练轮数(max_epochs): 30
随机数种子: 27
模型代号(model_code): GAT_EDmamba_6
模型结构(model_structure): mamba_mamba
学习率: 0.002
学习率调度器: step
Step步长(step_size): 10
Step衰减系数(gamma): 0.1
use_gat: True
gat_hidden_dim: 8
编码器: 2层Mamba
解码器: 2层Mamba
encoder_hidden_size: 6
mamba_num_layers: 2
mamba_d_state: 16
训练损失: AdaptiveAsymmetricMSELoss
asym_alpha: 2.0
asym_gamma: 5.0
asym_delta: 0.9
focus_threshold: 35.0
cap_threshold: 125.0
------------------------------
Epoch: 1, Loss: 44.0948, Rmse_valid: 26.4665, valid_score: 96420.6, , rmse_test: 30.2061, score_test: 7446.2, Learning rate:0.00200000
Epoch: 2, Loss: 36.5632, Rmse_valid: 26.4760, valid_score: 119613.7, , rmse_test: 30.6378, score_test: 7957.1, Learning rate:0.00200000
Epoch: 3, Loss: 34.9876, Rmse_valid: 24.6638, valid_score: 90889.3, , rmse_test: 27.8330, score_test: 5902.1, Learning rate:0.00200000
Epoch: 4, Loss: 32.7837, Rmse_valid: 22.9601, valid_score: 64437.9, , rmse_test: 25.7341, score_test: 4131.3, Learning rate:0.00200000
Epoch: 5, Loss: 30.1629, Rmse_valid: 20.7995, valid_score: 42243.9, , rmse_test: 22.0388, score_test: 2941.2, Learning rate:0.00200000
Epoch: 6, Loss: 29.0100, Rmse_valid: 25.0465, valid_score: 114985.8, , rmse_test: 27.7715, score_test: 4613.8, Learning rate:0.00200000
Epoch: 7, Loss: 27.3494, Rmse_valid: 23.7992, valid_score: 82743.1, , rmse_test: 23.9235, score_test: 3086.0, Learning rate:0.00200000
Epoch: 8, Loss: 26.7407, Rmse_valid: 18.9303, valid_score: 43545.8, , rmse_test: 18.4479, score_test: 1856.7, Learning rate:0.00200000
Epoch: 9, Loss: 25.8458, Rmse_valid: 18.7554, valid_score: 44035.0, , rmse_test: 19.4522, score_test: 1747.3, Learning rate:0.00200000
Epoch: 10, Loss: 25.3527, Rmse_valid: 21.3387, valid_score: 61649.8, , rmse_test: 20.8256, score_test: 2174.3, Learning rate:0.00200000
Epoch: 11, Loss: 22.4887, Rmse_valid: 18.0409, valid_score: 31845.1, , rmse_test: 18.2595, score_test: 1426.1, Learning rate:0.00020000
Epoch: 12, Loss: 21.9054, Rmse_valid: 18.1133, valid_score: 33042.5, , rmse_test: 18.3329, score_test: 1430.1, Learning rate:0.00020000
Epoch: 13, Loss: 21.7054, Rmse_valid: 18.0176, valid_score: 32346.7, , rmse_test: 18.3650, score_test: 1409.5, Learning rate:0.00020000
Epoch: 14, Loss: 21.5427, Rmse_valid: 18.0402, valid_score: 31899.9, , rmse_test: 18.5058, score_test: 1421.3, Learning rate:0.00020000
Epoch: 15, Loss: 21.3755, Rmse_valid: 17.9315, valid_score: 31589.1, , rmse_test: 18.5096, score_test: 1460.2, Learning rate:0.00020000
Epoch: 16, Loss: 21.2852, Rmse_valid: 17.2231, valid_score: 27858.5, , rmse_test: 17.6494, score_test: 1298.9, Learning rate:0.00020000
Epoch: 17, Loss: 21.2025, Rmse_valid: 17.7247, valid_score: 30676.5, , rmse_test: 18.2173, score_test: 1408.7, Learning rate:0.00020000
Epoch: 18, Loss: 21.0145, Rmse_valid: 17.8826, valid_score: 29055.2, , rmse_test: 18.2417, score_test: 1362.2, Learning rate:0.00020000
Epoch: 19, Loss: 20.9570, Rmse_valid: 18.1472, valid_score: 35003.0, , rmse_test: 18.4968, score_test: 1493.3, Learning rate:0.00020000
Epoch: 20, Loss: 20.8847, Rmse_valid: 16.8701, valid_score: 28007.3, , rmse_test: 17.6684, score_test: 1289.8, Learning rate:0.00020000
Epoch: 21, Loss: 20.6416, Rmse_valid: 17.8197, valid_score: 30706.6, , rmse_test: 18.1928, score_test: 1368.9, Learning rate:0.00002000
Epoch: 22, Loss: 20.6134, Rmse_valid: 17.8241, valid_score: 31253.7, , rmse_test: 18.4111, score_test: 1397.7, Learning rate:0.00002000
Epoch: 23, Loss: 20.5840, Rmse_valid: 17.7844, valid_score: 31560.9, , rmse_test: 18.3321, score_test: 1384.6, Learning rate:0.00002000
Epoch: 24, Loss: 20.5755, Rmse_valid: 17.7274, valid_score: 31499.8, , rmse_test: 18.2143, score_test: 1377.9, Learning rate:0.00002000
Epoch: 25, Loss: 20.5917, Rmse_valid: 17.8185, valid_score: 30599.7, , rmse_test: 18.2887, score_test: 1374.3, Learning rate:0.00002000
Epoch: 26, Loss: 20.5697, Rmse_valid: 17.6443, valid_score: 31158.6, , rmse_test: 18.1869, score_test: 1367.7, Learning rate:0.00002000
Epoch: 27, Loss: 20.5461, Rmse_valid: 17.9358, valid_score: 31824.4, , rmse_test: 18.3828, score_test: 1400.7, Learning rate:0.00002000
Epoch: 28, Loss: 20.5617, Rmse_valid: 17.6019, valid_score: 31368.0, , rmse_test: 18.1785, score_test: 1374.7, Learning rate:0.00002000
Epoch: 29, Loss: 20.5241, Rmse_valid: 17.8030, valid_score: 31729.4, , rmse_test: 18.2132, score_test: 1381.4, Learning rate:0.00002000
Epoch: 30, Loss: 20.5558, Rmse_valid: 17.7984, valid_score: 31811.0, , rmse_test: 18.5194, score_test: 1407.8, Learning rate:0.00002000
[Train Summary] Restored best model from epoch 20, rmse_valid: 16.8701, valid_score: 28007.3, rmse_test: 17.6684, score_test: 1289.8
[Train Time] start: 2026-07-28 04:05:02, end: 2026-07-28 04:16:36, duration: 0:11:34, total_seconds: 694.29
[Auto Test] command: /usr/local/miniconda3/envs/HV/bin/python /Mamba_Rul/test_GAT_EDmamba/test_model.py --sub-dataset FD004 --smooth-rate 40 --sequence-len 30 --feature-num 14 --dataset-root /Mamba_Rul/CMAPSSData/ --max-rul 125 --batch-size 128 --model-path /Mamba_Rul/logs/FD004_GAT_EDmamba_6/seed27/model_FD004_0728_040502_seed27.pkl
model_path:/Mamba_Rul/logs/FD004_GAT_EDmamba_6/seed27/model_FD004_0728_040502_seed27.pkl
rmse_final:17.760276794433594, score:1280.8079833984375
