-----FD004-----
关键参数:
序列长度: 30
批大小(batch_size): 128
最大训练轮数(max_epochs): 30
随机数种子: 17
模型代号(model_code): GAT_EDmamba_layer_1
模型结构(model_structure): mamba_mamba
学习率: 0.002
学习率调度器: step
Step步长(step_size): 10
Step衰减系数(gamma): 0.1
use_gat: True
gat_hidden_dim: 8
编码器: 2层Mamba
解码器: 2层Mamba
encoder_hidden_size: 10
mamba_num_layers: 1
mamba_d_state: 16
训练损失: AdaptiveAsymmetricMSELoss
asym_alpha: 2.0
asym_gamma: 5.0
asym_delta: 0.9
focus_threshold: 35.0
cap_threshold: 125.0
------------------------------
Epoch: 1, Loss: 42.0566, Rmse_valid: 22.9846, valid_score: 62516.8, , rmse_test: 25.2614, score_test: 4066.3, Learning rate:0.00200000
Epoch: 2, Loss: 34.1887, Rmse_valid: 21.2483, valid_score: 46272.8, , rmse_test: 22.4353, score_test: 2661.5, Learning rate:0.00200000
Epoch: 3, Loss: 30.9804, Rmse_valid: 23.1325, valid_score: 82290.0, , rmse_test: 22.4958, score_test: 2612.4, Learning rate:0.00200000
Epoch: 4, Loss: 28.7691, Rmse_valid: 20.5916, valid_score: 44893.8, , rmse_test: 21.7004, score_test: 2417.9, Learning rate:0.00200000
Epoch: 5, Loss: 27.5756, Rmse_valid: 22.2882, valid_score: 48380.9, , rmse_test: 20.3635, score_test: 1414.3, Learning rate:0.00200000
Epoch: 6, Loss: 26.5689, Rmse_valid: 18.8032, valid_score: 45819.5, , rmse_test: 19.1315, score_test: 1746.4, Learning rate:0.00200000
Epoch: 7, Loss: 25.9737, Rmse_valid: 17.9496, valid_score: 27216.0, , rmse_test: 17.4707, score_test: 1160.4, Learning rate:0.00200000
Epoch: 8, Loss: 24.9308, Rmse_valid: 25.4499, valid_score: 79994.8, , rmse_test: 27.1241, score_test: 4407.8, Learning rate:0.00200000
Epoch: 9, Loss: 24.3513, Rmse_valid: 21.5798, valid_score: 59721.5, , rmse_test: 24.0739, score_test: 3791.3, Learning rate:0.00200000
Epoch: 10, Loss: 24.5230, Rmse_valid: 17.7039, valid_score: 26692.3, , rmse_test: 18.6423, score_test: 1364.5, Learning rate:0.00200000
Epoch: 11, Loss: 20.7873, Rmse_valid: 17.2065, valid_score: 31819.7, , rmse_test: 16.9882, score_test: 1137.5, Learning rate:0.00020000
Epoch: 12, Loss: 20.4149, Rmse_valid: 16.4224, valid_score: 31281.8, , rmse_test: 16.7380, score_test: 1091.8, Learning rate:0.00020000
Epoch: 13, Loss: 20.2338, Rmse_valid: 16.8539, valid_score: 39354.5, , rmse_test: 17.5007, score_test: 1211.9, Learning rate:0.00020000
Epoch: 14, Loss: 20.1452, Rmse_valid: 16.6189, valid_score: 35393.6, , rmse_test: 16.7979, score_test: 1108.5, Learning rate:0.00020000
Epoch: 15, Loss: 20.0520, Rmse_valid: 16.9656, valid_score: 36730.0, , rmse_test: 16.9081, score_test: 1089.8, Learning rate:0.00020000
Epoch: 16, Loss: 19.9686, Rmse_valid: 17.3152, valid_score: 40070.5, , rmse_test: 17.6861, score_test: 1186.2, Learning rate:0.00020000
Epoch: 17, Loss: 19.8512, Rmse_valid: 17.1065, valid_score: 32606.2, , rmse_test: 17.3310, score_test: 1115.0, Learning rate:0.00020000
Epoch: 18, Loss: 19.8041, Rmse_valid: 17.1826, valid_score: 37073.3, , rmse_test: 17.1353, score_test: 1159.7, Learning rate:0.00020000
Epoch: 19, Loss: 19.7052, Rmse_valid: 16.9673, valid_score: 40634.6, , rmse_test: 17.2140, score_test: 1186.9, Learning rate:0.00020000
Epoch: 20, Loss: 19.6590, Rmse_valid: 17.7253, valid_score: 41445.8, , rmse_test: 17.8936, score_test: 1294.4, Learning rate:0.00020000
Epoch: 21, Loss: 19.5083, Rmse_valid: 17.3399, valid_score: 37295.5, , rmse_test: 17.3566, score_test: 1172.3, Learning rate:0.00002000
Epoch: 22, Loss: 19.4211, Rmse_valid: 17.0586, valid_score: 36741.8, , rmse_test: 17.1714, score_test: 1144.8, Learning rate:0.00002000
Epoch: 23, Loss: 19.3842, Rmse_valid: 17.3035, valid_score: 36494.0, , rmse_test: 17.3006, score_test: 1146.7, Learning rate:0.00002000
Epoch: 24, Loss: 19.3618, Rmse_valid: 17.2993, valid_score: 36935.3, , rmse_test: 17.3311, score_test: 1166.7, Learning rate:0.00002000
Epoch: 25, Loss: 19.3406, Rmse_valid: 17.0079, valid_score: 37180.1, , rmse_test: 17.3063, score_test: 1179.2, Learning rate:0.00002000
Epoch: 26, Loss: 19.3728, Rmse_valid: 17.2240, valid_score: 36860.3, , rmse_test: 17.3434, score_test: 1158.6, Learning rate:0.00002000
Epoch: 27, Loss: 19.3918, Rmse_valid: 17.0016, valid_score: 36364.7, , rmse_test: 17.2056, score_test: 1146.1, Learning rate:0.00002000
Epoch: 28, Loss: 19.3377, Rmse_valid: 17.0995, valid_score: 36921.5, , rmse_test: 17.2708, score_test: 1164.5, Learning rate:0.00002000
Epoch: 29, Loss: 19.3302, Rmse_valid: 17.0443, valid_score: 36658.9, , rmse_test: 17.2900, score_test: 1159.7, Learning rate:0.00002000
Epoch: 30, Loss: 19.2965, Rmse_valid: 16.8262, valid_score: 36906.0, , rmse_test: 17.2203, score_test: 1168.1, Learning rate:0.00002000
[Train Summary] Restored best model from epoch 12, rmse_valid: 16.4224, valid_score: 31281.8, rmse_test: 16.7380, score_test: 1091.8
[Train Time] start: 2026-07-29 12:41:39, end: 2026-07-29 12:49:35, duration: 0:07:56, total_seconds: 476.15
[Auto Test] command: /usr/local/miniconda3/envs/HV/bin/python /Mamba_Rul/test_GAT_EDmamba/test_model.py --sub-dataset FD004 --smooth-rate 40 --sequence-len 30 --feature-num 14 --dataset-root /Mamba_Rul/CMAPSSData/ --max-rul 125 --batch-size 128 --model-path /Mamba_Rul/logs/FD004_GAT_EDmamba_layer_1/seed17/model_FD004_0729_124139_seed17.pkl
model_path:/Mamba_Rul/logs/FD004_GAT_EDmamba_layer_1/seed17/model_FD004_0729_124139_seed17.pkl
rmse_final:16.811094284057617, score:1086.8896484375
