-----FD002-----
关键参数:
序列长度: 60
批大小(batch_size): 128
最大训练轮数(max_epochs): 30
随机数种子: 33
模型代号(model_code): GAT_EDmamba+60
模型结构(model_structure): mamba_mamba
学习率: 0.002
学习率调度器: step
Step步长(step_size): 10
Step衰减系数(gamma): 0.1
use_gat: True
gat_hidden_dim: 8
编码器: 2层Mamba
解码器: 2层Mamba
encoder_hidden_size: 16
mamba_num_layers: 2
mamba_d_state: 16
------------------------------
Epoch: 1, Loss: 29.6733, Rmse_valid: 26.8121, valid_score: 166211.0, , rmse_test: 24.8566, score_test: 6541.5, Learning rate:0.00200000
Epoch: 2, Loss: 21.3883, Rmse_valid: 45.6661, valid_score: 118240384.0, , rmse_test: 41.2472, score_test: 1566628.5, Learning rate:0.00200000
Epoch: 3, Loss: 18.3765, Rmse_valid: 19.3286, valid_score: 43376.9, , rmse_test: 15.8694, score_test: 1326.2, Learning rate:0.00200000
Epoch: 4, Loss: 17.0795, Rmse_valid: 30.4368, valid_score: 545632.6, , rmse_test: 30.1973, score_test: 32656.6, Learning rate:0.00200000
Epoch: 5, Loss: 16.2045, Rmse_valid: 20.8946, valid_score: 59522.1, , rmse_test: 18.8779, score_test: 3282.0, Learning rate:0.00200000
Epoch: 6, Loss: 15.5989, Rmse_valid: 35.8399, valid_score: 11637125.0, , rmse_test: 36.4912, score_test: 219467.5, Learning rate:0.00200000
Epoch: 7, Loss: 14.9996, Rmse_valid: 22.9588, valid_score: 85438.6, , rmse_test: 21.2554, score_test: 7876.4, Learning rate:0.00200000
Epoch: 8, Loss: 14.4736, Rmse_valid: 17.1667, valid_score: 25379.1, , rmse_test: 15.3109, score_test: 1513.1, Learning rate:0.00200000
Epoch: 9, Loss: 13.7692, Rmse_valid: 21.5447, valid_score: 56721.4, , rmse_test: 20.8548, score_test: 23214.6, Learning rate:0.00200000
Epoch: 10, Loss: 13.3243, Rmse_valid: 19.6617, valid_score: 52115.2, , rmse_test: 16.8768, score_test: 2144.1, Learning rate:0.00200000
Epoch: 11, Loss: 10.8790, Rmse_valid: 17.1657, valid_score: 22633.5, , rmse_test: 14.4413, score_test: 1311.7, Learning rate:0.00020000
Epoch: 12, Loss: 10.3766, Rmse_valid: 16.9636, valid_score: 26537.3, , rmse_test: 14.7334, score_test: 1420.8, Learning rate:0.00020000
Epoch: 13, Loss: 10.1960, Rmse_valid: 17.2201, valid_score: 25686.9, , rmse_test: 14.9739, score_test: 1518.2, Learning rate:0.00020000
Epoch: 14, Loss: 10.0264, Rmse_valid: 16.9175, valid_score: 23163.2, , rmse_test: 15.0059, score_test: 1539.3, Learning rate:0.00020000
Epoch: 15, Loss: 9.8656, Rmse_valid: 17.8713, valid_score: 27388.7, , rmse_test: 14.9494, score_test: 1654.6, Learning rate:0.00020000
Epoch: 16, Loss: 9.7340, Rmse_valid: 17.0628, valid_score: 25918.2, , rmse_test: 15.2542, score_test: 1771.4, Learning rate:0.00020000
Epoch: 17, Loss: 9.6076, Rmse_valid: 17.1246, valid_score: 25918.1, , rmse_test: 15.2380, score_test: 1856.5, Learning rate:0.00020000
Epoch: 18, Loss: 9.4962, Rmse_valid: 16.7730, valid_score: 20293.9, , rmse_test: 15.1291, score_test: 1421.1, Learning rate:0.00020000
Epoch: 19, Loss: 9.4055, Rmse_valid: 17.2457, valid_score: 27354.3, , rmse_test: 16.4982, score_test: 2178.4, Learning rate:0.00020000
Epoch: 20, Loss: 9.3115, Rmse_valid: 16.7606, valid_score: 23162.2, , rmse_test: 16.1063, score_test: 1692.7, Learning rate:0.00020000
Epoch: 21, Loss: 9.1116, Rmse_valid: 16.6688, valid_score: 21283.0, , rmse_test: 15.3613, score_test: 1628.3, Learning rate:0.00002000
Epoch: 22, Loss: 9.0362, Rmse_valid: 16.8647, valid_score: 20923.2, , rmse_test: 15.4741, score_test: 1556.4, Learning rate:0.00002000
Epoch: 23, Loss: 8.9858, Rmse_valid: 16.8162, valid_score: 20917.4, , rmse_test: 15.5035, score_test: 1613.9, Learning rate:0.00002000
Epoch: 24, Loss: 9.0111, Rmse_valid: 16.9302, valid_score: 21994.7, , rmse_test: 15.6256, score_test: 1656.8, Learning rate:0.00002000
Epoch: 25, Loss: 9.0037, Rmse_valid: 16.9397, valid_score: 21162.9, , rmse_test: 15.4126, score_test: 1582.4, Learning rate:0.00002000
Epoch: 26, Loss: 8.9557, Rmse_valid: 16.6183, valid_score: 21727.9, , rmse_test: 15.5191, score_test: 1617.9, Learning rate:0.00002000
Epoch: 27, Loss: 8.9779, Rmse_valid: 16.7488, valid_score: 21606.6, , rmse_test: 15.5939, score_test: 1625.5, Learning rate:0.00002000
Epoch: 28, Loss: 8.9752, Rmse_valid: 16.8302, valid_score: 21748.1, , rmse_test: 15.4939, score_test: 1611.1, Learning rate:0.00002000
Epoch: 29, Loss: 8.9207, Rmse_valid: 17.1914, valid_score: 21846.1, , rmse_test: 15.5989, score_test: 1625.5, Learning rate:0.00002000
Epoch: 30, Loss: 8.9363, Rmse_valid: 16.8074, valid_score: 21091.7, , rmse_test: 15.5350, score_test: 1635.0, Learning rate:0.00002000
[Train Summary] Restored best model from epoch 26, rmse_valid: 16.6183, valid_score: 21727.9, rmse_test: 15.5191, score_test: 1617.9
[Train Time] start: 2026-07-23 07:39:49, end: 2026-07-23 07:47:19, duration: 0:07:30, total_seconds: 449.62
[Auto Test] command: /usr/local/miniconda3/envs/HV/bin/python /Mamba_Rul/test_GAT_EDmamba/test_model.py --sub-dataset FD002 --smooth-rate 40 --sequence-len 60 --feature-num 14 --dataset-root /Mamba_Rul/CMAPSSData/ --max-rul 125 --batch-size 128 --model-path /Mamba_Rul/logs/FD002_GAT_EDmamba+60/seed33/model_FD002_0723_073949_seed33.pkl
model_path:/Mamba_Rul/logs/FD002_GAT_EDmamba+60/seed33/model_FD002_0723_073949_seed33.pkl
rmse_final:15.485451698303223, score:1559.2548828125
