-----FD002-----
关键参数:
序列长度: 30
批大小(batch_size): 128
最大训练轮数(max_epochs): 30
随机数种子: 27
模型代号(model_code): GAT_EDmamba_dmodel_12
模型结构(model_structure): mamba_mamba
学习率: 0.002
学习率调度器: step
Step步长(step_size): 10
Step衰减系数(gamma): 0.1
use_gat: True
gat_hidden_dim: 8
编码器: 2层Mamba
解码器: 2层Mamba
encoder_hidden_size: 12
mamba_num_layers: 2
mamba_d_state: 16
训练损失: AdaptiveAsymmetricMSELoss
asym_alpha: 3.0
asym_gamma: 5.0
asym_delta: 0.9
focus_threshold: 35.0
cap_threshold: 125.0
------------------------------
Epoch: 1, Loss: 46.7529, Rmse_valid: 23.3252, valid_score: 94663.3, , rmse_test: 25.1100, score_test: 3446.1, Learning rate:0.00200000
Epoch: 2, Loss: 35.0480, Rmse_valid: 27.9748, valid_score: 78676.4, , rmse_test: 26.1834, score_test: 5027.2, Learning rate:0.00200000
Epoch: 3, Loss: 31.3009, Rmse_valid: 21.2255, valid_score: 32960.1, , rmse_test: 20.6108, score_test: 1729.6, Learning rate:0.00200000
Epoch: 4, Loss: 28.3351, Rmse_valid: 19.2587, valid_score: 26617.6, , rmse_test: 17.9765, score_test: 1164.8, Learning rate:0.00200000
Epoch: 5, Loss: 27.0660, Rmse_valid: 20.7096, valid_score: 30984.6, , rmse_test: 18.2695, score_test: 1248.9, Learning rate:0.00200000
Epoch: 6, Loss: 25.9508, Rmse_valid: 19.2723, valid_score: 30578.6, , rmse_test: 17.1696, score_test: 1107.9, Learning rate:0.00200000
Epoch: 7, Loss: 25.2664, Rmse_valid: 33.9623, valid_score: 138090.6, , rmse_test: 33.7840, score_test: 9520.5, Learning rate:0.00200000
Epoch: 8, Loss: 24.4455, Rmse_valid: 19.6751, valid_score: 27094.9, , rmse_test: 17.2626, score_test: 1128.7, Learning rate:0.00200000
Epoch: 9, Loss: 23.8553, Rmse_valid: 24.9559, valid_score: 41566.9, , rmse_test: 22.9276, score_test: 1836.2, Learning rate:0.00200000
Epoch: 10, Loss: 23.1540, Rmse_valid: 24.0582, valid_score: 50325.7, , rmse_test: 23.1588, score_test: 3374.7, Learning rate:0.00200000
Epoch: 11, Loss: 20.2429, Rmse_valid: 18.8413, valid_score: 27468.4, , rmse_test: 16.4125, score_test: 976.7, Learning rate:0.00020000
Epoch: 12, Loss: 19.7916, Rmse_valid: 18.4485, valid_score: 25494.9, , rmse_test: 16.0232, score_test: 929.2, Learning rate:0.00020000
Epoch: 13, Loss: 19.5926, Rmse_valid: 17.9136, valid_score: 26122.9, , rmse_test: 15.8163, score_test: 947.9, Learning rate:0.00020000
Epoch: 14, Loss: 19.4482, Rmse_valid: 17.2895, valid_score: 27850.6, , rmse_test: 14.9675, score_test: 908.9, Learning rate:0.00020000
Epoch: 15, Loss: 19.3051, Rmse_valid: 18.0083, valid_score: 28193.0, , rmse_test: 15.8026, score_test: 973.0, Learning rate:0.00020000
Epoch: 16, Loss: 19.1858, Rmse_valid: 17.4398, valid_score: 25932.6, , rmse_test: 15.5919, score_test: 961.3, Learning rate:0.00020000
Epoch: 17, Loss: 19.0661, Rmse_valid: 17.5749, valid_score: 26442.5, , rmse_test: 15.4519, score_test: 958.0, Learning rate:0.00020000
Epoch: 18, Loss: 18.9619, Rmse_valid: 17.6688, valid_score: 24636.3, , rmse_test: 15.4281, score_test: 904.7, Learning rate:0.00020000
Epoch: 19, Loss: 18.8401, Rmse_valid: 18.2041, valid_score: 26276.1, , rmse_test: 15.7804, score_test: 964.9, Learning rate:0.00020000
Epoch: 20, Loss: 18.7293, Rmse_valid: 17.5702, valid_score: 25485.7, , rmse_test: 15.4343, score_test: 930.8, Learning rate:0.00020000
Epoch: 21, Loss: 18.5568, Rmse_valid: 17.5759, valid_score: 25024.9, , rmse_test: 15.4628, score_test: 934.8, Learning rate:0.00002000
Epoch: 22, Loss: 18.4837, Rmse_valid: 17.6588, valid_score: 24946.6, , rmse_test: 15.4784, score_test: 935.3, Learning rate:0.00002000
Epoch: 23, Loss: 18.4531, Rmse_valid: 17.6368, valid_score: 24854.6, , rmse_test: 15.3386, score_test: 930.0, Learning rate:0.00002000
Epoch: 24, Loss: 18.4786, Rmse_valid: 17.4954, valid_score: 24848.2, , rmse_test: 15.3181, score_test: 932.3, Learning rate:0.00002000
Epoch: 25, Loss: 18.4388, Rmse_valid: 17.4859, valid_score: 25201.1, , rmse_test: 15.3182, score_test: 939.0, Learning rate:0.00002000
Epoch: 26, Loss: 18.4437, Rmse_valid: 17.3655, valid_score: 25116.6, , rmse_test: 15.3975, score_test: 943.6, Learning rate:0.00002000
Epoch: 27, Loss: 18.4176, Rmse_valid: 17.3974, valid_score: 24931.0, , rmse_test: 15.3035, score_test: 942.8, Learning rate:0.00002000
Epoch: 28, Loss: 18.4085, Rmse_valid: 17.5076, valid_score: 24885.5, , rmse_test: 15.2770, score_test: 933.0, Learning rate:0.00002000
Epoch: 29, Loss: 18.4065, Rmse_valid: 17.2846, valid_score: 25139.9, , rmse_test: 15.2556, score_test: 938.5, Learning rate:0.00002000
Epoch: 30, Loss: 18.3856, Rmse_valid: 17.3785, valid_score: 25310.5, , rmse_test: 15.2563, score_test: 939.8, Learning rate:0.00002000
[Train Summary] Restored best model from epoch 29, rmse_valid: 17.2846, valid_score: 25139.9, rmse_test: 15.2556, score_test: 938.5
[Train Time] start: 2026-08-06 11:15:21, end: 2026-08-06 11:24:19, duration: 0:08:58, total_seconds: 537.84
[Auto Test] command: /usr/local/miniconda3/envs/HV/bin/python /Mamba_Rul/test_GAT_EDmamba/test_model.py --sub-dataset FD002 --smooth-rate 40 --sequence-len 30 --feature-num 14 --dataset-root /Mamba_Rul/CMAPSSData/ --max-rul 125 --batch-size 128 --model-path /Mamba_Rul/logs/FD002_GAT_EDmamba_dmodel_12/seed27/model_FD002_0806_111521_seed27.pkl
model_path:/Mamba_Rul/logs/FD002_GAT_EDmamba_dmodel_12/seed27/model_FD002_0806_111521_seed27.pkl
rmse_final:15.433004379272461, score:946.8599853515625
