-----FD004-----
关键参数:
序列长度: 30
批大小(batch_size): 128
最大训练轮数(max_epochs): 30
随机数种子: 97
模型代号(model_code): GAT_EDmamba_dstate_8
模型结构(model_structure): mamba_mamba
学习率: 0.002
学习率调度器: step
Step步长(step_size): 10
Step衰减系数(gamma): 0.1
use_gat: True
gat_hidden_dim: 8
编码器: 2层Mamba
解码器: 2层Mamba
encoder_hidden_size: 10
mamba_num_layers: 2
mamba_d_state: 8
训练损失: AdaptiveAsymmetricMSELoss
asym_alpha: 2.0
asym_gamma: 5.0
asym_delta: 0.9
focus_threshold: 35.0
cap_threshold: 125.0
------------------------------
Epoch: 1, Loss: 42.0690, Rmse_valid: 31.0729, valid_score: 146247.9, , rmse_test: 30.1172, score_test: 5912.0, Learning rate:0.00200000
Epoch: 2, Loss: 34.3549, Rmse_valid: 21.0358, valid_score: 43845.8, , rmse_test: 22.7876, score_test: 2469.3, Learning rate:0.00200000
Epoch: 3, Loss: 31.2631, Rmse_valid: 20.8219, valid_score: 38379.2, , rmse_test: 22.4599, score_test: 2347.0, Learning rate:0.00200000
Epoch: 4, Loss: 29.0890, Rmse_valid: 19.5017, valid_score: 35370.0, , rmse_test: 20.6436, score_test: 2070.9, Learning rate:0.00200000
Epoch: 5, Loss: 27.6173, Rmse_valid: 22.3271, valid_score: 54338.6, , rmse_test: 22.7076, score_test: 2197.2, Learning rate:0.00200000
Epoch: 6, Loss: 26.5660, Rmse_valid: 17.0550, valid_score: 24798.7, , rmse_test: 18.1481, score_test: 1391.8, Learning rate:0.00200000
Epoch: 7, Loss: 26.1215, Rmse_valid: 17.4182, valid_score: 27473.5, , rmse_test: 19.0555, score_test: 1473.1, Learning rate:0.00200000
Epoch: 8, Loss: 25.7638, Rmse_valid: 18.5812, valid_score: 29815.6, , rmse_test: 19.7289, score_test: 1714.4, Learning rate:0.00200000
Epoch: 9, Loss: 24.5496, Rmse_valid: 22.7901, valid_score: 81042.9, , rmse_test: 23.8390, score_test: 3295.1, Learning rate:0.00200000
Epoch: 10, Loss: 24.6105, Rmse_valid: 18.9244, valid_score: 31877.6, , rmse_test: 18.9372, score_test: 1457.8, Learning rate:0.00200000
Epoch: 11, Loss: 21.0063, Rmse_valid: 16.8898, valid_score: 27445.3, , rmse_test: 18.2678, score_test: 1296.5, Learning rate:0.00020000
Epoch: 12, Loss: 20.7519, Rmse_valid: 17.2001, valid_score: 26681.7, , rmse_test: 18.7038, score_test: 1366.9, Learning rate:0.00020000
Epoch: 13, Loss: 20.5874, Rmse_valid: 17.0907, valid_score: 27813.2, , rmse_test: 18.0980, score_test: 1310.8, Learning rate:0.00020000
Epoch: 14, Loss: 20.4277, Rmse_valid: 16.8786, valid_score: 26618.6, , rmse_test: 18.4920, score_test: 1356.5, Learning rate:0.00020000
Epoch: 15, Loss: 20.3453, Rmse_valid: 16.6465, valid_score: 27170.2, , rmse_test: 18.1290, score_test: 1365.7, Learning rate:0.00020000
Epoch: 16, Loss: 20.2438, Rmse_valid: 17.2385, valid_score: 32023.4, , rmse_test: 18.4363, score_test: 1392.9, Learning rate:0.00020000
Epoch: 17, Loss: 20.1545, Rmse_valid: 17.4554, valid_score: 28759.5, , rmse_test: 18.4801, score_test: 1341.1, Learning rate:0.00020000
Epoch: 18, Loss: 20.0714, Rmse_valid: 17.3360, valid_score: 30885.1, , rmse_test: 17.9235, score_test: 1316.2, Learning rate:0.00020000
Epoch: 19, Loss: 20.0421, Rmse_valid: 17.3789, valid_score: 34204.0, , rmse_test: 18.1764, score_test: 1334.8, Learning rate:0.00020000
Epoch: 20, Loss: 19.9249, Rmse_valid: 16.9830, valid_score: 34791.8, , rmse_test: 17.8933, score_test: 1322.9, Learning rate:0.00020000
Epoch: 21, Loss: 19.6975, Rmse_valid: 17.0689, valid_score: 37077.4, , rmse_test: 18.2444, score_test: 1370.0, Learning rate:0.00002000
Epoch: 22, Loss: 19.6503, Rmse_valid: 17.3013, valid_score: 39445.3, , rmse_test: 18.3285, score_test: 1392.6, Learning rate:0.00002000
Epoch: 23, Loss: 19.6251, Rmse_valid: 17.0796, valid_score: 40108.9, , rmse_test: 18.2395, score_test: 1364.7, Learning rate:0.00002000
Epoch: 24, Loss: 19.6063, Rmse_valid: 17.2493, valid_score: 40538.4, , rmse_test: 18.2721, score_test: 1390.2, Learning rate:0.00002000
Epoch: 25, Loss: 19.6603, Rmse_valid: 17.3454, valid_score: 40809.9, , rmse_test: 18.3423, score_test: 1384.1, Learning rate:0.00002000
Epoch: 26, Loss: 19.6311, Rmse_valid: 17.0750, valid_score: 39042.5, , rmse_test: 18.0703, score_test: 1360.6, Learning rate:0.00002000
Epoch: 27, Loss: 19.6267, Rmse_valid: 17.1200, valid_score: 39581.1, , rmse_test: 18.1978, score_test: 1369.2, Learning rate:0.00002000
Epoch: 28, Loss: 19.6254, Rmse_valid: 17.2075, valid_score: 40025.7, , rmse_test: 18.2735, score_test: 1395.9, Learning rate:0.00002000
Epoch: 29, Loss: 19.5481, Rmse_valid: 17.1367, valid_score: 42605.3, , rmse_test: 18.2739, score_test: 1400.0, Learning rate:0.00002000
Epoch: 30, Loss: 19.6018, Rmse_valid: 17.2835, valid_score: 42691.5, , rmse_test: 18.2185, score_test: 1367.1, Learning rate:0.00002000
[Train Summary] Restored best model from epoch 15, rmse_valid: 16.6465, valid_score: 27170.2, rmse_test: 18.1290, score_test: 1365.7
[Train Time] start: 2026-07-29 06:35:25, end: 2026-07-29 06:46:35, duration: 0:11:09, total_seconds: 669.45
[Auto Test] command: /usr/local/miniconda3/envs/HV/bin/python /Mamba_Rul/test_GAT_EDmamba/test_model.py --sub-dataset FD004 --smooth-rate 40 --sequence-len 30 --feature-num 14 --dataset-root /Mamba_Rul/CMAPSSData/ --max-rul 125 --batch-size 128 --model-path /Mamba_Rul/logs/FD004_GAT_EDmamba_dstate_8/seed97/model_FD004_0729_063525_seed97.pkl
model_path:/Mamba_Rul/logs/FD004_GAT_EDmamba_dstate_8/seed97/model_FD004_0729_063525_seed97.pkl
rmse_final:18.275005340576172, score:1375.408203125
