-----FD001-----
关键参数:
序列长度: 30
批大小(batch_size): 128
最大训练轮数(max_epochs): 30
随机数种子: 17
模型代号(model_code): GAT_EDmamba4_dmodel_4
模型结构(model_structure): mamba_mamba
学习率: 0.002
学习率调度器: step
Step步长(step_size): 10
Step衰减系数(gamma): 0.1
use_gat: True
gat_hidden_dim: 8
编码器: 2层Mamba
解码器: 2层Mamba
mamba_d_model: 4
mamba_num_layers: 2
mamba_d_state: 16
训练损失: AdaptiveAsymmetricMSELoss
asym_alpha: 1.5
asym_gamma: 2.0
asym_delta: 0.9
focus_threshold: 35.0
cap_threshold: 125.0
------------------------------
Epoch: 1, Loss: 41.7433, Rmse_valid: 23.0341, valid_score: 15539.1, , rmse_test: 22.6730, score_test: 5822.8, Learning rate:0.00200000
Epoch: 2, Loss: 29.9038, Rmse_valid: 21.3485, valid_score: 11730.3, , rmse_test: 20.2936, score_test: 1975.4, Learning rate:0.00200000
Epoch: 3, Loss: 25.6004, Rmse_valid: 18.7934, valid_score: 8434.5, , rmse_test: 17.0020, score_test: 538.4, Learning rate:0.00200000
Epoch: 4, Loss: 22.1279, Rmse_valid: 18.4603, valid_score: 7991.0, , rmse_test: 17.0490, score_test: 359.9, Learning rate:0.00200000
Epoch: 5, Loss: 20.4700, Rmse_valid: 13.5891, valid_score: 5016.5, , rmse_test: 13.6997, score_test: 336.4, Learning rate:0.00200000
Epoch: 6, Loss: 18.5455, Rmse_valid: 15.3763, valid_score: 5346.2, , rmse_test: 17.0090, score_test: 377.7, Learning rate:0.00200000
Epoch: 7, Loss: 17.6383, Rmse_valid: 15.0812, valid_score: 4705.8, , rmse_test: 15.2265, score_test: 302.0, Learning rate:0.00200000
Epoch: 8, Loss: 17.2294, Rmse_valid: 17.2888, valid_score: 5886.4, , rmse_test: 18.1464, score_test: 424.4, Learning rate:0.00200000
Epoch: 9, Loss: 16.6863, Rmse_valid: 13.0077, valid_score: 3667.9, , rmse_test: 14.0859, score_test: 262.9, Learning rate:0.00200000
Epoch: 10, Loss: 16.6498, Rmse_valid: 17.2096, valid_score: 6279.2, , rmse_test: 19.1327, score_test: 472.6, Learning rate:0.00200000
Epoch: 11, Loss: 14.7941, Rmse_valid: 11.6504, valid_score: 2936.1, , rmse_test: 13.0383, score_test: 255.7, Learning rate:0.00020000
Epoch: 12, Loss: 14.5774, Rmse_valid: 11.1244, valid_score: 2966.6, , rmse_test: 13.0572, score_test: 261.5, Learning rate:0.00020000
Epoch: 13, Loss: 14.6254, Rmse_valid: 11.7014, valid_score: 2993.9, , rmse_test: 13.2011, score_test: 255.7, Learning rate:0.00020000
Epoch: 14, Loss: 14.4718, Rmse_valid: 11.1004, valid_score: 3014.7, , rmse_test: 13.0940, score_test: 289.4, Learning rate:0.00020000
Epoch: 15, Loss: 14.3240, Rmse_valid: 11.5232, valid_score: 3058.6, , rmse_test: 13.3625, score_test: 257.0, Learning rate:0.00020000
Epoch: 16, Loss: 14.2938, Rmse_valid: 11.1124, valid_score: 3058.6, , rmse_test: 13.3589, score_test: 262.8, Learning rate:0.00020000
Epoch: 17, Loss: 14.2754, Rmse_valid: 10.8339, valid_score: 2912.1, , rmse_test: 13.0798, score_test: 277.8, Learning rate:0.00020000
Epoch: 18, Loss: 14.2703, Rmse_valid: 11.0329, valid_score: 2954.0, , rmse_test: 13.0919, score_test: 276.8, Learning rate:0.00020000
Epoch: 19, Loss: 14.1229, Rmse_valid: 11.1110, valid_score: 2934.3, , rmse_test: 13.2723, score_test: 279.3, Learning rate:0.00020000
Epoch: 20, Loss: 14.0650, Rmse_valid: 10.7322, valid_score: 2872.8, , rmse_test: 13.0761, score_test: 288.6, Learning rate:0.00020000
Epoch: 21, Loss: 13.9278, Rmse_valid: 11.2409, valid_score: 2884.0, , rmse_test: 13.1254, score_test: 276.0, Learning rate:0.00002000
Epoch: 22, Loss: 13.9616, Rmse_valid: 10.7567, valid_score: 2863.0, , rmse_test: 13.0959, score_test: 278.0, Learning rate:0.00002000
Epoch: 23, Loss: 13.9156, Rmse_valid: 10.8736, valid_score: 2874.4, , rmse_test: 13.1220, score_test: 277.4, Learning rate:0.00002000
Epoch: 24, Loss: 13.9143, Rmse_valid: 10.9208, valid_score: 2869.0, , rmse_test: 13.1194, score_test: 277.3, Learning rate:0.00002000
Epoch: 25, Loss: 14.0209, Rmse_valid: 11.3062, valid_score: 2880.1, , rmse_test: 13.1236, score_test: 276.3, Learning rate:0.00002000
Epoch: 26, Loss: 14.0343, Rmse_valid: 10.9254, valid_score: 2879.8, , rmse_test: 13.1481, score_test: 275.6, Learning rate:0.00002000
Epoch: 27, Loss: 14.0086, Rmse_valid: 10.5190, valid_score: 2861.1, , rmse_test: 13.1057, score_test: 275.7, Learning rate:0.00002000
Epoch: 28, Loss: 13.9352, Rmse_valid: 11.2352, valid_score: 2885.2, , rmse_test: 13.1693, score_test: 272.9, Learning rate:0.00002000
Epoch: 29, Loss: 14.0131, Rmse_valid: 10.9626, valid_score: 2856.8, , rmse_test: 13.1409, score_test: 273.8, Learning rate:0.00002000
Epoch: 30, Loss: 13.9047, Rmse_valid: 10.9293, valid_score: 2878.9, , rmse_test: 13.1878, score_test: 270.7, Learning rate:0.00002000
[Train Summary] Restored best model from epoch 27, rmse_valid: 10.5190, valid_score: 2861.1, rmse_test: 13.1057, score_test: 275.7
[Train Time] start: 2026-08-24 14:58:22, end: 2026-08-24 15:01:39, duration: 0:03:17, total_seconds: 196.90
[Auto Test] command: /usr/local/miniconda3/envs/HV/bin/python /Mamba_Rul/test_GAT_EDmamba/test_model.py --sub-dataset FD001 --smooth-rate 30 --sequence-len 30 --feature-num 14 --dataset-root /Mamba_Rul/CMAPSSData/ --max-rul 125 --batch-size 128 --model-path /Mamba_Rul/logs/FD001_GAT_EDmamba4_dmodel_4/seed17/model_FD001_0824_145822_seed17.pkl
model_path:/Mamba_Rul/logs/FD001_GAT_EDmamba4_dmodel_4/seed17/model_FD001_0824_145822_seed17.pkl
rmse_final:13.176874160766602, score:271.35955810546875
