-----FD003-----
关键参数:
序列长度: 30
批大小(batch_size): 128
最大训练轮数(max_epochs): 30
随机数种子: 27
模型代号(model_code): GAT_EDmamba+30
模型结构(model_structure): mamba_mamba
学习率: 0.002
学习率调度器: step
Step步长(step_size): 10
Step衰减系数(gamma): 0.1
use_gat: True
gat_hidden_dim: 8
编码器: 2层Mamba
解码器: 2层Mamba
encoder_hidden_size: 16
mamba_num_layers: 2
mamba_d_state: 16
------------------------------
Epoch: 1, Loss: 23.9850, Rmse_valid: 17.2804, valid_score: 23164.1, , rmse_test: 25.1978, score_test: 2948.1, Learning rate:0.00200000
Epoch: 2, Loss: 17.4520, Rmse_valid: 14.6110, valid_score: 16448.1, , rmse_test: 16.5710, score_test: 1592.2, Learning rate:0.00200000
Epoch: 3, Loss: 14.5495, Rmse_valid: 11.7317, valid_score: 7660.0, , rmse_test: 15.4125, score_test: 1103.3, Learning rate:0.00200000
Epoch: 4, Loss: 13.4673, Rmse_valid: 11.2471, valid_score: 6379.9, , rmse_test: 16.6832, score_test: 1166.5, Learning rate:0.00200000
Epoch: 5, Loss: 12.6768, Rmse_valid: 11.0534, valid_score: 5364.4, , rmse_test: 14.8944, score_test: 720.4, Learning rate:0.00200000
Epoch: 6, Loss: 11.8555, Rmse_valid: 10.7073, valid_score: 5897.1, , rmse_test: 14.9514, score_test: 678.3, Learning rate:0.00200000
Epoch: 7, Loss: 11.6185, Rmse_valid: 10.3610, valid_score: 5455.5, , rmse_test: 14.9330, score_test: 734.8, Learning rate:0.00200000
Epoch: 8, Loss: 11.0146, Rmse_valid: 10.4842, valid_score: 7748.9, , rmse_test: 15.1409, score_test: 623.7, Learning rate:0.00200000
Epoch: 9, Loss: 11.0122, Rmse_valid: 9.8174, valid_score: 5863.9, , rmse_test: 14.6341, score_test: 564.3, Learning rate:0.00200000
Epoch: 10, Loss: 10.5048, Rmse_valid: 10.6248, valid_score: 6027.9, , rmse_test: 13.6439, score_test: 614.5, Learning rate:0.00200000
Epoch: 11, Loss: 9.1588, Rmse_valid: 9.2016, valid_score: 5006.2, , rmse_test: 13.6302, score_test: 547.4, Learning rate:0.00020000
Epoch: 12, Loss: 9.0265, Rmse_valid: 9.5264, valid_score: 4896.8, , rmse_test: 13.4646, score_test: 485.6, Learning rate:0.00020000
Epoch: 13, Loss: 8.8803, Rmse_valid: 9.6202, valid_score: 4797.9, , rmse_test: 13.2744, score_test: 432.7, Learning rate:0.00020000
Epoch: 14, Loss: 8.7709, Rmse_valid: 9.7112, valid_score: 5321.2, , rmse_test: 13.6512, score_test: 470.1, Learning rate:0.00020000
Epoch: 15, Loss: 8.7196, Rmse_valid: 9.6776, valid_score: 5499.3, , rmse_test: 13.4522, score_test: 470.4, Learning rate:0.00020000
Epoch: 16, Loss: 8.6360, Rmse_valid: 9.2772, valid_score: 4264.0, , rmse_test: 13.2546, score_test: 508.3, Learning rate:0.00020000
Epoch: 17, Loss: 8.5734, Rmse_valid: 9.7439, valid_score: 4761.2, , rmse_test: 13.0988, score_test: 415.4, Learning rate:0.00020000
Epoch: 18, Loss: 8.4762, Rmse_valid: 9.1416, valid_score: 4508.3, , rmse_test: 13.5203, score_test: 492.0, Learning rate:0.00020000
Epoch: 19, Loss: 8.3785, Rmse_valid: 9.2691, valid_score: 4469.7, , rmse_test: 12.9401, score_test: 399.2, Learning rate:0.00020000
Epoch: 20, Loss: 8.3712, Rmse_valid: 9.5989, valid_score: 4839.5, , rmse_test: 13.0860, score_test: 407.4, Learning rate:0.00020000
Epoch: 21, Loss: 8.2222, Rmse_valid: 9.3269, valid_score: 4509.8, , rmse_test: 13.0917, score_test: 432.8, Learning rate:0.00002000
Epoch: 22, Loss: 8.1956, Rmse_valid: 9.3214, valid_score: 4386.9, , rmse_test: 13.1163, score_test: 438.4, Learning rate:0.00002000
Epoch: 23, Loss: 8.1989, Rmse_valid: 9.2559, valid_score: 4376.9, , rmse_test: 13.0635, score_test: 429.9, Learning rate:0.00002000
Epoch: 24, Loss: 8.1676, Rmse_valid: 9.2590, valid_score: 4370.2, , rmse_test: 13.0354, score_test: 431.2, Learning rate:0.00002000
Epoch: 25, Loss: 8.1518, Rmse_valid: 9.3247, valid_score: 4373.0, , rmse_test: 13.0110, score_test: 420.8, Learning rate:0.00002000
Epoch: 26, Loss: 8.1700, Rmse_valid: 9.2834, valid_score: 4458.7, , rmse_test: 13.1204, score_test: 433.1, Learning rate:0.00002000
Epoch: 27, Loss: 8.1146, Rmse_valid: 9.2869, valid_score: 4388.4, , rmse_test: 13.0778, score_test: 432.0, Learning rate:0.00002000
Epoch: 28, Loss: 8.1435, Rmse_valid: 9.2625, valid_score: 4421.3, , rmse_test: 13.0615, score_test: 425.3, Learning rate:0.00002000
Epoch: 29, Loss: 8.1286, Rmse_valid: 9.3107, valid_score: 4400.3, , rmse_test: 13.0705, score_test: 424.9, Learning rate:0.00002000
Epoch: 30, Loss: 8.1572, Rmse_valid: 9.2633, valid_score: 4287.2, , rmse_test: 13.0267, score_test: 422.8, Learning rate:0.00002000
[Train Summary] Restored best model from epoch 18, rmse_valid: 9.1416, valid_score: 4508.3, rmse_test: 13.5203, score_test: 492.0
[Train Time] start: 2026-07-23 01:59:24, end: 2026-07-23 02:03:55, duration: 0:04:31, total_seconds: 271.49
[Auto Test] command: /usr/local/miniconda3/envs/HV/bin/python /Mamba_Rul/test_GAT_EDmamba/test_model.py --sub-dataset FD003 --smooth-rate 30 --sequence-len 30 --feature-num 14 --dataset-root /Mamba_Rul/CMAPSSData/ --max-rul 125 --batch-size 128 --model-path /Mamba_Rul/logs/FD003_GAT_EDmamba+30/seed27/model_FD003_0723_015924_seed27.pkl
model_path:/Mamba_Rul/logs/FD003_GAT_EDmamba+30/seed27/model_FD003_0723_015924_seed27.pkl
rmse_final:13.351778984069824, score:472.3197021484375
