-----FD004-----
关键参数:
序列长度: 30
批大小(batch_size): 128
最大训练轮数(max_epochs): 30
随机数种子: 27
模型代号(model_code): 1GAT_EDmamba_dstate_4
模型结构(model_structure): mamba_mamba
学习率: 0.002
学习率调度器: step
Step步长(step_size): 10
Step衰减系数(gamma): 0.1
use_gat: True
gat_hidden_dim: 8
编码器: 2层Mamba
解码器: 2层Mamba
mamba_d_model: 8
mamba_num_layers: 2
mamba_d_state: 4
训练损失: AdaptiveAsymmetricMSELoss
asym_alpha: 2.0
asym_gamma: 5.0
asym_delta: 0.9
focus_threshold: 35.0
cap_threshold: 125.0
------------------------------
Epoch: 1, Loss: 44.4288, Rmse_valid: 26.8536, valid_score: 119611.0, , rmse_test: 28.7656, score_test: 5479.5, Learning rate:0.00200000
Epoch: 2, Loss: 35.7321, Rmse_valid: 22.6400, valid_score: 61084.9, , rmse_test: 23.5719, score_test: 3095.2, Learning rate:0.00200000
Epoch: 3, Loss: 30.7509, Rmse_valid: 22.8608, valid_score: 59512.9, , rmse_test: 22.7357, score_test: 2343.5, Learning rate:0.00200000
Epoch: 4, Loss: 28.3960, Rmse_valid: 23.3034, valid_score: 68900.7, , rmse_test: 22.0360, score_test: 2539.5, Learning rate:0.00200000
Epoch: 5, Loss: 27.2576, Rmse_valid: 24.1667, valid_score: 81635.3, , rmse_test: 22.5096, score_test: 2488.3, Learning rate:0.00200000
Epoch: 6, Loss: 26.1011, Rmse_valid: 21.5087, valid_score: 52648.3, , rmse_test: 23.3088, score_test: 2648.8, Learning rate:0.00200000
Epoch: 7, Loss: 25.4135, Rmse_valid: 18.9951, valid_score: 34887.4, , rmse_test: 20.0544, score_test: 1722.1, Learning rate:0.00200000
Epoch: 8, Loss: 24.6648, Rmse_valid: 18.4452, valid_score: 29270.1, , rmse_test: 18.7129, score_test: 1403.1, Learning rate:0.00200000
Epoch: 9, Loss: 24.2214, Rmse_valid: 18.4225, valid_score: 37028.5, , rmse_test: 17.7308, score_test: 1487.7, Learning rate:0.00200000
Epoch: 10, Loss: 24.0092, Rmse_valid: 17.2524, valid_score: 28196.6, , rmse_test: 18.5555, score_test: 1711.1, Learning rate:0.00200000
Epoch: 11, Loss: 20.9894, Rmse_valid: 17.7769, valid_score: 30646.7, , rmse_test: 18.1746, score_test: 1453.3, Learning rate:0.00020000
Epoch: 12, Loss: 20.7270, Rmse_valid: 17.4719, valid_score: 29204.9, , rmse_test: 18.8499, score_test: 1509.8, Learning rate:0.00020000
Epoch: 13, Loss: 20.6781, Rmse_valid: 17.7125, valid_score: 31699.1, , rmse_test: 18.5840, score_test: 1507.1, Learning rate:0.00020000
Epoch: 14, Loss: 20.5626, Rmse_valid: 17.6185, valid_score: 31209.4, , rmse_test: 18.9825, score_test: 1521.0, Learning rate:0.00020000
Epoch: 15, Loss: 20.4983, Rmse_valid: 18.2636, valid_score: 35042.8, , rmse_test: 18.9567, score_test: 1523.3, Learning rate:0.00020000
Epoch: 16, Loss: 20.4646, Rmse_valid: 17.3132, valid_score: 33338.3, , rmse_test: 18.2341, score_test: 1451.7, Learning rate:0.00020000
Epoch: 17, Loss: 20.3649, Rmse_valid: 17.1034, valid_score: 30775.4, , rmse_test: 18.1580, score_test: 1451.5, Learning rate:0.00020000
Epoch: 18, Loss: 20.3163, Rmse_valid: 17.6391, valid_score: 33547.8, , rmse_test: 18.5783, score_test: 1481.2, Learning rate:0.00020000
Epoch: 19, Loss: 20.2438, Rmse_valid: 17.5974, valid_score: 33826.9, , rmse_test: 18.5873, score_test: 1424.6, Learning rate:0.00020000
Epoch: 20, Loss: 20.1678, Rmse_valid: 17.9748, valid_score: 33085.4, , rmse_test: 18.3601, score_test: 1398.3, Learning rate:0.00020000
Epoch: 21, Loss: 19.9967, Rmse_valid: 17.6612, valid_score: 33032.2, , rmse_test: 18.2326, score_test: 1408.9, Learning rate:0.00002000
Epoch: 22, Loss: 19.9648, Rmse_valid: 17.3870, valid_score: 33344.5, , rmse_test: 18.4727, score_test: 1427.7, Learning rate:0.00002000
Epoch: 23, Loss: 19.9545, Rmse_valid: 17.3277, valid_score: 33574.2, , rmse_test: 18.3567, score_test: 1423.7, Learning rate:0.00002000
Epoch: 24, Loss: 19.9727, Rmse_valid: 17.2245, valid_score: 33425.3, , rmse_test: 18.2494, score_test: 1414.2, Learning rate:0.00002000
Epoch: 25, Loss: 19.9510, Rmse_valid: 17.6107, valid_score: 33962.3, , rmse_test: 18.1380, score_test: 1406.3, Learning rate:0.00002000
Epoch: 26, Loss: 19.9063, Rmse_valid: 17.2946, valid_score: 33774.7, , rmse_test: 18.2859, score_test: 1413.9, Learning rate:0.00002000
Epoch: 27, Loss: 19.9413, Rmse_valid: 17.3960, valid_score: 33967.3, , rmse_test: 18.4115, score_test: 1435.2, Learning rate:0.00002000
Epoch: 28, Loss: 19.9031, Rmse_valid: 17.6085, valid_score: 34370.1, , rmse_test: 18.4082, score_test: 1438.1, Learning rate:0.00002000
Epoch: 29, Loss: 19.9045, Rmse_valid: 17.6584, valid_score: 34855.3, , rmse_test: 18.1942, score_test: 1410.2, Learning rate:0.00002000
Epoch: 30, Loss: 19.9137, Rmse_valid: 17.2903, valid_score: 34809.3, , rmse_test: 18.1257, score_test: 1401.2, Learning rate:0.00002000
[Train Summary] Restored best model from epoch 17, rmse_valid: 17.1034, valid_score: 30775.4, rmse_test: 18.1580, score_test: 1451.5
[Train Time] start: 2026-08-28 15:37:04, end: 2026-08-28 15:46:32, duration: 0:09:28, total_seconds: 568.13
[Auto Test] command: /usr/local/miniconda3/envs/HV/bin/python /Mamba_Rul/test_GAT_EDmamba/test_model.py --sub-dataset FD004 --smooth-rate 40 --sequence-len 30 --feature-num 14 --dataset-root /Mamba_Rul/CMAPSSData/ --max-rul 125 --batch-size 128 --model-path /Mamba_Rul/logs/FD004_1GAT_EDmamba_dstate_4/seed27/model_FD004_0828_153704_seed27.pkl
model_path:/Mamba_Rul/logs/FD004_1GAT_EDmamba_dstate_4/seed27/model_FD004_0828_153704_seed27.pkl
rmse_final:18.256683349609375, score:1446.3807373046875
