-----FD003-----
关键参数:
序列长度: 30
批大小(batch_size): 128
最大训练轮数(max_epochs): 30
随机数种子: 51
模型代号(model_code): 1GAT_EDmamba_dstate_4
模型结构(model_structure): mamba_mamba
学习率: 0.002
学习率调度器: step
Step步长(step_size): 10
Step衰减系数(gamma): 0.1
use_gat: True
gat_hidden_dim: 8
编码器: 2层Mamba
解码器: 2层Mamba
mamba_d_model: 32
mamba_num_layers: 2
mamba_d_state: 4
训练损失: AdaptiveAsymmetricMSELoss
asym_alpha: 3.5
asym_gamma: 5.0
asym_delta: 0.9
focus_threshold: 35.0
cap_threshold: 125.0
------------------------------
Epoch: 1, Loss: 41.4051, Rmse_valid: 22.2229, valid_score: 27304.0, , rmse_test: 22.3375, score_test: 1347.4, Learning rate:0.00200000
Epoch: 2, Loss: 26.4818, Rmse_valid: 26.3202, valid_score: 32903.1, , rmse_test: 24.0306, score_test: 1387.6, Learning rate:0.00200000
Epoch: 3, Loss: 21.6434, Rmse_valid: 14.8076, valid_score: 10438.3, , rmse_test: 16.6164, score_test: 742.7, Learning rate:0.00200000
Epoch: 4, Loss: 19.5412, Rmse_valid: 16.6408, valid_score: 8200.0, , rmse_test: 14.7693, score_test: 322.9, Learning rate:0.00200000
Epoch: 5, Loss: 18.6161, Rmse_valid: 13.0091, valid_score: 5962.4, , rmse_test: 13.4421, score_test: 473.8, Learning rate:0.00200000
Epoch: 6, Loss: 17.6011, Rmse_valid: 11.4414, valid_score: 5218.6, , rmse_test: 13.5507, score_test: 372.0, Learning rate:0.00200000
Epoch: 7, Loss: 17.0991, Rmse_valid: 12.3298, valid_score: 5081.9, , rmse_test: 13.2766, score_test: 437.6, Learning rate:0.00200000
Epoch: 8, Loss: 16.7017, Rmse_valid: 11.6996, valid_score: 4732.4, , rmse_test: 13.0239, score_test: 223.1, Learning rate:0.00200000
Epoch: 9, Loss: 16.4013, Rmse_valid: 9.2912, valid_score: 3607.8, , rmse_test: 12.4518, score_test: 265.5, Learning rate:0.00200000
Epoch: 10, Loss: 15.4536, Rmse_valid: 11.6383, valid_score: 5168.4, , rmse_test: 13.8556, score_test: 244.1, Learning rate:0.00200000
Epoch: 11, Loss: 12.8569, Rmse_valid: 9.7124, valid_score: 3768.5, , rmse_test: 11.9724, score_test: 212.2, Learning rate:0.00020000
Epoch: 12, Loss: 12.5652, Rmse_valid: 9.8525, valid_score: 3728.7, , rmse_test: 12.0369, score_test: 207.4, Learning rate:0.00020000
Epoch: 13, Loss: 12.4315, Rmse_valid: 9.7741, valid_score: 3656.3, , rmse_test: 12.2415, score_test: 214.9, Learning rate:0.00020000
Epoch: 14, Loss: 12.3652, Rmse_valid: 9.0000, valid_score: 3291.7, , rmse_test: 12.0244, score_test: 216.9, Learning rate:0.00020000
Epoch: 15, Loss: 12.1894, Rmse_valid: 9.5246, valid_score: 3528.3, , rmse_test: 12.1794, score_test: 220.6, Learning rate:0.00020000
Epoch: 16, Loss: 12.0854, Rmse_valid: 8.7592, valid_score: 3073.4, , rmse_test: 11.9590, score_test: 213.9, Learning rate:0.00020000
Epoch: 17, Loss: 11.9813, Rmse_valid: 9.4930, valid_score: 3462.2, , rmse_test: 12.1154, score_test: 218.2, Learning rate:0.00020000
Epoch: 18, Loss: 11.8732, Rmse_valid: 8.2124, valid_score: 2817.7, , rmse_test: 11.7557, score_test: 221.9, Learning rate:0.00020000
Epoch: 19, Loss: 11.7985, Rmse_valid: 9.5745, valid_score: 3524.7, , rmse_test: 12.3625, score_test: 221.7, Learning rate:0.00020000
Epoch: 20, Loss: 11.7134, Rmse_valid: 9.5880, valid_score: 3616.0, , rmse_test: 12.2130, score_test: 216.5, Learning rate:0.00020000
Epoch: 21, Loss: 11.4964, Rmse_valid: 9.2888, valid_score: 3352.4, , rmse_test: 12.0122, score_test: 214.5, Learning rate:0.00002000
Epoch: 22, Loss: 11.4641, Rmse_valid: 8.9488, valid_score: 3193.1, , rmse_test: 11.9661, score_test: 216.3, Learning rate:0.00002000
Epoch: 23, Loss: 11.4308, Rmse_valid: 9.1135, valid_score: 3271.7, , rmse_test: 11.9867, score_test: 217.1, Learning rate:0.00002000
Epoch: 24, Loss: 11.3937, Rmse_valid: 9.0268, valid_score: 3204.0, , rmse_test: 12.0100, score_test: 215.4, Learning rate:0.00002000
Epoch: 25, Loss: 11.4375, Rmse_valid: 9.1446, valid_score: 3244.0, , rmse_test: 12.0376, score_test: 216.9, Learning rate:0.00002000
Epoch: 26, Loss: 11.4146, Rmse_valid: 9.0780, valid_score: 3182.8, , rmse_test: 12.0120, score_test: 215.9, Learning rate:0.00002000
Epoch: 27, Loss: 11.3632, Rmse_valid: 9.0405, valid_score: 3197.8, , rmse_test: 12.0170, score_test: 217.7, Learning rate:0.00002000
Epoch: 28, Loss: 11.3624, Rmse_valid: 9.1984, valid_score: 3241.6, , rmse_test: 12.0639, score_test: 216.4, Learning rate:0.00002000
Epoch: 29, Loss: 11.3420, Rmse_valid: 9.2812, valid_score: 3286.6, , rmse_test: 12.0369, score_test: 216.7, Learning rate:0.00002000
Epoch: 30, Loss: 11.3889, Rmse_valid: 8.9881, valid_score: 3184.9, , rmse_test: 12.0472, score_test: 219.3, Learning rate:0.00002000
[Train Summary] Restored best model from epoch 18, rmse_valid: 8.2124, valid_score: 2817.7, rmse_test: 11.7557, score_test: 221.9
[Train Time] start: 2026-08-28 12:38:56, end: 2026-08-28 12:42:56, duration: 0:04:01, total_seconds: 240.53
[Auto Test] command: /usr/local/miniconda3/envs/HV/bin/python /Mamba_Rul/test_GAT_EDmamba/test_model.py --sub-dataset FD003 --smooth-rate 30 --sequence-len 30 --feature-num 14 --dataset-root /Mamba_Rul/CMAPSSData/ --max-rul 125 --batch-size 128 --model-path /Mamba_Rul/logs/FD003_1GAT_EDmamba_dstate_4/seed51/model_FD003_0828_123856_seed51.pkl
model_path:/Mamba_Rul/logs/FD003_1GAT_EDmamba_dstate_4/seed51/model_FD003_0828_123856_seed51.pkl
rmse_final:11.779643058776855, score:218.635009765625
