-----FD002-----
关键参数:
序列长度: 50
批大小(batch_size): 128
最大训练轮数(max_epochs): 30
随机数种子: 62
模型代号(model_code): GAT_EDmamba+50
模型结构(model_structure): mamba_mamba
学习率: 0.002
学习率调度器: step
Step步长(step_size): 10
Step衰减系数(gamma): 0.1
use_gat: True
gat_hidden_dim: 8
编码器: 2层Mamba
解码器: 2层Mamba
encoder_hidden_size: 16
mamba_num_layers: 2
mamba_d_state: 16
------------------------------
Epoch: 1, Loss: 27.5685, Rmse_valid: 22.2612, valid_score: 62056.8, , rmse_test: 20.4678, score_test: 2246.1, Learning rate:0.00200000
Epoch: 2, Loss: 19.5379, Rmse_valid: 19.5670, valid_score: 44471.2, , rmse_test: 15.5736, score_test: 1293.2, Learning rate:0.00200000
Epoch: 3, Loss: 17.3501, Rmse_valid: 19.2950, valid_score: 29762.7, , rmse_test: 17.0139, score_test: 1072.2, Learning rate:0.00200000
Epoch: 4, Loss: 16.4504, Rmse_valid: 17.8748, valid_score: 36577.2, , rmse_test: 14.2683, score_test: 1166.1, Learning rate:0.00200000
Epoch: 5, Loss: 15.6877, Rmse_valid: 19.7315, valid_score: 51629.3, , rmse_test: 15.5311, score_test: 1415.1, Learning rate:0.00200000
Epoch: 6, Loss: 15.3377, Rmse_valid: 17.9339, valid_score: 37009.5, , rmse_test: 14.3097, score_test: 1369.7, Learning rate:0.00200000
Epoch: 7, Loss: 14.5964, Rmse_valid: 18.6973, valid_score: 38565.9, , rmse_test: 14.6303, score_test: 1181.8, Learning rate:0.00200000
Epoch: 8, Loss: 14.1843, Rmse_valid: 20.5057, valid_score: 52448.9, , rmse_test: 17.3322, score_test: 1769.9, Learning rate:0.00200000
Epoch: 9, Loss: 13.5954, Rmse_valid: 18.5407, valid_score: 69557.8, , rmse_test: 16.1987, score_test: 1429.2, Learning rate:0.00200000
Epoch: 10, Loss: 13.4490, Rmse_valid: 19.5881, valid_score: 41274.1, , rmse_test: 16.3229, score_test: 1558.4, Learning rate:0.00200000
Epoch: 11, Loss: 11.0334, Rmse_valid: 16.8063, valid_score: 33076.7, , rmse_test: 14.7312, score_test: 1723.6, Learning rate:0.00020000
Epoch: 12, Loss: 10.7033, Rmse_valid: 17.2972, valid_score: 36284.4, , rmse_test: 14.8485, score_test: 1813.7, Learning rate:0.00020000
Epoch: 13, Loss: 10.5790, Rmse_valid: 17.0117, valid_score: 41476.2, , rmse_test: 14.7880, score_test: 1758.3, Learning rate:0.00020000
Epoch: 14, Loss: 10.4376, Rmse_valid: 16.9901, valid_score: 36827.4, , rmse_test: 14.9577, score_test: 1577.9, Learning rate:0.00020000
Epoch: 15, Loss: 10.3479, Rmse_valid: 17.3643, valid_score: 39693.1, , rmse_test: 14.9095, score_test: 1633.8, Learning rate:0.00020000
Epoch: 16, Loss: 10.2059, Rmse_valid: 16.4196, valid_score: 32467.8, , rmse_test: 14.6980, score_test: 1514.2, Learning rate:0.00020000
Epoch: 17, Loss: 10.0967, Rmse_valid: 17.1899, valid_score: 48466.1, , rmse_test: 15.1210, score_test: 1876.0, Learning rate:0.00020000
Epoch: 18, Loss: 9.9925, Rmse_valid: 17.7188, valid_score: 42983.8, , rmse_test: 14.9781, score_test: 1737.9, Learning rate:0.00020000
Epoch: 19, Loss: 9.8886, Rmse_valid: 17.2828, valid_score: 36783.3, , rmse_test: 14.9317, score_test: 1511.8, Learning rate:0.00020000
Epoch: 20, Loss: 9.7876, Rmse_valid: 17.4273, valid_score: 46123.5, , rmse_test: 14.7836, score_test: 1591.9, Learning rate:0.00020000
Epoch: 21, Loss: 9.5871, Rmse_valid: 17.0375, valid_score: 44257.9, , rmse_test: 14.9838, score_test: 1681.0, Learning rate:0.00002000
Epoch: 22, Loss: 9.5523, Rmse_valid: 17.1356, valid_score: 43685.4, , rmse_test: 15.0060, score_test: 1699.0, Learning rate:0.00002000
Epoch: 23, Loss: 9.5035, Rmse_valid: 17.3110, valid_score: 44196.7, , rmse_test: 14.9842, score_test: 1706.9, Learning rate:0.00002000
Epoch: 24, Loss: 9.5111, Rmse_valid: 17.1780, valid_score: 44302.2, , rmse_test: 15.0772, score_test: 1746.1, Learning rate:0.00002000
Epoch: 25, Loss: 9.4886, Rmse_valid: 17.3137, valid_score: 44686.6, , rmse_test: 15.0781, score_test: 1740.8, Learning rate:0.00002000
Epoch: 26, Loss: 9.4759, Rmse_valid: 17.3086, valid_score: 43793.7, , rmse_test: 15.0420, score_test: 1702.4, Learning rate:0.00002000
Epoch: 27, Loss: 9.4745, Rmse_valid: 17.1518, valid_score: 45767.5, , rmse_test: 15.1168, score_test: 1770.7, Learning rate:0.00002000
Epoch: 28, Loss: 9.4919, Rmse_valid: 17.3107, valid_score: 43399.4, , rmse_test: 15.0142, score_test: 1712.4, Learning rate:0.00002000
Epoch: 29, Loss: 9.4400, Rmse_valid: 17.4255, valid_score: 43616.6, , rmse_test: 15.0072, score_test: 1688.7, Learning rate:0.00002000
Epoch: 30, Loss: 9.4690, Rmse_valid: 17.1679, valid_score: 42893.6, , rmse_test: 15.0573, score_test: 1703.1, Learning rate:0.00002000
[Train Summary] Restored best model from epoch 16, rmse_valid: 16.4196, valid_score: 32467.8, rmse_test: 14.6980, score_test: 1514.2
[Train Time] start: 2026-07-23 06:21:11, end: 2026-07-23 06:29:54, duration: 0:08:43, total_seconds: 523.41
[Auto Test] command: /usr/local/miniconda3/envs/HV/bin/python /Mamba_Rul/test_GAT_EDmamba/test_model.py --sub-dataset FD002 --smooth-rate 40 --sequence-len 50 --feature-num 14 --dataset-root /Mamba_Rul/CMAPSSData/ --max-rul 125 --batch-size 128 --model-path /Mamba_Rul/logs/FD002_GAT_EDmamba+50/seed62/model_FD002_0723_062111_seed62.pkl
model_path:/Mamba_Rul/logs/FD002_GAT_EDmamba+50/seed62/model_FD002_0723_062111_seed62.pkl
rmse_final:14.636390686035156, score:1467.4796142578125
