-----FD002-----
关键参数:
序列长度: 30
批大小(batch_size): 128
最大训练轮数(max_epochs): 30
随机数种子: 30
模型代号(model_code): GAT_EDmamba_dmodel_64
模型结构(model_structure): mamba_mamba
学习率: 0.002
学习率调度器: step
Step步长(step_size): 10
Step衰减系数(gamma): 0.1
use_gat: True
gat_hidden_dim: 8
编码器: 2层Mamba
解码器: 2层Mamba
encoder_hidden_size: 64
mamba_num_layers: 2
mamba_d_state: 16
训练损失: AdaptiveAsymmetricMSELoss
asym_alpha: 3.0
asym_gamma: 5.0
asym_delta: 0.9
focus_threshold: 35.0
cap_threshold: 125.0
------------------------------
Epoch: 1, Loss: 168.6609, Rmse_valid: 38.7399, valid_score: 253997.6, , rmse_test: 39.8528, score_test: 16210.0, Learning rate:0.00200000
Epoch: 2, Loss: 46.8895, Rmse_valid: 38.6685, valid_score: 403111.8, , rmse_test: 37.5916, score_test: 23180.4, Learning rate:0.00200000
Epoch: 3, Loss: 43.0892, Rmse_valid: 33.6051, valid_score: 167783.2, , rmse_test: 32.9625, score_test: 8313.6, Learning rate:0.00200000
Epoch: 4, Loss: 36.7356, Rmse_valid: 24.6784, valid_score: 51405.4, , rmse_test: 23.2036, score_test: 2679.7, Learning rate:0.00200000
Epoch: 5, Loss: 31.7471, Rmse_valid: 36.0907, valid_score: 224432.8, , rmse_test: 35.9349, score_test: 10846.3, Learning rate:0.00200000
Epoch: 6, Loss: 27.2650, Rmse_valid: 20.7857, valid_score: 40300.6, , rmse_test: 18.7588, score_test: 1392.9, Learning rate:0.00200000
Epoch: 7, Loss: 25.2428, Rmse_valid: 23.0294, valid_score: 57553.7, , rmse_test: 18.8278, score_test: 1447.3, Learning rate:0.00200000
Epoch: 8, Loss: 23.4758, Rmse_valid: 23.1226, valid_score: 42396.4, , rmse_test: 20.9552, score_test: 1969.3, Learning rate:0.00200000
Epoch: 9, Loss: 22.3406, Rmse_valid: 23.1424, valid_score: 41228.9, , rmse_test: 21.3522, score_test: 1893.9, Learning rate:0.00200000
Epoch: 10, Loss: 19.8381, Rmse_valid: 19.7848, valid_score: 32716.0, , rmse_test: 16.5366, score_test: 1335.1, Learning rate:0.00200000
Epoch: 11, Loss: 13.8490, Rmse_valid: 19.1328, valid_score: 40019.3, , rmse_test: 15.4791, score_test: 1175.2, Learning rate:0.00020000
Epoch: 12, Loss: 12.4193, Rmse_valid: 18.9940, valid_score: 38489.3, , rmse_test: 15.5939, score_test: 1162.4, Learning rate:0.00020000
Epoch: 13, Loss: 11.6052, Rmse_valid: 19.4214, valid_score: 42786.4, , rmse_test: 15.6378, score_test: 1253.0, Learning rate:0.00020000
Epoch: 14, Loss: 10.9231, Rmse_valid: 19.0659, valid_score: 48150.5, , rmse_test: 15.1586, score_test: 1435.1, Learning rate:0.00020000
Epoch: 15, Loss: 10.3703, Rmse_valid: 19.1570, valid_score: 49086.5, , rmse_test: 15.6617, score_test: 1529.1, Learning rate:0.00020000
Epoch: 16, Loss: 9.8684, Rmse_valid: 19.3046, valid_score: 49280.8, , rmse_test: 15.7938, score_test: 1523.3, Learning rate:0.00020000
Epoch: 17, Loss: 9.4833, Rmse_valid: 19.4095, valid_score: 58244.4, , rmse_test: 15.7369, score_test: 1520.6, Learning rate:0.00020000
Epoch: 18, Loss: 9.1039, Rmse_valid: 19.0811, valid_score: 51748.6, , rmse_test: 15.8038, score_test: 1513.2, Learning rate:0.00020000
Epoch: 19, Loss: 8.7904, Rmse_valid: 19.3958, valid_score: 54664.5, , rmse_test: 16.0414, score_test: 1624.9, Learning rate:0.00020000
Epoch: 20, Loss: 8.4852, Rmse_valid: 19.2053, valid_score: 63458.7, , rmse_test: 15.4520, score_test: 1619.8, Learning rate:0.00020000
Epoch: 21, Loss: 7.8439, Rmse_valid: 19.4516, valid_score: 58308.7, , rmse_test: 15.9626, score_test: 1724.9, Learning rate:0.00002000
Epoch: 22, Loss: 7.7491, Rmse_valid: 19.3822, valid_score: 58961.8, , rmse_test: 16.0249, score_test: 1766.7, Learning rate:0.00002000
Epoch: 23, Loss: 7.6575, Rmse_valid: 19.2853, valid_score: 58598.7, , rmse_test: 16.1177, score_test: 1776.8, Learning rate:0.00002000
Epoch: 24, Loss: 7.6461, Rmse_valid: 19.5447, valid_score: 58442.1, , rmse_test: 15.9827, score_test: 1726.6, Learning rate:0.00002000
Epoch: 25, Loss: 7.5986, Rmse_valid: 19.4192, valid_score: 60904.6, , rmse_test: 16.0832, score_test: 1704.9, Learning rate:0.00002000
Epoch: 26, Loss: 7.5705, Rmse_valid: 19.4077, valid_score: 60707.0, , rmse_test: 16.0992, score_test: 1792.8, Learning rate:0.00002000
Epoch: 27, Loss: 7.5566, Rmse_valid: 19.7205, valid_score: 59020.7, , rmse_test: 16.1298, score_test: 1759.7, Learning rate:0.00002000
Epoch: 28, Loss: 7.5121, Rmse_valid: 19.5067, valid_score: 62007.2, , rmse_test: 16.1315, score_test: 1768.2, Learning rate:0.00002000
Epoch: 29, Loss: 7.4902, Rmse_valid: 19.4496, valid_score: 59875.4, , rmse_test: 15.9807, score_test: 1673.3, Learning rate:0.00002000
Epoch: 30, Loss: 7.4729, Rmse_valid: 19.6793, valid_score: 64031.6, , rmse_test: 16.0604, score_test: 1838.2, Learning rate:0.00002000
[Train Summary] Restored best model from epoch 12, rmse_valid: 18.9940, valid_score: 38489.3, rmse_test: 15.5939, score_test: 1162.4
[Train Time] start: 2026-08-05 14:24:58, end: 2026-08-05 14:34:02, duration: 0:09:04, total_seconds: 544.09
[Auto Test] command: /usr/local/miniconda3/envs/HV/bin/python /Mamba_Rul/test_GAT_EDmamba/test_model.py --sub-dataset FD002 --smooth-rate 40 --sequence-len 30 --feature-num 14 --dataset-root /Mamba_Rul/CMAPSSData/ --max-rul 125 --batch-size 128 --model-path /Mamba_Rul/logs/FD002_GAT_EDmamba_dmodel_64/seed30/model_FD002_0805_142458_seed30.pkl
model_path:/Mamba_Rul/logs/FD002_GAT_EDmamba_dmodel_64/seed30/model_FD002_0805_142458_seed30.pkl
rmse_final:15.758187294006348, score:1149.522705078125
