-----FD003-----
关键参数:
序列长度: 50
批大小(batch_size): 128
最大训练轮数(max_epochs): 30
随机数种子: 88
模型代号(model_code): GAT_EDmamba+50
模型结构(model_structure): mamba_mamba
学习率: 0.002
学习率调度器: step
Step步长(step_size): 10
Step衰减系数(gamma): 0.1
use_gat: True
gat_hidden_dim: 8
编码器: 2层Mamba
解码器: 2层Mamba
encoder_hidden_size: 16
mamba_num_layers: 2
mamba_d_state: 16
------------------------------
Epoch: 1, Loss: 26.5270, Rmse_valid: 23.0433, valid_score: 78130.6, , rmse_test: 24.4301, score_test: 3814.3, Learning rate:0.00200000
Epoch: 2, Loss: 16.8934, Rmse_valid: 14.8357, valid_score: 11475.0, , rmse_test: 19.8632, score_test: 2119.6, Learning rate:0.00200000
Epoch: 3, Loss: 15.2523, Rmse_valid: 13.3437, valid_score: 6174.4, , rmse_test: 16.5008, score_test: 880.2, Learning rate:0.00200000
Epoch: 4, Loss: 13.9533, Rmse_valid: 12.0154, valid_score: 6149.8, , rmse_test: 15.6219, score_test: 1075.1, Learning rate:0.00200000
Epoch: 5, Loss: 13.3978, Rmse_valid: 12.9127, valid_score: 11764.1, , rmse_test: 17.9900, score_test: 1647.4, Learning rate:0.00200000
Epoch: 6, Loss: 12.5194, Rmse_valid: 13.7198, valid_score: 6964.1, , rmse_test: 16.2906, score_test: 880.0, Learning rate:0.00200000
Epoch: 7, Loss: 11.9877, Rmse_valid: 17.3920, valid_score: 8949.5, , rmse_test: 15.6005, score_test: 414.0, Learning rate:0.00200000
Epoch: 8, Loss: 11.4740, Rmse_valid: 11.9840, valid_score: 4875.9, , rmse_test: 16.5887, score_test: 656.4, Learning rate:0.00200000
Epoch: 9, Loss: 11.1653, Rmse_valid: 11.4042, valid_score: 9157.6, , rmse_test: 16.8799, score_test: 964.9, Learning rate:0.00200000
Epoch: 10, Loss: 10.7663, Rmse_valid: 13.3527, valid_score: 20580.9, , rmse_test: 17.9570, score_test: 1918.7, Learning rate:0.00200000
Epoch: 11, Loss: 9.2905, Rmse_valid: 9.5387, valid_score: 5171.2, , rmse_test: 14.1918, score_test: 672.3, Learning rate:0.00020000
Epoch: 12, Loss: 9.0506, Rmse_valid: 9.6619, valid_score: 5025.1, , rmse_test: 14.0767, score_test: 575.6, Learning rate:0.00020000
Epoch: 13, Loss: 8.9771, Rmse_valid: 9.6372, valid_score: 4772.6, , rmse_test: 13.9994, score_test: 608.4, Learning rate:0.00020000
Epoch: 14, Loss: 8.9072, Rmse_valid: 9.4619, valid_score: 4947.5, , rmse_test: 14.3409, score_test: 705.7, Learning rate:0.00020000
Epoch: 15, Loss: 8.8538, Rmse_valid: 9.2789, valid_score: 4899.2, , rmse_test: 14.2837, score_test: 659.0, Learning rate:0.00020000
Epoch: 16, Loss: 8.7791, Rmse_valid: 9.1126, valid_score: 4551.0, , rmse_test: 14.1350, score_test: 629.7, Learning rate:0.00020000
Epoch: 17, Loss: 8.6786, Rmse_valid: 9.1528, valid_score: 4841.6, , rmse_test: 14.5022, score_test: 733.6, Learning rate:0.00020000
Epoch: 18, Loss: 8.6519, Rmse_valid: 9.4871, valid_score: 4875.7, , rmse_test: 14.0752, score_test: 657.5, Learning rate:0.00020000
Epoch: 19, Loss: 8.5729, Rmse_valid: 9.5105, valid_score: 4421.4, , rmse_test: 13.7598, score_test: 619.3, Learning rate:0.00020000
Epoch: 20, Loss: 8.4768, Rmse_valid: 9.1549, valid_score: 4499.0, , rmse_test: 13.9587, score_test: 636.3, Learning rate:0.00020000
Epoch: 21, Loss: 8.3992, Rmse_valid: 9.1570, valid_score: 4343.9, , rmse_test: 13.8348, score_test: 622.7, Learning rate:0.00002000
Epoch: 22, Loss: 8.3831, Rmse_valid: 9.2214, valid_score: 4326.8, , rmse_test: 13.7608, score_test: 605.7, Learning rate:0.00002000
Epoch: 23, Loss: 8.3874, Rmse_valid: 9.1337, valid_score: 4260.3, , rmse_test: 13.8204, score_test: 632.0, Learning rate:0.00002000
Epoch: 24, Loss: 8.3868, Rmse_valid: 9.0240, valid_score: 4307.4, , rmse_test: 13.8583, score_test: 630.5, Learning rate:0.00002000
Epoch: 25, Loss: 8.3475, Rmse_valid: 9.0738, valid_score: 4275.3, , rmse_test: 13.8243, score_test: 629.2, Learning rate:0.00002000
Epoch: 26, Loss: 8.3715, Rmse_valid: 9.1264, valid_score: 4343.2, , rmse_test: 13.8372, score_test: 624.5, Learning rate:0.00002000
Epoch: 27, Loss: 8.3321, Rmse_valid: 9.0864, valid_score: 4303.8, , rmse_test: 13.8432, score_test: 634.2, Learning rate:0.00002000
Epoch: 28, Loss: 8.3508, Rmse_valid: 9.0590, valid_score: 4246.2, , rmse_test: 13.8564, score_test: 623.4, Learning rate:0.00002000
Epoch: 29, Loss: 8.3432, Rmse_valid: 9.1270, valid_score: 4260.4, , rmse_test: 13.8264, score_test: 629.4, Learning rate:0.00002000
Epoch: 30, Loss: 8.3277, Rmse_valid: 9.1274, valid_score: 4361.5, , rmse_test: 13.8256, score_test: 627.4, Learning rate:0.00002000
[Train Summary] Restored best model from epoch 24, rmse_valid: 9.0240, valid_score: 4307.4, rmse_test: 13.8583, score_test: 630.5
[Train Time] start: 2026-07-23 04:01:22, end: 2026-07-23 04:05:27, duration: 0:04:04, total_seconds: 244.32
[Auto Test] command: /usr/local/miniconda3/envs/HV/bin/python /Mamba_Rul/test_GAT_EDmamba/test_model.py --sub-dataset FD003 --smooth-rate 30 --sequence-len 50 --feature-num 14 --dataset-root /Mamba_Rul/CMAPSSData/ --max-rul 125 --batch-size 128 --model-path /Mamba_Rul/logs/FD003_GAT_EDmamba+50/seed88/model_FD003_0723_040122_seed88.pkl
model_path:/Mamba_Rul/logs/FD003_GAT_EDmamba+50/seed88/model_FD003_0723_040122_seed88.pkl
rmse_final:13.734264373779297, score:603.7882080078125
