-----FD004-----
关键参数:
序列长度: 30
批大小(batch_size): 128
最大训练轮数(max_epochs): 30
随机数种子: 17
模型代号(model_code): 1GAT_EDmamba_dstate_32
模型结构(model_structure): mamba_mamba
学习率: 0.002
学习率调度器: step
Step步长(step_size): 10
Step衰减系数(gamma): 0.1
use_gat: True
gat_hidden_dim: 8
编码器: 2层Mamba
解码器: 2层Mamba
mamba_d_model: 8
mamba_num_layers: 2
mamba_d_state: 32
训练损失: AdaptiveAsymmetricMSELoss
asym_alpha: 2.0
asym_gamma: 5.0
asym_delta: 0.9
focus_threshold: 35.0
cap_threshold: 125.0
------------------------------
Epoch: 1, Loss: 41.9338, Rmse_valid: 23.6444, valid_score: 86342.6, , rmse_test: 25.4731, score_test: 4880.6, Learning rate:0.00200000
Epoch: 2, Loss: 34.8818, Rmse_valid: 22.6111, valid_score: 56792.2, , rmse_test: 23.0204, score_test: 2604.2, Learning rate:0.00200000
Epoch: 3, Loss: 31.4032, Rmse_valid: 22.9084, valid_score: 79477.3, , rmse_test: 22.8006, score_test: 2488.1, Learning rate:0.00200000
Epoch: 4, Loss: 29.7190, Rmse_valid: 20.1088, valid_score: 34379.9, , rmse_test: 19.6587, score_test: 1608.9, Learning rate:0.00200000
Epoch: 5, Loss: 28.4164, Rmse_valid: 20.7087, valid_score: 54972.9, , rmse_test: 20.8187, score_test: 2033.2, Learning rate:0.00200000
Epoch: 6, Loss: 27.4898, Rmse_valid: 18.7967, valid_score: 31421.2, , rmse_test: 18.3892, score_test: 1385.4, Learning rate:0.00200000
Epoch: 7, Loss: 26.5076, Rmse_valid: 18.2065, valid_score: 31388.2, , rmse_test: 17.3113, score_test: 1283.6, Learning rate:0.00200000
Epoch: 8, Loss: 26.2062, Rmse_valid: 18.7810, valid_score: 38913.6, , rmse_test: 20.7439, score_test: 2144.3, Learning rate:0.00200000
Epoch: 9, Loss: 25.0834, Rmse_valid: 18.3494, valid_score: 29257.4, , rmse_test: 19.5046, score_test: 1592.9, Learning rate:0.00200000
Epoch: 10, Loss: 24.9949, Rmse_valid: 18.8758, valid_score: 35963.5, , rmse_test: 19.9700, score_test: 1786.2, Learning rate:0.00200000
Epoch: 11, Loss: 21.7692, Rmse_valid: 17.2271, valid_score: 26328.9, , rmse_test: 17.2435, score_test: 1172.2, Learning rate:0.00020000
Epoch: 12, Loss: 21.2524, Rmse_valid: 17.0799, valid_score: 25904.2, , rmse_test: 17.3230, score_test: 1188.1, Learning rate:0.00020000
Epoch: 13, Loss: 21.1283, Rmse_valid: 17.4959, valid_score: 29127.1, , rmse_test: 18.0454, score_test: 1240.4, Learning rate:0.00020000
Epoch: 14, Loss: 20.9464, Rmse_valid: 17.5264, valid_score: 30518.3, , rmse_test: 17.5875, score_test: 1181.9, Learning rate:0.00020000
Epoch: 15, Loss: 20.8839, Rmse_valid: 17.7500, valid_score: 31934.7, , rmse_test: 17.6172, score_test: 1191.2, Learning rate:0.00020000
Epoch: 16, Loss: 20.7814, Rmse_valid: 18.4577, valid_score: 35585.8, , rmse_test: 18.8887, score_test: 1342.4, Learning rate:0.00020000
Epoch: 17, Loss: 20.6848, Rmse_valid: 17.7489, valid_score: 32726.3, , rmse_test: 17.8595, score_test: 1236.4, Learning rate:0.00020000
Epoch: 18, Loss: 20.5945, Rmse_valid: 17.3929, valid_score: 36928.2, , rmse_test: 17.2641, score_test: 1155.7, Learning rate:0.00020000
Epoch: 19, Loss: 20.5410, Rmse_valid: 17.6011, valid_score: 35781.3, , rmse_test: 17.7778, score_test: 1226.8, Learning rate:0.00020000
Epoch: 20, Loss: 20.4249, Rmse_valid: 17.4432, valid_score: 33897.7, , rmse_test: 17.7228, score_test: 1254.1, Learning rate:0.00020000
Epoch: 21, Loss: 20.2430, Rmse_valid: 17.0011, valid_score: 34427.4, , rmse_test: 17.4602, score_test: 1223.0, Learning rate:0.00002000
Epoch: 22, Loss: 20.2040, Rmse_valid: 17.2471, valid_score: 36199.4, , rmse_test: 17.5724, score_test: 1237.8, Learning rate:0.00002000
Epoch: 23, Loss: 20.1517, Rmse_valid: 17.2388, valid_score: 35674.2, , rmse_test: 17.5939, score_test: 1250.1, Learning rate:0.00002000
Epoch: 24, Loss: 20.1994, Rmse_valid: 17.2726, valid_score: 35639.9, , rmse_test: 17.5141, score_test: 1237.0, Learning rate:0.00002000
Epoch: 25, Loss: 20.1570, Rmse_valid: 17.2922, valid_score: 35993.2, , rmse_test: 17.4523, score_test: 1219.1, Learning rate:0.00002000
Epoch: 26, Loss: 20.1630, Rmse_valid: 17.3517, valid_score: 36928.0, , rmse_test: 17.6331, score_test: 1239.2, Learning rate:0.00002000
Epoch: 27, Loss: 20.1544, Rmse_valid: 17.2916, valid_score: 36224.8, , rmse_test: 17.6237, score_test: 1232.6, Learning rate:0.00002000
Epoch: 28, Loss: 20.1739, Rmse_valid: 17.4110, valid_score: 36206.4, , rmse_test: 17.4653, score_test: 1228.2, Learning rate:0.00002000
Epoch: 29, Loss: 20.1231, Rmse_valid: 17.1996, valid_score: 38518.4, , rmse_test: 17.5617, score_test: 1228.7, Learning rate:0.00002000
Epoch: 30, Loss: 20.0438, Rmse_valid: 17.2224, valid_score: 38514.4, , rmse_test: 17.6383, score_test: 1250.3, Learning rate:0.00002000
[Train Summary] Restored best model from epoch 21, rmse_valid: 17.0011, valid_score: 34427.4, rmse_test: 17.4602, score_test: 1223.0
[Train Time] start: 2026-09-01 08:50:46, end: 2026-09-01 09:00:29, duration: 0:09:44, total_seconds: 583.62
[Auto Test] command: /usr/local/miniconda3/envs/HV/bin/python /Mamba_Rul/test_GAT_EDmamba/test_model.py --sub-dataset FD004 --smooth-rate 40 --sequence-len 30 --feature-num 14 --dataset-root /Mamba_Rul/CMAPSSData/ --max-rul 125 --batch-size 128 --model-path /Mamba_Rul/logs/FD004_1GAT_EDmamba_dstate_32/seed17/model_FD004_0901_085046_seed17.pkl
model_path:/Mamba_Rul/logs/FD004_1GAT_EDmamba_dstate_32/seed17/model_FD004_0901_085046_seed17.pkl
rmse_final:17.5302734375, score:1210.191162109375
