-----FD003-----
关键参数:
序列长度: 30
批大小(batch_size): 128
最大训练轮数(max_epochs): 30
随机数种子: 33
模型代号(model_code): 1GAT_EDmamba_dstate_32
模型结构(model_structure): mamba_mamba
学习率: 0.002
学习率调度器: step
Step步长(step_size): 10
Step衰减系数(gamma): 0.1
use_gat: True
gat_hidden_dim: 8
编码器: 2层Mamba
解码器: 2层Mamba
mamba_d_model: 32
mamba_num_layers: 2
mamba_d_state: 32
训练损失: AdaptiveAsymmetricMSELoss
asym_alpha: 3.5
asym_gamma: 5.0
asym_delta: 0.9
focus_threshold: 35.0
cap_threshold: 125.0
------------------------------
Epoch: 1, Loss: 289.8924, Rmse_valid: 35.4938, valid_score: 276320.7, , rmse_test: 28.9561, score_test: 3665.9, Learning rate:0.00200000
Epoch: 2, Loss: 35.5018, Rmse_valid: 28.7609, valid_score: 115895.5, , rmse_test: 25.2477, score_test: 2660.0, Learning rate:0.00200000
Epoch: 3, Loss: 32.2068, Rmse_valid: 25.4120, valid_score: 54977.7, , rmse_test: 26.1287, score_test: 2213.9, Learning rate:0.00200000
Epoch: 4, Loss: 30.1484, Rmse_valid: 22.5185, valid_score: 38367.9, , rmse_test: 22.4028, score_test: 1716.1, Learning rate:0.00200000
Epoch: 5, Loss: 28.7458, Rmse_valid: 24.0746, valid_score: 26137.0, , rmse_test: 20.5583, score_test: 821.3, Learning rate:0.00200000
Epoch: 6, Loss: 27.9963, Rmse_valid: 36.2317, valid_score: 218664.4, , rmse_test: 27.7947, score_test: 2843.6, Learning rate:0.00200000
Epoch: 7, Loss: 26.6010, Rmse_valid: 23.1773, valid_score: 25019.1, , rmse_test: 21.3837, score_test: 995.0, Learning rate:0.00200000
Epoch: 8, Loss: 25.6158, Rmse_valid: 24.4592, valid_score: 51001.9, , rmse_test: 25.3182, score_test: 3067.9, Learning rate:0.00200000
Epoch: 9, Loss: 24.3247, Rmse_valid: 14.3237, valid_score: 9170.3, , rmse_test: 16.6892, score_test: 814.5, Learning rate:0.00200000
Epoch: 10, Loss: 23.4881, Rmse_valid: 13.6339, valid_score: 6934.8, , rmse_test: 16.5015, score_test: 623.9, Learning rate:0.00200000
Epoch: 11, Loss: 17.4962, Rmse_valid: 14.6831, valid_score: 7619.3, , rmse_test: 14.4765, score_test: 329.9, Learning rate:0.00020000
Epoch: 12, Loss: 16.7682, Rmse_valid: 12.7260, valid_score: 6153.6, , rmse_test: 14.1382, score_test: 305.1, Learning rate:0.00020000
Epoch: 13, Loss: 16.3190, Rmse_valid: 14.3097, valid_score: 7117.2, , rmse_test: 14.3890, score_test: 296.8, Learning rate:0.00020000
Epoch: 14, Loss: 15.7821, Rmse_valid: 12.9054, valid_score: 5763.3, , rmse_test: 14.1403, score_test: 271.5, Learning rate:0.00020000
Epoch: 15, Loss: 15.4484, Rmse_valid: 13.7567, valid_score: 6641.8, , rmse_test: 13.7688, score_test: 257.7, Learning rate:0.00020000
Epoch: 16, Loss: 15.1203, Rmse_valid: 11.9888, valid_score: 5188.5, , rmse_test: 13.5712, score_test: 254.7, Learning rate:0.00020000
Epoch: 17, Loss: 14.9282, Rmse_valid: 12.4298, valid_score: 5251.6, , rmse_test: 13.4666, score_test: 250.6, Learning rate:0.00020000
Epoch: 18, Loss: 14.6207, Rmse_valid: 12.2945, valid_score: 5335.7, , rmse_test: 13.5899, score_test: 246.7, Learning rate:0.00020000
Epoch: 19, Loss: 14.4438, Rmse_valid: 11.5096, valid_score: 4803.0, , rmse_test: 13.0935, score_test: 249.8, Learning rate:0.00020000
Epoch: 20, Loss: 14.1857, Rmse_valid: 11.6763, valid_score: 5063.9, , rmse_test: 13.1294, score_test: 249.3, Learning rate:0.00020000
Epoch: 21, Loss: 13.7131, Rmse_valid: 11.4613, valid_score: 4796.1, , rmse_test: 13.0033, score_test: 245.6, Learning rate:0.00002000
Epoch: 22, Loss: 13.6870, Rmse_valid: 11.4962, valid_score: 4802.7, , rmse_test: 13.1083, score_test: 248.0, Learning rate:0.00002000
Epoch: 23, Loss: 13.5820, Rmse_valid: 11.5623, valid_score: 4827.7, , rmse_test: 13.0138, score_test: 239.1, Learning rate:0.00002000
Epoch: 24, Loss: 13.6284, Rmse_valid: 11.8230, valid_score: 5046.0, , rmse_test: 13.0322, score_test: 242.2, Learning rate:0.00002000
Epoch: 25, Loss: 13.6166, Rmse_valid: 11.3855, valid_score: 4783.9, , rmse_test: 13.0204, score_test: 240.9, Learning rate:0.00002000
Epoch: 26, Loss: 13.6008, Rmse_valid: 11.5213, valid_score: 4803.7, , rmse_test: 12.9902, score_test: 241.8, Learning rate:0.00002000
Epoch: 27, Loss: 13.5252, Rmse_valid: 11.6199, valid_score: 4846.8, , rmse_test: 13.0441, score_test: 239.7, Learning rate:0.00002000
Epoch: 28, Loss: 13.4848, Rmse_valid: 11.6545, valid_score: 4900.1, , rmse_test: 13.0810, score_test: 241.4, Learning rate:0.00002000
Epoch: 29, Loss: 13.5006, Rmse_valid: 11.2972, valid_score: 4686.2, , rmse_test: 13.0232, score_test: 244.2, Learning rate:0.00002000
Epoch: 30, Loss: 13.4867, Rmse_valid: 11.5387, valid_score: 4836.6, , rmse_test: 13.0117, score_test: 242.1, Learning rate:0.00002000
[Train Summary] Restored best model from epoch 29, rmse_valid: 11.2972, valid_score: 4686.2, rmse_test: 13.0232, score_test: 244.2
[Train Time] start: 2026-08-28 14:03:28, end: 2026-08-28 14:07:30, duration: 0:04:01, total_seconds: 241.48
[Auto Test] command: /usr/local/miniconda3/envs/HV/bin/python /Mamba_Rul/test_GAT_EDmamba/test_model.py --sub-dataset FD003 --smooth-rate 30 --sequence-len 30 --feature-num 14 --dataset-root /Mamba_Rul/CMAPSSData/ --max-rul 125 --batch-size 128 --model-path /Mamba_Rul/logs/FD003_1GAT_EDmamba_dstate_32/seed33/model_FD003_0828_140328_seed33.pkl
model_path:/Mamba_Rul/logs/FD003_1GAT_EDmamba_dstate_32/seed33/model_FD003_0828_140328_seed33.pkl
rmse_final:13.087017059326172, score:240.6285400390625
