-----FD003-----
关键参数:
序列长度: 40
批大小(batch_size): 128
最大训练轮数(max_epochs): 30
随机数种子: 80
模型代号(model_code): GAT_EDmamba+40
模型结构(model_structure): mamba_mamba
学习率: 0.002
学习率调度器: step
Step步长(step_size): 10
Step衰减系数(gamma): 0.1
use_gat: True
gat_hidden_dim: 8
编码器: 2层Mamba
解码器: 2层Mamba
encoder_hidden_size: 16
mamba_num_layers: 2
mamba_d_state: 16
------------------------------
Epoch: 1, Loss: 27.2668, Rmse_valid: 17.0421, valid_score: 16083.2, , rmse_test: 22.9501, score_test: 2019.5, Learning rate:0.00200000
Epoch: 2, Loss: 17.9345, Rmse_valid: 15.3985, valid_score: 10637.9, , rmse_test: 16.4374, score_test: 1162.6, Learning rate:0.00200000
Epoch: 3, Loss: 15.4129, Rmse_valid: 13.5301, valid_score: 9131.8, , rmse_test: 16.4823, score_test: 1193.4, Learning rate:0.00200000
Epoch: 4, Loss: 14.3043, Rmse_valid: 10.9060, valid_score: 5461.4, , rmse_test: 14.9220, score_test: 914.3, Learning rate:0.00200000
Epoch: 5, Loss: 13.3641, Rmse_valid: 10.5478, valid_score: 5884.9, , rmse_test: 15.3872, score_test: 902.8, Learning rate:0.00200000
Epoch: 6, Loss: 12.7577, Rmse_valid: 11.9827, valid_score: 9654.1, , rmse_test: 16.7349, score_test: 1232.2, Learning rate:0.00200000
Epoch: 7, Loss: 12.0697, Rmse_valid: 10.6462, valid_score: 5269.9, , rmse_test: 14.8135, score_test: 615.2, Learning rate:0.00200000
Epoch: 8, Loss: 11.5773, Rmse_valid: 10.6521, valid_score: 4991.9, , rmse_test: 13.1147, score_test: 494.2, Learning rate:0.00200000
Epoch: 9, Loss: 11.3166, Rmse_valid: 10.0047, valid_score: 5449.0, , rmse_test: 14.4891, score_test: 618.0, Learning rate:0.00200000
Epoch: 10, Loss: 10.7241, Rmse_valid: 10.1401, valid_score: 6203.7, , rmse_test: 14.0616, score_test: 667.2, Learning rate:0.00200000
Epoch: 11, Loss: 9.0906, Rmse_valid: 9.4056, valid_score: 4351.1, , rmse_test: 12.9013, score_test: 447.2, Learning rate:0.00020000
Epoch: 12, Loss: 8.9151, Rmse_valid: 9.4347, valid_score: 4213.1, , rmse_test: 12.6612, score_test: 419.3, Learning rate:0.00020000
Epoch: 13, Loss: 8.7913, Rmse_valid: 9.6189, valid_score: 4153.7, , rmse_test: 12.7687, score_test: 420.6, Learning rate:0.00020000
Epoch: 14, Loss: 8.7209, Rmse_valid: 9.4359, valid_score: 4283.4, , rmse_test: 12.9714, score_test: 449.5, Learning rate:0.00020000
Epoch: 15, Loss: 8.6718, Rmse_valid: 9.4082, valid_score: 3920.8, , rmse_test: 12.6752, score_test: 438.6, Learning rate:0.00020000
Epoch: 16, Loss: 8.5656, Rmse_valid: 9.2268, valid_score: 3742.9, , rmse_test: 12.6667, score_test: 408.6, Learning rate:0.00020000
Epoch: 17, Loss: 8.5132, Rmse_valid: 9.3388, valid_score: 3880.7, , rmse_test: 12.8678, score_test: 437.4, Learning rate:0.00020000
Epoch: 18, Loss: 8.4640, Rmse_valid: 9.5209, valid_score: 3707.6, , rmse_test: 12.6495, score_test: 378.8, Learning rate:0.00020000
Epoch: 19, Loss: 8.3859, Rmse_valid: 9.5309, valid_score: 3986.2, , rmse_test: 12.7597, score_test: 394.0, Learning rate:0.00020000
Epoch: 20, Loss: 8.3730, Rmse_valid: 9.6555, valid_score: 3652.1, , rmse_test: 12.7873, score_test: 392.0, Learning rate:0.00020000
Epoch: 21, Loss: 8.2096, Rmse_valid: 9.3441, valid_score: 3938.9, , rmse_test: 13.0220, score_test: 440.4, Learning rate:0.00002000
Epoch: 22, Loss: 8.1841, Rmse_valid: 9.2745, valid_score: 3814.8, , rmse_test: 12.8934, score_test: 419.9, Learning rate:0.00002000
Epoch: 23, Loss: 8.1355, Rmse_valid: 9.2826, valid_score: 3902.0, , rmse_test: 12.9855, score_test: 435.3, Learning rate:0.00002000
Epoch: 24, Loss: 8.1964, Rmse_valid: 9.2314, valid_score: 3856.5, , rmse_test: 12.9404, score_test: 422.4, Learning rate:0.00002000
Epoch: 25, Loss: 8.1773, Rmse_valid: 9.2229, valid_score: 3853.7, , rmse_test: 12.9365, score_test: 425.3, Learning rate:0.00002000
Epoch: 26, Loss: 8.1480, Rmse_valid: 9.1977, valid_score: 3855.9, , rmse_test: 13.0143, score_test: 430.8, Learning rate:0.00002000
Epoch: 27, Loss: 8.1255, Rmse_valid: 9.1960, valid_score: 3831.5, , rmse_test: 12.9409, score_test: 429.7, Learning rate:0.00002000
Epoch: 28, Loss: 8.0966, Rmse_valid: 9.2105, valid_score: 3914.8, , rmse_test: 13.0657, score_test: 441.1, Learning rate:0.00002000
Epoch: 29, Loss: 8.1589, Rmse_valid: 9.1870, valid_score: 3879.9, , rmse_test: 13.0142, score_test: 428.2, Learning rate:0.00002000
Epoch: 30, Loss: 8.1010, Rmse_valid: 9.2010, valid_score: 3844.3, , rmse_test: 13.0323, score_test: 430.9, Learning rate:0.00002000
[Train Summary] Restored best model from epoch 29, rmse_valid: 9.1870, valid_score: 3879.9, rmse_test: 13.0142, score_test: 428.2
[Train Time] start: 2026-07-23 03:11:39, end: 2026-07-23 03:15:57, duration: 0:04:18, total_seconds: 258.11
[Auto Test] command: /usr/local/miniconda3/envs/HV/bin/python /Mamba_Rul/test_GAT_EDmamba/test_model.py --sub-dataset FD003 --smooth-rate 30 --sequence-len 40 --feature-num 14 --dataset-root /Mamba_Rul/CMAPSSData/ --max-rul 125 --batch-size 128 --model-path /Mamba_Rul/logs/FD003_GAT_EDmamba+40/seed80/model_FD003_0723_031139_seed80.pkl
model_path:/Mamba_Rul/logs/FD003_GAT_EDmamba+40/seed80/model_FD003_0723_031139_seed80.pkl
rmse_final:12.860015869140625, score:400.9559020996094
