-----FD003-----
关键参数:
序列长度: 50
批大小(batch_size): 128
最大训练轮数(max_epochs): 30
随机数种子: 80
模型代号(model_code): GAT_EDmamba+50
模型结构(model_structure): mamba_mamba
学习率: 0.002
学习率调度器: step
Step步长(step_size): 10
Step衰减系数(gamma): 0.1
use_gat: True
gat_hidden_dim: 8
编码器: 2层Mamba
解码器: 2层Mamba
encoder_hidden_size: 16
mamba_num_layers: 2
mamba_d_state: 16
------------------------------
Epoch: 1, Loss: 28.2879, Rmse_valid: 18.1287, valid_score: 44904.6, , rmse_test: 23.5855, score_test: 3325.3, Learning rate:0.00200000
Epoch: 2, Loss: 18.5766, Rmse_valid: 15.1147, valid_score: 12222.2, , rmse_test: 18.6636, score_test: 1371.0, Learning rate:0.00200000
Epoch: 3, Loss: 15.5912, Rmse_valid: 12.4600, valid_score: 11294.0, , rmse_test: 17.2583, score_test: 1518.9, Learning rate:0.00200000
Epoch: 4, Loss: 13.9307, Rmse_valid: 11.3361, valid_score: 5434.9, , rmse_test: 14.7169, score_test: 598.6, Learning rate:0.00200000
Epoch: 5, Loss: 13.4970, Rmse_valid: 11.5079, valid_score: 5210.2, , rmse_test: 13.9052, score_test: 334.9, Learning rate:0.00200000
Epoch: 6, Loss: 12.4613, Rmse_valid: 11.4837, valid_score: 7823.6, , rmse_test: 14.7578, score_test: 635.0, Learning rate:0.00200000
Epoch: 7, Loss: 12.0586, Rmse_valid: 9.1611, valid_score: 4620.5, , rmse_test: 14.5683, score_test: 792.7, Learning rate:0.00200000
Epoch: 8, Loss: 11.6356, Rmse_valid: 10.3749, valid_score: 6316.6, , rmse_test: 15.9861, score_test: 873.5, Learning rate:0.00200000
Epoch: 9, Loss: 11.2420, Rmse_valid: 11.0071, valid_score: 7472.9, , rmse_test: 16.0418, score_test: 1110.2, Learning rate:0.00200000
Epoch: 10, Loss: 10.5929, Rmse_valid: 9.3519, valid_score: 2933.6, , rmse_test: 13.6465, score_test: 309.4, Learning rate:0.00200000
Epoch: 11, Loss: 9.2074, Rmse_valid: 9.1281, valid_score: 3903.5, , rmse_test: 12.7332, score_test: 354.2, Learning rate:0.00020000
Epoch: 12, Loss: 9.0260, Rmse_valid: 9.2476, valid_score: 3916.3, , rmse_test: 12.6212, score_test: 336.4, Learning rate:0.00020000
Epoch: 13, Loss: 8.9086, Rmse_valid: 9.0167, valid_score: 3702.5, , rmse_test: 12.7994, score_test: 367.2, Learning rate:0.00020000
Epoch: 14, Loss: 8.7753, Rmse_valid: 8.6719, valid_score: 3382.7, , rmse_test: 12.6684, score_test: 347.2, Learning rate:0.00020000
Epoch: 15, Loss: 8.7322, Rmse_valid: 8.7335, valid_score: 3455.7, , rmse_test: 12.7987, score_test: 336.4, Learning rate:0.00020000
Epoch: 16, Loss: 8.6326, Rmse_valid: 8.8136, valid_score: 3420.6, , rmse_test: 12.6160, score_test: 335.8, Learning rate:0.00020000
Epoch: 17, Loss: 8.5439, Rmse_valid: 8.5214, valid_score: 3330.4, , rmse_test: 12.7671, score_test: 375.9, Learning rate:0.00020000
Epoch: 18, Loss: 8.5152, Rmse_valid: 8.9985, valid_score: 3356.9, , rmse_test: 12.4783, score_test: 313.0, Learning rate:0.00020000
Epoch: 19, Loss: 8.4237, Rmse_valid: 8.8564, valid_score: 3421.2, , rmse_test: 12.6064, score_test: 319.5, Learning rate:0.00020000
Epoch: 20, Loss: 8.3689, Rmse_valid: 8.6273, valid_score: 3200.9, , rmse_test: 12.7144, score_test: 336.7, Learning rate:0.00020000
Epoch: 21, Loss: 8.2280, Rmse_valid: 8.6396, valid_score: 3173.8, , rmse_test: 12.6271, score_test: 326.7, Learning rate:0.00002000
Epoch: 22, Loss: 8.1968, Rmse_valid: 8.5758, valid_score: 3157.5, , rmse_test: 12.6384, score_test: 329.3, Learning rate:0.00002000
Epoch: 23, Loss: 8.2037, Rmse_valid: 8.6176, valid_score: 3138.1, , rmse_test: 12.6304, score_test: 325.5, Learning rate:0.00002000
Epoch: 24, Loss: 8.1900, Rmse_valid: 8.6452, valid_score: 3150.0, , rmse_test: 12.5719, score_test: 319.5, Learning rate:0.00002000
Epoch: 25, Loss: 8.1831, Rmse_valid: 8.6703, valid_score: 3180.1, , rmse_test: 12.5614, score_test: 320.9, Learning rate:0.00002000
Epoch: 26, Loss: 8.1639, Rmse_valid: 8.5830, valid_score: 3140.4, , rmse_test: 12.5892, score_test: 326.9, Learning rate:0.00002000
Epoch: 27, Loss: 8.1840, Rmse_valid: 8.5457, valid_score: 3109.7, , rmse_test: 12.5775, score_test: 321.0, Learning rate:0.00002000
Epoch: 28, Loss: 8.1168, Rmse_valid: 8.5927, valid_score: 3125.2, , rmse_test: 12.5553, score_test: 319.3, Learning rate:0.00002000
Epoch: 29, Loss: 8.1765, Rmse_valid: 8.5191, valid_score: 3084.0, , rmse_test: 12.5910, score_test: 327.9, Learning rate:0.00002000
Epoch: 30, Loss: 8.1040, Rmse_valid: 8.5534, valid_score: 3054.3, , rmse_test: 12.5372, score_test: 313.6, Learning rate:0.00002000
[Train Summary] Restored best model from epoch 29, rmse_valid: 8.5191, valid_score: 3084.0, rmse_test: 12.5910, score_test: 327.9
[Train Time] start: 2026-07-23 03:56:54, end: 2026-07-23 04:00:59, duration: 0:04:05, total_seconds: 245.27
[Auto Test] command: /usr/local/miniconda3/envs/HV/bin/python /Mamba_Rul/test_GAT_EDmamba/test_model.py --sub-dataset FD003 --smooth-rate 30 --sequence-len 50 --feature-num 14 --dataset-root /Mamba_Rul/CMAPSSData/ --max-rul 125 --batch-size 128 --model-path /Mamba_Rul/logs/FD003_GAT_EDmamba+50/seed80/model_FD003_0723_035654_seed80.pkl
model_path:/Mamba_Rul/logs/FD003_GAT_EDmamba+50/seed80/model_FD003_0723_035654_seed80.pkl
rmse_final:12.498800277709961, score:313.6588134765625
