-----FD003-----
关键参数:
序列长度: 30
批大小(batch_size): 128
最大训练轮数(max_epochs): 30
随机数种子: 30
模型代号(model_code): GAT_EDmamba4_dmodel_32
模型结构(model_structure): mamba_mamba
学习率: 0.002
学习率调度器: step
Step步长(step_size): 10
Step衰减系数(gamma): 0.1
use_gat: True
gat_hidden_dim: 8
编码器: 2层Mamba
解码器: 2层Mamba
mamba_d_model: 32
mamba_num_layers: 2
mamba_d_state: 16
训练损失: AdaptiveAsymmetricMSELoss
asym_alpha: 3.5
asym_gamma: 5.0
asym_delta: 0.9
focus_threshold: 35.0
cap_threshold: 125.0
------------------------------
Epoch: 1, Loss: 39.4369, Rmse_valid: 26.5918, valid_score: 65994.7, , rmse_test: 20.9848, score_test: 2711.4, Learning rate:0.00200000
Epoch: 2, Loss: 25.0315, Rmse_valid: 23.6667, valid_score: 20110.0, , rmse_test: 19.9475, score_test: 576.0, Learning rate:0.00200000
Epoch: 3, Loss: 21.7753, Rmse_valid: 14.7718, valid_score: 7440.0, , rmse_test: 17.2939, score_test: 464.0, Learning rate:0.00200000
Epoch: 4, Loss: 19.7124, Rmse_valid: 17.0518, valid_score: 10855.3, , rmse_test: 15.1366, score_test: 434.1, Learning rate:0.00200000
Epoch: 5, Loss: 18.7228, Rmse_valid: 15.3222, valid_score: 8097.5, , rmse_test: 16.1406, score_test: 392.7, Learning rate:0.00200000
Epoch: 6, Loss: 17.5633, Rmse_valid: 11.2256, valid_score: 4443.3, , rmse_test: 13.6026, score_test: 351.1, Learning rate:0.00200000
Epoch: 7, Loss: 17.1893, Rmse_valid: 13.0326, valid_score: 5857.8, , rmse_test: 14.5263, score_test: 423.7, Learning rate:0.00200000
Epoch: 8, Loss: 16.2940, Rmse_valid: 10.9466, valid_score: 4207.5, , rmse_test: 13.9807, score_test: 535.3, Learning rate:0.00200000
Epoch: 9, Loss: 15.6785, Rmse_valid: 10.2363, valid_score: 4079.4, , rmse_test: 12.9869, score_test: 249.3, Learning rate:0.00200000
Epoch: 10, Loss: 21.2390, Rmse_valid: 10.8138, valid_score: 4940.8, , rmse_test: 12.8590, score_test: 257.6, Learning rate:0.00200000
Epoch: 11, Loss: 14.0893, Rmse_valid: 11.4068, valid_score: 5132.1, , rmse_test: 13.3165, score_test: 282.1, Learning rate:0.00020000
Epoch: 12, Loss: 13.6419, Rmse_valid: 11.1859, valid_score: 4956.9, , rmse_test: 13.0455, score_test: 275.4, Learning rate:0.00020000
Epoch: 13, Loss: 13.3123, Rmse_valid: 11.0732, valid_score: 4870.9, , rmse_test: 13.5098, score_test: 324.5, Learning rate:0.00020000
Epoch: 14, Loss: 13.0267, Rmse_valid: 11.5109, valid_score: 4844.9, , rmse_test: 13.6503, score_test: 294.9, Learning rate:0.00020000
Epoch: 15, Loss: 12.7135, Rmse_valid: 11.0806, valid_score: 4626.4, , rmse_test: 13.8815, score_test: 300.5, Learning rate:0.00020000
Epoch: 16, Loss: 12.3937, Rmse_valid: 11.9201, valid_score: 5038.9, , rmse_test: 13.5627, score_test: 291.6, Learning rate:0.00020000
Epoch: 17, Loss: 12.1598, Rmse_valid: 11.0588, valid_score: 4385.7, , rmse_test: 13.0691, score_test: 307.8, Learning rate:0.00020000
Epoch: 18, Loss: 11.8927, Rmse_valid: 10.8545, valid_score: 4240.1, , rmse_test: 13.8360, score_test: 283.0, Learning rate:0.00020000
Epoch: 19, Loss: 11.8018, Rmse_valid: 11.4419, valid_score: 4492.5, , rmse_test: 13.5572, score_test: 270.0, Learning rate:0.00020000
Epoch: 20, Loss: 11.6734, Rmse_valid: 10.3673, valid_score: 4058.8, , rmse_test: 12.7602, score_test: 256.0, Learning rate:0.00020000
Epoch: 21, Loss: 11.3511, Rmse_valid: 10.8549, valid_score: 4427.3, , rmse_test: 12.9924, score_test: 278.5, Learning rate:0.00002000
Epoch: 22, Loss: 11.2880, Rmse_valid: 11.0003, valid_score: 4474.3, , rmse_test: 13.0555, score_test: 287.2, Learning rate:0.00002000
Epoch: 23, Loss: 11.2333, Rmse_valid: 10.9203, valid_score: 4466.2, , rmse_test: 13.0108, score_test: 280.2, Learning rate:0.00002000
Epoch: 24, Loss: 11.2464, Rmse_valid: 10.8395, valid_score: 4347.6, , rmse_test: 12.9898, score_test: 289.4, Learning rate:0.00002000
Epoch: 25, Loss: 11.2373, Rmse_valid: 10.9044, valid_score: 4472.2, , rmse_test: 13.0657, score_test: 289.7, Learning rate:0.00002000
Epoch: 26, Loss: 11.1712, Rmse_valid: 10.8852, valid_score: 4441.8, , rmse_test: 13.0641, score_test: 287.9, Learning rate:0.00002000
Epoch: 27, Loss: 11.1402, Rmse_valid: 10.9877, valid_score: 4415.5, , rmse_test: 13.0230, score_test: 292.4, Learning rate:0.00002000
Epoch: 28, Loss: 11.1653, Rmse_valid: 10.6866, valid_score: 4261.6, , rmse_test: 13.0222, score_test: 286.2, Learning rate:0.00002000
Epoch: 29, Loss: 11.1482, Rmse_valid: 10.8089, valid_score: 4312.1, , rmse_test: 12.9798, score_test: 285.3, Learning rate:0.00002000
Epoch: 30, Loss: 11.1089, Rmse_valid: 11.0054, valid_score: 4427.1, , rmse_test: 13.0588, score_test: 278.9, Learning rate:0.00002000
[Train Summary] Restored best model from epoch 9, rmse_valid: 10.2363, valid_score: 4079.4, rmse_test: 12.9869, score_test: 249.3
[Train Time] start: 2026-08-25 04:47:47, end: 2026-08-25 04:50:17, duration: 0:02:30, total_seconds: 150.05
[Auto Test] command: /usr/local/miniconda3/envs/HV/bin/python /Mamba_Rul/test_GAT_EDmamba/test_model.py --sub-dataset FD003 --smooth-rate 30 --sequence-len 30 --feature-num 14 --dataset-root /Mamba_Rul/CMAPSSData/ --max-rul 125 --batch-size 128 --model-path /Mamba_Rul/logs/FD003_GAT_EDmamba4_dmodel_32/seed30/model_FD003_0825_044747_seed30.pkl
model_path:/Mamba_Rul/logs/FD003_GAT_EDmamba4_dmodel_32/seed30/model_FD003_0825_044747_seed30.pkl
rmse_final:13.034568786621094, score:244.88043212890625
