-----FD003-----
关键参数:
序列长度: 30
批大小(batch_size): 128
最大训练轮数(max_epochs): 30
随机数种子: 27
模型代号(model_code): GAT_EDmamba4_dmodel_10
模型结构(model_structure): mamba_mamba
学习率: 0.002
学习率调度器: step
Step步长(step_size): 10
Step衰减系数(gamma): 0.1
use_gat: True
gat_hidden_dim: 8
编码器: 2层Mamba
解码器: 2层Mamba
mamba_d_model: 10
mamba_num_layers: 2
mamba_d_state: 16
训练损失: AdaptiveAsymmetricMSELoss
asym_alpha: 3.5
asym_gamma: 5.0
asym_delta: 0.9
focus_threshold: 35.0
cap_threshold: 125.0
------------------------------
Epoch: 1, Loss: 38.5330, Rmse_valid: 24.7422, valid_score: 41085.4, , rmse_test: 23.5506, score_test: 1610.0, Learning rate:0.00200000
Epoch: 2, Loss: 29.9742, Rmse_valid: 20.9360, valid_score: 26066.4, , rmse_test: 23.9532, score_test: 1704.9, Learning rate:0.00200000
Epoch: 3, Loss: 26.6880, Rmse_valid: 19.1573, valid_score: 23634.6, , rmse_test: 19.5639, score_test: 1320.5, Learning rate:0.00200000
Epoch: 4, Loss: 22.7915, Rmse_valid: 17.7679, valid_score: 12971.0, , rmse_test: 18.6625, score_test: 767.9, Learning rate:0.00200000
Epoch: 5, Loss: 21.6730, Rmse_valid: 16.2325, valid_score: 10652.9, , rmse_test: 15.8188, score_test: 783.4, Learning rate:0.00200000
Epoch: 6, Loss: 20.3542, Rmse_valid: 18.2909, valid_score: 16961.6, , rmse_test: 17.3233, score_test: 746.4, Learning rate:0.00200000
Epoch: 7, Loss: 19.1697, Rmse_valid: 15.2964, valid_score: 7241.3, , rmse_test: 15.9520, score_test: 329.6, Learning rate:0.00200000
Epoch: 8, Loss: 18.8487, Rmse_valid: 11.7678, valid_score: 5833.9, , rmse_test: 13.9140, score_test: 390.2, Learning rate:0.00200000
Epoch: 9, Loss: 17.6849, Rmse_valid: 11.6959, valid_score: 5058.6, , rmse_test: 12.9260, score_test: 288.4, Learning rate:0.00200000
Epoch: 10, Loss: 17.5024, Rmse_valid: 12.6676, valid_score: 6148.8, , rmse_test: 13.0021, score_test: 295.1, Learning rate:0.00200000
Epoch: 11, Loss: 15.0092, Rmse_valid: 11.6325, valid_score: 4906.1, , rmse_test: 12.7930, score_test: 232.4, Learning rate:0.00020000
Epoch: 12, Loss: 14.8359, Rmse_valid: 10.9540, valid_score: 4871.8, , rmse_test: 12.4487, score_test: 232.1, Learning rate:0.00020000
Epoch: 13, Loss: 14.7338, Rmse_valid: 11.0978, valid_score: 4605.6, , rmse_test: 12.5833, score_test: 222.5, Learning rate:0.00020000
Epoch: 14, Loss: 14.6318, Rmse_valid: 10.5853, valid_score: 4307.2, , rmse_test: 12.4210, score_test: 221.7, Learning rate:0.00020000
Epoch: 15, Loss: 14.5729, Rmse_valid: 10.3489, valid_score: 4297.8, , rmse_test: 12.3813, score_test: 228.6, Learning rate:0.00020000
Epoch: 16, Loss: 14.4333, Rmse_valid: 11.2446, valid_score: 4615.4, , rmse_test: 12.8175, score_test: 230.9, Learning rate:0.00020000
Epoch: 17, Loss: 14.2498, Rmse_valid: 10.8175, valid_score: 4518.5, , rmse_test: 12.4230, score_test: 222.2, Learning rate:0.00020000
Epoch: 18, Loss: 14.1784, Rmse_valid: 10.5489, valid_score: 4231.5, , rmse_test: 12.1074, score_test: 216.4, Learning rate:0.00020000
Epoch: 19, Loss: 14.2094, Rmse_valid: 11.4139, valid_score: 4772.5, , rmse_test: 12.2868, score_test: 219.3, Learning rate:0.00020000
Epoch: 20, Loss: 14.1195, Rmse_valid: 10.7829, valid_score: 4408.9, , rmse_test: 12.4463, score_test: 225.6, Learning rate:0.00020000
Epoch: 21, Loss: 13.9607, Rmse_valid: 10.5456, valid_score: 4194.2, , rmse_test: 12.4589, score_test: 225.1, Learning rate:0.00002000
Epoch: 22, Loss: 13.9081, Rmse_valid: 10.5967, valid_score: 4249.8, , rmse_test: 12.3509, score_test: 223.2, Learning rate:0.00002000
Epoch: 23, Loss: 13.8978, Rmse_valid: 10.5839, valid_score: 4185.5, , rmse_test: 12.3775, score_test: 222.9, Learning rate:0.00002000
Epoch: 24, Loss: 13.9795, Rmse_valid: 10.7161, valid_score: 4297.1, , rmse_test: 12.3610, score_test: 221.1, Learning rate:0.00002000
Epoch: 25, Loss: 13.8285, Rmse_valid: 10.8328, valid_score: 4344.1, , rmse_test: 12.4018, score_test: 221.9, Learning rate:0.00002000
Epoch: 26, Loss: 13.8464, Rmse_valid: 10.5622, valid_score: 4193.2, , rmse_test: 12.3039, score_test: 224.3, Learning rate:0.00002000
Epoch: 27, Loss: 13.8925, Rmse_valid: 10.5783, valid_score: 4244.0, , rmse_test: 12.4092, score_test: 223.9, Learning rate:0.00002000
Epoch: 28, Loss: 13.8015, Rmse_valid: 10.6519, valid_score: 4218.6, , rmse_test: 12.4324, score_test: 221.0, Learning rate:0.00002000
Epoch: 29, Loss: 13.8518, Rmse_valid: 10.5881, valid_score: 4197.8, , rmse_test: 12.3472, score_test: 222.0, Learning rate:0.00002000
Epoch: 30, Loss: 13.8058, Rmse_valid: 10.4341, valid_score: 4124.1, , rmse_test: 12.4313, score_test: 222.4, Learning rate:0.00002000
[Train Summary] Restored best model from epoch 15, rmse_valid: 10.3489, valid_score: 4297.8, rmse_test: 12.3813, score_test: 228.6
[Train Time] start: 2026-08-27 12:55:55, end: 2026-08-27 12:59:55, duration: 0:04:00, total_seconds: 239.76
[Auto Test] command: /usr/local/miniconda3/envs/HV/bin/python /Mamba_Rul/test_GAT_EDmamba/test_model.py --sub-dataset FD003 --smooth-rate 30 --sequence-len 30 --feature-num 14 --dataset-root /Mamba_Rul/CMAPSSData/ --max-rul 125 --batch-size 128 --model-path /Mamba_Rul/logs/FD003_GAT_EDmamba4_dmodel_10/seed27/model_FD003_0827_125555_seed27.pkl
model_path:/Mamba_Rul/logs/FD003_GAT_EDmamba4_dmodel_10/seed27/model_FD003_0827_125555_seed27.pkl
rmse_final:12.419742584228516, score:226.23751831054688
