-----FD001-----
关键参数:
序列长度: 30
批大小(batch_size): 128
最大训练轮数(max_epochs): 30
随机数种子: 97
模型代号(model_code): GAT_EDmamba_4
模型结构(model_structure): mamba_mamba
学习率: 0.002
学习率调度器: step
Step步长(step_size): 10
Step衰减系数(gamma): 0.1
use_gat: True
gat_hidden_dim: 8
编码器: 2层Mamba
解码器: 2层Mamba
encoder_hidden_size: 4
mamba_num_layers: 2
mamba_d_state: 16
训练损失: AdaptiveAsymmetricMSELoss
asym_alpha: 1.5
asym_gamma: 2.0
asym_delta: 0.9
focus_threshold: 35.0
cap_threshold: 125.0
------------------------------
Epoch: 1, Loss: 31.3601, Rmse_valid: 26.9598, valid_score: 27027.2, , rmse_test: 23.2382, score_test: 1693.6, Learning rate:0.00200000
Epoch: 2, Loss: 28.0625, Rmse_valid: 20.1781, valid_score: 9543.9, , rmse_test: 19.9365, score_test: 1226.6, Learning rate:0.00200000
Epoch: 3, Loss: 25.5612, Rmse_valid: 18.8777, valid_score: 8341.0, , rmse_test: 17.0508, score_test: 547.6, Learning rate:0.00200000
Epoch: 4, Loss: 23.6721, Rmse_valid: 19.8535, valid_score: 9834.2, , rmse_test: 17.3847, score_test: 548.7, Learning rate:0.00200000
Epoch: 5, Loss: 22.2427, Rmse_valid: 25.3505, valid_score: 24379.3, , rmse_test: 21.7652, score_test: 961.7, Learning rate:0.00200000
Epoch: 6, Loss: 21.3821, Rmse_valid: 14.4178, valid_score: 6097.6, , rmse_test: 15.3262, score_test: 419.5, Learning rate:0.00200000
Epoch: 7, Loss: 20.2714, Rmse_valid: 14.7802, valid_score: 5166.0, , rmse_test: 14.9893, score_test: 304.1, Learning rate:0.00200000
Epoch: 8, Loss: 18.7115, Rmse_valid: 17.5168, valid_score: 7799.0, , rmse_test: 17.0352, score_test: 567.4, Learning rate:0.00200000
Epoch: 9, Loss: 17.3115, Rmse_valid: 13.9336, valid_score: 4118.1, , rmse_test: 14.3756, score_test: 291.3, Learning rate:0.00200000
Epoch: 10, Loss: 16.9773, Rmse_valid: 16.4044, valid_score: 7501.0, , rmse_test: 17.6386, score_test: 787.1, Learning rate:0.00200000
Epoch: 11, Loss: 15.6523, Rmse_valid: 11.5757, valid_score: 3336.1, , rmse_test: 13.1408, score_test: 268.7, Learning rate:0.00020000
Epoch: 12, Loss: 15.0804, Rmse_valid: 11.4446, valid_score: 3240.7, , rmse_test: 13.2688, score_test: 263.4, Learning rate:0.00020000
Epoch: 13, Loss: 15.0865, Rmse_valid: 11.4337, valid_score: 3341.3, , rmse_test: 13.2230, score_test: 274.2, Learning rate:0.00020000
Epoch: 14, Loss: 14.8985, Rmse_valid: 11.8149, valid_score: 3295.7, , rmse_test: 13.3373, score_test: 257.9, Learning rate:0.00020000
Epoch: 15, Loss: 14.7763, Rmse_valid: 11.0763, valid_score: 3145.8, , rmse_test: 13.1113, score_test: 276.4, Learning rate:0.00020000
Epoch: 16, Loss: 14.7215, Rmse_valid: 11.8196, valid_score: 3321.7, , rmse_test: 13.1381, score_test: 262.6, Learning rate:0.00020000
Epoch: 17, Loss: 14.6820, Rmse_valid: 11.6912, valid_score: 3356.6, , rmse_test: 13.3790, score_test: 261.4, Learning rate:0.00020000
Epoch: 18, Loss: 14.5456, Rmse_valid: 11.3787, valid_score: 3142.4, , rmse_test: 13.3365, score_test: 271.5, Learning rate:0.00020000
Epoch: 19, Loss: 14.4989, Rmse_valid: 12.5516, valid_score: 3599.7, , rmse_test: 13.7802, score_test: 268.8, Learning rate:0.00020000
Epoch: 20, Loss: 14.3995, Rmse_valid: 11.9560, valid_score: 3488.7, , rmse_test: 13.2684, score_test: 272.2, Learning rate:0.00020000
Epoch: 21, Loss: 14.3080, Rmse_valid: 12.1405, valid_score: 3406.5, , rmse_test: 13.3736, score_test: 263.6, Learning rate:0.00002000
Epoch: 22, Loss: 14.2821, Rmse_valid: 11.8717, valid_score: 3368.9, , rmse_test: 13.2770, score_test: 266.6, Learning rate:0.00002000
Epoch: 23, Loss: 14.3335, Rmse_valid: 11.5990, valid_score: 3382.2, , rmse_test: 13.3322, score_test: 266.2, Learning rate:0.00002000
Epoch: 24, Loss: 14.2217, Rmse_valid: 11.5421, valid_score: 3329.5, , rmse_test: 13.2902, score_test: 266.2, Learning rate:0.00002000
Epoch: 25, Loss: 14.1887, Rmse_valid: 12.4112, valid_score: 3407.1, , rmse_test: 13.3861, score_test: 267.0, Learning rate:0.00002000
Epoch: 26, Loss: 14.2630, Rmse_valid: 11.7594, valid_score: 3407.4, , rmse_test: 13.4417, score_test: 263.3, Learning rate:0.00002000
Epoch: 27, Loss: 14.3204, Rmse_valid: 11.7775, valid_score: 3367.8, , rmse_test: 13.3268, score_test: 270.8, Learning rate:0.00002000
Epoch: 28, Loss: 14.2881, Rmse_valid: 11.9542, valid_score: 3370.9, , rmse_test: 13.3105, score_test: 269.0, Learning rate:0.00002000
Epoch: 29, Loss: 14.2680, Rmse_valid: 12.1050, valid_score: 3390.2, , rmse_test: 13.3847, score_test: 267.6, Learning rate:0.00002000
Epoch: 30, Loss: 14.2110, Rmse_valid: 11.9839, valid_score: 3429.9, , rmse_test: 13.3749, score_test: 269.2, Learning rate:0.00002000
[Train Summary] Restored best model from epoch 15, rmse_valid: 11.0763, valid_score: 3145.8, rmse_test: 13.1113, score_test: 276.4
[Train Time] start: 2026-07-30 14:33:40, end: 2026-07-30 14:36:31, duration: 0:02:52, total_seconds: 171.56
[Auto Test] command: /usr/local/miniconda3/envs/HV/bin/python /Mamba_Rul/test_GAT_EDmamba/test_model.py --sub-dataset FD001 --smooth-rate 30 --sequence-len 30 --feature-num 14 --dataset-root /Mamba_Rul/CMAPSSData/ --max-rul 125 --batch-size 128 --model-path /Mamba_Rul/logs/FD001_GAT_EDmamba_4/seed97/model_FD001_0730_143340_seed97.pkl
model_path:/Mamba_Rul/logs/FD001_GAT_EDmamba_4/seed97/model_FD001_0730_143340_seed97.pkl
rmse_final:13.097709655761719, score:270.605224609375
