-----FD001-----
关键参数:
序列长度: 30
批大小(batch_size): 128
最大训练轮数(max_epochs): 30
随机数种子: 2
模型代号(model_code): GAT_EDmamba4_dmodel_6
模型结构(model_structure): mamba_mamba
学习率: 0.002
学习率调度器: step
Step步长(step_size): 10
Step衰减系数(gamma): 0.1
use_gat: True
gat_hidden_dim: 8
编码器: 2层Mamba
解码器: 2层Mamba
mamba_d_model: 6
mamba_num_layers: 2
mamba_d_state: 16
训练损失: AdaptiveAsymmetricMSELoss
asym_alpha: 1.5
asym_gamma: 2.0
asym_delta: 0.9
focus_threshold: 35.0
cap_threshold: 125.0
------------------------------
Epoch: 1, Loss: 31.4400, Rmse_valid: 22.2256, valid_score: 14626.8, , rmse_test: 21.6001, score_test: 5018.0, Learning rate:0.00200000
Epoch: 2, Loss: 28.4287, Rmse_valid: 21.8229, valid_score: 13302.5, , rmse_test: 20.4065, score_test: 2420.2, Learning rate:0.00200000
Epoch: 3, Loss: 23.7273, Rmse_valid: 18.3369, valid_score: 7283.1, , rmse_test: 16.0768, score_test: 382.2, Learning rate:0.00200000
Epoch: 4, Loss: 19.8874, Rmse_valid: 14.0654, valid_score: 5765.4, , rmse_test: 15.5252, score_test: 483.0, Learning rate:0.00200000
Epoch: 5, Loss: 18.2881, Rmse_valid: 16.9326, valid_score: 6528.5, , rmse_test: 17.1291, score_test: 464.8, Learning rate:0.00200000
Epoch: 6, Loss: 17.1737, Rmse_valid: 11.6684, valid_score: 3809.0, , rmse_test: 13.6629, score_test: 363.9, Learning rate:0.00200000
Epoch: 7, Loss: 16.4620, Rmse_valid: 12.3028, valid_score: 3967.0, , rmse_test: 13.6256, score_test: 342.1, Learning rate:0.00200000
Epoch: 8, Loss: 16.1375, Rmse_valid: 14.1854, valid_score: 4812.0, , rmse_test: 14.1893, score_test: 400.0, Learning rate:0.00200000
Epoch: 9, Loss: 15.7512, Rmse_valid: 15.8080, valid_score: 5461.6, , rmse_test: 15.7552, score_test: 338.5, Learning rate:0.00200000
Epoch: 10, Loss: 15.3947, Rmse_valid: 12.6949, valid_score: 4282.1, , rmse_test: 14.0888, score_test: 325.2, Learning rate:0.00200000
Epoch: 11, Loss: 14.1657, Rmse_valid: 11.6647, valid_score: 3773.9, , rmse_test: 13.0855, score_test: 283.2, Learning rate:0.00020000
Epoch: 12, Loss: 14.0173, Rmse_valid: 11.6085, valid_score: 3757.0, , rmse_test: 13.0785, score_test: 284.5, Learning rate:0.00020000
Epoch: 13, Loss: 13.9904, Rmse_valid: 12.1012, valid_score: 3830.5, , rmse_test: 13.1022, score_test: 258.0, Learning rate:0.00020000
Epoch: 14, Loss: 13.9828, Rmse_valid: 12.0933, valid_score: 3927.7, , rmse_test: 12.9818, score_test: 276.1, Learning rate:0.00020000
Epoch: 15, Loss: 13.8572, Rmse_valid: 12.0578, valid_score: 4108.8, , rmse_test: 13.0802, score_test: 291.6, Learning rate:0.00020000
Epoch: 16, Loss: 13.8646, Rmse_valid: 11.8587, valid_score: 3869.0, , rmse_test: 13.0639, score_test: 274.6, Learning rate:0.00020000
Epoch: 17, Loss: 13.7899, Rmse_valid: 11.9455, valid_score: 3916.4, , rmse_test: 12.9831, score_test: 276.1, Learning rate:0.00020000
Epoch: 18, Loss: 13.8469, Rmse_valid: 12.2974, valid_score: 4029.4, , rmse_test: 13.1579, score_test: 264.4, Learning rate:0.00020000
Epoch: 19, Loss: 13.7614, Rmse_valid: 12.1631, valid_score: 4360.1, , rmse_test: 12.9727, score_test: 280.4, Learning rate:0.00020000
Epoch: 20, Loss: 13.6858, Rmse_valid: 12.1579, valid_score: 4068.0, , rmse_test: 13.0445, score_test: 271.4, Learning rate:0.00020000
Epoch: 21, Loss: 13.5683, Rmse_valid: 12.1170, valid_score: 4035.4, , rmse_test: 13.0829, score_test: 267.3, Learning rate:0.00002000
Epoch: 22, Loss: 13.6261, Rmse_valid: 12.1014, valid_score: 4055.6, , rmse_test: 13.0727, score_test: 269.9, Learning rate:0.00002000
Epoch: 23, Loss: 13.6382, Rmse_valid: 11.8985, valid_score: 4058.9, , rmse_test: 13.0828, score_test: 267.3, Learning rate:0.00002000
Epoch: 24, Loss: 13.6445, Rmse_valid: 11.9596, valid_score: 4072.4, , rmse_test: 13.0662, score_test: 271.6, Learning rate:0.00002000
Epoch: 25, Loss: 13.6138, Rmse_valid: 11.7964, valid_score: 4044.0, , rmse_test: 13.0761, score_test: 267.2, Learning rate:0.00002000
Epoch: 26, Loss: 13.5595, Rmse_valid: 12.3654, valid_score: 4110.7, , rmse_test: 13.0980, score_test: 271.0, Learning rate:0.00002000
Epoch: 27, Loss: 13.5801, Rmse_valid: 12.1574, valid_score: 4044.2, , rmse_test: 13.1345, score_test: 271.8, Learning rate:0.00002000
Epoch: 28, Loss: 13.5864, Rmse_valid: 11.5671, valid_score: 4070.9, , rmse_test: 13.0803, score_test: 271.9, Learning rate:0.00002000
Epoch: 29, Loss: 13.5770, Rmse_valid: 11.7649, valid_score: 4061.4, , rmse_test: 13.0969, score_test: 266.8, Learning rate:0.00002000
Epoch: 30, Loss: 13.5869, Rmse_valid: 11.8290, valid_score: 4082.7, , rmse_test: 13.0944, score_test: 271.0, Learning rate:0.00002000
[Train Summary] Restored best model from epoch 28, rmse_valid: 11.5671, valid_score: 4070.9, rmse_test: 13.0803, score_test: 271.9
[Train Time] start: 2026-08-24 15:22:18, end: 2026-08-24 15:25:32, duration: 0:03:14, total_seconds: 194.30
[Auto Test] command: /usr/local/miniconda3/envs/HV/bin/python /Mamba_Rul/test_GAT_EDmamba/test_model.py --sub-dataset FD001 --smooth-rate 30 --sequence-len 30 --feature-num 14 --dataset-root /Mamba_Rul/CMAPSSData/ --max-rul 125 --batch-size 128 --model-path /Mamba_Rul/logs/FD001_GAT_EDmamba4_dmodel_6/seed2/model_FD001_0824_152218_seed2.pkl
model_path:/Mamba_Rul/logs/FD001_GAT_EDmamba4_dmodel_6/seed2/model_FD001_0824_152218_seed2.pkl
rmse_final:13.12973690032959, score:266.2550354003906
