-----FD004-----
关键参数:
序列长度: 30
批大小(batch_size): 128
最大训练轮数(max_epochs): 30
随机数种子: 62
模型代号(model_code): 1GAT_EDmamba_dstate_4
模型结构(model_structure): mamba_mamba
学习率: 0.002
学习率调度器: step
Step步长(step_size): 10
Step衰减系数(gamma): 0.1
use_gat: True
gat_hidden_dim: 8
编码器: 2层Mamba
解码器: 2层Mamba
mamba_d_model: 8
mamba_num_layers: 2
mamba_d_state: 4
训练损失: AdaptiveAsymmetricMSELoss
asym_alpha: 2.0
asym_gamma: 5.0
asym_delta: 0.9
focus_threshold: 35.0
cap_threshold: 125.0
------------------------------
Epoch: 1, Loss: 46.2106, Rmse_valid: 24.2148, valid_score: 86595.5, , rmse_test: 27.4776, score_test: 5650.3, Learning rate:0.00200000
Epoch: 2, Loss: 36.4066, Rmse_valid: 32.1012, valid_score: 456160.7, , rmse_test: 33.8922, score_test: 13015.2, Learning rate:0.00200000
Epoch: 3, Loss: 33.1403, Rmse_valid: 22.8577, valid_score: 58837.4, , rmse_test: 23.9128, score_test: 2830.9, Learning rate:0.00200000
Epoch: 4, Loss: 30.7017, Rmse_valid: 24.0918, valid_score: 67017.1, , rmse_test: 24.7595, score_test: 3037.2, Learning rate:0.00200000
Epoch: 5, Loss: 28.9075, Rmse_valid: 19.3820, valid_score: 39187.1, , rmse_test: 18.5672, score_test: 1496.4, Learning rate:0.00200000
Epoch: 6, Loss: 27.7309, Rmse_valid: 18.7034, valid_score: 33646.9, , rmse_test: 18.8307, score_test: 1523.8, Learning rate:0.00200000
Epoch: 7, Loss: 26.7655, Rmse_valid: 22.4566, valid_score: 68411.2, , rmse_test: 24.7932, score_test: 3601.9, Learning rate:0.00200000
Epoch: 8, Loss: 26.1341, Rmse_valid: 19.2022, valid_score: 38301.7, , rmse_test: 20.8552, score_test: 2102.2, Learning rate:0.00200000
Epoch: 9, Loss: 25.5926, Rmse_valid: 17.6471, valid_score: 31874.9, , rmse_test: 19.4120, score_test: 1643.9, Learning rate:0.00200000
Epoch: 10, Loss: 24.8921, Rmse_valid: 17.5758, valid_score: 27304.0, , rmse_test: 18.8603, score_test: 1487.2, Learning rate:0.00200000
Epoch: 11, Loss: 21.9553, Rmse_valid: 16.6682, valid_score: 27601.5, , rmse_test: 17.9358, score_test: 1445.3, Learning rate:0.00020000
Epoch: 12, Loss: 21.7193, Rmse_valid: 16.4572, valid_score: 26040.8, , rmse_test: 18.1777, score_test: 1473.1, Learning rate:0.00020000
Epoch: 13, Loss: 21.5220, Rmse_valid: 17.0940, valid_score: 26820.8, , rmse_test: 18.5121, score_test: 1469.8, Learning rate:0.00020000
Epoch: 14, Loss: 21.4613, Rmse_valid: 16.4108, valid_score: 26919.5, , rmse_test: 17.9575, score_test: 1494.8, Learning rate:0.00020000
Epoch: 15, Loss: 21.3762, Rmse_valid: 17.2713, valid_score: 28813.2, , rmse_test: 18.7238, score_test: 1651.0, Learning rate:0.00020000
Epoch: 16, Loss: 21.3467, Rmse_valid: 16.2298, valid_score: 27197.4, , rmse_test: 17.6092, score_test: 1399.5, Learning rate:0.00020000
Epoch: 17, Loss: 21.2998, Rmse_valid: 16.9845, valid_score: 26688.4, , rmse_test: 18.7762, score_test: 1540.0, Learning rate:0.00020000
Epoch: 18, Loss: 21.2505, Rmse_valid: 16.7634, valid_score: 25194.3, , rmse_test: 18.6571, score_test: 1443.2, Learning rate:0.00020000
Epoch: 19, Loss: 21.1534, Rmse_valid: 17.1109, valid_score: 27186.6, , rmse_test: 19.0943, score_test: 1569.1, Learning rate:0.00020000
Epoch: 20, Loss: 21.1073, Rmse_valid: 16.8529, valid_score: 27204.6, , rmse_test: 18.3735, score_test: 1467.3, Learning rate:0.00020000
Epoch: 21, Loss: 20.9255, Rmse_valid: 16.7328, valid_score: 26095.5, , rmse_test: 18.3764, score_test: 1466.1, Learning rate:0.00002000
Epoch: 22, Loss: 20.8926, Rmse_valid: 16.4705, valid_score: 25974.8, , rmse_test: 18.2137, score_test: 1439.3, Learning rate:0.00002000
Epoch: 23, Loss: 20.8591, Rmse_valid: 16.8182, valid_score: 26199.5, , rmse_test: 18.3059, score_test: 1452.5, Learning rate:0.00002000
Epoch: 24, Loss: 20.8361, Rmse_valid: 16.7054, valid_score: 26160.1, , rmse_test: 18.1468, score_test: 1436.8, Learning rate:0.00002000
Epoch: 25, Loss: 20.8559, Rmse_valid: 16.7201, valid_score: 26085.0, , rmse_test: 18.2335, score_test: 1438.7, Learning rate:0.00002000
Epoch: 26, Loss: 20.8060, Rmse_valid: 16.5915, valid_score: 26330.5, , rmse_test: 18.2246, score_test: 1428.5, Learning rate:0.00002000
Epoch: 27, Loss: 20.8401, Rmse_valid: 16.6840, valid_score: 26535.4, , rmse_test: 18.3941, score_test: 1447.6, Learning rate:0.00002000
Epoch: 28, Loss: 20.8380, Rmse_valid: 16.8215, valid_score: 26293.8, , rmse_test: 18.3553, score_test: 1459.5, Learning rate:0.00002000
Epoch: 29, Loss: 20.8066, Rmse_valid: 16.5398, valid_score: 26124.6, , rmse_test: 18.1206, score_test: 1428.6, Learning rate:0.00002000
Epoch: 30, Loss: 20.8445, Rmse_valid: 16.7120, valid_score: 26612.1, , rmse_test: 18.4314, score_test: 1447.2, Learning rate:0.00002000
[Train Summary] Restored best model from epoch 16, rmse_valid: 16.2298, valid_score: 27197.4, rmse_test: 17.6092, score_test: 1399.5
[Train Time] start: 2026-09-01 03:48:57, end: 2026-09-01 03:58:11, duration: 0:09:14, total_seconds: 554.24
[Auto Test] command: /usr/local/miniconda3/envs/HV/bin/python /Mamba_Rul/test_GAT_EDmamba/test_model.py --sub-dataset FD004 --smooth-rate 40 --sequence-len 30 --feature-num 14 --dataset-root /Mamba_Rul/CMAPSSData/ --max-rul 125 --batch-size 128 --model-path /Mamba_Rul/logs/FD004_1GAT_EDmamba_dstate_4/seed62/model_FD004_0901_034857_seed62.pkl
model_path:/Mamba_Rul/logs/FD004_1GAT_EDmamba_dstate_4/seed62/model_FD004_0901_034857_seed62.pkl
rmse_final:17.718564987182617, score:1385.899169921875
