-----FD004-----
关键参数:
序列长度: 30
批大小(batch_size): 128
最大训练轮数(max_epochs): 30
随机数种子: 30
模型代号(model_code): GAT_EDmamba4_dmodel_16
模型结构(model_structure): mamba_mamba
学习率: 0.002
学习率调度器: step
Step步长(step_size): 10
Step衰减系数(gamma): 0.1
use_gat: True
gat_hidden_dim: 8
编码器: 2层Mamba
解码器: 2层Mamba
mamba_d_model: 16
mamba_num_layers: 2
mamba_d_state: 16
训练损失: AdaptiveAsymmetricMSELoss
asym_alpha: 2.0
asym_gamma: 5.0
asym_delta: 0.9
focus_threshold: 35.0
cap_threshold: 125.0
------------------------------
Epoch: 1, Loss: 49.6789, Rmse_valid: 25.5159, valid_score: 88207.3, , rmse_test: 27.4437, score_test: 4954.7, Learning rate:0.00200000
Epoch: 2, Loss: 35.7320, Rmse_valid: 24.4263, valid_score: 106456.2, , rmse_test: 26.0925, score_test: 4338.6, Learning rate:0.00200000
Epoch: 3, Loss: 31.1912, Rmse_valid: 24.9325, valid_score: 95706.1, , rmse_test: 25.1867, score_test: 3145.2, Learning rate:0.00200000
Epoch: 4, Loss: 29.2569, Rmse_valid: 20.5933, valid_score: 44375.9, , rmse_test: 20.0644, score_test: 1702.5, Learning rate:0.00200000
Epoch: 5, Loss: 27.5202, Rmse_valid: 20.2264, valid_score: 43583.0, , rmse_test: 20.2971, score_test: 1891.8, Learning rate:0.00200000
Epoch: 6, Loss: 26.5681, Rmse_valid: 21.0136, valid_score: 47723.9, , rmse_test: 21.3948, score_test: 2226.5, Learning rate:0.00200000
Epoch: 7, Loss: 25.5537, Rmse_valid: 22.8338, valid_score: 67934.7, , rmse_test: 20.2593, score_test: 1805.7, Learning rate:0.00200000
Epoch: 8, Loss: 24.4785, Rmse_valid: 17.6659, valid_score: 28327.4, , rmse_test: 18.8040, score_test: 1506.2, Learning rate:0.00200000
Epoch: 9, Loss: 24.2614, Rmse_valid: 18.0194, valid_score: 26085.2, , rmse_test: 18.0703, score_test: 1357.7, Learning rate:0.00200000
Epoch: 10, Loss: 23.2320, Rmse_valid: 17.5433, valid_score: 26380.8, , rmse_test: 18.9123, score_test: 1522.6, Learning rate:0.00200000
Epoch: 11, Loss: 19.3045, Rmse_valid: 17.2370, valid_score: 25356.6, , rmse_test: 17.7273, score_test: 1265.7, Learning rate:0.00020000
Epoch: 12, Loss: 18.8863, Rmse_valid: 17.3576, valid_score: 25795.0, , rmse_test: 17.6830, score_test: 1279.8, Learning rate:0.00020000
Epoch: 13, Loss: 18.7115, Rmse_valid: 17.0767, valid_score: 24330.4, , rmse_test: 18.0741, score_test: 1382.5, Learning rate:0.00020000
Epoch: 14, Loss: 18.5759, Rmse_valid: 17.1810, valid_score: 25026.7, , rmse_test: 18.0739, score_test: 1475.5, Learning rate:0.00020000
Epoch: 15, Loss: 18.4378, Rmse_valid: 17.6183, valid_score: 26461.3, , rmse_test: 18.3701, score_test: 1593.3, Learning rate:0.00020000
Epoch: 16, Loss: 18.2904, Rmse_valid: 17.6952, valid_score: 28000.2, , rmse_test: 17.7651, score_test: 1376.8, Learning rate:0.00020000
Epoch: 17, Loss: 18.1592, Rmse_valid: 17.5895, valid_score: 28794.7, , rmse_test: 18.0040, score_test: 1443.3, Learning rate:0.00020000
Epoch: 18, Loss: 18.0882, Rmse_valid: 16.9996, valid_score: 26909.5, , rmse_test: 18.0716, score_test: 1667.8, Learning rate:0.00020000
Epoch: 19, Loss: 17.8928, Rmse_valid: 17.9676, valid_score: 29853.8, , rmse_test: 18.2223, score_test: 1510.6, Learning rate:0.00020000
Epoch: 20, Loss: 17.8294, Rmse_valid: 17.8978, valid_score: 28539.6, , rmse_test: 18.4391, score_test: 1714.4, Learning rate:0.00020000
Epoch: 21, Loss: 17.5783, Rmse_valid: 17.9032, valid_score: 28860.4, , rmse_test: 18.2354, score_test: 1558.9, Learning rate:0.00002000
Epoch: 22, Loss: 17.5003, Rmse_valid: 17.7877, valid_score: 28586.3, , rmse_test: 18.1237, score_test: 1599.2, Learning rate:0.00002000
Epoch: 23, Loss: 17.4911, Rmse_valid: 17.8870, valid_score: 29103.8, , rmse_test: 18.0815, score_test: 1573.8, Learning rate:0.00002000
Epoch: 24, Loss: 17.4880, Rmse_valid: 17.8673, valid_score: 28563.5, , rmse_test: 18.2138, score_test: 1655.0, Learning rate:0.00002000
Epoch: 25, Loss: 17.4633, Rmse_valid: 17.9760, valid_score: 29160.6, , rmse_test: 18.3853, score_test: 1658.3, Learning rate:0.00002000
Epoch: 26, Loss: 17.4667, Rmse_valid: 17.8149, valid_score: 29309.0, , rmse_test: 18.2167, score_test: 1592.8, Learning rate:0.00002000
Epoch: 27, Loss: 17.4443, Rmse_valid: 17.9125, valid_score: 29313.6, , rmse_test: 18.3030, score_test: 1631.9, Learning rate:0.00002000
Epoch: 28, Loss: 17.4154, Rmse_valid: 17.8686, valid_score: 29428.6, , rmse_test: 18.1326, score_test: 1577.3, Learning rate:0.00002000
Epoch: 29, Loss: 17.4109, Rmse_valid: 17.8580, valid_score: 29278.4, , rmse_test: 18.1890, score_test: 1643.9, Learning rate:0.00002000
Epoch: 30, Loss: 17.4165, Rmse_valid: 18.0192, valid_score: 29711.1, , rmse_test: 18.1172, score_test: 1649.4, Learning rate:0.00002000
[Train Summary] Restored best model from epoch 18, rmse_valid: 16.9996, valid_score: 26909.5, rmse_test: 18.0716, score_test: 1667.8
[Train Time] start: 2026-08-25 09:55:00, end: 2026-08-25 10:04:27, duration: 0:09:27, total_seconds: 567.07
[Auto Test] command: /usr/local/miniconda3/envs/HV/bin/python /Mamba_Rul/test_GAT_EDmamba/test_model.py --sub-dataset FD004 --smooth-rate 40 --sequence-len 30 --feature-num 14 --dataset-root /Mamba_Rul/CMAPSSData/ --max-rul 125 --batch-size 128 --model-path /Mamba_Rul/logs/FD004_GAT_EDmamba4_dmodel_16/seed30/model_FD004_0825_095500_seed30.pkl
model_path:/Mamba_Rul/logs/FD004_GAT_EDmamba4_dmodel_16/seed30/model_FD004_0825_095500_seed30.pkl
rmse_final:18.148359298706055, score:1659.4644775390625
