-----FD003-----
关键参数:
序列长度: 30
批大小(batch_size): 128
最大训练轮数(max_epochs): 30
随机数种子: 33
模型代号(model_code): GAT_EDmamba_dropout_0.1
模型结构(model_structure): mamba_mamba
学习率: 0.002
学习率调度器: step
Step步长(step_size): 10
Step衰减系数(gamma): 0.1
use_gat: True
gat_hidden_dim: 8
编码器: 2层Mamba
解码器: 2层Mamba
mamba_d_model: 32
mamba_num_layers: 2
mamba_d_state: 64
dropout: 0.1
训练损失: AdaptiveAsymmetricMSELoss
asym_alpha: 3.5
asym_gamma: 5.0
asym_delta: 0.9
focus_threshold: 35.0
cap_threshold: 125.0
------------------------------
Epoch: 1, Loss: 43.9935, Rmse_valid: 20.9700, valid_score: 21338.4, , rmse_test: 21.7900, score_test: 973.9, Learning rate:0.00200000
Epoch: 2, Loss: 27.0088, Rmse_valid: 18.3437, valid_score: 13350.6, , rmse_test: 16.5779, score_test: 602.5, Learning rate:0.00200000
Epoch: 3, Loss: 22.4808, Rmse_valid: 13.4338, valid_score: 8272.0, , rmse_test: 17.5323, score_test: 681.2, Learning rate:0.00200000
Epoch: 4, Loss: 20.4408, Rmse_valid: 13.8003, valid_score: 6515.0, , rmse_test: 15.4378, score_test: 395.3, Learning rate:0.00200000
Epoch: 5, Loss: 19.5900, Rmse_valid: 14.2398, valid_score: 7580.7, , rmse_test: 14.2761, score_test: 430.4, Learning rate:0.00200000
Epoch: 6, Loss: 18.0165, Rmse_valid: 12.0635, valid_score: 5396.5, , rmse_test: 13.2492, score_test: 315.5, Learning rate:0.00200000
Epoch: 7, Loss: 17.6112, Rmse_valid: 10.8537, valid_score: 4240.6, , rmse_test: 13.3436, score_test: 248.9, Learning rate:0.00200000
Epoch: 8, Loss: 18.0234, Rmse_valid: 13.1306, valid_score: 5863.1, , rmse_test: 13.6462, score_test: 261.3, Learning rate:0.00200000
Epoch: 9, Loss: 15.8876, Rmse_valid: 14.5290, valid_score: 6614.4, , rmse_test: 13.3724, score_test: 230.3, Learning rate:0.00200000
Epoch: 10, Loss: 16.6615, Rmse_valid: 12.5412, valid_score: 5802.4, , rmse_test: 13.4004, score_test: 235.3, Learning rate:0.00200000
Epoch: 11, Loss: 13.2605, Rmse_valid: 11.2468, valid_score: 4907.5, , rmse_test: 12.5804, score_test: 213.0, Learning rate:0.00020000
Epoch: 12, Loss: 12.7733, Rmse_valid: 11.7800, valid_score: 4965.5, , rmse_test: 12.7382, score_test: 216.6, Learning rate:0.00020000
Epoch: 13, Loss: 12.5106, Rmse_valid: 10.8349, valid_score: 4636.0, , rmse_test: 12.3565, score_test: 222.0, Learning rate:0.00020000
Epoch: 14, Loss: 12.3396, Rmse_valid: 10.1483, valid_score: 4114.4, , rmse_test: 12.2666, score_test: 217.6, Learning rate:0.00020000
Epoch: 15, Loss: 12.1486, Rmse_valid: 10.6021, valid_score: 4391.1, , rmse_test: 12.2064, score_test: 200.0, Learning rate:0.00020000
Epoch: 16, Loss: 11.8898, Rmse_valid: 10.1040, valid_score: 4218.2, , rmse_test: 12.0182, score_test: 197.1, Learning rate:0.00020000
Epoch: 17, Loss: 11.7359, Rmse_valid: 10.6809, valid_score: 4671.3, , rmse_test: 12.2799, score_test: 198.0, Learning rate:0.00020000
Epoch: 18, Loss: 11.6390, Rmse_valid: 10.1851, valid_score: 4202.1, , rmse_test: 11.9949, score_test: 197.9, Learning rate:0.00020000
Epoch: 19, Loss: 11.4811, Rmse_valid: 10.5455, valid_score: 4359.9, , rmse_test: 12.0128, score_test: 188.5, Learning rate:0.00020000
Epoch: 20, Loss: 11.3730, Rmse_valid: 10.2644, valid_score: 4303.8, , rmse_test: 11.9947, score_test: 195.7, Learning rate:0.00020000
Epoch: 21, Loss: 11.0362, Rmse_valid: 10.2977, valid_score: 4387.4, , rmse_test: 12.0654, score_test: 195.3, Learning rate:0.00002000
Epoch: 22, Loss: 10.9647, Rmse_valid: 10.1571, valid_score: 4287.7, , rmse_test: 12.0576, score_test: 195.2, Learning rate:0.00002000
Epoch: 23, Loss: 10.9289, Rmse_valid: 10.2933, valid_score: 4347.3, , rmse_test: 12.0609, score_test: 194.4, Learning rate:0.00002000
Epoch: 24, Loss: 10.9427, Rmse_valid: 10.0507, valid_score: 4312.3, , rmse_test: 11.9841, score_test: 194.6, Learning rate:0.00002000
Epoch: 25, Loss: 10.9277, Rmse_valid: 10.3462, valid_score: 4386.4, , rmse_test: 12.0972, score_test: 195.3, Learning rate:0.00002000
Epoch: 26, Loss: 10.8933, Rmse_valid: 10.3748, valid_score: 4443.0, , rmse_test: 12.0500, score_test: 193.8, Learning rate:0.00002000
Epoch: 27, Loss: 10.8627, Rmse_valid: 10.3219, valid_score: 4382.9, , rmse_test: 12.0643, score_test: 195.8, Learning rate:0.00002000
Epoch: 28, Loss: 10.8512, Rmse_valid: 10.2241, valid_score: 4375.4, , rmse_test: 12.0772, score_test: 196.3, Learning rate:0.00002000
Epoch: 29, Loss: 10.8057, Rmse_valid: 10.4788, valid_score: 4489.0, , rmse_test: 12.0543, score_test: 196.9, Learning rate:0.00002000
Epoch: 30, Loss: 10.7941, Rmse_valid: 10.0581, valid_score: 4344.4, , rmse_test: 11.9259, score_test: 196.8, Learning rate:0.00002000
[Train Summary] Restored best model from epoch 24, rmse_valid: 10.0507, valid_score: 4312.3, rmse_test: 11.9841, score_test: 194.6
[Train Time] start: 2026-09-03 00:47:11, end: 2026-09-03 00:50:56, duration: 0:03:45, total_seconds: 225.10
[Auto Test] command: /usr/local/miniconda3/envs/HV/bin/python /Mamba_Rul/test_GAT_EDmamba/test_model.py --sub-dataset FD003 --smooth-rate 30 --sequence-len 30 --feature-num 14 --dataset-root /Mamba_Rul/CMAPSSData/ --max-rul 125 --batch-size 128 --model-path /Mamba_Rul/logs/FD003_GAT_EDmamba_dropout_0.1/seed33/model_FD003_0903_004711_seed33.pkl
model_path:/Mamba_Rul/logs/FD003_GAT_EDmamba_dropout_0.1/seed33/model_FD003_0903_004711_seed33.pkl
rmse_final:12.043670654296875, score:194.2476348876953
