-----FD003-----
关键参数:
序列长度: 30
批大小(batch_size): 128
最大训练轮数(max_epochs): 30
随机数种子: 17
模型代号(model_code): GAT_EDmamba_10
模型结构(model_structure): mamba_mamba
学习率: 0.002
学习率调度器: step
Step步长(step_size): 10
Step衰减系数(gamma): 0.1
use_gat: True
gat_hidden_dim: 8
编码器: 2层Mamba
解码器: 2层Mamba
encoder_hidden_size: 10
mamba_num_layers: 2
mamba_d_state: 16
训练损失: AdaptiveAsymmetricMSELoss
asym_alpha: 3.5
asym_gamma: 5.0
asym_delta: 0.9
focus_threshold: 35.0
cap_threshold: 125.0
------------------------------
Epoch: 1, Loss: 40.0465, Rmse_valid: 28.8909, valid_score: 88798.3, , rmse_test: 22.8147, score_test: 1863.4, Learning rate:0.00200000
Epoch: 2, Loss: 30.0007, Rmse_valid: 28.9435, valid_score: 58599.5, , rmse_test: 22.0578, score_test: 1432.6, Learning rate:0.00200000
Epoch: 3, Loss: 25.6468, Rmse_valid: 16.7162, valid_score: 8983.2, , rmse_test: 16.0821, score_test: 486.2, Learning rate:0.00200000
Epoch: 4, Loss: 22.3284, Rmse_valid: 20.3848, valid_score: 13594.1, , rmse_test: 19.2447, score_test: 474.2, Learning rate:0.00200000
Epoch: 5, Loss: 20.0643, Rmse_valid: 13.1222, valid_score: 5748.3, , rmse_test: 13.3662, score_test: 273.7, Learning rate:0.00200000
Epoch: 6, Loss: 19.1801, Rmse_valid: 15.0307, valid_score: 7371.2, , rmse_test: 14.9456, score_test: 287.7, Learning rate:0.00200000
Epoch: 7, Loss: 18.3063, Rmse_valid: 14.7838, valid_score: 7383.8, , rmse_test: 15.1236, score_test: 312.2, Learning rate:0.00200000
Epoch: 8, Loss: 17.4920, Rmse_valid: 11.1642, valid_score: 4359.0, , rmse_test: 13.1642, score_test: 298.0, Learning rate:0.00200000
Epoch: 9, Loss: 17.5787, Rmse_valid: 14.3504, valid_score: 7897.7, , rmse_test: 15.8934, score_test: 395.5, Learning rate:0.00200000
Epoch: 10, Loss: 16.8290, Rmse_valid: 12.7850, valid_score: 5465.3, , rmse_test: 12.9368, score_test: 219.1, Learning rate:0.00200000
Epoch: 11, Loss: 14.4754, Rmse_valid: 12.1936, valid_score: 5070.9, , rmse_test: 13.0384, score_test: 226.3, Learning rate:0.00020000
Epoch: 12, Loss: 14.3492, Rmse_valid: 11.0812, valid_score: 4508.9, , rmse_test: 12.6691, score_test: 238.5, Learning rate:0.00020000
Epoch: 13, Loss: 14.2250, Rmse_valid: 11.4176, valid_score: 4699.4, , rmse_test: 12.6870, score_test: 238.5, Learning rate:0.00020000
Epoch: 14, Loss: 14.2169, Rmse_valid: 11.3971, valid_score: 4653.9, , rmse_test: 12.8897, score_test: 248.8, Learning rate:0.00020000
Epoch: 15, Loss: 14.0667, Rmse_valid: 11.2886, valid_score: 4669.9, , rmse_test: 13.0672, score_test: 247.9, Learning rate:0.00020000
Epoch: 16, Loss: 13.9833, Rmse_valid: 11.6846, valid_score: 4942.0, , rmse_test: 13.2437, score_test: 247.3, Learning rate:0.00020000
Epoch: 17, Loss: 13.9398, Rmse_valid: 10.9732, valid_score: 4496.7, , rmse_test: 12.7981, score_test: 243.5, Learning rate:0.00020000
Epoch: 18, Loss: 13.8074, Rmse_valid: 11.7416, valid_score: 4927.4, , rmse_test: 13.1661, score_test: 250.0, Learning rate:0.00020000
Epoch: 19, Loss: 13.8208, Rmse_valid: 11.4442, valid_score: 4709.3, , rmse_test: 13.0765, score_test: 242.2, Learning rate:0.00020000
Epoch: 20, Loss: 13.7173, Rmse_valid: 10.6470, valid_score: 4439.5, , rmse_test: 12.8478, score_test: 254.3, Learning rate:0.00020000
Epoch: 21, Loss: 13.5703, Rmse_valid: 11.1274, valid_score: 4616.9, , rmse_test: 12.9857, score_test: 248.7, Learning rate:0.00002000
Epoch: 22, Loss: 13.5438, Rmse_valid: 11.1174, valid_score: 4630.6, , rmse_test: 13.0394, score_test: 249.1, Learning rate:0.00002000
Epoch: 23, Loss: 13.5192, Rmse_valid: 11.0032, valid_score: 4560.3, , rmse_test: 12.9588, score_test: 249.6, Learning rate:0.00002000
Epoch: 24, Loss: 13.5091, Rmse_valid: 11.0801, valid_score: 4570.8, , rmse_test: 13.0262, score_test: 251.3, Learning rate:0.00002000
Epoch: 25, Loss: 13.4737, Rmse_valid: 10.9693, valid_score: 4573.3, , rmse_test: 13.0206, score_test: 252.6, Learning rate:0.00002000
Epoch: 26, Loss: 13.5069, Rmse_valid: 11.0522, valid_score: 4581.2, , rmse_test: 13.0335, score_test: 250.4, Learning rate:0.00002000
Epoch: 27, Loss: 13.5259, Rmse_valid: 11.1070, valid_score: 4569.1, , rmse_test: 13.0056, score_test: 249.3, Learning rate:0.00002000
Epoch: 28, Loss: 13.5355, Rmse_valid: 10.9995, valid_score: 4550.6, , rmse_test: 12.9719, score_test: 250.5, Learning rate:0.00002000
Epoch: 29, Loss: 13.4934, Rmse_valid: 10.9154, valid_score: 4530.9, , rmse_test: 12.9716, score_test: 249.4, Learning rate:0.00002000
Epoch: 30, Loss: 13.4801, Rmse_valid: 11.0286, valid_score: 4556.9, , rmse_test: 12.9962, score_test: 250.4, Learning rate:0.00002000
[Train Summary] Restored best model from epoch 20, rmse_valid: 10.6470, valid_score: 4439.5, rmse_test: 12.8478, score_test: 254.3
[Train Time] start: 2026-07-30 21:35:36, end: 2026-07-30 21:38:43, duration: 0:03:07, total_seconds: 186.98
[Auto Test] command: /usr/local/miniconda3/envs/HV/bin/python /Mamba_Rul/test_GAT_EDmamba/test_model.py --sub-dataset FD003 --smooth-rate 30 --sequence-len 30 --feature-num 14 --dataset-root /Mamba_Rul/CMAPSSData/ --max-rul 125 --batch-size 128 --model-path /Mamba_Rul/logs/FD003_GAT_EDmamba_10/seed17/model_FD003_0730_213536_seed17.pkl
model_path:/Mamba_Rul/logs/FD003_GAT_EDmamba_10/seed17/model_FD003_0730_213536_seed17.pkl
rmse_final:12.900774955749512, score:250.20501708984375
