-----FD001-----
关键参数:
序列长度: 30
批大小(batch_size): 128
最大训练轮数(max_epochs): 30
随机数种子: 51
模型代号(model_code): GAT_EDmamba4_dmodel_8
模型结构(model_structure): mamba_mamba
学习率: 0.002
学习率调度器: step
Step步长(step_size): 10
Step衰减系数(gamma): 0.1
use_gat: True
gat_hidden_dim: 8
编码器: 2层Mamba
解码器: 2层Mamba
mamba_d_model: 8
mamba_num_layers: 2
mamba_d_state: 16
训练损失: AdaptiveAsymmetricMSELoss
asym_alpha: 1.5
asym_gamma: 2.0
asym_delta: 0.9
focus_threshold: 35.0
cap_threshold: 125.0
------------------------------
Epoch: 1, Loss: 32.4449, Rmse_valid: 23.1052, valid_score: 16679.9, , rmse_test: 22.6363, score_test: 7801.7, Learning rate:0.00200000
Epoch: 2, Loss: 28.5580, Rmse_valid: 24.0523, valid_score: 22707.6, , rmse_test: 22.3619, score_test: 7956.5, Learning rate:0.00200000
Epoch: 3, Loss: 25.3352, Rmse_valid: 25.5241, valid_score: 17242.0, , rmse_test: 21.4639, score_test: 828.1, Learning rate:0.00200000
Epoch: 4, Loss: 20.4559, Rmse_valid: 14.6884, valid_score: 5084.3, , rmse_test: 15.8979, score_test: 419.4, Learning rate:0.00200000
Epoch: 5, Loss: 17.9144, Rmse_valid: 14.0621, valid_score: 4936.8, , rmse_test: 15.3468, score_test: 317.6, Learning rate:0.00200000
Epoch: 6, Loss: 17.0889, Rmse_valid: 20.0736, valid_score: 10692.4, , rmse_test: 17.2087, score_test: 520.1, Learning rate:0.00200000
Epoch: 7, Loss: 16.6098, Rmse_valid: 13.2143, valid_score: 4045.9, , rmse_test: 14.3539, score_test: 342.8, Learning rate:0.00200000
Epoch: 8, Loss: 15.7262, Rmse_valid: 14.3097, valid_score: 4204.4, , rmse_test: 15.2958, score_test: 308.8, Learning rate:0.00200000
Epoch: 9, Loss: 15.4611, Rmse_valid: 15.1151, valid_score: 5499.2, , rmse_test: 14.9268, score_test: 318.4, Learning rate:0.00200000
Epoch: 10, Loss: 15.3121, Rmse_valid: 14.5649, valid_score: 4874.1, , rmse_test: 15.9051, score_test: 312.2, Learning rate:0.00200000
Epoch: 11, Loss: 13.7026, Rmse_valid: 12.1575, valid_score: 3654.8, , rmse_test: 14.0075, score_test: 272.9, Learning rate:0.00020000
Epoch: 12, Loss: 13.5366, Rmse_valid: 12.1031, valid_score: 3636.8, , rmse_test: 13.6830, score_test: 285.4, Learning rate:0.00020000
Epoch: 13, Loss: 13.4025, Rmse_valid: 11.3300, valid_score: 3954.0, , rmse_test: 13.8980, score_test: 288.8, Learning rate:0.00020000
Epoch: 14, Loss: 13.4272, Rmse_valid: 11.9412, valid_score: 3842.6, , rmse_test: 13.8183, score_test: 294.8, Learning rate:0.00020000
Epoch: 15, Loss: 13.3696, Rmse_valid: 12.1456, valid_score: 4011.7, , rmse_test: 14.2158, score_test: 287.6, Learning rate:0.00020000
Epoch: 16, Loss: 13.3175, Rmse_valid: 11.4121, valid_score: 4072.5, , rmse_test: 14.0811, score_test: 291.5, Learning rate:0.00020000
Epoch: 17, Loss: 13.2565, Rmse_valid: 12.1556, valid_score: 4222.8, , rmse_test: 13.9443, score_test: 290.7, Learning rate:0.00020000
Epoch: 18, Loss: 13.1573, Rmse_valid: 11.9517, valid_score: 4163.9, , rmse_test: 14.0647, score_test: 292.7, Learning rate:0.00020000
Epoch: 19, Loss: 13.1072, Rmse_valid: 11.8548, valid_score: 4212.1, , rmse_test: 14.2154, score_test: 305.6, Learning rate:0.00020000
Epoch: 20, Loss: 13.1192, Rmse_valid: 12.4285, valid_score: 3804.5, , rmse_test: 14.1869, score_test: 293.9, Learning rate:0.00020000
Epoch: 21, Loss: 13.0103, Rmse_valid: 11.8935, valid_score: 3922.9, , rmse_test: 14.0519, score_test: 294.9, Learning rate:0.00002000
Epoch: 22, Loss: 12.9594, Rmse_valid: 11.9399, valid_score: 4046.0, , rmse_test: 14.0638, score_test: 293.8, Learning rate:0.00002000
Epoch: 23, Loss: 12.9753, Rmse_valid: 11.9677, valid_score: 4022.3, , rmse_test: 14.1054, score_test: 292.8, Learning rate:0.00002000
Epoch: 24, Loss: 12.9416, Rmse_valid: 12.5968, valid_score: 4068.3, , rmse_test: 14.1326, score_test: 295.0, Learning rate:0.00002000
Epoch: 25, Loss: 12.9252, Rmse_valid: 12.2316, valid_score: 4030.6, , rmse_test: 14.1609, score_test: 289.9, Learning rate:0.00002000
Epoch: 26, Loss: 12.9675, Rmse_valid: 12.0062, valid_score: 4054.8, , rmse_test: 14.0867, score_test: 293.5, Learning rate:0.00002000
Epoch: 27, Loss: 12.9250, Rmse_valid: 12.0504, valid_score: 4012.5, , rmse_test: 14.0805, score_test: 290.6, Learning rate:0.00002000
Epoch: 28, Loss: 12.9676, Rmse_valid: 11.9593, valid_score: 3980.0, , rmse_test: 14.1057, score_test: 289.5, Learning rate:0.00002000
Epoch: 29, Loss: 12.9538, Rmse_valid: 12.0971, valid_score: 4071.2, , rmse_test: 14.0627, score_test: 292.9, Learning rate:0.00002000
Epoch: 30, Loss: 12.9723, Rmse_valid: 11.8287, valid_score: 4023.0, , rmse_test: 14.1522, score_test: 291.3, Learning rate:0.00002000
[Train Summary] Restored best model from epoch 13, rmse_valid: 11.3300, valid_score: 3954.0, rmse_test: 13.8980, score_test: 288.8
[Train Time] start: 2026-08-24 16:17:14, end: 2026-08-24 16:20:32, duration: 0:03:18, total_seconds: 198.15
[Auto Test] command: /usr/local/miniconda3/envs/HV/bin/python /Mamba_Rul/test_GAT_EDmamba/test_model.py --sub-dataset FD001 --smooth-rate 30 --sequence-len 30 --feature-num 14 --dataset-root /Mamba_Rul/CMAPSSData/ --max-rul 125 --batch-size 128 --model-path /Mamba_Rul/logs/FD001_GAT_EDmamba4_dmodel_8/seed51/model_FD001_0824_161714_seed51.pkl
model_path:/Mamba_Rul/logs/FD001_GAT_EDmamba4_dmodel_8/seed51/model_FD001_0824_161714_seed51.pkl
rmse_final:13.83835220336914, score:280.03851318359375
