-----FD004-----
关键参数:
序列长度: 30
批大小(batch_size): 128
最大训练轮数(max_epochs): 30
随机数种子: 30
模型代号(model_code): GAT_EDmamba_32
模型结构(model_structure): mamba_mamba
学习率: 0.002
学习率调度器: step
Step步长(step_size): 10
Step衰减系数(gamma): 0.1
use_gat: True
gat_hidden_dim: 8
编码器: 2层Mamba
解码器: 2层Mamba
encoder_hidden_size: 32
mamba_num_layers: 2
mamba_d_state: 16
训练损失: AdaptiveAsymmetricMSELoss
asym_alpha: 2.0
asym_gamma: 5.0
asym_delta: 0.9
focus_threshold: 35.0
cap_threshold: 125.0
------------------------------
Epoch: 1, Loss: 47.1218, Rmse_valid: 23.3492, valid_score: 69084.4, , rmse_test: 25.0431, score_test: 4173.8, Learning rate:0.00200000
Epoch: 2, Loss: 34.0467, Rmse_valid: 32.0733, valid_score: 301725.4, , rmse_test: 34.8569, score_test: 15757.5, Learning rate:0.00200000
Epoch: 3, Loss: 29.8500, Rmse_valid: 20.0984, valid_score: 37954.1, , rmse_test: 19.7479, score_test: 1563.6, Learning rate:0.00200000
Epoch: 4, Loss: 27.4589, Rmse_valid: 18.3046, valid_score: 38098.0, , rmse_test: 19.7081, score_test: 1879.8, Learning rate:0.00200000
Epoch: 5, Loss: 26.0303, Rmse_valid: 17.6384, valid_score: 29685.5, , rmse_test: 17.5419, score_test: 1320.9, Learning rate:0.00200000
Epoch: 6, Loss: 25.0927, Rmse_valid: 22.4698, valid_score: 72254.0, , rmse_test: 24.9778, score_test: 3989.2, Learning rate:0.00200000
Epoch: 7, Loss: 24.0613, Rmse_valid: 19.0309, valid_score: 51837.9, , rmse_test: 21.0109, score_test: 2815.4, Learning rate:0.00200000
Epoch: 8, Loss: 23.6943, Rmse_valid: 18.2420, valid_score: 50435.7, , rmse_test: 18.8608, score_test: 1859.2, Learning rate:0.00200000
Epoch: 9, Loss: 23.0744, Rmse_valid: 17.6704, valid_score: 43108.5, , rmse_test: 18.0205, score_test: 1619.5, Learning rate:0.00200000
Epoch: 10, Loss: 21.8493, Rmse_valid: 17.5605, valid_score: 34687.6, , rmse_test: 17.7461, score_test: 1732.3, Learning rate:0.00200000
Epoch: 11, Loss: 17.6131, Rmse_valid: 18.4752, valid_score: 50079.5, , rmse_test: 18.3503, score_test: 1556.7, Learning rate:0.00020000
Epoch: 12, Loss: 17.0056, Rmse_valid: 18.3818, valid_score: 52601.8, , rmse_test: 18.6615, score_test: 1731.4, Learning rate:0.00020000
Epoch: 13, Loss: 16.5978, Rmse_valid: 18.6744, valid_score: 64114.1, , rmse_test: 19.0514, score_test: 1808.6, Learning rate:0.00020000
Epoch: 14, Loss: 16.1939, Rmse_valid: 19.1166, valid_score: 91533.4, , rmse_test: 18.8001, score_test: 1698.0, Learning rate:0.00020000
Epoch: 15, Loss: 15.9010, Rmse_valid: 19.5811, valid_score: 114285.4, , rmse_test: 19.1147, score_test: 1918.1, Learning rate:0.00020000
Epoch: 16, Loss: 15.6597, Rmse_valid: 19.1085, valid_score: 84161.3, , rmse_test: 19.2022, score_test: 1999.1, Learning rate:0.00020000
Epoch: 17, Loss: 15.3269, Rmse_valid: 19.7216, valid_score: 145693.3, , rmse_test: 19.2071, score_test: 2005.8, Learning rate:0.00020000
Epoch: 18, Loss: 15.0693, Rmse_valid: 19.6443, valid_score: 100157.0, , rmse_test: 19.4245, score_test: 2067.7, Learning rate:0.00020000
Epoch: 19, Loss: 14.8449, Rmse_valid: 19.5177, valid_score: 86938.8, , rmse_test: 19.6378, score_test: 2187.7, Learning rate:0.00020000
Epoch: 20, Loss: 14.5644, Rmse_valid: 20.0301, valid_score: 110347.8, , rmse_test: 19.5831, score_test: 2352.0, Learning rate:0.00020000
Epoch: 21, Loss: 14.1202, Rmse_valid: 19.9845, valid_score: 171455.7, , rmse_test: 19.5409, score_test: 2219.7, Learning rate:0.00002000
Epoch: 22, Loss: 13.9892, Rmse_valid: 20.1514, valid_score: 172583.3, , rmse_test: 19.6533, score_test: 2274.5, Learning rate:0.00002000
Epoch: 23, Loss: 13.9781, Rmse_valid: 20.1122, valid_score: 140094.6, , rmse_test: 19.7149, score_test: 2341.9, Learning rate:0.00002000
Epoch: 24, Loss: 13.9774, Rmse_valid: 20.1178, valid_score: 208518.1, , rmse_test: 19.5460, score_test: 2265.0, Learning rate:0.00002000
Epoch: 25, Loss: 13.9153, Rmse_valid: 20.0669, valid_score: 163120.0, , rmse_test: 19.6646, score_test: 2290.3, Learning rate:0.00002000
Epoch: 26, Loss: 13.9411, Rmse_valid: 19.8861, valid_score: 149842.8, , rmse_test: 19.5626, score_test: 2240.5, Learning rate:0.00002000
Epoch: 27, Loss: 13.8613, Rmse_valid: 19.9080, valid_score: 215030.1, , rmse_test: 19.6180, score_test: 2315.3, Learning rate:0.00002000
Epoch: 28, Loss: 13.8438, Rmse_valid: 20.1135, valid_score: 165558.8, , rmse_test: 19.6722, score_test: 2291.3, Learning rate:0.00002000
Epoch: 29, Loss: 13.7843, Rmse_valid: 19.9981, valid_score: 172244.4, , rmse_test: 19.6243, score_test: 2290.8, Learning rate:0.00002000
Epoch: 30, Loss: 13.7779, Rmse_valid: 19.9626, valid_score: 149498.0, , rmse_test: 19.7089, score_test: 2332.2, Learning rate:0.00002000
[Train Summary] Restored best model from epoch 10, rmse_valid: 17.5605, valid_score: 34687.6, rmse_test: 17.7461, score_test: 1732.3
[Train Time] start: 2026-07-27 10:34:44, end: 2026-07-27 10:46:19, duration: 0:11:35, total_seconds: 694.54
[Auto Test] command: /usr/local/miniconda3/envs/HV/bin/python /Mamba_Rul/test_GAT_EDmamba/test_model.py --sub-dataset FD004 --smooth-rate 40 --sequence-len 30 --feature-num 14 --dataset-root /Mamba_Rul/CMAPSSData/ --max-rul 125 --batch-size 128 --model-path /Mamba_Rul/logs/FD004_GAT_EDmamba_32/seed30/model_FD004_0727_103444_seed30.pkl
model_path:/Mamba_Rul/logs/FD004_GAT_EDmamba_32/seed30/model_FD004_0727_103444_seed30.pkl
rmse_final:17.80539894104004, score:1702.836181640625
