-----FD001-----
关键参数:
序列长度: 30
批大小(batch_size): 128
最大训练轮数(max_epochs): 30
随机数种子: 27
模型代号(model_code): GAT_EDmamba_asym+30
模型结构(model_structure): mamba_mamba
学习率: 0.002
学习率调度器: step
Step步长(step_size): 10
Step衰减系数(gamma): 0.1
use_gat: True
gat_hidden_dim: 8
编码器: 2层Mamba
解码器: 2层Mamba
encoder_hidden_size: 16
mamba_num_layers: 2
mamba_d_state: 16
训练损失: AdaptiveAsymmetricMSELoss
asym_alpha: 1.5
asym_gamma: 2.0
asym_delta: 0.9
focus_threshold: 35.0
cap_threshold: 125.0
------------------------------
Epoch: 1, Loss: 35.5757, Rmse_valid: 22.8785, valid_score: 18276.9, , rmse_test: 19.7037, score_test: 1068.8, Learning rate:0.00200000
Epoch: 2, Loss: 21.6615, Rmse_valid: 16.8965, valid_score: 8380.0, , rmse_test: 17.3885, score_test: 697.2, Learning rate:0.00200000
Epoch: 3, Loss: 19.0010, Rmse_valid: 12.2267, valid_score: 4080.5, , rmse_test: 14.4504, score_test: 353.6, Learning rate:0.00200000
Epoch: 4, Loss: 17.7504, Rmse_valid: 12.4575, valid_score: 3669.8, , rmse_test: 14.8251, score_test: 322.6, Learning rate:0.00200000
Epoch: 5, Loss: 16.3939, Rmse_valid: 22.7894, valid_score: 17007.3, , rmse_test: 21.6923, score_test: 706.4, Learning rate:0.00200000
Epoch: 6, Loss: 15.9161, Rmse_valid: 12.0598, valid_score: 3648.1, , rmse_test: 13.9536, score_test: 270.9, Learning rate:0.00200000
Epoch: 7, Loss: 15.4257, Rmse_valid: 11.2309, valid_score: 3237.1, , rmse_test: 13.2349, score_test: 259.8, Learning rate:0.00200000
Epoch: 8, Loss: 15.0182, Rmse_valid: 14.1766, valid_score: 5561.2, , rmse_test: 15.2380, score_test: 448.1, Learning rate:0.00200000
Epoch: 9, Loss: 14.7923, Rmse_valid: 11.3084, valid_score: 4199.1, , rmse_test: 13.1379, score_test: 280.3, Learning rate:0.00200000
Epoch: 10, Loss: 14.5363, Rmse_valid: 17.0949, valid_score: 6830.8, , rmse_test: 17.7728, score_test: 424.5, Learning rate:0.00200000
Epoch: 11, Loss: 12.5401, Rmse_valid: 11.5591, valid_score: 4043.2, , rmse_test: 13.4531, score_test: 289.7, Learning rate:0.00020000
Epoch: 12, Loss: 12.3061, Rmse_valid: 11.0530, valid_score: 3801.0, , rmse_test: 13.3139, score_test: 297.0, Learning rate:0.00020000
Epoch: 13, Loss: 12.1975, Rmse_valid: 11.6727, valid_score: 4005.5, , rmse_test: 13.3641, score_test: 277.7, Learning rate:0.00020000
Epoch: 14, Loss: 12.0599, Rmse_valid: 11.2284, valid_score: 4211.6, , rmse_test: 13.3147, score_test: 318.1, Learning rate:0.00020000
Epoch: 15, Loss: 11.9839, Rmse_valid: 11.9982, valid_score: 3783.2, , rmse_test: 13.5344, score_test: 280.2, Learning rate:0.00020000
Epoch: 16, Loss: 11.9283, Rmse_valid: 11.7344, valid_score: 4088.8, , rmse_test: 13.7331, score_test: 294.0, Learning rate:0.00020000
Epoch: 17, Loss: 11.7788, Rmse_valid: 11.0700, valid_score: 4137.4, , rmse_test: 13.2451, score_test: 288.0, Learning rate:0.00020000
Epoch: 18, Loss: 11.6963, Rmse_valid: 11.6008, valid_score: 3778.1, , rmse_test: 13.7834, score_test: 271.1, Learning rate:0.00020000
Epoch: 19, Loss: 11.6340, Rmse_valid: 11.0116, valid_score: 4038.6, , rmse_test: 13.5391, score_test: 283.1, Learning rate:0.00020000
Epoch: 20, Loss: 11.5731, Rmse_valid: 11.2744, valid_score: 4889.6, , rmse_test: 13.5691, score_test: 319.7, Learning rate:0.00020000
Epoch: 21, Loss: 11.4439, Rmse_valid: 11.4071, valid_score: 4537.1, , rmse_test: 13.5099, score_test: 291.6, Learning rate:0.00002000
Epoch: 22, Loss: 11.3658, Rmse_valid: 11.4250, valid_score: 4530.6, , rmse_test: 13.5038, score_test: 287.9, Learning rate:0.00002000
Epoch: 23, Loss: 11.3263, Rmse_valid: 11.8688, valid_score: 4678.4, , rmse_test: 13.5195, score_test: 292.2, Learning rate:0.00002000
Epoch: 24, Loss: 11.3288, Rmse_valid: 11.6891, valid_score: 4617.3, , rmse_test: 13.5279, score_test: 288.8, Learning rate:0.00002000
Epoch: 25, Loss: 11.3463, Rmse_valid: 11.5707, valid_score: 4741.3, , rmse_test: 13.5164, score_test: 292.9, Learning rate:0.00002000
Epoch: 26, Loss: 11.3366, Rmse_valid: 11.7520, valid_score: 4781.6, , rmse_test: 13.5374, score_test: 293.9, Learning rate:0.00002000
Epoch: 27, Loss: 11.2953, Rmse_valid: 11.9984, valid_score: 4675.0, , rmse_test: 13.5173, score_test: 292.9, Learning rate:0.00002000
Epoch: 28, Loss: 11.2928, Rmse_valid: 11.4106, valid_score: 4660.1, , rmse_test: 13.5674, score_test: 290.7, Learning rate:0.00002000
Epoch: 29, Loss: 11.2971, Rmse_valid: 12.0223, valid_score: 4791.9, , rmse_test: 13.5244, score_test: 296.1, Learning rate:0.00002000
Epoch: 30, Loss: 11.2989, Rmse_valid: 11.6187, valid_score: 4676.2, , rmse_test: 13.5426, score_test: 292.2, Learning rate:0.00002000
[Train Summary] Restored best model from epoch 19, rmse_valid: 11.0116, valid_score: 4038.6, rmse_test: 13.5391, score_test: 283.1
[Train Time] start: 2026-07-23 12:50:47, end: 2026-07-23 12:54:33, duration: 0:03:47, total_seconds: 226.52
[Auto Test] command: /usr/local/miniconda3/envs/HV/bin/python /Mamba_Rul/test_GAT_EDmamba/test_model.py --sub-dataset FD001 --smooth-rate 30 --sequence-len 30 --feature-num 14 --dataset-root /Mamba_Rul/CMAPSSData/ --max-rul 125 --batch-size 128 --model-path /Mamba_Rul/logs/FD001_GAT_EDmamba_asym+30/seed27/model_FD001_0723_125047_seed27.pkl
model_path:/Mamba_Rul/logs/FD001_GAT_EDmamba_asym+30/seed27/model_FD001_0723_125047_seed27.pkl
rmse_final:13.630847930908203, score:279.9972839355469
