-----FD002-----
关键参数:
序列长度: 30
批大小(batch_size): 128
最大训练轮数(max_epochs): 30
随机数种子: 30
模型代号(model_code): GAT_EDmamba_dmodel_8
模型结构(model_structure): mamba_mamba
学习率: 0.002
学习率调度器: step
Step步长(step_size): 10
Step衰减系数(gamma): 0.1
use_gat: True
gat_hidden_dim: 8
编码器: 2层Mamba
解码器: 2层Mamba
encoder_hidden_size: 8
mamba_num_layers: 2
mamba_d_state: 16
训练损失: AdaptiveAsymmetricMSELoss
asym_alpha: 3.0
asym_gamma: 5.0
asym_delta: 0.9
focus_threshold: 35.0
cap_threshold: 125.0
------------------------------
Epoch: 1, Loss: 43.5390, Rmse_valid: 26.8337, valid_score: 75021.7, , rmse_test: 29.4439, score_test: 5815.1, Learning rate:0.00200000
Epoch: 2, Loss: 34.2237, Rmse_valid: 25.1770, valid_score: 50465.6, , rmse_test: 25.0589, score_test: 2635.3, Learning rate:0.00200000
Epoch: 3, Loss: 29.5303, Rmse_valid: 21.7537, valid_score: 34376.2, , rmse_test: 20.3028, score_test: 1456.9, Learning rate:0.00200000
Epoch: 4, Loss: 27.2722, Rmse_valid: 20.2263, valid_score: 29323.1, , rmse_test: 19.1081, score_test: 1221.2, Learning rate:0.00200000
Epoch: 5, Loss: 26.3403, Rmse_valid: 20.1481, valid_score: 31987.4, , rmse_test: 17.3889, score_test: 1217.3, Learning rate:0.00200000
Epoch: 6, Loss: 25.1848, Rmse_valid: 18.8862, valid_score: 24853.4, , rmse_test: 16.2846, score_test: 849.6, Learning rate:0.00200000
Epoch: 7, Loss: 24.2833, Rmse_valid: 20.4995, valid_score: 29346.7, , rmse_test: 17.2749, score_test: 1023.4, Learning rate:0.00200000
Epoch: 8, Loss: 24.0196, Rmse_valid: 20.0060, valid_score: 26883.0, , rmse_test: 17.8228, score_test: 1255.7, Learning rate:0.00200000
Epoch: 9, Loss: 23.1428, Rmse_valid: 22.4466, valid_score: 42688.5, , rmse_test: 21.7416, score_test: 2407.1, Learning rate:0.00200000
Epoch: 10, Loss: 23.2366, Rmse_valid: 21.0562, valid_score: 30199.2, , rmse_test: 19.1254, score_test: 1225.3, Learning rate:0.00200000
Epoch: 11, Loss: 20.2755, Rmse_valid: 18.2167, valid_score: 24660.4, , rmse_test: 14.9121, score_test: 737.2, Learning rate:0.00020000
Epoch: 12, Loss: 19.5457, Rmse_valid: 17.8173, valid_score: 27880.3, , rmse_test: 14.6238, score_test: 724.4, Learning rate:0.00020000
Epoch: 13, Loss: 19.3068, Rmse_valid: 18.2792, valid_score: 29180.9, , rmse_test: 14.9377, score_test: 742.5, Learning rate:0.00020000
Epoch: 14, Loss: 19.2198, Rmse_valid: 17.7500, valid_score: 28254.4, , rmse_test: 14.3230, score_test: 709.7, Learning rate:0.00020000
Epoch: 15, Loss: 19.0786, Rmse_valid: 17.7048, valid_score: 25995.5, , rmse_test: 14.3685, score_test: 706.7, Learning rate:0.00020000
Epoch: 16, Loss: 18.9518, Rmse_valid: 17.6965, valid_score: 24740.7, , rmse_test: 14.2358, score_test: 685.5, Learning rate:0.00020000
Epoch: 17, Loss: 18.9014, Rmse_valid: 18.3032, valid_score: 28045.1, , rmse_test: 14.7760, score_test: 723.8, Learning rate:0.00020000
Epoch: 18, Loss: 18.8680, Rmse_valid: 17.9992, valid_score: 30391.3, , rmse_test: 14.8332, score_test: 742.1, Learning rate:0.00020000
Epoch: 19, Loss: 18.7475, Rmse_valid: 17.9199, valid_score: 25831.5, , rmse_test: 14.1272, score_test: 671.9, Learning rate:0.00020000
Epoch: 20, Loss: 18.7203, Rmse_valid: 18.0457, valid_score: 26736.5, , rmse_test: 14.5854, score_test: 720.7, Learning rate:0.00020000
Epoch: 21, Loss: 18.4593, Rmse_valid: 17.8236, valid_score: 28064.9, , rmse_test: 14.3208, score_test: 697.9, Learning rate:0.00002000
Epoch: 22, Loss: 18.4466, Rmse_valid: 18.0526, valid_score: 27448.9, , rmse_test: 14.3845, score_test: 695.1, Learning rate:0.00002000
Epoch: 23, Loss: 18.4105, Rmse_valid: 18.1235, valid_score: 27982.9, , rmse_test: 14.4490, score_test: 705.7, Learning rate:0.00002000
Epoch: 24, Loss: 18.4373, Rmse_valid: 18.0823, valid_score: 28112.4, , rmse_test: 14.4998, score_test: 709.3, Learning rate:0.00002000
Epoch: 25, Loss: 18.3942, Rmse_valid: 17.8552, valid_score: 28581.7, , rmse_test: 14.3702, score_test: 700.1, Learning rate:0.00002000
Epoch: 26, Loss: 18.3810, Rmse_valid: 17.7120, valid_score: 28118.3, , rmse_test: 14.2935, score_test: 692.1, Learning rate:0.00002000
Epoch: 27, Loss: 18.3924, Rmse_valid: 17.9995, valid_score: 27999.7, , rmse_test: 14.3932, score_test: 692.2, Learning rate:0.00002000
Epoch: 28, Loss: 18.4153, Rmse_valid: 18.0379, valid_score: 28256.3, , rmse_test: 14.3509, score_test: 694.1, Learning rate:0.00002000
Epoch: 29, Loss: 18.3698, Rmse_valid: 17.8849, valid_score: 28259.2, , rmse_test: 14.3195, score_test: 689.3, Learning rate:0.00002000
Epoch: 30, Loss: 18.3619, Rmse_valid: 17.9978, valid_score: 27880.0, , rmse_test: 14.3523, score_test: 699.8, Learning rate:0.00002000
[Train Summary] Restored best model from epoch 16, rmse_valid: 17.6965, valid_score: 24740.7, rmse_test: 14.2358, score_test: 685.5
[Train Time] start: 2026-08-05 09:48:56, end: 2026-08-05 09:57:35, duration: 0:08:39, total_seconds: 518.87
[Auto Test] command: /usr/local/miniconda3/envs/HV/bin/python /Mamba_Rul/test_GAT_EDmamba/test_model.py --sub-dataset FD002 --smooth-rate 40 --sequence-len 30 --feature-num 14 --dataset-root /Mamba_Rul/CMAPSSData/ --max-rul 125 --batch-size 128 --model-path /Mamba_Rul/logs/FD002_GAT_EDmamba_dmodel_8/seed30/model_FD002_0805_094856_seed30.pkl
model_path:/Mamba_Rul/logs/FD002_GAT_EDmamba_dmodel_8/seed30/model_FD002_0805_094856_seed30.pkl
rmse_final:14.442536354064941, score:697.334716796875
