-----FD003-----
关键参数:
序列长度: 30
批大小(batch_size): 128
最大训练轮数(max_epochs): 30
随机数种子: 51
模型代号(model_code): GAT_EDmamba_4
模型结构(model_structure): mamba_mamba
学习率: 0.002
学习率调度器: step
Step步长(step_size): 10
Step衰减系数(gamma): 0.1
use_gat: True
gat_hidden_dim: 8
编码器: 2层Mamba
解码器: 2层Mamba
encoder_hidden_size: 4
mamba_num_layers: 2
mamba_d_state: 16
训练损失: AdaptiveAsymmetricMSELoss
asym_alpha: 3.5
asym_gamma: 5.0
asym_delta: 0.9
focus_threshold: 35.0
cap_threshold: 125.0
------------------------------
Epoch: 1, Loss: 37.1029, Rmse_valid: 27.1173, valid_score: 62389.5, , rmse_test: 23.2959, score_test: 1969.3, Learning rate:0.00200000
Epoch: 2, Loss: 30.9945, Rmse_valid: 25.8985, valid_score: 40247.6, , rmse_test: 21.9108, score_test: 1386.0, Learning rate:0.00200000
Epoch: 3, Loss: 26.9978, Rmse_valid: 21.1397, valid_score: 20341.0, , rmse_test: 18.7392, score_test: 908.5, Learning rate:0.00200000
Epoch: 4, Loss: 23.4883, Rmse_valid: 18.5165, valid_score: 12195.9, , rmse_test: 16.9674, score_test: 733.5, Learning rate:0.00200000
Epoch: 5, Loss: 21.6342, Rmse_valid: 15.2873, valid_score: 7801.5, , rmse_test: 15.5052, score_test: 525.8, Learning rate:0.00200000
Epoch: 6, Loss: 19.9322, Rmse_valid: 14.2326, valid_score: 6967.6, , rmse_test: 14.1818, score_test: 445.0, Learning rate:0.00200000
Epoch: 7, Loss: 19.0664, Rmse_valid: 13.9920, valid_score: 6171.1, , rmse_test: 13.7846, score_test: 344.2, Learning rate:0.00200000
Epoch: 8, Loss: 18.8053, Rmse_valid: 14.1234, valid_score: 6389.8, , rmse_test: 13.8936, score_test: 372.2, Learning rate:0.00200000
Epoch: 9, Loss: 17.9617, Rmse_valid: 16.1998, valid_score: 8768.3, , rmse_test: 15.3615, score_test: 379.7, Learning rate:0.00200000
Epoch: 10, Loss: 17.8151, Rmse_valid: 16.4319, valid_score: 8574.2, , rmse_test: 15.3692, score_test: 332.3, Learning rate:0.00200000
Epoch: 11, Loss: 16.0157, Rmse_valid: 12.7583, valid_score: 5526.8, , rmse_test: 13.4595, score_test: 302.1, Learning rate:0.00020000
Epoch: 12, Loss: 15.5940, Rmse_valid: 12.6222, valid_score: 5430.6, , rmse_test: 13.4955, score_test: 312.6, Learning rate:0.00020000
Epoch: 13, Loss: 15.5460, Rmse_valid: 12.4257, valid_score: 5414.0, , rmse_test: 13.5732, score_test: 318.5, Learning rate:0.00020000
Epoch: 14, Loss: 15.5343, Rmse_valid: 12.0418, valid_score: 5196.7, , rmse_test: 13.2859, score_test: 305.8, Learning rate:0.00020000
Epoch: 15, Loss: 15.3867, Rmse_valid: 12.3986, valid_score: 5332.3, , rmse_test: 13.2839, score_test: 282.9, Learning rate:0.00020000
Epoch: 16, Loss: 15.3286, Rmse_valid: 12.8788, valid_score: 5540.6, , rmse_test: 13.4749, score_test: 286.7, Learning rate:0.00020000
Epoch: 17, Loss: 15.2718, Rmse_valid: 12.7987, valid_score: 5734.1, , rmse_test: 13.5588, score_test: 271.3, Learning rate:0.00020000
Epoch: 18, Loss: 15.1953, Rmse_valid: 12.2394, valid_score: 5535.7, , rmse_test: 13.7349, score_test: 317.8, Learning rate:0.00020000
Epoch: 19, Loss: 15.1488, Rmse_valid: 12.7537, valid_score: 5603.6, , rmse_test: 13.5761, score_test: 295.6, Learning rate:0.00020000
Epoch: 20, Loss: 15.0141, Rmse_valid: 11.8439, valid_score: 5182.6, , rmse_test: 13.2112, score_test: 294.7, Learning rate:0.00020000
Epoch: 21, Loss: 14.9981, Rmse_valid: 12.0520, valid_score: 5210.7, , rmse_test: 13.2805, score_test: 292.0, Learning rate:0.00002000
Epoch: 22, Loss: 14.9474, Rmse_valid: 12.1672, valid_score: 5297.5, , rmse_test: 13.3542, score_test: 293.4, Learning rate:0.00002000
Epoch: 23, Loss: 14.9077, Rmse_valid: 12.1357, valid_score: 5266.5, , rmse_test: 13.3025, score_test: 290.5, Learning rate:0.00002000
Epoch: 24, Loss: 14.9663, Rmse_valid: 11.9988, valid_score: 5218.2, , rmse_test: 13.3012, score_test: 292.5, Learning rate:0.00002000
Epoch: 25, Loss: 14.9273, Rmse_valid: 12.0286, valid_score: 5198.7, , rmse_test: 13.2770, score_test: 287.1, Learning rate:0.00002000
Epoch: 26, Loss: 14.9135, Rmse_valid: 12.0168, valid_score: 5179.6, , rmse_test: 13.2757, score_test: 293.2, Learning rate:0.00002000
Epoch: 27, Loss: 14.8774, Rmse_valid: 12.1148, valid_score: 5244.0, , rmse_test: 13.3098, score_test: 289.2, Learning rate:0.00002000
Epoch: 28, Loss: 14.8683, Rmse_valid: 12.0444, valid_score: 5194.8, , rmse_test: 13.2735, score_test: 291.6, Learning rate:0.00002000
Epoch: 29, Loss: 14.8825, Rmse_valid: 12.0741, valid_score: 5205.2, , rmse_test: 13.2559, score_test: 287.7, Learning rate:0.00002000
Epoch: 30, Loss: 14.9142, Rmse_valid: 12.2016, valid_score: 5289.8, , rmse_test: 13.3281, score_test: 286.2, Learning rate:0.00002000
[Train Summary] Restored best model from epoch 20, rmse_valid: 11.8439, valid_score: 5182.6, rmse_test: 13.2112, score_test: 294.7
[Train Time] start: 2026-07-30 19:32:50, end: 2026-07-30 19:37:15, duration: 0:04:25, total_seconds: 265.15
[Auto Test] command: /usr/local/miniconda3/envs/HV/bin/python /Mamba_Rul/test_GAT_EDmamba/test_model.py --sub-dataset FD003 --smooth-rate 30 --sequence-len 30 --feature-num 14 --dataset-root /Mamba_Rul/CMAPSSData/ --max-rul 125 --batch-size 128 --model-path /Mamba_Rul/logs/FD003_GAT_EDmamba_4/seed51/model_FD003_0730_193250_seed51.pkl
model_path:/Mamba_Rul/logs/FD003_GAT_EDmamba_4/seed51/model_FD003_0730_193250_seed51.pkl
rmse_final:13.326664924621582, score:295.01251220703125
