-----FD002-----
关键参数:
序列长度: 30
批大小(batch_size): 128
最大训练轮数(max_epochs): 30
随机数种子: 80
模型代号(model_code): GAT_EDmamba_dmodel_8
模型结构(model_structure): mamba_mamba
学习率: 0.002
学习率调度器: step
Step步长(step_size): 10
Step衰减系数(gamma): 0.1
use_gat: True
gat_hidden_dim: 8
编码器: 2层Mamba
解码器: 2层Mamba
encoder_hidden_size: 8
mamba_num_layers: 2
mamba_d_state: 16
训练损失: AdaptiveAsymmetricMSELoss
asym_alpha: 3.0
asym_gamma: 5.0
asym_delta: 0.9
focus_threshold: 35.0
cap_threshold: 125.0
------------------------------
Epoch: 1, Loss: 44.9766, Rmse_valid: 26.8104, valid_score: 79491.5, , rmse_test: 28.5367, score_test: 5364.0, Learning rate:0.00200000
Epoch: 2, Loss: 38.4133, Rmse_valid: 25.0573, valid_score: 80115.5, , rmse_test: 26.4232, score_test: 3848.0, Learning rate:0.00200000
Epoch: 3, Loss: 33.1278, Rmse_valid: 32.8140, valid_score: 367968.8, , rmse_test: 37.4788, score_test: 25143.8, Learning rate:0.00200000
Epoch: 4, Loss: 28.7266, Rmse_valid: 20.5598, valid_score: 28509.3, , rmse_test: 18.0017, score_test: 1167.4, Learning rate:0.00200000
Epoch: 5, Loss: 27.0982, Rmse_valid: 19.4101, valid_score: 28773.2, , rmse_test: 17.9964, score_test: 1114.9, Learning rate:0.00200000
Epoch: 6, Loss: 26.0060, Rmse_valid: 19.4010, valid_score: 24974.9, , rmse_test: 18.5531, score_test: 1209.6, Learning rate:0.00200000
Epoch: 7, Loss: 25.2679, Rmse_valid: 19.3299, valid_score: 27414.8, , rmse_test: 16.6964, score_test: 971.4, Learning rate:0.00200000
Epoch: 8, Loss: 24.8044, Rmse_valid: 23.1636, valid_score: 38481.9, , rmse_test: 23.1387, score_test: 2015.8, Learning rate:0.00200000
Epoch: 9, Loss: 24.2303, Rmse_valid: 19.1665, valid_score: 28671.4, , rmse_test: 17.0186, score_test: 1138.9, Learning rate:0.00200000
Epoch: 10, Loss: 23.9147, Rmse_valid: 19.0895, valid_score: 25282.5, , rmse_test: 17.9549, score_test: 1065.6, Learning rate:0.00200000
Epoch: 11, Loss: 20.8959, Rmse_valid: 18.4190, valid_score: 22802.6, , rmse_test: 15.8922, score_test: 831.7, Learning rate:0.00020000
Epoch: 12, Loss: 20.3651, Rmse_valid: 18.1653, valid_score: 22237.9, , rmse_test: 15.5497, score_test: 805.4, Learning rate:0.00020000
Epoch: 13, Loss: 20.2209, Rmse_valid: 18.1490, valid_score: 21895.3, , rmse_test: 15.6981, score_test: 801.2, Learning rate:0.00020000
Epoch: 14, Loss: 20.0790, Rmse_valid: 17.7455, valid_score: 22367.4, , rmse_test: 15.4210, score_test: 804.0, Learning rate:0.00020000
Epoch: 15, Loss: 20.0280, Rmse_valid: 17.5243, valid_score: 20084.7, , rmse_test: 15.5597, score_test: 797.9, Learning rate:0.00020000
Epoch: 16, Loss: 19.8997, Rmse_valid: 16.7839, valid_score: 19907.7, , rmse_test: 14.9120, score_test: 766.6, Learning rate:0.00020000
Epoch: 17, Loss: 19.8471, Rmse_valid: 17.7150, valid_score: 20158.1, , rmse_test: 15.8708, score_test: 834.3, Learning rate:0.00020000
Epoch: 18, Loss: 19.7717, Rmse_valid: 18.1019, valid_score: 22781.9, , rmse_test: 15.6811, score_test: 860.4, Learning rate:0.00020000
Epoch: 19, Loss: 19.6967, Rmse_valid: 17.7495, valid_score: 21576.4, , rmse_test: 15.2206, score_test: 775.2, Learning rate:0.00020000
Epoch: 20, Loss: 19.6587, Rmse_valid: 17.1629, valid_score: 21297.0, , rmse_test: 14.7901, score_test: 776.6, Learning rate:0.00020000
Epoch: 21, Loss: 19.4835, Rmse_valid: 16.9970, valid_score: 20005.2, , rmse_test: 14.7982, score_test: 753.5, Learning rate:0.00002000
Epoch: 22, Loss: 19.4616, Rmse_valid: 17.0813, valid_score: 20335.8, , rmse_test: 14.9543, score_test: 763.4, Learning rate:0.00002000
Epoch: 23, Loss: 19.4138, Rmse_valid: 17.1186, valid_score: 20389.5, , rmse_test: 14.9199, score_test: 761.0, Learning rate:0.00002000
Epoch: 24, Loss: 19.4211, Rmse_valid: 17.0625, valid_score: 20289.9, , rmse_test: 14.8461, score_test: 755.3, Learning rate:0.00002000
Epoch: 25, Loss: 19.3873, Rmse_valid: 17.2470, valid_score: 20545.5, , rmse_test: 14.9848, score_test: 768.7, Learning rate:0.00002000
Epoch: 26, Loss: 19.3943, Rmse_valid: 16.9221, valid_score: 20059.9, , rmse_test: 14.8100, score_test: 753.8, Learning rate:0.00002000
Epoch: 27, Loss: 19.4153, Rmse_valid: 17.1236, valid_score: 20297.1, , rmse_test: 14.9861, score_test: 764.6, Learning rate:0.00002000
Epoch: 28, Loss: 19.3933, Rmse_valid: 17.3193, valid_score: 20668.5, , rmse_test: 15.0053, score_test: 769.9, Learning rate:0.00002000
Epoch: 29, Loss: 19.3560, Rmse_valid: 17.1783, valid_score: 20505.3, , rmse_test: 15.0307, score_test: 765.9, Learning rate:0.00002000
Epoch: 30, Loss: 19.3846, Rmse_valid: 17.1061, valid_score: 20552.9, , rmse_test: 14.9455, score_test: 769.4, Learning rate:0.00002000
[Train Summary] Restored best model from epoch 16, rmse_valid: 16.7839, valid_score: 19907.7, rmse_test: 14.9120, score_test: 766.6
[Train Time] start: 2026-08-05 10:23:34, end: 2026-08-05 10:30:20, duration: 0:06:46, total_seconds: 405.56
[Auto Test] command: /usr/local/miniconda3/envs/HV/bin/python /Mamba_Rul/test_GAT_EDmamba/test_model.py --sub-dataset FD002 --smooth-rate 40 --sequence-len 30 --feature-num 14 --dataset-root /Mamba_Rul/CMAPSSData/ --max-rul 125 --batch-size 128 --model-path /Mamba_Rul/logs/FD002_GAT_EDmamba_dmodel_8/seed80/model_FD002_0805_102334_seed80.pkl
model_path:/Mamba_Rul/logs/FD002_GAT_EDmamba_dmodel_8/seed80/model_FD002_0805_102334_seed80.pkl
rmse_final:15.102226257324219, score:771.1620483398438
