-----FD001-----
关键参数:
序列长度: 30
批大小(batch_size): 128
最大训练轮数(max_epochs): 30
随机数种子: 33
模型代号(model_code): GAT_EDmamba1_layer_2
模型结构(model_structure): mamba_mamba
学习率: 0.002
学习率调度器: step
Step步长(step_size): 10
Step衰减系数(gamma): 0.1
use_gat: True
gat_hidden_dim: 8
编码器: 2层Mamba
解码器: 2层Mamba
mamba_d_model: 4
mamba_num_layers: 2
mamba_d_state: 16
训练损失: AdaptiveAsymmetricMSELoss
asym_alpha: 1.5
asym_gamma: 2.0
asym_delta: 0.9
focus_threshold: 35.0
cap_threshold: 125.0
------------------------------
Epoch: 1, Loss: 31.6592, Rmse_valid: 22.7925, valid_score: 16902.8, , rmse_test: 22.7700, score_test: 6647.8, Learning rate:0.00200000
Epoch: 2, Loss: 25.6124, Rmse_valid: 15.6344, valid_score: 5440.1, , rmse_test: 15.8367, score_test: 371.8, Learning rate:0.00200000
Epoch: 3, Loss: 20.7430, Rmse_valid: 16.3706, valid_score: 5949.9, , rmse_test: 17.0163, score_test: 365.8, Learning rate:0.00200000
Epoch: 4, Loss: 18.5510, Rmse_valid: 15.5014, valid_score: 5096.5, , rmse_test: 15.3047, score_test: 372.1, Learning rate:0.00200000
Epoch: 5, Loss: 17.7085, Rmse_valid: 13.2674, valid_score: 3940.1, , rmse_test: 14.0979, score_test: 304.9, Learning rate:0.00200000
Epoch: 6, Loss: 17.0666, Rmse_valid: 13.6373, valid_score: 4064.2, , rmse_test: 15.1092, score_test: 325.9, Learning rate:0.00200000
Epoch: 7, Loss: 16.5338, Rmse_valid: 13.6848, valid_score: 3620.1, , rmse_test: 14.8822, score_test: 298.0, Learning rate:0.00200000
Epoch: 8, Loss: 16.2181, Rmse_valid: 12.7069, valid_score: 3395.7, , rmse_test: 14.8220, score_test: 348.8, Learning rate:0.00200000
Epoch: 9, Loss: 15.8544, Rmse_valid: 12.2282, valid_score: 3632.2, , rmse_test: 16.3248, score_test: 388.5, Learning rate:0.00200000
Epoch: 10, Loss: 15.5902, Rmse_valid: 12.0217, valid_score: 3426.8, , rmse_test: 14.4023, score_test: 370.2, Learning rate:0.00200000
Epoch: 11, Loss: 14.5280, Rmse_valid: 10.7987, valid_score: 2842.0, , rmse_test: 13.2976, score_test: 269.7, Learning rate:0.00020000
Epoch: 12, Loss: 14.2925, Rmse_valid: 11.5548, valid_score: 2935.3, , rmse_test: 13.4441, score_test: 276.7, Learning rate:0.00020000
Epoch: 13, Loss: 14.2541, Rmse_valid: 11.1999, valid_score: 2810.0, , rmse_test: 13.4642, score_test: 264.5, Learning rate:0.00020000
Epoch: 14, Loss: 14.2276, Rmse_valid: 10.9660, valid_score: 2867.6, , rmse_test: 13.3413, score_test: 283.3, Learning rate:0.00020000
Epoch: 15, Loss: 14.1808, Rmse_valid: 11.0625, valid_score: 2901.6, , rmse_test: 13.4162, score_test: 285.1, Learning rate:0.00020000
Epoch: 16, Loss: 14.1231, Rmse_valid: 11.4370, valid_score: 3000.5, , rmse_test: 13.2924, score_test: 267.8, Learning rate:0.00020000
Epoch: 17, Loss: 14.1553, Rmse_valid: 11.1690, valid_score: 2870.4, , rmse_test: 13.5052, score_test: 269.8, Learning rate:0.00020000
Epoch: 18, Loss: 14.0248, Rmse_valid: 10.8224, valid_score: 2932.4, , rmse_test: 13.3448, score_test: 266.4, Learning rate:0.00020000
Epoch: 19, Loss: 14.0144, Rmse_valid: 11.7971, valid_score: 3104.9, , rmse_test: 13.7859, score_test: 261.8, Learning rate:0.00020000
Epoch: 20, Loss: 14.0735, Rmse_valid: 11.2024, valid_score: 2819.2, , rmse_test: 13.5671, score_test: 271.3, Learning rate:0.00020000
Epoch: 21, Loss: 13.9947, Rmse_valid: 11.0648, valid_score: 2877.4, , rmse_test: 13.4527, score_test: 267.7, Learning rate:0.00002000
Epoch: 22, Loss: 13.8340, Rmse_valid: 10.9559, valid_score: 2868.3, , rmse_test: 13.4390, score_test: 264.5, Learning rate:0.00002000
Epoch: 23, Loss: 13.8181, Rmse_valid: 11.4549, valid_score: 2905.1, , rmse_test: 13.4084, score_test: 266.3, Learning rate:0.00002000
Epoch: 24, Loss: 13.8602, Rmse_valid: 11.1204, valid_score: 2904.3, , rmse_test: 13.3602, score_test: 264.6, Learning rate:0.00002000
Epoch: 25, Loss: 13.8817, Rmse_valid: 11.3498, valid_score: 2907.4, , rmse_test: 13.3688, score_test: 262.8, Learning rate:0.00002000
Epoch: 26, Loss: 13.9129, Rmse_valid: 11.2082, valid_score: 2909.9, , rmse_test: 13.3530, score_test: 263.2, Learning rate:0.00002000
Epoch: 27, Loss: 13.8294, Rmse_valid: 11.2757, valid_score: 2924.4, , rmse_test: 13.3781, score_test: 263.6, Learning rate:0.00002000
Epoch: 28, Loss: 13.7880, Rmse_valid: 10.9325, valid_score: 2904.2, , rmse_test: 13.3225, score_test: 265.2, Learning rate:0.00002000
Epoch: 29, Loss: 13.8636, Rmse_valid: 11.2182, valid_score: 2909.2, , rmse_test: 13.3554, score_test: 265.1, Learning rate:0.00002000
Epoch: 30, Loss: 13.8284, Rmse_valid: 10.9149, valid_score: 2942.2, , rmse_test: 13.3700, score_test: 264.8, Learning rate:0.00002000
[Train Summary] Restored best model from epoch 11, rmse_valid: 10.7987, valid_score: 2842.0, rmse_test: 13.2976, score_test: 269.7
[Train Time] start: 2026-08-21 01:39:22, end: 2026-08-21 01:42:42, duration: 0:03:20, total_seconds: 200.28
[Auto Test] command: /usr/local/miniconda3/envs/HV/bin/python /Mamba_Rul/test_GAT_EDmamba/test_model.py --sub-dataset FD001 --smooth-rate 30 --sequence-len 30 --feature-num 14 --dataset-root /Mamba_Rul/CMAPSSData/ --max-rul 125 --batch-size 128 --model-path /Mamba_Rul/logs/FD001_GAT_EDmamba1_layer_2/seed33/model_FD001_0821_013922_seed33.pkl
model_path:/Mamba_Rul/logs/FD001_GAT_EDmamba1_layer_2/seed33/model_FD001_0821_013922_seed33.pkl
rmse_final:13.213629722595215, score:260.7369384765625
