-----FD002-----
关键参数:
序列长度: 60
批大小(batch_size): 128
最大训练轮数(max_epochs): 30
随机数种子: 62
模型代号(model_code): GAT_EDmamba+60
模型结构(model_structure): mamba_mamba
学习率: 0.002
学习率调度器: step
Step步长(step_size): 10
Step衰减系数(gamma): 0.1
use_gat: True
gat_hidden_dim: 8
编码器: 2层Mamba
解码器: 2层Mamba
encoder_hidden_size: 16
mamba_num_layers: 2
mamba_d_state: 16
------------------------------
Epoch: 1, Loss: 28.0232, Rmse_valid: 22.9186, valid_score: 37276.4, , rmse_test: 22.4772, score_test: 1980.6, Learning rate:0.00200000
Epoch: 2, Loss: 19.6929, Rmse_valid: 31.0466, valid_score: 109774.6, , rmse_test: 31.2008, score_test: 8488.2, Learning rate:0.00200000
Epoch: 3, Loss: 17.3055, Rmse_valid: 26.1236, valid_score: 168082.2, , rmse_test: 22.9586, score_test: 7604.1, Learning rate:0.00200000
Epoch: 4, Loss: 16.3638, Rmse_valid: 21.1034, valid_score: 63581.1, , rmse_test: 16.9973, score_test: 1341.8, Learning rate:0.00200000
Epoch: 5, Loss: 15.3621, Rmse_valid: 18.6270, valid_score: 30131.8, , rmse_test: 18.1897, score_test: 1571.4, Learning rate:0.00200000
Epoch: 6, Loss: 14.7471, Rmse_valid: 24.4815, valid_score: 53036.9, , rmse_test: 21.1079, score_test: 2071.5, Learning rate:0.00200000
Epoch: 7, Loss: 13.9913, Rmse_valid: 19.6233, valid_score: 49545.1, , rmse_test: 17.2247, score_test: 1761.0, Learning rate:0.00200000
Epoch: 8, Loss: 13.2666, Rmse_valid: 23.8386, valid_score: 50039.4, , rmse_test: 24.3340, score_test: 3360.4, Learning rate:0.00200000
Epoch: 9, Loss: 12.7955, Rmse_valid: 20.5144, valid_score: 37407.7, , rmse_test: 18.4776, score_test: 2669.3, Learning rate:0.00200000
Epoch: 10, Loss: 12.1873, Rmse_valid: 20.6732, valid_score: 55966.4, , rmse_test: 19.3612, score_test: 1672.5, Learning rate:0.00200000
Epoch: 11, Loss: 10.0776, Rmse_valid: 17.4062, valid_score: 41670.6, , rmse_test: 15.6395, score_test: 1297.4, Learning rate:0.00020000
Epoch: 12, Loss: 9.3536, Rmse_valid: 17.8697, valid_score: 84737.0, , rmse_test: 16.2090, score_test: 1694.2, Learning rate:0.00020000
Epoch: 13, Loss: 9.1770, Rmse_valid: 17.8065, valid_score: 72814.0, , rmse_test: 16.5599, score_test: 1820.6, Learning rate:0.00020000
Epoch: 14, Loss: 8.9706, Rmse_valid: 17.9832, valid_score: 78805.6, , rmse_test: 16.8268, score_test: 1934.1, Learning rate:0.00020000
Epoch: 15, Loss: 8.7654, Rmse_valid: 17.4114, valid_score: 63105.5, , rmse_test: 15.9947, score_test: 1443.2, Learning rate:0.00020000
Epoch: 16, Loss: 8.6459, Rmse_valid: 17.7488, valid_score: 76568.5, , rmse_test: 16.4091, score_test: 1855.2, Learning rate:0.00020000
Epoch: 17, Loss: 8.4638, Rmse_valid: 17.3739, valid_score: 74581.5, , rmse_test: 16.3335, score_test: 1957.4, Learning rate:0.00020000
Epoch: 18, Loss: 8.3309, Rmse_valid: 17.4983, valid_score: 60761.3, , rmse_test: 16.4258, score_test: 1769.2, Learning rate:0.00020000
Epoch: 19, Loss: 8.1444, Rmse_valid: 17.4465, valid_score: 79801.9, , rmse_test: 16.2881, score_test: 1653.8, Learning rate:0.00020000
Epoch: 20, Loss: 8.0395, Rmse_valid: 17.5585, valid_score: 86574.2, , rmse_test: 16.4761, score_test: 1873.0, Learning rate:0.00020000
Epoch: 21, Loss: 7.8464, Rmse_valid: 17.6067, valid_score: 81820.9, , rmse_test: 16.4605, score_test: 1928.4, Learning rate:0.00002000
Epoch: 22, Loss: 7.7880, Rmse_valid: 17.0365, valid_score: 82316.2, , rmse_test: 16.4974, score_test: 1917.4, Learning rate:0.00002000
Epoch: 23, Loss: 7.7699, Rmse_valid: 17.2589, valid_score: 84335.4, , rmse_test: 16.5278, score_test: 1983.7, Learning rate:0.00002000
Epoch: 24, Loss: 7.7593, Rmse_valid: 17.2440, valid_score: 86916.2, , rmse_test: 16.5918, score_test: 2055.0, Learning rate:0.00002000
Epoch: 25, Loss: 7.7434, Rmse_valid: 17.1658, valid_score: 87970.8, , rmse_test: 16.5425, score_test: 2028.2, Learning rate:0.00002000
Epoch: 26, Loss: 7.6726, Rmse_valid: 17.3438, valid_score: 89543.4, , rmse_test: 16.5570, score_test: 2020.0, Learning rate:0.00002000
Epoch: 27, Loss: 7.7272, Rmse_valid: 17.7255, valid_score: 90538.5, , rmse_test: 16.5199, score_test: 1996.2, Learning rate:0.00002000
Epoch: 28, Loss: 7.7020, Rmse_valid: 17.6505, valid_score: 85255.7, , rmse_test: 16.5778, score_test: 2032.7, Learning rate:0.00002000
Epoch: 29, Loss: 7.6615, Rmse_valid: 17.5923, valid_score: 87012.7, , rmse_test: 16.5805, score_test: 2010.3, Learning rate:0.00002000
Epoch: 30, Loss: 7.6691, Rmse_valid: 17.8111, valid_score: 87752.3, , rmse_test: 16.5526, score_test: 1982.8, Learning rate:0.00002000
[Train Summary] Restored best model from epoch 22, rmse_valid: 17.0365, valid_score: 82316.2, rmse_test: 16.4974, score_test: 1917.4
[Train Time] start: 2026-07-23 07:56:46, end: 2026-07-23 08:02:47, duration: 0:06:01, total_seconds: 360.78
[Auto Test] command: /usr/local/miniconda3/envs/HV/bin/python /Mamba_Rul/test_GAT_EDmamba/test_model.py --sub-dataset FD002 --smooth-rate 40 --sequence-len 60 --feature-num 14 --dataset-root /Mamba_Rul/CMAPSSData/ --max-rul 125 --batch-size 128 --model-path /Mamba_Rul/logs/FD002_GAT_EDmamba+60/seed62/model_FD002_0723_075646_seed62.pkl
model_path:/Mamba_Rul/logs/FD002_GAT_EDmamba+60/seed62/model_FD002_0723_075646_seed62.pkl
rmse_final:16.429561614990234, score:1838.647705078125
