-----FD004-----
关键参数:
序列长度: 30
批大小(batch_size): 128
最大训练轮数(max_epochs): 30
随机数种子: 27
模型代号(model_code): GAT_EDmamba_14
模型结构(model_structure): mamba_mamba
学习率: 0.002
学习率调度器: step
Step步长(step_size): 10
Step衰减系数(gamma): 0.1
use_gat: True
gat_hidden_dim: 8
编码器: 2层Mamba
解码器: 2层Mamba
encoder_hidden_size: 14
mamba_num_layers: 2
mamba_d_state: 16
训练损失: AdaptiveAsymmetricMSELoss
asym_alpha: 2.0
asym_gamma: 5.0
asym_delta: 0.9
focus_threshold: 35.0
cap_threshold: 125.0
------------------------------
Epoch: 1, Loss: 42.1684, Rmse_valid: 28.8991, valid_score: 76866.3, , rmse_test: 27.9220, score_test: 3930.6, Learning rate:0.00200000
Epoch: 2, Loss: 32.6559, Rmse_valid: 21.8926, valid_score: 47974.1, , rmse_test: 22.3506, score_test: 2480.7, Learning rate:0.00200000
Epoch: 3, Loss: 29.8625, Rmse_valid: 18.9139, valid_score: 36267.3, , rmse_test: 20.9336, score_test: 2779.7, Learning rate:0.00200000
Epoch: 4, Loss: 27.8528, Rmse_valid: 19.7755, valid_score: 37083.8, , rmse_test: 20.8922, score_test: 1962.4, Learning rate:0.00200000
Epoch: 5, Loss: 27.3402, Rmse_valid: 21.1827, valid_score: 38999.7, , rmse_test: 22.1964, score_test: 2299.8, Learning rate:0.00200000
Epoch: 6, Loss: 25.8783, Rmse_valid: 29.4061, valid_score: 539602.4, , rmse_test: 30.6197, score_test: 24227.0, Learning rate:0.00200000
Epoch: 7, Loss: 25.2076, Rmse_valid: 19.2755, valid_score: 32784.8, , rmse_test: 18.4370, score_test: 1282.1, Learning rate:0.00200000
Epoch: 8, Loss: 24.6273, Rmse_valid: 17.0623, valid_score: 26058.8, , rmse_test: 18.7643, score_test: 1732.8, Learning rate:0.00200000
Epoch: 9, Loss: 24.1957, Rmse_valid: 17.1235, valid_score: 27836.7, , rmse_test: 17.2740, score_test: 1315.9, Learning rate:0.00200000
Epoch: 10, Loss: 23.2656, Rmse_valid: 19.0626, valid_score: 38838.8, , rmse_test: 21.1625, score_test: 2580.3, Learning rate:0.00200000
Epoch: 11, Loss: 19.9533, Rmse_valid: 17.0324, valid_score: 31065.5, , rmse_test: 17.6280, score_test: 1291.7, Learning rate:0.00020000
Epoch: 12, Loss: 19.6113, Rmse_valid: 17.8258, valid_score: 32946.8, , rmse_test: 17.9630, score_test: 1327.4, Learning rate:0.00020000
Epoch: 13, Loss: 19.3110, Rmse_valid: 17.3493, valid_score: 41004.5, , rmse_test: 17.5504, score_test: 1328.4, Learning rate:0.00020000
Epoch: 14, Loss: 19.2060, Rmse_valid: 17.8809, valid_score: 38065.5, , rmse_test: 17.9503, score_test: 1338.8, Learning rate:0.00020000
Epoch: 15, Loss: 19.0117, Rmse_valid: 17.7331, valid_score: 40223.3, , rmse_test: 17.9527, score_test: 1389.3, Learning rate:0.00020000
Epoch: 16, Loss: 18.8898, Rmse_valid: 17.4676, valid_score: 47657.3, , rmse_test: 17.6775, score_test: 1316.8, Learning rate:0.00020000
Epoch: 17, Loss: 18.7495, Rmse_valid: 17.5227, valid_score: 45015.0, , rmse_test: 18.3580, score_test: 1464.6, Learning rate:0.00020000
Epoch: 18, Loss: 18.5854, Rmse_valid: 18.2171, valid_score: 80316.7, , rmse_test: 18.3026, score_test: 1489.1, Learning rate:0.00020000
Epoch: 19, Loss: 18.4644, Rmse_valid: 18.2209, valid_score: 69306.1, , rmse_test: 19.2815, score_test: 1852.1, Learning rate:0.00020000
Epoch: 20, Loss: 18.3500, Rmse_valid: 18.0662, valid_score: 59741.2, , rmse_test: 18.3319, score_test: 1457.3, Learning rate:0.00020000
Epoch: 21, Loss: 18.0593, Rmse_valid: 17.8549, valid_score: 87011.1, , rmse_test: 18.1625, score_test: 1444.7, Learning rate:0.00002000
Epoch: 22, Loss: 18.0218, Rmse_valid: 17.9424, valid_score: 78053.9, , rmse_test: 18.2149, score_test: 1446.2, Learning rate:0.00002000
Epoch: 23, Loss: 17.9892, Rmse_valid: 17.9151, valid_score: 84417.7, , rmse_test: 18.1686, score_test: 1460.5, Learning rate:0.00002000
Epoch: 24, Loss: 17.9614, Rmse_valid: 17.8920, valid_score: 80965.4, , rmse_test: 18.1304, score_test: 1445.2, Learning rate:0.00002000
Epoch: 25, Loss: 17.9380, Rmse_valid: 17.9542, valid_score: 85778.3, , rmse_test: 18.1521, score_test: 1443.3, Learning rate:0.00002000
Epoch: 26, Loss: 17.9229, Rmse_valid: 17.8913, valid_score: 86948.0, , rmse_test: 18.0708, score_test: 1445.7, Learning rate:0.00002000
Epoch: 27, Loss: 17.9385, Rmse_valid: 18.0800, valid_score: 83461.8, , rmse_test: 18.2368, score_test: 1467.8, Learning rate:0.00002000
Epoch: 28, Loss: 17.8803, Rmse_valid: 18.1065, valid_score: 86406.3, , rmse_test: 18.1381, score_test: 1445.1, Learning rate:0.00002000
Epoch: 29, Loss: 17.9129, Rmse_valid: 17.9219, valid_score: 91861.4, , rmse_test: 18.2329, score_test: 1492.5, Learning rate:0.00002000
Epoch: 30, Loss: 17.9015, Rmse_valid: 18.0880, valid_score: 93333.4, , rmse_test: 18.3239, score_test: 1483.6, Learning rate:0.00002000
[Train Summary] Restored best model from epoch 11, rmse_valid: 17.0324, valid_score: 31065.5, rmse_test: 17.6280, score_test: 1291.7
[Train Time] start: 2026-07-28 13:08:17, end: 2026-07-28 13:19:57, duration: 0:11:40, total_seconds: 699.76
[Auto Test] command: /usr/local/miniconda3/envs/HV/bin/python /Mamba_Rul/test_GAT_EDmamba/test_model.py --sub-dataset FD004 --smooth-rate 40 --sequence-len 30 --feature-num 14 --dataset-root /Mamba_Rul/CMAPSSData/ --max-rul 125 --batch-size 128 --model-path /Mamba_Rul/logs/FD004_GAT_EDmamba_14/seed27/model_FD004_0728_130817_seed27.pkl
model_path:/Mamba_Rul/logs/FD004_GAT_EDmamba_14/seed27/model_FD004_0728_130817_seed27.pkl
rmse_final:17.732328414916992, score:1288.81103515625
