-----FD001-----
关键参数:
序列长度: 30
批大小(batch_size): 128
最大训练轮数(max_epochs): 30
随机数种子: 33
模型代号(model_code): 1GAT_EDmamba_dstate_4
模型结构(model_structure): mamba_mamba
学习率: 0.002
学习率调度器: step
Step步长(step_size): 10
Step衰减系数(gamma): 0.1
use_gat: True
gat_hidden_dim: 8
编码器: 2层Mamba
解码器: 2层Mamba
mamba_d_model: 4
mamba_num_layers: 2
mamba_d_state: 4
训练损失: AdaptiveAsymmetricMSELoss
asym_alpha: 1.5
asym_gamma: 2.0
asym_delta: 0.9
focus_threshold: 35.0
cap_threshold: 125.0
------------------------------
Epoch: 1, Loss: 30.2985, Rmse_valid: 22.8798, valid_score: 18277.2, , rmse_test: 21.2934, score_test: 4222.2, Learning rate:0.00200000
Epoch: 2, Loss: 28.2700, Rmse_valid: 27.7566, valid_score: 49249.0, , rmse_test: 23.4968, score_test: 2042.0, Learning rate:0.00200000
Epoch: 3, Loss: 22.1536, Rmse_valid: 16.3474, valid_score: 6300.3, , rmse_test: 15.4010, score_test: 371.2, Learning rate:0.00200000
Epoch: 4, Loss: 19.5917, Rmse_valid: 14.6960, valid_score: 4771.2, , rmse_test: 16.0276, score_test: 366.0, Learning rate:0.00200000
Epoch: 5, Loss: 18.0863, Rmse_valid: 13.2171, valid_score: 4389.1, , rmse_test: 14.7577, score_test: 465.4, Learning rate:0.00200000
Epoch: 6, Loss: 17.4796, Rmse_valid: 17.3019, valid_score: 6104.2, , rmse_test: 16.6785, score_test: 354.4, Learning rate:0.00200000
Epoch: 7, Loss: 16.8173, Rmse_valid: 13.3431, valid_score: 4309.9, , rmse_test: 14.4523, score_test: 366.4, Learning rate:0.00200000
Epoch: 8, Loss: 16.4041, Rmse_valid: 11.6233, valid_score: 4051.9, , rmse_test: 14.2045, score_test: 413.4, Learning rate:0.00200000
Epoch: 9, Loss: 16.0346, Rmse_valid: 10.7999, valid_score: 3695.9, , rmse_test: 13.8599, score_test: 330.8, Learning rate:0.00200000
Epoch: 10, Loss: 15.8728, Rmse_valid: 12.8710, valid_score: 3498.6, , rmse_test: 14.8487, score_test: 282.6, Learning rate:0.00200000
Epoch: 11, Loss: 14.5719, Rmse_valid: 11.0759, valid_score: 2871.9, , rmse_test: 13.2975, score_test: 282.6, Learning rate:0.00020000
Epoch: 12, Loss: 14.5017, Rmse_valid: 11.1293, valid_score: 2820.6, , rmse_test: 13.2914, score_test: 277.8, Learning rate:0.00020000
Epoch: 13, Loss: 14.3773, Rmse_valid: 11.3822, valid_score: 2913.6, , rmse_test: 13.5329, score_test: 276.2, Learning rate:0.00020000
Epoch: 14, Loss: 14.3249, Rmse_valid: 10.9188, valid_score: 2802.6, , rmse_test: 13.3307, score_test: 279.7, Learning rate:0.00020000
Epoch: 15, Loss: 14.2506, Rmse_valid: 11.2027, valid_score: 2917.2, , rmse_test: 13.5346, score_test: 287.7, Learning rate:0.00020000
Epoch: 16, Loss: 14.2465, Rmse_valid: 10.6062, valid_score: 2860.1, , rmse_test: 13.3535, score_test: 295.3, Learning rate:0.00020000
Epoch: 17, Loss: 14.1408, Rmse_valid: 10.6212, valid_score: 2751.4, , rmse_test: 13.2786, score_test: 272.3, Learning rate:0.00020000
Epoch: 18, Loss: 14.0918, Rmse_valid: 10.7031, valid_score: 2794.8, , rmse_test: 13.2805, score_test: 283.4, Learning rate:0.00020000
Epoch: 19, Loss: 14.1041, Rmse_valid: 10.7727, valid_score: 2715.2, , rmse_test: 13.2724, score_test: 281.0, Learning rate:0.00020000
Epoch: 20, Loss: 13.9998, Rmse_valid: 10.8628, valid_score: 2775.6, , rmse_test: 13.3195, score_test: 272.3, Learning rate:0.00020000
Epoch: 21, Loss: 13.9420, Rmse_valid: 10.8080, valid_score: 2748.7, , rmse_test: 13.3323, score_test: 278.0, Learning rate:0.00002000
Epoch: 22, Loss: 13.9219, Rmse_valid: 10.8037, valid_score: 2762.6, , rmse_test: 13.3297, score_test: 280.8, Learning rate:0.00002000
Epoch: 23, Loss: 13.9562, Rmse_valid: 10.7339, valid_score: 2739.4, , rmse_test: 13.3256, score_test: 279.8, Learning rate:0.00002000
Epoch: 24, Loss: 13.9671, Rmse_valid: 10.8755, valid_score: 2767.5, , rmse_test: 13.3874, score_test: 277.9, Learning rate:0.00002000
Epoch: 25, Loss: 13.9338, Rmse_valid: 10.9205, valid_score: 2751.8, , rmse_test: 13.3328, score_test: 280.9, Learning rate:0.00002000
Epoch: 26, Loss: 13.8863, Rmse_valid: 10.5889, valid_score: 2760.3, , rmse_test: 13.3326, score_test: 283.8, Learning rate:0.00002000
Epoch: 27, Loss: 13.8902, Rmse_valid: 10.6988, valid_score: 2741.4, , rmse_test: 13.2954, score_test: 284.7, Learning rate:0.00002000
Epoch: 28, Loss: 13.8491, Rmse_valid: 10.5510, valid_score: 2725.1, , rmse_test: 13.3445, score_test: 278.5, Learning rate:0.00002000
Epoch: 29, Loss: 13.9452, Rmse_valid: 10.4923, valid_score: 2748.9, , rmse_test: 13.3260, score_test: 282.3, Learning rate:0.00002000
Epoch: 30, Loss: 13.9196, Rmse_valid: 10.7049, valid_score: 2745.3, , rmse_test: 13.3673, score_test: 281.0, Learning rate:0.00002000
[Train Summary] Restored best model from epoch 29, rmse_valid: 10.4923, valid_score: 2748.9, rmse_test: 13.3260, score_test: 282.3
[Train Time] start: 2026-08-28 04:44:44, end: 2026-08-28 04:48:04, duration: 0:03:20, total_seconds: 199.87
[Auto Test] command: /usr/local/miniconda3/envs/HV/bin/python /Mamba_Rul/test_GAT_EDmamba/test_model.py --sub-dataset FD001 --smooth-rate 30 --sequence-len 30 --feature-num 14 --dataset-root /Mamba_Rul/CMAPSSData/ --max-rul 125 --batch-size 128 --model-path /Mamba_Rul/logs/FD001_1GAT_EDmamba_dstate_4/seed33/model_FD001_0828_044444_seed33.pkl
model_path:/Mamba_Rul/logs/FD001_1GAT_EDmamba_dstate_4/seed33/model_FD001_0828_044444_seed33.pkl
rmse_final:13.35028076171875, score:274.3062744140625
