-----FD001-----
关键参数:
序列长度: 30
批大小(batch_size): 128
最大训练轮数(max_epochs): 30
随机数种子: 80
模型代号(model_code): GAT_EDmamba_dropout_0.5
模型结构(model_structure): mamba_mamba
学习率: 0.002
学习率调度器: step
Step步长(step_size): 10
Step衰减系数(gamma): 0.1
use_gat: True
gat_hidden_dim: 8
编码器: 2层Mamba
解码器: 2层Mamba
mamba_d_model: 4
mamba_num_layers: 2
mamba_d_state: 16
dropout: 0.5
训练损失: AdaptiveAsymmetricMSELoss
asym_alpha: 1.5
asym_gamma: 2.0
asym_delta: 0.9
focus_threshold: 35.0
cap_threshold: 125.0
------------------------------
Epoch: 1, Loss: 35.7380, Rmse_valid: 25.2656, valid_score: 24205.2, , rmse_test: 22.2204, score_test: 1612.4, Learning rate:0.00200000
Epoch: 2, Loss: 29.4803, Rmse_valid: 29.7015, valid_score: 48265.7, , rmse_test: 24.7613, score_test: 1396.6, Learning rate:0.00200000
Epoch: 3, Loss: 28.9375, Rmse_valid: 26.3924, valid_score: 23515.8, , rmse_test: 23.5670, score_test: 2339.3, Learning rate:0.00200000
Epoch: 4, Loss: 28.6723, Rmse_valid: 24.0373, valid_score: 19235.6, , rmse_test: 22.0953, score_test: 3266.1, Learning rate:0.00200000
Epoch: 5, Loss: 28.4431, Rmse_valid: 24.6886, valid_score: 18116.0, , rmse_test: 23.0888, score_test: 3629.6, Learning rate:0.00200000
Epoch: 6, Loss: 28.1394, Rmse_valid: 24.4159, valid_score: 17029.1, , rmse_test: 22.3367, score_test: 3278.8, Learning rate:0.00200000
Epoch: 7, Loss: 25.8547, Rmse_valid: 21.1856, valid_score: 10737.3, , rmse_test: 19.8056, score_test: 731.8, Learning rate:0.00200000
Epoch: 8, Loss: 23.4685, Rmse_valid: 16.2762, valid_score: 7057.1, , rmse_test: 15.6570, score_test: 423.4, Learning rate:0.00200000
Epoch: 9, Loss: 21.7854, Rmse_valid: 18.7836, valid_score: 9321.8, , rmse_test: 17.5433, score_test: 607.0, Learning rate:0.00200000
Epoch: 10, Loss: 21.1710, Rmse_valid: 14.5909, valid_score: 5301.9, , rmse_test: 14.8611, score_test: 335.5, Learning rate:0.00200000
Epoch: 11, Loss: 19.4674, Rmse_valid: 15.6214, valid_score: 5168.5, , rmse_test: 15.0679, score_test: 338.7, Learning rate:0.00020000
Epoch: 12, Loss: 19.4748, Rmse_valid: 16.4216, valid_score: 5597.3, , rmse_test: 15.3853, score_test: 339.4, Learning rate:0.00020000
Epoch: 13, Loss: 19.2534, Rmse_valid: 16.2446, valid_score: 5522.3, , rmse_test: 15.4911, score_test: 334.3, Learning rate:0.00020000
Epoch: 14, Loss: 19.1922, Rmse_valid: 15.0647, valid_score: 4987.0, , rmse_test: 14.5755, score_test: 348.6, Learning rate:0.00020000
Epoch: 15, Loss: 19.2595, Rmse_valid: 15.7273, valid_score: 5365.6, , rmse_test: 15.4570, score_test: 334.2, Learning rate:0.00020000
Epoch: 16, Loss: 18.9198, Rmse_valid: 15.1378, valid_score: 5024.2, , rmse_test: 14.7506, score_test: 336.1, Learning rate:0.00020000
Epoch: 17, Loss: 18.9300, Rmse_valid: 15.3490, valid_score: 4885.0, , rmse_test: 14.9219, score_test: 337.0, Learning rate:0.00020000
Epoch: 18, Loss: 18.9773, Rmse_valid: 15.6122, valid_score: 5204.6, , rmse_test: 15.2616, score_test: 336.0, Learning rate:0.00020000
Epoch: 19, Loss: 18.7228, Rmse_valid: 16.0758, valid_score: 5392.5, , rmse_test: 15.5899, score_test: 337.3, Learning rate:0.00020000
Epoch: 20, Loss: 18.7788, Rmse_valid: 14.8179, valid_score: 4896.4, , rmse_test: 14.8867, score_test: 322.6, Learning rate:0.00020000
Epoch: 21, Loss: 18.6012, Rmse_valid: 15.8402, valid_score: 4973.1, , rmse_test: 14.9800, score_test: 331.9, Learning rate:0.00002000
Epoch: 22, Loss: 18.5291, Rmse_valid: 15.3665, valid_score: 4951.0, , rmse_test: 15.0296, score_test: 331.4, Learning rate:0.00002000
Epoch: 23, Loss: 18.5771, Rmse_valid: 15.3383, valid_score: 4955.6, , rmse_test: 14.9794, score_test: 331.6, Learning rate:0.00002000
Epoch: 24, Loss: 18.5787, Rmse_valid: 15.1134, valid_score: 4966.9, , rmse_test: 15.0316, score_test: 333.6, Learning rate:0.00002000
Epoch: 25, Loss: 18.3644, Rmse_valid: 14.8578, valid_score: 4864.2, , rmse_test: 14.9540, score_test: 330.3, Learning rate:0.00002000
Epoch: 26, Loss: 18.4892, Rmse_valid: 14.8997, valid_score: 4862.7, , rmse_test: 15.0028, score_test: 329.2, Learning rate:0.00002000
Epoch: 27, Loss: 18.4454, Rmse_valid: 15.0903, valid_score: 4856.0, , rmse_test: 15.0220, score_test: 329.7, Learning rate:0.00002000
Epoch: 28, Loss: 18.4895, Rmse_valid: 14.8130, valid_score: 4831.7, , rmse_test: 14.9457, score_test: 329.7, Learning rate:0.00002000
Epoch: 29, Loss: 18.3556, Rmse_valid: 14.8988, valid_score: 4892.1, , rmse_test: 15.0825, score_test: 334.0, Learning rate:0.00002000
Epoch: 30, Loss: 18.3287, Rmse_valid: 15.3071, valid_score: 4841.1, , rmse_test: 15.0034, score_test: 333.6, Learning rate:0.00002000
[Train Summary] Restored best model from epoch 10, rmse_valid: 14.5909, valid_score: 5301.9, rmse_test: 14.8611, score_test: 335.5
[Train Time] start: 2026-09-02 16:27:02, end: 2026-09-02 16:30:12, duration: 0:03:11, total_seconds: 190.51
[Auto Test] command: /usr/local/miniconda3/envs/HV/bin/python /Mamba_Rul/test_GAT_EDmamba/test_model.py --sub-dataset FD001 --smooth-rate 30 --sequence-len 30 --feature-num 14 --dataset-root /Mamba_Rul/CMAPSSData/ --max-rul 125 --batch-size 128 --model-path /Mamba_Rul/logs/FD001_GAT_EDmamba_dropout_0.5/seed80/model_FD001_0902_162702_seed80.pkl
model_path:/Mamba_Rul/logs/FD001_GAT_EDmamba_dropout_0.5/seed80/model_FD001_0902_162702_seed80.pkl
rmse_final:14.475496292114258, score:339.8359680175781
