-----FD002-----
关键参数:
序列长度: 30
批大小(batch_size): 128
最大训练轮数(max_epochs): 30
随机数种子: 30
模型代号(model_code): GAT_EDmamba_layer_3
模型结构(model_structure): mamba_mamba
学习率: 0.002
学习率调度器: step
Step步长(step_size): 10
Step衰减系数(gamma): 0.1
use_gat: True
gat_hidden_dim: 8
编码器: 2层Mamba
解码器: 2层Mamba
encoder_hidden_size: 16
mamba_num_layers: 3
mamba_d_state: 16
训练损失: AdaptiveAsymmetricMSELoss
asym_alpha: 3.0
asym_gamma: 5.0
asym_delta: 0.9
focus_threshold: 35.0
cap_threshold: 125.0
------------------------------
Epoch: 1, Loss: 50.2149, Rmse_valid: 26.0076, valid_score: 73420.0, , rmse_test: 28.1735, score_test: 5029.4, Learning rate:0.00200000
Epoch: 2, Loss: 36.0528, Rmse_valid: 24.6612, valid_score: 69711.9, , rmse_test: 25.8181, score_test: 3339.6, Learning rate:0.00200000
Epoch: 3, Loss: 29.3104, Rmse_valid: 31.5059, valid_score: 201768.2, , rmse_test: 33.5636, score_test: 13374.6, Learning rate:0.00200000
Epoch: 4, Loss: 26.1742, Rmse_valid: 21.5138, valid_score: 32803.4, , rmse_test: 18.2874, score_test: 1232.3, Learning rate:0.00200000
Epoch: 5, Loss: 25.5003, Rmse_valid: 19.0694, valid_score: 34801.8, , rmse_test: 16.7175, score_test: 1162.3, Learning rate:0.00200000
Epoch: 6, Loss: 24.1862, Rmse_valid: 17.4337, valid_score: 26466.8, , rmse_test: 15.0406, score_test: 989.6, Learning rate:0.00200000
Epoch: 7, Loss: 23.7456, Rmse_valid: 20.0683, valid_score: 30171.2, , rmse_test: 17.9686, score_test: 1326.0, Learning rate:0.00200000
Epoch: 8, Loss: 23.7830, Rmse_valid: 21.2750, valid_score: 36172.7, , rmse_test: 17.8294, score_test: 1075.6, Learning rate:0.00200000
Epoch: 9, Loss: 22.5535, Rmse_valid: 25.3221, valid_score: 63163.7, , rmse_test: 19.7052, score_test: 1946.2, Learning rate:0.00200000
Epoch: 10, Loss: 22.4605, Rmse_valid: 18.2182, valid_score: 34154.5, , rmse_test: 15.3222, score_test: 1032.3, Learning rate:0.00200000
Epoch: 11, Loss: 18.9456, Rmse_valid: 18.3439, valid_score: 34455.1, , rmse_test: 15.5385, score_test: 910.4, Learning rate:0.00020000
Epoch: 12, Loss: 18.5893, Rmse_valid: 18.3566, valid_score: 33449.0, , rmse_test: 15.6236, score_test: 990.7, Learning rate:0.00020000
Epoch: 13, Loss: 18.3845, Rmse_valid: 18.0777, valid_score: 37723.1, , rmse_test: 15.5507, score_test: 1026.7, Learning rate:0.00020000
Epoch: 14, Loss: 18.2182, Rmse_valid: 18.2103, valid_score: 36438.7, , rmse_test: 15.2317, score_test: 933.0, Learning rate:0.00020000
Epoch: 15, Loss: 18.0523, Rmse_valid: 18.2534, valid_score: 41096.5, , rmse_test: 15.4112, score_test: 999.3, Learning rate:0.00020000
Epoch: 16, Loss: 17.9268, Rmse_valid: 18.6684, valid_score: 40783.7, , rmse_test: 15.3029, score_test: 979.6, Learning rate:0.00020000
Epoch: 17, Loss: 17.7574, Rmse_valid: 18.2763, valid_score: 42110.3, , rmse_test: 15.1729, score_test: 1001.4, Learning rate:0.00020000
Epoch: 18, Loss: 17.6349, Rmse_valid: 17.6809, valid_score: 43476.8, , rmse_test: 15.0157, score_test: 1006.1, Learning rate:0.00020000
Epoch: 19, Loss: 17.4792, Rmse_valid: 18.3212, valid_score: 42105.9, , rmse_test: 15.3639, score_test: 1015.7, Learning rate:0.00020000
Epoch: 20, Loss: 17.3678, Rmse_valid: 18.1214, valid_score: 37471.4, , rmse_test: 15.2719, score_test: 1021.8, Learning rate:0.00020000
Epoch: 21, Loss: 17.0849, Rmse_valid: 18.1578, valid_score: 36172.1, , rmse_test: 15.1604, score_test: 992.8, Learning rate:0.00002000
Epoch: 22, Loss: 17.0627, Rmse_valid: 18.2241, valid_score: 36944.6, , rmse_test: 15.3585, score_test: 994.5, Learning rate:0.00002000
Epoch: 23, Loss: 17.0667, Rmse_valid: 18.0468, valid_score: 38808.2, , rmse_test: 15.1551, score_test: 994.7, Learning rate:0.00002000
Epoch: 24, Loss: 17.0345, Rmse_valid: 18.1170, valid_score: 36556.0, , rmse_test: 15.2767, score_test: 994.6, Learning rate:0.00002000
Epoch: 25, Loss: 17.0090, Rmse_valid: 18.1491, valid_score: 39230.0, , rmse_test: 15.2820, score_test: 989.8, Learning rate:0.00002000
Epoch: 26, Loss: 16.9905, Rmse_valid: 18.1445, valid_score: 38111.1, , rmse_test: 15.2958, score_test: 989.5, Learning rate:0.00002000
Epoch: 27, Loss: 16.9882, Rmse_valid: 18.0532, valid_score: 37188.3, , rmse_test: 15.2716, score_test: 983.3, Learning rate:0.00002000
Epoch: 28, Loss: 16.9241, Rmse_valid: 18.2115, valid_score: 38873.6, , rmse_test: 15.3021, score_test: 1003.4, Learning rate:0.00002000
Epoch: 29, Loss: 16.9900, Rmse_valid: 18.1738, valid_score: 37882.0, , rmse_test: 15.3460, score_test: 993.1, Learning rate:0.00002000
Epoch: 30, Loss: 16.9285, Rmse_valid: 17.9551, valid_score: 37516.0, , rmse_test: 15.2948, score_test: 1010.8, Learning rate:0.00002000
[Train Summary] Restored best model from epoch 6, rmse_valid: 17.4337, valid_score: 26466.8, rmse_test: 15.0406, score_test: 989.6
[Train Time] start: 2026-08-05 05:00:44, end: 2026-08-05 05:12:24, duration: 0:11:40, total_seconds: 700.11
[Auto Test] command: /usr/local/miniconda3/envs/HV/bin/python /Mamba_Rul/test_GAT_EDmamba/test_model.py --sub-dataset FD002 --smooth-rate 40 --sequence-len 30 --feature-num 14 --dataset-root /Mamba_Rul/CMAPSSData/ --max-rul 125 --batch-size 128 --model-path /Mamba_Rul/logs/FD002_GAT_EDmamba_layer_3/seed30/model_FD002_0805_050044_seed30.pkl
model_path:/Mamba_Rul/logs/FD002_GAT_EDmamba_layer_3/seed30/model_FD002_0805_050044_seed30.pkl
rmse_final:15.1768217086792, score:984.2491455078125
