-----FD004-----
关键参数:
序列长度: 30
批大小(batch_size): 128
最大训练轮数(max_epochs): 30
随机数种子: 88
模型代号(model_code): 1GAT_EDmamba_dstate_32
模型结构(model_structure): mamba_mamba
学习率: 0.002
学习率调度器: step
Step步长(step_size): 10
Step衰减系数(gamma): 0.1
use_gat: True
gat_hidden_dim: 8
编码器: 2层Mamba
解码器: 2层Mamba
mamba_d_model: 8
mamba_num_layers: 2
mamba_d_state: 32
训练损失: AdaptiveAsymmetricMSELoss
asym_alpha: 2.0
asym_gamma: 5.0
asym_delta: 0.9
focus_threshold: 35.0
cap_threshold: 125.0
------------------------------
Epoch: 1, Loss: 46.6305, Rmse_valid: 25.2601, valid_score: 98855.7, , rmse_test: 29.1614, score_test: 6656.2, Learning rate:0.00200000
Epoch: 2, Loss: 37.8730, Rmse_valid: 24.8738, valid_score: 85031.2, , rmse_test: 27.3078, score_test: 4758.5, Learning rate:0.00200000
Epoch: 3, Loss: 34.5925, Rmse_valid: 25.6242, valid_score: 103645.7, , rmse_test: 25.4616, score_test: 3238.0, Learning rate:0.00200000
Epoch: 4, Loss: 30.8216, Rmse_valid: 40.6947, valid_score: 926800.2, , rmse_test: 38.2012, score_test: 23598.0, Learning rate:0.00200000
Epoch: 5, Loss: 28.9753, Rmse_valid: 24.5561, valid_score: 55000.0, , rmse_test: 23.6410, score_test: 2395.6, Learning rate:0.00200000
Epoch: 6, Loss: 27.9550, Rmse_valid: 21.8386, valid_score: 65733.0, , rmse_test: 25.7729, score_test: 4062.5, Learning rate:0.00200000
Epoch: 7, Loss: 26.1736, Rmse_valid: 24.5967, valid_score: 247282.1, , rmse_test: 28.2476, score_test: 9469.1, Learning rate:0.00200000
Epoch: 8, Loss: 25.6015, Rmse_valid: 20.3663, valid_score: 49615.2, , rmse_test: 19.6140, score_test: 1625.4, Learning rate:0.00200000
Epoch: 9, Loss: 25.1076, Rmse_valid: 17.8137, valid_score: 34779.9, , rmse_test: 18.4005, score_test: 1521.9, Learning rate:0.00200000
Epoch: 10, Loss: 24.1954, Rmse_valid: 18.0376, valid_score: 31028.1, , rmse_test: 18.9441, score_test: 1561.5, Learning rate:0.00200000
Epoch: 11, Loss: 21.0386, Rmse_valid: 17.2899, valid_score: 37087.8, , rmse_test: 18.2552, score_test: 1386.6, Learning rate:0.00020000
Epoch: 12, Loss: 20.6943, Rmse_valid: 16.9735, valid_score: 45427.6, , rmse_test: 17.6433, score_test: 1302.3, Learning rate:0.00020000
Epoch: 13, Loss: 20.5024, Rmse_valid: 17.2327, valid_score: 57575.5, , rmse_test: 17.7548, score_test: 1313.0, Learning rate:0.00020000
Epoch: 14, Loss: 20.3254, Rmse_valid: 17.3465, valid_score: 52049.0, , rmse_test: 17.6793, score_test: 1238.2, Learning rate:0.00020000
Epoch: 15, Loss: 20.2551, Rmse_valid: 17.0164, valid_score: 70827.0, , rmse_test: 17.7675, score_test: 1310.1, Learning rate:0.00020000
Epoch: 16, Loss: 20.1581, Rmse_valid: 17.3359, valid_score: 69279.1, , rmse_test: 18.7141, score_test: 1545.2, Learning rate:0.00020000
Epoch: 17, Loss: 20.0463, Rmse_valid: 16.9448, valid_score: 64164.7, , rmse_test: 17.4890, score_test: 1263.2, Learning rate:0.00020000
Epoch: 18, Loss: 19.9885, Rmse_valid: 17.8929, valid_score: 105739.3, , rmse_test: 19.0679, score_test: 1468.9, Learning rate:0.00020000
Epoch: 19, Loss: 19.9215, Rmse_valid: 17.2808, valid_score: 108198.1, , rmse_test: 17.6791, score_test: 1301.8, Learning rate:0.00020000
Epoch: 20, Loss: 19.8530, Rmse_valid: 17.5990, valid_score: 116990.8, , rmse_test: 17.8813, score_test: 1283.6, Learning rate:0.00020000
Epoch: 21, Loss: 19.6543, Rmse_valid: 17.3389, valid_score: 103472.0, , rmse_test: 17.7867, score_test: 1281.8, Learning rate:0.00002000
Epoch: 22, Loss: 19.6167, Rmse_valid: 17.1727, valid_score: 104757.4, , rmse_test: 17.7537, score_test: 1284.7, Learning rate:0.00002000
Epoch: 23, Loss: 19.6086, Rmse_valid: 17.4063, valid_score: 112978.9, , rmse_test: 17.8608, score_test: 1293.6, Learning rate:0.00002000
Epoch: 24, Loss: 19.5859, Rmse_valid: 17.4330, valid_score: 114326.5, , rmse_test: 17.6943, score_test: 1271.1, Learning rate:0.00002000
Epoch: 25, Loss: 19.5802, Rmse_valid: 17.5078, valid_score: 110433.2, , rmse_test: 17.8633, score_test: 1295.4, Learning rate:0.00002000
Epoch: 26, Loss: 19.6201, Rmse_valid: 17.2352, valid_score: 112176.2, , rmse_test: 17.6790, score_test: 1268.2, Learning rate:0.00002000
Epoch: 27, Loss: 19.6000, Rmse_valid: 17.1646, valid_score: 106344.9, , rmse_test: 17.9760, score_test: 1320.2, Learning rate:0.00002000
Epoch: 28, Loss: 19.5948, Rmse_valid: 17.3091, valid_score: 117206.6, , rmse_test: 17.9150, score_test: 1303.5, Learning rate:0.00002000
Epoch: 29, Loss: 19.6012, Rmse_valid: 17.4553, valid_score: 111216.7, , rmse_test: 17.6500, score_test: 1278.0, Learning rate:0.00002000
Epoch: 30, Loss: 19.5823, Rmse_valid: 17.3131, valid_score: 104761.6, , rmse_test: 17.9490, score_test: 1298.6, Learning rate:0.00002000
[Train Summary] Restored best model from epoch 17, rmse_valid: 16.9448, valid_score: 64164.7, rmse_test: 17.4890, score_test: 1263.2
[Train Time] start: 2026-09-01 09:50:31, end: 2026-09-01 09:56:35, duration: 0:06:05, total_seconds: 364.70
[Auto Test] command: /usr/local/miniconda3/envs/HV/bin/python /Mamba_Rul/test_GAT_EDmamba/test_model.py --sub-dataset FD004 --smooth-rate 40 --sequence-len 30 --feature-num 14 --dataset-root /Mamba_Rul/CMAPSSData/ --max-rul 125 --batch-size 128 --model-path /Mamba_Rul/logs/FD004_1GAT_EDmamba_dstate_32/seed88/model_FD004_0901_095031_seed88.pkl
model_path:/Mamba_Rul/logs/FD004_1GAT_EDmamba_dstate_32/seed88/model_FD004_0901_095031_seed88.pkl
rmse_final:17.55084800720215, score:1249.1375732421875
