-----FD003-----
关键参数:
序列长度: 50
批大小(batch_size): 128
最大训练轮数(max_epochs): 30
随机数种子: 51
模型代号(model_code): GAT_EDmamba+50
模型结构(model_structure): mamba_mamba
学习率: 0.002
学习率调度器: step
Step步长(step_size): 10
Step衰减系数(gamma): 0.1
use_gat: True
gat_hidden_dim: 8
编码器: 2层Mamba
解码器: 2层Mamba
encoder_hidden_size: 16
mamba_num_layers: 2
mamba_d_state: 16
------------------------------
Epoch: 1, Loss: 27.0847, Rmse_valid: 21.7053, valid_score: 32240.8, , rmse_test: 23.7693, score_test: 3611.6, Learning rate:0.00200000
Epoch: 2, Loss: 17.7830, Rmse_valid: 13.6331, valid_score: 13837.9, , rmse_test: 18.9760, score_test: 1474.0, Learning rate:0.00200000
Epoch: 3, Loss: 15.4942, Rmse_valid: 12.9677, valid_score: 14392.4, , rmse_test: 16.1821, score_test: 976.2, Learning rate:0.00200000
Epoch: 4, Loss: 13.5327, Rmse_valid: 13.3957, valid_score: 7331.0, , rmse_test: 13.6410, score_test: 411.5, Learning rate:0.00200000
Epoch: 5, Loss: 12.8351, Rmse_valid: 10.2237, valid_score: 6730.2, , rmse_test: 14.9465, score_test: 681.5, Learning rate:0.00200000
Epoch: 6, Loss: 11.9923, Rmse_valid: 11.3291, valid_score: 9443.0, , rmse_test: 13.4978, score_test: 462.6, Learning rate:0.00200000
Epoch: 7, Loss: 11.6711, Rmse_valid: 9.7927, valid_score: 5720.2, , rmse_test: 14.1774, score_test: 670.6, Learning rate:0.00200000
Epoch: 8, Loss: 11.2751, Rmse_valid: 11.2330, valid_score: 8106.4, , rmse_test: 13.0819, score_test: 346.4, Learning rate:0.00200000
Epoch: 9, Loss: 10.8061, Rmse_valid: 10.0506, valid_score: 6953.2, , rmse_test: 14.1883, score_test: 585.7, Learning rate:0.00200000
Epoch: 10, Loss: 10.7109, Rmse_valid: 8.9635, valid_score: 4701.4, , rmse_test: 12.8024, score_test: 384.0, Learning rate:0.00200000
Epoch: 11, Loss: 8.8782, Rmse_valid: 9.1572, valid_score: 5206.2, , rmse_test: 12.7216, score_test: 390.2, Learning rate:0.00020000
Epoch: 12, Loss: 8.7023, Rmse_valid: 9.1952, valid_score: 5831.7, , rmse_test: 12.8193, score_test: 387.5, Learning rate:0.00020000
Epoch: 13, Loss: 8.6317, Rmse_valid: 8.9639, valid_score: 5092.4, , rmse_test: 12.8118, score_test: 411.6, Learning rate:0.00020000
Epoch: 14, Loss: 8.5256, Rmse_valid: 9.1267, valid_score: 4920.7, , rmse_test: 12.6894, score_test: 339.9, Learning rate:0.00020000
Epoch: 15, Loss: 8.4248, Rmse_valid: 9.0195, valid_score: 5080.3, , rmse_test: 12.7607, score_test: 381.6, Learning rate:0.00020000
Epoch: 16, Loss: 8.3548, Rmse_valid: 9.1174, valid_score: 5077.6, , rmse_test: 12.5209, score_test: 338.6, Learning rate:0.00020000
Epoch: 17, Loss: 8.2545, Rmse_valid: 9.0981, valid_score: 4736.8, , rmse_test: 12.6201, score_test: 362.8, Learning rate:0.00020000
Epoch: 18, Loss: 8.1761, Rmse_valid: 8.8670, valid_score: 5113.4, , rmse_test: 12.7780, score_test: 368.5, Learning rate:0.00020000
Epoch: 19, Loss: 8.0435, Rmse_valid: 8.9883, valid_score: 4574.8, , rmse_test: 12.5118, score_test: 345.6, Learning rate:0.00020000
Epoch: 20, Loss: 7.9837, Rmse_valid: 9.3603, valid_score: 5323.4, , rmse_test: 12.5876, score_test: 330.8, Learning rate:0.00020000
Epoch: 21, Loss: 7.8265, Rmse_valid: 9.1069, valid_score: 4985.8, , rmse_test: 12.6346, score_test: 351.7, Learning rate:0.00002000
Epoch: 22, Loss: 7.7992, Rmse_valid: 9.2146, valid_score: 5039.1, , rmse_test: 12.6253, score_test: 362.1, Learning rate:0.00002000
Epoch: 23, Loss: 7.8075, Rmse_valid: 9.0242, valid_score: 4862.5, , rmse_test: 12.6412, score_test: 356.2, Learning rate:0.00002000
Epoch: 24, Loss: 7.7031, Rmse_valid: 9.1377, valid_score: 5010.2, , rmse_test: 12.7016, score_test: 367.9, Learning rate:0.00002000
Epoch: 25, Loss: 7.7759, Rmse_valid: 9.0830, valid_score: 4936.7, , rmse_test: 12.7152, score_test: 368.8, Learning rate:0.00002000
Epoch: 26, Loss: 7.7563, Rmse_valid: 9.1478, valid_score: 4969.5, , rmse_test: 12.7238, score_test: 364.9, Learning rate:0.00002000
Epoch: 27, Loss: 7.7144, Rmse_valid: 9.1433, valid_score: 5019.4, , rmse_test: 12.7341, score_test: 368.7, Learning rate:0.00002000
Epoch: 28, Loss: 7.7416, Rmse_valid: 9.0760, valid_score: 4983.0, , rmse_test: 12.7337, score_test: 367.7, Learning rate:0.00002000
Epoch: 29, Loss: 7.7079, Rmse_valid: 9.0189, valid_score: 4874.9, , rmse_test: 12.6920, score_test: 367.1, Learning rate:0.00002000
Epoch: 30, Loss: 7.6888, Rmse_valid: 9.0629, valid_score: 4891.9, , rmse_test: 12.7023, score_test: 369.3, Learning rate:0.00002000
[Train Summary] Restored best model from epoch 18, rmse_valid: 8.8670, valid_score: 5113.4, rmse_test: 12.7780, score_test: 368.5
[Train Time] start: 2026-07-23 03:47:57, end: 2026-07-23 03:52:03, duration: 0:04:06, total_seconds: 245.85
[Auto Test] command: /usr/local/miniconda3/envs/HV/bin/python /Mamba_Rul/test_GAT_EDmamba/test_model.py --sub-dataset FD003 --smooth-rate 30 --sequence-len 50 --feature-num 14 --dataset-root /Mamba_Rul/CMAPSSData/ --max-rul 125 --batch-size 128 --model-path /Mamba_Rul/logs/FD003_GAT_EDmamba+50/seed51/model_FD003_0723_034757_seed51.pkl
model_path:/Mamba_Rul/logs/FD003_GAT_EDmamba+50/seed51/model_FD003_0723_034757_seed51.pkl
rmse_final:12.649110794067383, score:350.7393798828125
