-----FD001-----
关键参数:
序列长度: 30
批大小(batch_size): 128
最大训练轮数(max_epochs): 30
随机数种子: 30
模型代号(model_code): 1GAT_EDmamba_dstate_8
模型结构(model_structure): mamba_mamba
学习率: 0.002
学习率调度器: step
Step步长(step_size): 10
Step衰减系数(gamma): 0.1
use_gat: True
gat_hidden_dim: 8
编码器: 2层Mamba
解码器: 2层Mamba
mamba_d_model: 4
mamba_num_layers: 2
mamba_d_state: 8
训练损失: AdaptiveAsymmetricMSELoss
asym_alpha: 1.5
asym_gamma: 2.0
asym_delta: 0.9
focus_threshold: 35.0
cap_threshold: 125.0
------------------------------
Epoch: 1, Loss: 30.4022, Rmse_valid: 27.9891, valid_score: 39504.8, , rmse_test: 20.9512, score_test: 828.0, Learning rate:0.00200000
Epoch: 2, Loss: 23.0040, Rmse_valid: 15.5058, valid_score: 5086.0, , rmse_test: 15.6250, score_test: 325.6, Learning rate:0.00200000
Epoch: 3, Loss: 19.3595, Rmse_valid: 14.7943, valid_score: 5093.3, , rmse_test: 15.3928, score_test: 362.7, Learning rate:0.00200000
Epoch: 4, Loss: 18.2201, Rmse_valid: 13.6322, valid_score: 4285.7, , rmse_test: 15.3179, score_test: 320.7, Learning rate:0.00200000
Epoch: 5, Loss: 17.4417, Rmse_valid: 19.1352, valid_score: 7323.2, , rmse_test: 19.6782, score_test: 526.8, Learning rate:0.00200000
Epoch: 6, Loss: 16.9827, Rmse_valid: 12.4415, valid_score: 3629.6, , rmse_test: 14.3198, score_test: 275.9, Learning rate:0.00200000
Epoch: 7, Loss: 16.4193, Rmse_valid: 14.5018, valid_score: 5039.8, , rmse_test: 17.1423, score_test: 406.3, Learning rate:0.00200000
Epoch: 8, Loss: 15.9579, Rmse_valid: 11.1033, valid_score: 3595.9, , rmse_test: 14.5760, score_test: 547.7, Learning rate:0.00200000
Epoch: 9, Loss: 15.6058, Rmse_valid: 10.6466, valid_score: 3102.0, , rmse_test: 13.2885, score_test: 323.8, Learning rate:0.00200000
Epoch: 10, Loss: 15.1586, Rmse_valid: 11.3114, valid_score: 3029.8, , rmse_test: 13.9722, score_test: 275.6, Learning rate:0.00200000
Epoch: 11, Loss: 14.1273, Rmse_valid: 10.4773, valid_score: 2792.0, , rmse_test: 13.3140, score_test: 265.2, Learning rate:0.00020000
Epoch: 12, Loss: 13.9974, Rmse_valid: 10.9941, valid_score: 2848.7, , rmse_test: 13.4031, score_test: 275.6, Learning rate:0.00020000
Epoch: 13, Loss: 13.9666, Rmse_valid: 11.1148, valid_score: 2932.3, , rmse_test: 13.4256, score_test: 276.0, Learning rate:0.00020000
Epoch: 14, Loss: 13.9146, Rmse_valid: 10.9503, valid_score: 2787.8, , rmse_test: 13.4195, score_test: 270.6, Learning rate:0.00020000
Epoch: 15, Loss: 13.8724, Rmse_valid: 10.6900, valid_score: 2824.5, , rmse_test: 13.4427, score_test: 261.9, Learning rate:0.00020000
Epoch: 16, Loss: 13.9022, Rmse_valid: 10.6623, valid_score: 2937.5, , rmse_test: 13.4534, score_test: 275.0, Learning rate:0.00020000
Epoch: 17, Loss: 13.8479, Rmse_valid: 10.9385, valid_score: 2901.1, , rmse_test: 13.6557, score_test: 283.9, Learning rate:0.00020000
Epoch: 18, Loss: 13.8038, Rmse_valid: 11.3174, valid_score: 3049.0, , rmse_test: 13.6668, score_test: 278.0, Learning rate:0.00020000
Epoch: 19, Loss: 13.7142, Rmse_valid: 11.1719, valid_score: 2828.9, , rmse_test: 13.5413, score_test: 258.7, Learning rate:0.00020000
Epoch: 20, Loss: 13.7216, Rmse_valid: 11.0114, valid_score: 2956.9, , rmse_test: 13.7918, score_test: 266.6, Learning rate:0.00020000
Epoch: 21, Loss: 13.6802, Rmse_valid: 10.9964, valid_score: 2914.9, , rmse_test: 13.7403, score_test: 279.6, Learning rate:0.00002000
Epoch: 22, Loss: 13.6818, Rmse_valid: 11.1818, valid_score: 2906.8, , rmse_test: 13.7006, score_test: 274.0, Learning rate:0.00002000
Epoch: 23, Loss: 13.6845, Rmse_valid: 11.3618, valid_score: 2880.9, , rmse_test: 13.6680, score_test: 279.0, Learning rate:0.00002000
Epoch: 24, Loss: 13.6021, Rmse_valid: 10.8769, valid_score: 2899.7, , rmse_test: 13.6691, score_test: 275.8, Learning rate:0.00002000
Epoch: 25, Loss: 13.6851, Rmse_valid: 11.2328, valid_score: 2909.7, , rmse_test: 13.6637, score_test: 278.3, Learning rate:0.00002000
Epoch: 26, Loss: 13.6162, Rmse_valid: 11.2297, valid_score: 2881.9, , rmse_test: 13.6513, score_test: 276.4, Learning rate:0.00002000
Epoch: 27, Loss: 13.6830, Rmse_valid: 10.8214, valid_score: 2892.8, , rmse_test: 13.6594, score_test: 276.3, Learning rate:0.00002000
Epoch: 28, Loss: 13.5539, Rmse_valid: 10.8915, valid_score: 2906.0, , rmse_test: 13.6798, score_test: 278.4, Learning rate:0.00002000
Epoch: 29, Loss: 13.5612, Rmse_valid: 10.8515, valid_score: 2910.7, , rmse_test: 13.6799, score_test: 280.2, Learning rate:0.00002000
Epoch: 30, Loss: 13.5642, Rmse_valid: 10.9514, valid_score: 2918.2, , rmse_test: 13.6901, score_test: 279.6, Learning rate:0.00002000
[Train Summary] Restored best model from epoch 11, rmse_valid: 10.4773, valid_score: 2792.0, rmse_test: 13.3140, score_test: 265.2
[Train Time] start: 2026-08-28 05:18:12, end: 2026-08-28 05:21:30, duration: 0:03:18, total_seconds: 197.51
[Auto Test] command: /usr/local/miniconda3/envs/HV/bin/python /Mamba_Rul/test_GAT_EDmamba/test_model.py --sub-dataset FD001 --smooth-rate 30 --sequence-len 30 --feature-num 14 --dataset-root /Mamba_Rul/CMAPSSData/ --max-rul 125 --batch-size 128 --model-path /Mamba_Rul/logs/FD001_1GAT_EDmamba_dstate_8/seed30/model_FD001_0828_051812_seed30.pkl
model_path:/Mamba_Rul/logs/FD001_1GAT_EDmamba_dstate_8/seed30/model_FD001_0828_051812_seed30.pkl
rmse_final:13.367498397827148, score:261.020263671875
