-----FD003-----
关键参数:
序列长度: 30
批大小(batch_size): 128
最大训练轮数(max_epochs): 30
随机数种子: 33
模型代号(model_code): GAT_EDmamba4_dmodel_8
模型结构(model_structure): mamba_mamba
学习率: 0.002
学习率调度器: step
Step步长(step_size): 10
Step衰减系数(gamma): 0.1
use_gat: True
gat_hidden_dim: 8
编码器: 2层Mamba
解码器: 2层Mamba
mamba_d_model: 8
mamba_num_layers: 2
mamba_d_state: 16
训练损失: AdaptiveAsymmetricMSELoss
asym_alpha: 3.5
asym_gamma: 5.0
asym_delta: 0.9
focus_threshold: 35.0
cap_threshold: 125.0
------------------------------
Epoch: 1, Loss: 37.3379, Rmse_valid: 24.5308, valid_score: 45889.0, , rmse_test: 24.3042, score_test: 1856.9, Learning rate:0.00200000
Epoch: 2, Loss: 26.2788, Rmse_valid: 19.9959, valid_score: 18416.3, , rmse_test: 18.6483, score_test: 820.7, Learning rate:0.00200000
Epoch: 3, Loss: 22.8086, Rmse_valid: 16.5423, valid_score: 10661.1, , rmse_test: 16.2469, score_test: 652.9, Learning rate:0.00200000
Epoch: 4, Loss: 21.0245, Rmse_valid: 16.2763, valid_score: 10138.2, , rmse_test: 16.8093, score_test: 571.9, Learning rate:0.00200000
Epoch: 5, Loss: 19.8045, Rmse_valid: 19.9031, valid_score: 14290.8, , rmse_test: 18.8799, score_test: 601.8, Learning rate:0.00200000
Epoch: 6, Loss: 18.7873, Rmse_valid: 14.9686, valid_score: 7204.8, , rmse_test: 15.2105, score_test: 425.0, Learning rate:0.00200000
Epoch: 7, Loss: 18.4319, Rmse_valid: 13.3789, valid_score: 5798.7, , rmse_test: 14.4252, score_test: 371.0, Learning rate:0.00200000
Epoch: 8, Loss: 17.6530, Rmse_valid: 12.5680, valid_score: 5183.6, , rmse_test: 14.0103, score_test: 343.6, Learning rate:0.00200000
Epoch: 9, Loss: 17.4243, Rmse_valid: 13.3328, valid_score: 5672.7, , rmse_test: 13.6613, score_test: 282.2, Learning rate:0.00200000
Epoch: 10, Loss: 16.6810, Rmse_valid: 11.9803, valid_score: 4624.3, , rmse_test: 13.7649, score_test: 349.9, Learning rate:0.00200000
Epoch: 11, Loss: 14.8281, Rmse_valid: 12.2440, valid_score: 4857.8, , rmse_test: 13.8516, score_test: 292.9, Learning rate:0.00020000
Epoch: 12, Loss: 14.6769, Rmse_valid: 11.9396, valid_score: 4663.0, , rmse_test: 13.5507, score_test: 289.6, Learning rate:0.00020000
Epoch: 13, Loss: 14.5816, Rmse_valid: 11.9570, valid_score: 4630.6, , rmse_test: 13.6881, score_test: 286.1, Learning rate:0.00020000
Epoch: 14, Loss: 14.5362, Rmse_valid: 12.0481, valid_score: 4707.0, , rmse_test: 13.5146, score_test: 283.2, Learning rate:0.00020000
Epoch: 15, Loss: 14.4927, Rmse_valid: 11.8327, valid_score: 4558.0, , rmse_test: 13.4636, score_test: 275.9, Learning rate:0.00020000
Epoch: 16, Loss: 14.4114, Rmse_valid: 11.7115, valid_score: 4426.0, , rmse_test: 13.7314, score_test: 299.8, Learning rate:0.00020000
Epoch: 17, Loss: 14.2790, Rmse_valid: 11.6665, valid_score: 4485.1, , rmse_test: 13.7045, score_test: 299.0, Learning rate:0.00020000
Epoch: 18, Loss: 14.2051, Rmse_valid: 11.2654, valid_score: 4276.2, , rmse_test: 13.4963, score_test: 296.1, Learning rate:0.00020000
Epoch: 19, Loss: 14.2253, Rmse_valid: 11.7223, valid_score: 4523.3, , rmse_test: 13.4820, score_test: 281.8, Learning rate:0.00020000
Epoch: 20, Loss: 14.1705, Rmse_valid: 10.9930, valid_score: 4114.0, , rmse_test: 13.4250, score_test: 297.4, Learning rate:0.00020000
Epoch: 21, Loss: 14.0397, Rmse_valid: 11.5610, valid_score: 4357.4, , rmse_test: 13.5666, score_test: 287.8, Learning rate:0.00002000
Epoch: 22, Loss: 14.0027, Rmse_valid: 11.6175, valid_score: 4346.1, , rmse_test: 13.4935, score_test: 285.7, Learning rate:0.00002000
Epoch: 23, Loss: 13.9917, Rmse_valid: 11.5450, valid_score: 4353.3, , rmse_test: 13.5080, score_test: 286.6, Learning rate:0.00002000
Epoch: 24, Loss: 13.9606, Rmse_valid: 11.4760, valid_score: 4290.9, , rmse_test: 13.4652, score_test: 287.0, Learning rate:0.00002000
Epoch: 25, Loss: 13.9289, Rmse_valid: 11.3607, valid_score: 4245.8, , rmse_test: 13.4660, score_test: 287.4, Learning rate:0.00002000
Epoch: 26, Loss: 14.0093, Rmse_valid: 11.3958, valid_score: 4260.9, , rmse_test: 13.4753, score_test: 286.9, Learning rate:0.00002000
Epoch: 27, Loss: 13.9543, Rmse_valid: 11.3444, valid_score: 4267.4, , rmse_test: 13.4695, score_test: 289.0, Learning rate:0.00002000
Epoch: 28, Loss: 13.9273, Rmse_valid: 11.4458, valid_score: 4294.2, , rmse_test: 13.4790, score_test: 287.4, Learning rate:0.00002000
Epoch: 29, Loss: 13.9340, Rmse_valid: 11.4434, valid_score: 4290.3, , rmse_test: 13.4946, score_test: 285.8, Learning rate:0.00002000
Epoch: 30, Loss: 14.0251, Rmse_valid: 11.3797, valid_score: 4252.4, , rmse_test: 13.4518, score_test: 286.2, Learning rate:0.00002000
[Train Summary] Restored best model from epoch 20, rmse_valid: 10.9930, valid_score: 4114.0, rmse_test: 13.4250, score_test: 297.4
[Train Time] start: 2026-08-25 03:26:57, end: 2026-08-25 03:30:51, duration: 0:03:54, total_seconds: 234.31
[Auto Test] command: /usr/local/miniconda3/envs/HV/bin/python /Mamba_Rul/test_GAT_EDmamba/test_model.py --sub-dataset FD003 --smooth-rate 30 --sequence-len 30 --feature-num 14 --dataset-root /Mamba_Rul/CMAPSSData/ --max-rul 125 --batch-size 128 --model-path /Mamba_Rul/logs/FD003_GAT_EDmamba4_dmodel_8/seed33/model_FD003_0825_032657_seed33.pkl
model_path:/Mamba_Rul/logs/FD003_GAT_EDmamba4_dmodel_8/seed33/model_FD003_0825_032657_seed33.pkl
rmse_final:13.562448501586914, score:295.298828125
