-----FD003-----
关键参数:
序列长度: 30
批大小(batch_size): 128
最大训练轮数(max_epochs): 30
随机数种子: 97
模型代号(model_code): 1GAT_EDmamba_dstate_64
模型结构(model_structure): mamba_mamba
学习率: 0.002
学习率调度器: step
Step步长(step_size): 10
Step衰减系数(gamma): 0.1
use_gat: True
gat_hidden_dim: 8
编码器: 2层Mamba
解码器: 2层Mamba
mamba_d_model: 32
mamba_num_layers: 2
mamba_d_state: 64
训练损失: AdaptiveAsymmetricMSELoss
asym_alpha: 3.5
asym_gamma: 5.0
asym_delta: 0.9
focus_threshold: 35.0
cap_threshold: 125.0
------------------------------
Epoch: 1, Loss: 41.1380, Rmse_valid: 22.2497, valid_score: 40188.3, , rmse_test: 21.5529, score_test: 1767.0, Learning rate:0.00200000
Epoch: 2, Loss: 27.1781, Rmse_valid: 14.3621, valid_score: 8682.4, , rmse_test: 16.0384, score_test: 510.5, Learning rate:0.00200000
Epoch: 3, Loss: 23.5878, Rmse_valid: 17.1754, valid_score: 10818.7, , rmse_test: 15.4025, score_test: 548.3, Learning rate:0.00200000
Epoch: 4, Loss: 19.9471, Rmse_valid: 17.6836, valid_score: 9599.2, , rmse_test: 14.5508, score_test: 271.5, Learning rate:0.00200000
Epoch: 5, Loss: 22.8692, Rmse_valid: 15.0813, valid_score: 13618.3, , rmse_test: 19.3360, score_test: 1805.8, Learning rate:0.00200000
Epoch: 6, Loss: 18.9656, Rmse_valid: 20.2461, valid_score: 21506.4, , rmse_test: 16.6367, score_test: 860.3, Learning rate:0.00200000
Epoch: 7, Loss: 17.8640, Rmse_valid: 13.5714, valid_score: 6495.5, , rmse_test: 15.9325, score_test: 408.6, Learning rate:0.00200000
Epoch: 8, Loss: 17.0588, Rmse_valid: 14.1984, valid_score: 6444.6, , rmse_test: 13.9350, score_test: 429.2, Learning rate:0.00200000
Epoch: 9, Loss: 17.3454, Rmse_valid: 16.0551, valid_score: 8246.5, , rmse_test: 14.8149, score_test: 358.3, Learning rate:0.00200000
Epoch: 10, Loss: 16.4316, Rmse_valid: 10.0304, valid_score: 4078.2, , rmse_test: 13.2251, score_test: 345.5, Learning rate:0.00200000
Epoch: 11, Loss: 12.9750, Rmse_valid: 11.5768, valid_score: 4771.5, , rmse_test: 12.7523, score_test: 248.4, Learning rate:0.00020000
Epoch: 12, Loss: 12.6435, Rmse_valid: 10.5866, valid_score: 4138.5, , rmse_test: 12.5353, score_test: 222.8, Learning rate:0.00020000
Epoch: 13, Loss: 12.4124, Rmse_valid: 11.2182, valid_score: 4651.3, , rmse_test: 12.8348, score_test: 229.8, Learning rate:0.00020000
Epoch: 14, Loss: 12.1816, Rmse_valid: 10.3946, valid_score: 4090.2, , rmse_test: 12.4515, score_test: 227.4, Learning rate:0.00020000
Epoch: 15, Loss: 12.0432, Rmse_valid: 11.3335, valid_score: 4813.2, , rmse_test: 13.0239, score_test: 233.5, Learning rate:0.00020000
Epoch: 16, Loss: 11.8691, Rmse_valid: 10.2575, valid_score: 4018.5, , rmse_test: 12.7172, score_test: 218.6, Learning rate:0.00020000
Epoch: 17, Loss: 11.7393, Rmse_valid: 10.5339, valid_score: 4098.6, , rmse_test: 12.7832, score_test: 221.2, Learning rate:0.00020000
Epoch: 18, Loss: 11.5702, Rmse_valid: 11.4189, valid_score: 4687.3, , rmse_test: 12.5380, score_test: 228.9, Learning rate:0.00020000
Epoch: 19, Loss: 11.4299, Rmse_valid: 10.4364, valid_score: 3901.0, , rmse_test: 12.7244, score_test: 234.7, Learning rate:0.00020000
Epoch: 20, Loss: 11.2685, Rmse_valid: 10.1722, valid_score: 3977.8, , rmse_test: 12.8665, score_test: 230.7, Learning rate:0.00020000
Epoch: 21, Loss: 10.9896, Rmse_valid: 10.4345, valid_score: 4128.5, , rmse_test: 12.7495, score_test: 232.2, Learning rate:0.00002000
Epoch: 22, Loss: 10.9383, Rmse_valid: 10.1427, valid_score: 4056.6, , rmse_test: 12.7023, score_test: 236.0, Learning rate:0.00002000
Epoch: 23, Loss: 10.8947, Rmse_valid: 10.3386, valid_score: 4089.3, , rmse_test: 12.7077, score_test: 233.9, Learning rate:0.00002000
Epoch: 24, Loss: 10.9295, Rmse_valid: 10.2238, valid_score: 4061.4, , rmse_test: 12.7296, score_test: 230.5, Learning rate:0.00002000
Epoch: 25, Loss: 10.9183, Rmse_valid: 10.2223, valid_score: 4064.9, , rmse_test: 12.6958, score_test: 232.8, Learning rate:0.00002000
Epoch: 26, Loss: 10.8752, Rmse_valid: 10.1524, valid_score: 4026.6, , rmse_test: 12.7206, score_test: 234.0, Learning rate:0.00002000
Epoch: 27, Loss: 10.9082, Rmse_valid: 10.3358, valid_score: 4157.2, , rmse_test: 12.7415, score_test: 234.2, Learning rate:0.00002000
Epoch: 28, Loss: 10.8546, Rmse_valid: 10.3567, valid_score: 4192.8, , rmse_test: 12.7427, score_test: 235.8, Learning rate:0.00002000
Epoch: 29, Loss: 10.8348, Rmse_valid: 10.3390, valid_score: 4159.9, , rmse_test: 12.7490, score_test: 234.5, Learning rate:0.00002000
Epoch: 30, Loss: 10.8263, Rmse_valid: 10.4349, valid_score: 4131.6, , rmse_test: 12.7063, score_test: 233.6, Learning rate:0.00002000
[Train Summary] Restored best model from epoch 10, rmse_valid: 10.0304, valid_score: 4078.2, rmse_test: 13.2251, score_test: 345.5
[Train Time] start: 2026-08-28 15:10:14, end: 2026-08-28 15:14:14, duration: 0:04:00, total_seconds: 239.91
[Auto Test] command: /usr/local/miniconda3/envs/HV/bin/python /Mamba_Rul/test_GAT_EDmamba/test_model.py --sub-dataset FD003 --smooth-rate 30 --sequence-len 30 --feature-num 14 --dataset-root /Mamba_Rul/CMAPSSData/ --max-rul 125 --batch-size 128 --model-path /Mamba_Rul/logs/FD003_1GAT_EDmamba_dstate_64/seed97/model_FD003_0828_151014_seed97.pkl
model_path:/Mamba_Rul/logs/FD003_1GAT_EDmamba_dstate_64/seed97/model_FD003_0828_151014_seed97.pkl
rmse_final:13.143439292907715, score:329.33709716796875
