-----FD003-----
关键参数:
序列长度: 30
批大小(batch_size): 128
最大训练轮数(max_epochs): 30
随机数种子: 30
模型代号(model_code): GAT_EDmamba4_dmodel_16
模型结构(model_structure): mamba_mamba
学习率: 0.002
学习率调度器: step
Step步长(step_size): 10
Step衰减系数(gamma): 0.1
use_gat: True
gat_hidden_dim: 8
编码器: 2层Mamba
解码器: 2层Mamba
mamba_d_model: 16
mamba_num_layers: 2
mamba_d_state: 16
训练损失: AdaptiveAsymmetricMSELoss
asym_alpha: 3.5
asym_gamma: 5.0
asym_delta: 0.9
focus_threshold: 35.0
cap_threshold: 125.0
------------------------------
Epoch: 1, Loss: 50.7417, Rmse_valid: 31.0900, valid_score: 84853.7, , rmse_test: 26.7853, score_test: 2061.0, Learning rate:0.00200000
Epoch: 2, Loss: 29.2454, Rmse_valid: 27.3644, valid_score: 30984.9, , rmse_test: 22.0135, score_test: 819.1, Learning rate:0.00200000
Epoch: 3, Loss: 27.3336, Rmse_valid: 26.3388, valid_score: 31102.4, , rmse_test: 21.4097, score_test: 900.9, Learning rate:0.00200000
Epoch: 4, Loss: 24.4321, Rmse_valid: 21.4481, valid_score: 15022.8, , rmse_test: 17.9206, score_test: 576.9, Learning rate:0.00200000
Epoch: 5, Loss: 22.5265, Rmse_valid: 15.0536, valid_score: 7558.8, , rmse_test: 18.4485, score_test: 1251.9, Learning rate:0.00200000
Epoch: 6, Loss: 20.9678, Rmse_valid: 18.1477, valid_score: 10565.7, , rmse_test: 16.0460, score_test: 691.9, Learning rate:0.00200000
Epoch: 7, Loss: 19.9299, Rmse_valid: 16.7888, valid_score: 8844.9, , rmse_test: 15.4710, score_test: 495.8, Learning rate:0.00200000
Epoch: 8, Loss: 19.1442, Rmse_valid: 16.3136, valid_score: 8992.8, , rmse_test: 16.3278, score_test: 517.0, Learning rate:0.00200000
Epoch: 9, Loss: 18.5890, Rmse_valid: 12.8448, valid_score: 5174.2, , rmse_test: 13.8016, score_test: 423.3, Learning rate:0.00200000
Epoch: 10, Loss: 18.5271, Rmse_valid: 14.1497, valid_score: 6832.9, , rmse_test: 15.2044, score_test: 600.0, Learning rate:0.00200000
Epoch: 11, Loss: 15.0115, Rmse_valid: 11.9932, valid_score: 4599.4, , rmse_test: 13.6422, score_test: 345.5, Learning rate:0.00020000
Epoch: 12, Loss: 14.6481, Rmse_valid: 11.4940, valid_score: 4206.8, , rmse_test: 13.3873, score_test: 349.3, Learning rate:0.00020000
Epoch: 13, Loss: 14.4612, Rmse_valid: 11.8141, valid_score: 4374.4, , rmse_test: 13.4614, score_test: 321.6, Learning rate:0.00020000
Epoch: 14, Loss: 14.2248, Rmse_valid: 11.8003, valid_score: 4417.4, , rmse_test: 13.3596, score_test: 308.9, Learning rate:0.00020000
Epoch: 15, Loss: 14.0646, Rmse_valid: 12.3083, valid_score: 4662.7, , rmse_test: 13.5642, score_test: 317.6, Learning rate:0.00020000
Epoch: 16, Loss: 13.9292, Rmse_valid: 11.0591, valid_score: 3919.6, , rmse_test: 13.1861, score_test: 319.4, Learning rate:0.00020000
Epoch: 17, Loss: 13.7642, Rmse_valid: 11.4715, valid_score: 4205.3, , rmse_test: 13.2509, score_test: 324.2, Learning rate:0.00020000
Epoch: 18, Loss: 13.6433, Rmse_valid: 11.0538, valid_score: 3968.1, , rmse_test: 13.0989, score_test: 307.0, Learning rate:0.00020000
Epoch: 19, Loss: 13.5534, Rmse_valid: 11.2477, valid_score: 4009.9, , rmse_test: 13.1326, score_test: 347.8, Learning rate:0.00020000
Epoch: 20, Loss: 13.5129, Rmse_valid: 11.2665, valid_score: 4002.1, , rmse_test: 13.1816, score_test: 326.3, Learning rate:0.00020000
Epoch: 21, Loss: 13.2583, Rmse_valid: 10.8904, valid_score: 3826.8, , rmse_test: 13.0619, score_test: 325.0, Learning rate:0.00002000
Epoch: 22, Loss: 13.2150, Rmse_valid: 10.9168, valid_score: 3847.5, , rmse_test: 13.0292, score_test: 320.3, Learning rate:0.00002000
Epoch: 23, Loss: 13.2013, Rmse_valid: 10.9020, valid_score: 3828.1, , rmse_test: 13.0183, score_test: 323.8, Learning rate:0.00002000
Epoch: 24, Loss: 13.1493, Rmse_valid: 10.9183, valid_score: 3821.9, , rmse_test: 13.0090, score_test: 315.7, Learning rate:0.00002000
Epoch: 25, Loss: 13.1316, Rmse_valid: 11.0560, valid_score: 3900.6, , rmse_test: 13.0098, score_test: 311.8, Learning rate:0.00002000
Epoch: 26, Loss: 13.1075, Rmse_valid: 10.8152, valid_score: 3798.2, , rmse_test: 12.9766, score_test: 325.4, Learning rate:0.00002000
Epoch: 27, Loss: 13.1426, Rmse_valid: 10.9496, valid_score: 3843.2, , rmse_test: 13.0003, score_test: 317.0, Learning rate:0.00002000
Epoch: 28, Loss: 13.1153, Rmse_valid: 10.9498, valid_score: 3846.8, , rmse_test: 12.9576, score_test: 318.9, Learning rate:0.00002000
Epoch: 29, Loss: 13.1209, Rmse_valid: 10.8600, valid_score: 3798.0, , rmse_test: 13.0144, score_test: 320.7, Learning rate:0.00002000
Epoch: 30, Loss: 13.0936, Rmse_valid: 10.8585, valid_score: 3824.3, , rmse_test: 12.9742, score_test: 319.6, Learning rate:0.00002000
[Train Summary] Restored best model from epoch 26, rmse_valid: 10.8152, valid_score: 3798.2, rmse_test: 12.9766, score_test: 325.4
[Train Time] start: 2026-08-25 04:06:17, end: 2026-08-25 04:10:17, duration: 0:04:00, total_seconds: 239.97
[Auto Test] command: /usr/local/miniconda3/envs/HV/bin/python /Mamba_Rul/test_GAT_EDmamba/test_model.py --sub-dataset FD003 --smooth-rate 30 --sequence-len 30 --feature-num 14 --dataset-root /Mamba_Rul/CMAPSSData/ --max-rul 125 --batch-size 128 --model-path /Mamba_Rul/logs/FD003_GAT_EDmamba4_dmodel_16/seed30/model_FD003_0825_040617_seed30.pkl
model_path:/Mamba_Rul/logs/FD003_GAT_EDmamba4_dmodel_16/seed30/model_FD003_0825_040617_seed30.pkl
rmse_final:12.988842010498047, score:315.18695068359375
