-----FD001-----
关键参数:
序列长度: 30
批大小(batch_size): 128
最大训练轮数(max_epochs): 30
随机数种子: 62
模型代号(model_code): GAT_EDmamba_12
模型结构(model_structure): mamba_mamba
学习率: 0.002
学习率调度器: step
Step步长(step_size): 10
Step衰减系数(gamma): 0.1
use_gat: True
gat_hidden_dim: 8
编码器: 2层Mamba
解码器: 2层Mamba
encoder_hidden_size: 12
mamba_num_layers: 2
mamba_d_state: 16
训练损失: AdaptiveAsymmetricMSELoss
asym_alpha: 1.5
asym_gamma: 2.0
asym_delta: 0.9
focus_threshold: 35.0
cap_threshold: 125.0
------------------------------
Epoch: 1, Loss: 30.0314, Rmse_valid: 18.4888, valid_score: 9240.2, , rmse_test: 18.1094, score_test: 1063.2, Learning rate:0.00200000
Epoch: 2, Loss: 20.0513, Rmse_valid: 13.5856, valid_score: 5201.1, , rmse_test: 14.0714, score_test: 321.2, Learning rate:0.00200000
Epoch: 3, Loss: 17.6440, Rmse_valid: 12.9441, valid_score: 4268.6, , rmse_test: 14.7173, score_test: 321.0, Learning rate:0.00200000
Epoch: 4, Loss: 16.7729, Rmse_valid: 14.6756, valid_score: 4406.8, , rmse_test: 14.4192, score_test: 266.9, Learning rate:0.00200000
Epoch: 5, Loss: 15.9440, Rmse_valid: 12.0732, valid_score: 3470.7, , rmse_test: 13.8116, score_test: 291.0, Learning rate:0.00200000
Epoch: 6, Loss: 15.4523, Rmse_valid: 11.3928, valid_score: 3606.2, , rmse_test: 13.6463, score_test: 311.0, Learning rate:0.00200000
Epoch: 7, Loss: 15.0456, Rmse_valid: 14.7505, valid_score: 4659.9, , rmse_test: 16.6863, score_test: 343.3, Learning rate:0.00200000
Epoch: 8, Loss: 14.5798, Rmse_valid: 13.0318, valid_score: 3833.1, , rmse_test: 14.7839, score_test: 285.4, Learning rate:0.00200000
Epoch: 9, Loss: 14.3763, Rmse_valid: 13.1859, valid_score: 4225.8, , rmse_test: 15.3948, score_test: 312.9, Learning rate:0.00200000
Epoch: 10, Loss: 13.9909, Rmse_valid: 13.1641, valid_score: 5722.5, , rmse_test: 14.9881, score_test: 497.5, Learning rate:0.00200000
Epoch: 11, Loss: 12.7740, Rmse_valid: 12.3412, valid_score: 4164.5, , rmse_test: 14.7675, score_test: 349.3, Learning rate:0.00020000
Epoch: 12, Loss: 12.5582, Rmse_valid: 12.1160, valid_score: 4083.0, , rmse_test: 14.9572, score_test: 368.5, Learning rate:0.00020000
Epoch: 13, Loss: 12.4485, Rmse_valid: 12.1903, valid_score: 4354.8, , rmse_test: 15.0045, score_test: 355.8, Learning rate:0.00020000
Epoch: 14, Loss: 12.3346, Rmse_valid: 12.8227, valid_score: 4435.7, , rmse_test: 15.2687, score_test: 383.1, Learning rate:0.00020000
Epoch: 15, Loss: 12.2242, Rmse_valid: 12.3351, valid_score: 4563.5, , rmse_test: 15.6446, score_test: 405.8, Learning rate:0.00020000
Epoch: 16, Loss: 12.1216, Rmse_valid: 12.8317, valid_score: 4821.2, , rmse_test: 15.7330, score_test: 395.3, Learning rate:0.00020000
Epoch: 17, Loss: 12.0604, Rmse_valid: 12.4143, valid_score: 4503.0, , rmse_test: 15.6173, score_test: 411.9, Learning rate:0.00020000
Epoch: 18, Loss: 11.9121, Rmse_valid: 11.5949, valid_score: 4644.6, , rmse_test: 15.6433, score_test: 438.3, Learning rate:0.00020000
Epoch: 19, Loss: 11.8597, Rmse_valid: 12.9136, valid_score: 4994.5, , rmse_test: 16.1615, score_test: 457.2, Learning rate:0.00020000
Epoch: 20, Loss: 11.8148, Rmse_valid: 13.3636, valid_score: 4929.6, , rmse_test: 16.4480, score_test: 472.0, Learning rate:0.00020000
Epoch: 21, Loss: 11.6588, Rmse_valid: 12.7623, valid_score: 5079.0, , rmse_test: 16.0015, score_test: 484.8, Learning rate:0.00002000
Epoch: 22, Loss: 11.6556, Rmse_valid: 12.5379, valid_score: 5113.7, , rmse_test: 16.0482, score_test: 486.2, Learning rate:0.00002000
Epoch: 23, Loss: 11.6936, Rmse_valid: 12.5094, valid_score: 5138.9, , rmse_test: 15.9637, score_test: 486.3, Learning rate:0.00002000
Epoch: 24, Loss: 11.6215, Rmse_valid: 12.4441, valid_score: 5103.0, , rmse_test: 15.9738, score_test: 477.4, Learning rate:0.00002000
Epoch: 25, Loss: 11.5905, Rmse_valid: 12.3929, valid_score: 5126.3, , rmse_test: 16.0094, score_test: 486.6, Learning rate:0.00002000
Epoch: 26, Loss: 11.6303, Rmse_valid: 12.2981, valid_score: 5154.2, , rmse_test: 16.0609, score_test: 484.1, Learning rate:0.00002000
Epoch: 27, Loss: 11.5817, Rmse_valid: 12.5301, valid_score: 5171.9, , rmse_test: 16.0443, score_test: 485.8, Learning rate:0.00002000
Epoch: 28, Loss: 11.6083, Rmse_valid: 12.2320, valid_score: 5267.9, , rmse_test: 15.9336, score_test: 494.5, Learning rate:0.00002000
Epoch: 29, Loss: 11.5854, Rmse_valid: 12.6193, valid_score: 5290.3, , rmse_test: 16.0407, score_test: 502.0, Learning rate:0.00002000
Epoch: 30, Loss: 11.5414, Rmse_valid: 12.6939, valid_score: 5085.0, , rmse_test: 16.1330, score_test: 493.6, Learning rate:0.00002000
[Train Summary] Restored best model from epoch 6, rmse_valid: 11.3928, valid_score: 3606.2, rmse_test: 13.6463, score_test: 311.0
[Train Time] start: 2026-07-30 16:48:16, end: 2026-07-30 16:52:04, duration: 0:03:49, total_seconds: 228.62
[Auto Test] command: /usr/local/miniconda3/envs/HV/bin/python /Mamba_Rul/test_GAT_EDmamba/test_model.py --sub-dataset FD001 --smooth-rate 30 --sequence-len 30 --feature-num 14 --dataset-root /Mamba_Rul/CMAPSSData/ --max-rul 125 --batch-size 128 --model-path /Mamba_Rul/logs/FD001_GAT_EDmamba_12/seed62/model_FD001_0730_164816_seed62.pkl
model_path:/Mamba_Rul/logs/FD001_GAT_EDmamba_12/seed62/model_FD001_0730_164816_seed62.pkl
rmse_final:13.64331340789795, score:304.7591857910156
