-----FD002-----
关键参数:
序列长度: 30
批大小(batch_size): 128
最大训练轮数(max_epochs): 30
随机数种子: 30
模型代号(model_code): GAT_EDmamba_dmodel_10
模型结构(model_structure): mamba_mamba
学习率: 0.002
学习率调度器: step
Step步长(step_size): 10
Step衰减系数(gamma): 0.1
use_gat: True
gat_hidden_dim: 8
编码器: 2层Mamba
解码器: 2层Mamba
encoder_hidden_size: 10
mamba_num_layers: 2
mamba_d_state: 16
训练损失: AdaptiveAsymmetricMSELoss
asym_alpha: 3.0
asym_gamma: 5.0
asym_delta: 0.9
focus_threshold: 35.0
cap_threshold: 125.0
------------------------------
Epoch: 1, Loss: 45.6620, Rmse_valid: 30.6845, valid_score: 99676.5, , rmse_test: 33.4699, score_test: 8751.7, Learning rate:0.00200000
Epoch: 2, Loss: 35.2844, Rmse_valid: 25.7709, valid_score: 55494.0, , rmse_test: 23.1626, score_test: 2485.1, Learning rate:0.00200000
Epoch: 3, Loss: 29.4852, Rmse_valid: 20.2500, valid_score: 34040.0, , rmse_test: 20.1273, score_test: 1816.9, Learning rate:0.00200000
Epoch: 4, Loss: 27.5107, Rmse_valid: 19.2423, valid_score: 28132.8, , rmse_test: 17.2332, score_test: 1130.3, Learning rate:0.00200000
Epoch: 5, Loss: 26.2181, Rmse_valid: 20.1980, valid_score: 29379.8, , rmse_test: 18.2926, score_test: 1180.1, Learning rate:0.00200000
Epoch: 6, Loss: 25.5049, Rmse_valid: 21.7683, valid_score: 36883.4, , rmse_test: 19.7324, score_test: 1409.5, Learning rate:0.00200000
Epoch: 7, Loss: 24.8509, Rmse_valid: 21.8090, valid_score: 38544.6, , rmse_test: 18.9301, score_test: 1611.4, Learning rate:0.00200000
Epoch: 8, Loss: 24.2970, Rmse_valid: 19.1443, valid_score: 27552.7, , rmse_test: 16.6412, score_test: 949.6, Learning rate:0.00200000
Epoch: 9, Loss: 23.7450, Rmse_valid: 19.8684, valid_score: 30890.3, , rmse_test: 17.6327, score_test: 1072.7, Learning rate:0.00200000
Epoch: 10, Loss: 23.1486, Rmse_valid: 18.0087, valid_score: 27326.1, , rmse_test: 15.2041, score_test: 932.4, Learning rate:0.00200000
Epoch: 11, Loss: 20.3495, Rmse_valid: 18.8851, valid_score: 30924.0, , rmse_test: 16.2632, score_test: 918.9, Learning rate:0.00020000
Epoch: 12, Loss: 20.0318, Rmse_valid: 17.8199, valid_score: 27881.6, , rmse_test: 15.4015, score_test: 838.3, Learning rate:0.00020000
Epoch: 13, Loss: 19.8947, Rmse_valid: 17.6182, valid_score: 29956.4, , rmse_test: 15.1359, score_test: 845.3, Learning rate:0.00020000
Epoch: 14, Loss: 19.7876, Rmse_valid: 17.7519, valid_score: 28524.3, , rmse_test: 15.7697, score_test: 905.4, Learning rate:0.00020000
Epoch: 15, Loss: 19.6788, Rmse_valid: 18.4519, valid_score: 28152.2, , rmse_test: 16.2931, score_test: 921.2, Learning rate:0.00020000
Epoch: 16, Loss: 19.5839, Rmse_valid: 18.4744, valid_score: 28338.4, , rmse_test: 16.2461, score_test: 915.1, Learning rate:0.00020000
Epoch: 17, Loss: 19.4760, Rmse_valid: 17.5972, valid_score: 26241.1, , rmse_test: 15.3937, score_test: 846.9, Learning rate:0.00020000
Epoch: 18, Loss: 19.4233, Rmse_valid: 18.0244, valid_score: 27578.2, , rmse_test: 15.6985, score_test: 896.8, Learning rate:0.00020000
Epoch: 19, Loss: 19.3036, Rmse_valid: 18.2183, valid_score: 27429.8, , rmse_test: 16.0214, score_test: 934.6, Learning rate:0.00020000
Epoch: 20, Loss: 19.2392, Rmse_valid: 18.3120, valid_score: 27690.5, , rmse_test: 15.7557, score_test: 860.0, Learning rate:0.00020000
Epoch: 21, Loss: 19.0600, Rmse_valid: 18.0181, valid_score: 28438.1, , rmse_test: 15.6037, score_test: 872.1, Learning rate:0.00002000
Epoch: 22, Loss: 19.0419, Rmse_valid: 17.9016, valid_score: 28050.0, , rmse_test: 15.5316, score_test: 867.0, Learning rate:0.00002000
Epoch: 23, Loss: 18.9864, Rmse_valid: 17.9446, valid_score: 28531.8, , rmse_test: 15.6476, score_test: 887.3, Learning rate:0.00002000
Epoch: 24, Loss: 18.9802, Rmse_valid: 18.1524, valid_score: 28167.2, , rmse_test: 15.7026, score_test: 884.4, Learning rate:0.00002000
Epoch: 25, Loss: 18.9324, Rmse_valid: 17.5939, valid_score: 28363.6, , rmse_test: 15.3918, score_test: 863.3, Learning rate:0.00002000
Epoch: 26, Loss: 18.9453, Rmse_valid: 18.1070, valid_score: 27733.7, , rmse_test: 15.7109, score_test: 891.6, Learning rate:0.00002000
Epoch: 27, Loss: 18.9178, Rmse_valid: 17.8156, valid_score: 27922.9, , rmse_test: 15.6294, score_test: 879.9, Learning rate:0.00002000
Epoch: 28, Loss: 18.9278, Rmse_valid: 17.8614, valid_score: 28278.1, , rmse_test: 15.6024, score_test: 884.6, Learning rate:0.00002000
Epoch: 29, Loss: 18.9067, Rmse_valid: 17.9992, valid_score: 27777.0, , rmse_test: 15.6894, score_test: 884.1, Learning rate:0.00002000
Epoch: 30, Loss: 18.9477, Rmse_valid: 17.9635, valid_score: 27942.9, , rmse_test: 15.7296, score_test: 893.6, Learning rate:0.00002000
[Train Summary] Restored best model from epoch 25, rmse_valid: 17.5939, valid_score: 28363.6, rmse_test: 15.3918, score_test: 863.3
[Train Time] start: 2026-08-05 11:14:26, end: 2026-08-05 11:23:14, duration: 0:08:48, total_seconds: 527.76
[Auto Test] command: /usr/local/miniconda3/envs/HV/bin/python /Mamba_Rul/test_GAT_EDmamba/test_model.py --sub-dataset FD002 --smooth-rate 40 --sequence-len 30 --feature-num 14 --dataset-root /Mamba_Rul/CMAPSSData/ --max-rul 125 --batch-size 128 --model-path /Mamba_Rul/logs/FD002_GAT_EDmamba_dmodel_10/seed30/model_FD002_0805_111426_seed30.pkl
model_path:/Mamba_Rul/logs/FD002_GAT_EDmamba_dmodel_10/seed30/model_FD002_0805_111426_seed30.pkl
rmse_final:15.586723327636719, score:870.0365600585938
