-----FD003-----
关键参数:
序列长度: 30
批大小(batch_size): 128
最大训练轮数(max_epochs): 30
随机数种子: 97
模型代号(model_code): GAT_EDmamba_6
模型结构(model_structure): mamba_mamba
学习率: 0.002
学习率调度器: step
Step步长(step_size): 10
Step衰减系数(gamma): 0.1
use_gat: True
gat_hidden_dim: 8
编码器: 2层Mamba
解码器: 2层Mamba
encoder_hidden_size: 6
mamba_num_layers: 2
mamba_d_state: 16
训练损失: AdaptiveAsymmetricMSELoss
asym_alpha: 3.5
asym_gamma: 5.0
asym_delta: 0.9
focus_threshold: 35.0
cap_threshold: 125.0
------------------------------
Epoch: 1, Loss: 37.6778, Rmse_valid: 23.7837, valid_score: 41365.6, , rmse_test: 20.5728, score_test: 1362.4, Learning rate:0.00200000
Epoch: 2, Loss: 27.7169, Rmse_valid: 20.2730, valid_score: 24516.0, , rmse_test: 17.4005, score_test: 1015.8, Learning rate:0.00200000
Epoch: 3, Loss: 24.9376, Rmse_valid: 18.1202, valid_score: 15555.6, , rmse_test: 16.9327, score_test: 804.4, Learning rate:0.00200000
Epoch: 4, Loss: 23.2149, Rmse_valid: 17.1385, valid_score: 13342.3, , rmse_test: 16.1357, score_test: 735.0, Learning rate:0.00200000
Epoch: 5, Loss: 21.1671, Rmse_valid: 14.8574, valid_score: 8701.9, , rmse_test: 15.3812, score_test: 507.3, Learning rate:0.00200000
Epoch: 6, Loss: 20.3459, Rmse_valid: 19.6257, valid_score: 12742.4, , rmse_test: 16.1577, score_test: 408.6, Learning rate:0.00200000
Epoch: 7, Loss: 19.6786, Rmse_valid: 13.6259, valid_score: 7271.9, , rmse_test: 14.7975, score_test: 708.4, Learning rate:0.00200000
Epoch: 8, Loss: 19.0805, Rmse_valid: 11.3286, valid_score: 5428.8, , rmse_test: 14.2901, score_test: 557.2, Learning rate:0.00200000
Epoch: 9, Loss: 18.6720, Rmse_valid: 14.1855, valid_score: 7144.7, , rmse_test: 14.0871, score_test: 356.0, Learning rate:0.00200000
Epoch: 10, Loss: 18.2107, Rmse_valid: 13.5123, valid_score: 6865.8, , rmse_test: 14.5111, score_test: 477.6, Learning rate:0.00200000
Epoch: 11, Loss: 16.2103, Rmse_valid: 13.2930, valid_score: 6283.2, , rmse_test: 14.1701, score_test: 336.8, Learning rate:0.00020000
Epoch: 12, Loss: 16.0480, Rmse_valid: 13.1434, valid_score: 6140.3, , rmse_test: 14.0502, score_test: 319.0, Learning rate:0.00020000
Epoch: 13, Loss: 15.9634, Rmse_valid: 13.0883, valid_score: 5947.9, , rmse_test: 14.1489, score_test: 330.7, Learning rate:0.00020000
Epoch: 14, Loss: 15.8610, Rmse_valid: 12.8821, valid_score: 5815.7, , rmse_test: 13.7174, score_test: 284.1, Learning rate:0.00020000
Epoch: 15, Loss: 15.7503, Rmse_valid: 12.4522, valid_score: 5560.9, , rmse_test: 13.5533, score_test: 278.2, Learning rate:0.00020000
Epoch: 16, Loss: 15.7616, Rmse_valid: 12.9300, valid_score: 5666.5, , rmse_test: 13.5822, score_test: 276.8, Learning rate:0.00020000
Epoch: 17, Loss: 15.6132, Rmse_valid: 12.6591, valid_score: 5516.1, , rmse_test: 13.5593, score_test: 265.9, Learning rate:0.00020000
Epoch: 18, Loss: 15.5679, Rmse_valid: 13.5699, valid_score: 6208.8, , rmse_test: 14.0838, score_test: 277.9, Learning rate:0.00020000
Epoch: 19, Loss: 15.4900, Rmse_valid: 11.9574, valid_score: 5341.6, , rmse_test: 13.3788, score_test: 273.2, Learning rate:0.00020000
Epoch: 20, Loss: 15.5325, Rmse_valid: 12.1885, valid_score: 5226.3, , rmse_test: 13.3529, score_test: 266.4, Learning rate:0.00020000
Epoch: 21, Loss: 15.2837, Rmse_valid: 12.2294, valid_score: 5256.9, , rmse_test: 13.3975, score_test: 266.1, Learning rate:0.00002000
Epoch: 22, Loss: 15.2113, Rmse_valid: 12.2768, valid_score: 5248.0, , rmse_test: 13.3923, score_test: 265.8, Learning rate:0.00002000
Epoch: 23, Loss: 15.1652, Rmse_valid: 12.2263, valid_score: 5274.9, , rmse_test: 13.4014, score_test: 265.1, Learning rate:0.00002000
Epoch: 24, Loss: 15.1075, Rmse_valid: 12.3497, valid_score: 5319.2, , rmse_test: 13.4538, score_test: 264.4, Learning rate:0.00002000
Epoch: 25, Loss: 15.1250, Rmse_valid: 12.2918, valid_score: 5247.6, , rmse_test: 13.4186, score_test: 267.6, Learning rate:0.00002000
Epoch: 26, Loss: 15.2511, Rmse_valid: 12.2055, valid_score: 5274.5, , rmse_test: 13.4415, score_test: 264.8, Learning rate:0.00002000
Epoch: 27, Loss: 15.2012, Rmse_valid: 12.2335, valid_score: 5217.3, , rmse_test: 13.3669, score_test: 263.0, Learning rate:0.00002000
Epoch: 28, Loss: 15.1586, Rmse_valid: 12.0806, valid_score: 5177.1, , rmse_test: 13.3609, score_test: 265.2, Learning rate:0.00002000
Epoch: 29, Loss: 15.2057, Rmse_valid: 12.0853, valid_score: 5207.5, , rmse_test: 13.4100, score_test: 266.4, Learning rate:0.00002000
Epoch: 30, Loss: 15.1331, Rmse_valid: 12.1734, valid_score: 5215.6, , rmse_test: 13.4256, score_test: 265.5, Learning rate:0.00002000
[Train Summary] Restored best model from epoch 8, rmse_valid: 11.3286, valid_score: 5428.8, rmse_test: 14.2901, score_test: 557.2
[Train Time] start: 2026-07-30 20:40:37, end: 2026-07-30 20:45:05, duration: 0:04:28, total_seconds: 267.74
[Auto Test] command: /usr/local/miniconda3/envs/HV/bin/python /Mamba_Rul/test_GAT_EDmamba/test_model.py --sub-dataset FD003 --smooth-rate 30 --sequence-len 30 --feature-num 14 --dataset-root /Mamba_Rul/CMAPSSData/ --max-rul 125 --batch-size 128 --model-path /Mamba_Rul/logs/FD003_GAT_EDmamba_6/seed97/model_FD003_0730_204037_seed97.pkl
model_path:/Mamba_Rul/logs/FD003_GAT_EDmamba_6/seed97/model_FD003_0730_204037_seed97.pkl
rmse_final:14.255875587463379, score:546.4546508789062
