-----FD003-----
关键参数:
序列长度: 30
批大小(batch_size): 128
最大训练轮数(max_epochs): 30
随机数种子: 62
模型代号(model_code): GAT_EDmamba4_layer_2
模型结构(model_structure): mamba_mamba
学习率: 0.002
学习率调度器: step
Step步长(step_size): 10
Step衰减系数(gamma): 0.1
use_gat: True
gat_hidden_dim: 8
编码器: 2层Mamba
解码器: 2层Mamba
mamba_d_model: 16
mamba_num_layers: 2
mamba_d_state: 16
训练损失: AdaptiveAsymmetricMSELoss
asym_alpha: 3.5
asym_gamma: 5.0
asym_delta: 0.9
focus_threshold: 35.0
cap_threshold: 125.0
------------------------------
Epoch: 1, Loss: 42.1279, Rmse_valid: 31.0368, valid_score: 88487.0, , rmse_test: 24.3125, score_test: 1867.6, Learning rate:0.00200000
Epoch: 2, Loss: 29.5781, Rmse_valid: 20.9362, valid_score: 21722.1, , rmse_test: 21.4068, score_test: 1117.7, Learning rate:0.00200000
Epoch: 3, Loss: 27.2141, Rmse_valid: 16.7124, valid_score: 15349.3, , rmse_test: 18.4862, score_test: 1124.2, Learning rate:0.00200000
Epoch: 4, Loss: 23.0565, Rmse_valid: 15.9800, valid_score: 9902.4, , rmse_test: 21.2085, score_test: 705.0, Learning rate:0.00200000
Epoch: 5, Loss: 20.1395, Rmse_valid: 22.5157, valid_score: 18241.7, , rmse_test: 17.7229, score_test: 444.0, Learning rate:0.00200000
Epoch: 6, Loss: 18.4422, Rmse_valid: 11.4946, valid_score: 5750.6, , rmse_test: 14.0603, score_test: 648.4, Learning rate:0.00200000
Epoch: 7, Loss: 18.2334, Rmse_valid: 14.9043, valid_score: 7238.8, , rmse_test: 14.4956, score_test: 363.8, Learning rate:0.00200000
Epoch: 8, Loss: 16.9176, Rmse_valid: 10.4053, valid_score: 4134.4, , rmse_test: 14.4321, score_test: 667.0, Learning rate:0.00200000
Epoch: 9, Loss: 16.7884, Rmse_valid: 13.8729, valid_score: 6052.8, , rmse_test: 16.7859, score_test: 364.0, Learning rate:0.00200000
Epoch: 10, Loss: 16.5625, Rmse_valid: 11.3950, valid_score: 4128.8, , rmse_test: 13.7664, score_test: 263.8, Learning rate:0.00200000
Epoch: 11, Loss: 13.4895, Rmse_valid: 11.3731, valid_score: 4328.8, , rmse_test: 12.9861, score_test: 275.8, Learning rate:0.00020000
Epoch: 12, Loss: 13.2437, Rmse_valid: 10.6625, valid_score: 3726.1, , rmse_test: 12.9520, score_test: 261.3, Learning rate:0.00020000
Epoch: 13, Loss: 13.0797, Rmse_valid: 10.5278, valid_score: 3638.2, , rmse_test: 12.9078, score_test: 267.3, Learning rate:0.00020000
Epoch: 14, Loss: 13.0262, Rmse_valid: 10.5729, valid_score: 3748.5, , rmse_test: 13.0243, score_test: 334.3, Learning rate:0.00020000
Epoch: 15, Loss: 12.8755, Rmse_valid: 10.9124, valid_score: 3774.3, , rmse_test: 13.0245, score_test: 287.4, Learning rate:0.00020000
Epoch: 16, Loss: 12.7199, Rmse_valid: 10.4092, valid_score: 3665.0, , rmse_test: 12.8672, score_test: 296.1, Learning rate:0.00020000
Epoch: 17, Loss: 12.6279, Rmse_valid: 10.1849, valid_score: 3392.8, , rmse_test: 12.7733, score_test: 298.4, Learning rate:0.00020000
Epoch: 18, Loss: 12.5475, Rmse_valid: 10.8608, valid_score: 3850.4, , rmse_test: 12.8225, score_test: 275.5, Learning rate:0.00020000
Epoch: 19, Loss: 12.4035, Rmse_valid: 9.7060, valid_score: 3257.9, , rmse_test: 12.7451, score_test: 285.3, Learning rate:0.00020000
Epoch: 20, Loss: 12.3166, Rmse_valid: 10.9149, valid_score: 3911.4, , rmse_test: 13.0229, score_test: 298.0, Learning rate:0.00020000
Epoch: 21, Loss: 12.1308, Rmse_valid: 10.0477, valid_score: 3387.9, , rmse_test: 12.8370, score_test: 290.8, Learning rate:0.00002000
Epoch: 22, Loss: 12.1168, Rmse_valid: 10.1819, valid_score: 3445.3, , rmse_test: 12.8325, score_test: 280.1, Learning rate:0.00002000
Epoch: 23, Loss: 12.0814, Rmse_valid: 9.9135, valid_score: 3298.1, , rmse_test: 12.7936, score_test: 282.3, Learning rate:0.00002000
Epoch: 24, Loss: 12.0538, Rmse_valid: 10.0702, valid_score: 3402.1, , rmse_test: 12.7959, score_test: 275.2, Learning rate:0.00002000
Epoch: 25, Loss: 12.0535, Rmse_valid: 9.9047, valid_score: 3314.7, , rmse_test: 12.7529, score_test: 279.0, Learning rate:0.00002000
Epoch: 26, Loss: 12.0942, Rmse_valid: 9.9324, valid_score: 3346.8, , rmse_test: 12.8123, score_test: 284.3, Learning rate:0.00002000
Epoch: 27, Loss: 12.0198, Rmse_valid: 10.0167, valid_score: 3384.2, , rmse_test: 12.8154, score_test: 285.9, Learning rate:0.00002000
Epoch: 28, Loss: 12.0172, Rmse_valid: 10.0744, valid_score: 3369.0, , rmse_test: 12.8611, score_test: 280.0, Learning rate:0.00002000
Epoch: 29, Loss: 12.0584, Rmse_valid: 10.0845, valid_score: 3417.7, , rmse_test: 12.8542, score_test: 286.5, Learning rate:0.00002000
Epoch: 30, Loss: 12.0405, Rmse_valid: 9.8312, valid_score: 3298.8, , rmse_test: 12.8187, score_test: 285.6, Learning rate:0.00002000
[Train Summary] Restored best model from epoch 19, rmse_valid: 9.7060, valid_score: 3257.9, rmse_test: 12.7451, score_test: 285.3
[Train Time] start: 2026-08-21 08:59:34, end: 2026-08-21 09:03:28, duration: 0:03:54, total_seconds: 234.29
[Auto Test] command: /usr/local/miniconda3/envs/HV/bin/python /Mamba_Rul/test_GAT_EDmamba/test_model.py --sub-dataset FD003 --smooth-rate 30 --sequence-len 30 --feature-num 14 --dataset-root /Mamba_Rul/CMAPSSData/ --max-rul 125 --batch-size 128 --model-path /Mamba_Rul/logs/FD003_GAT_EDmamba4_layer_2/seed62/model_FD003_0821_085934_seed62.pkl
model_path:/Mamba_Rul/logs/FD003_GAT_EDmamba4_layer_2/seed62/model_FD003_0821_085934_seed62.pkl
rmse_final:12.807029724121094, score:278.13690185546875
