-----FD001-----
关键参数:
序列长度: 30
批大小(batch_size): 128
最大训练轮数(max_epochs): 30
随机数种子: 27
模型代号(model_code): GAT_EDmamba1_layer_2
模型结构(model_structure): mamba_mamba
学习率: 0.002
学习率调度器: step
Step步长(step_size): 10
Step衰减系数(gamma): 0.1
use_gat: True
gat_hidden_dim: 8
编码器: 2层Mamba
解码器: 2层Mamba
mamba_d_model: 4
mamba_num_layers: 2
mamba_d_state: 16
训练损失: AdaptiveAsymmetricMSELoss
asym_alpha: 1.5
asym_gamma: 2.0
asym_delta: 0.9
focus_threshold: 35.0
cap_threshold: 125.0
------------------------------
Epoch: 1, Loss: 35.1451, Rmse_valid: 29.3208, valid_score: 41079.0, , rmse_test: 24.7359, score_test: 1641.9, Learning rate:0.00200000
Epoch: 2, Loss: 28.5517, Rmse_valid: 21.7423, valid_score: 15432.7, , rmse_test: 20.3479, score_test: 1106.1, Learning rate:0.00200000
Epoch: 3, Loss: 24.4192, Rmse_valid: 19.5814, valid_score: 8780.2, , rmse_test: 16.8895, score_test: 485.8, Learning rate:0.00200000
Epoch: 4, Loss: 21.0866, Rmse_valid: 13.2212, valid_score: 4938.9, , rmse_test: 14.9096, score_test: 394.8, Learning rate:0.00200000
Epoch: 5, Loss: 19.0110, Rmse_valid: 19.8986, valid_score: 10922.0, , rmse_test: 18.6994, score_test: 548.9, Learning rate:0.00200000
Epoch: 6, Loss: 17.6763, Rmse_valid: 13.1079, valid_score: 3658.9, , rmse_test: 13.8089, score_test: 249.8, Learning rate:0.00200000
Epoch: 7, Loss: 17.0817, Rmse_valid: 12.9777, valid_score: 3589.0, , rmse_test: 14.2279, score_test: 254.5, Learning rate:0.00200000
Epoch: 8, Loss: 16.7148, Rmse_valid: 16.7753, valid_score: 5390.9, , rmse_test: 17.0245, score_test: 342.7, Learning rate:0.00200000
Epoch: 9, Loss: 16.7187, Rmse_valid: 12.1297, valid_score: 3789.4, , rmse_test: 13.6059, score_test: 268.8, Learning rate:0.00200000
Epoch: 10, Loss: 16.2899, Rmse_valid: 12.3021, valid_score: 3363.3, , rmse_test: 13.1938, score_test: 240.0, Learning rate:0.00200000
Epoch: 11, Loss: 14.6962, Rmse_valid: 11.6315, valid_score: 3004.8, , rmse_test: 13.0088, score_test: 259.4, Learning rate:0.00020000
Epoch: 12, Loss: 14.6235, Rmse_valid: 11.5294, valid_score: 2960.1, , rmse_test: 12.8079, score_test: 246.6, Learning rate:0.00020000
Epoch: 13, Loss: 14.6115, Rmse_valid: 11.2636, valid_score: 2889.1, , rmse_test: 12.9837, score_test: 247.6, Learning rate:0.00020000
Epoch: 14, Loss: 14.5445, Rmse_valid: 11.2380, valid_score: 3138.0, , rmse_test: 13.0496, score_test: 267.8, Learning rate:0.00020000
Epoch: 15, Loss: 14.4802, Rmse_valid: 11.6141, valid_score: 3004.9, , rmse_test: 12.8191, score_test: 244.3, Learning rate:0.00020000
Epoch: 16, Loss: 14.4037, Rmse_valid: 11.9174, valid_score: 3002.7, , rmse_test: 13.1154, score_test: 248.0, Learning rate:0.00020000
Epoch: 17, Loss: 14.4319, Rmse_valid: 11.3836, valid_score: 2955.7, , rmse_test: 12.8473, score_test: 252.2, Learning rate:0.00020000
Epoch: 18, Loss: 14.3168, Rmse_valid: 11.2180, valid_score: 2935.3, , rmse_test: 12.7378, score_test: 253.9, Learning rate:0.00020000
Epoch: 19, Loss: 14.3223, Rmse_valid: 11.3926, valid_score: 3037.6, , rmse_test: 12.9233, score_test: 252.7, Learning rate:0.00020000
Epoch: 20, Loss: 14.3523, Rmse_valid: 11.4659, valid_score: 2950.8, , rmse_test: 12.8666, score_test: 241.2, Learning rate:0.00020000
Epoch: 21, Loss: 14.2587, Rmse_valid: 11.7785, valid_score: 2971.2, , rmse_test: 12.8437, score_test: 241.1, Learning rate:0.00002000
Epoch: 22, Loss: 14.1211, Rmse_valid: 11.5078, valid_score: 2947.2, , rmse_test: 12.7988, score_test: 243.6, Learning rate:0.00002000
Epoch: 23, Loss: 14.1882, Rmse_valid: 11.2148, valid_score: 2947.0, , rmse_test: 12.8179, score_test: 248.2, Learning rate:0.00002000
Epoch: 24, Loss: 14.1929, Rmse_valid: 11.2667, valid_score: 2957.2, , rmse_test: 12.8078, score_test: 244.4, Learning rate:0.00002000
Epoch: 25, Loss: 14.1931, Rmse_valid: 11.4888, valid_score: 2955.8, , rmse_test: 12.7827, score_test: 246.1, Learning rate:0.00002000
Epoch: 26, Loss: 14.2193, Rmse_valid: 11.2168, valid_score: 2950.7, , rmse_test: 12.7676, score_test: 250.6, Learning rate:0.00002000
Epoch: 27, Loss: 14.2174, Rmse_valid: 11.5712, valid_score: 2969.4, , rmse_test: 12.8216, score_test: 245.6, Learning rate:0.00002000
Epoch: 28, Loss: 14.2100, Rmse_valid: 11.3515, valid_score: 2943.4, , rmse_test: 12.7888, score_test: 246.0, Learning rate:0.00002000
Epoch: 29, Loss: 14.1484, Rmse_valid: 11.0739, valid_score: 2963.2, , rmse_test: 12.7963, score_test: 247.1, Learning rate:0.00002000
Epoch: 30, Loss: 14.2701, Rmse_valid: 11.7303, valid_score: 2971.5, , rmse_test: 12.8404, score_test: 243.5, Learning rate:0.00002000
[Train Summary] Restored best model from epoch 29, rmse_valid: 11.0739, valid_score: 2963.2, rmse_test: 12.7963, score_test: 247.1
[Train Time] start: 2026-08-21 01:31:41, end: 2026-08-21 01:35:02, duration: 0:03:21, total_seconds: 201.09
[Auto Test] command: /usr/local/miniconda3/envs/HV/bin/python /Mamba_Rul/test_GAT_EDmamba/test_model.py --sub-dataset FD001 --smooth-rate 30 --sequence-len 30 --feature-num 14 --dataset-root /Mamba_Rul/CMAPSSData/ --max-rul 125 --batch-size 128 --model-path /Mamba_Rul/logs/FD001_GAT_EDmamba1_layer_2/seed27/model_FD001_0821_013141_seed27.pkl
model_path:/Mamba_Rul/logs/FD001_GAT_EDmamba1_layer_2/seed27/model_FD001_0821_013141_seed27.pkl
rmse_final:12.913558959960938, score:248.14151000976562
