-----FD001-----
关键参数:
序列长度: 30
批大小(batch_size): 128
最大训练轮数(max_epochs): 30
随机数种子: 51
模型代号(model_code): GAT_EDmamba_4
模型结构(model_structure): mamba_mamba
学习率: 0.002
学习率调度器: step
Step步长(step_size): 10
Step衰减系数(gamma): 0.1
use_gat: True
gat_hidden_dim: 8
编码器: 2层Mamba
解码器: 2层Mamba
encoder_hidden_size: 4
mamba_num_layers: 2
mamba_d_state: 16
训练损失: AdaptiveAsymmetricMSELoss
asym_alpha: 1.5
asym_gamma: 2.0
asym_delta: 0.9
focus_threshold: 35.0
cap_threshold: 125.0
------------------------------
Epoch: 1, Loss: 31.9193, Rmse_valid: 20.0071, valid_score: 10520.4, , rmse_test: 19.9803, score_test: 1365.2, Learning rate:0.00200000
Epoch: 2, Loss: 25.5900, Rmse_valid: 23.6209, valid_score: 13847.6, , rmse_test: 20.8359, score_test: 590.3, Learning rate:0.00200000
Epoch: 3, Loss: 21.1716, Rmse_valid: 15.5794, valid_score: 6146.3, , rmse_test: 16.2370, score_test: 449.6, Learning rate:0.00200000
Epoch: 4, Loss: 19.5597, Rmse_valid: 13.7350, valid_score: 5537.7, , rmse_test: 15.6430, score_test: 560.9, Learning rate:0.00200000
Epoch: 5, Loss: 18.5703, Rmse_valid: 13.4301, valid_score: 6212.1, , rmse_test: 15.9604, score_test: 516.8, Learning rate:0.00200000
Epoch: 6, Loss: 17.6144, Rmse_valid: 14.7682, valid_score: 5429.6, , rmse_test: 16.0565, score_test: 396.3, Learning rate:0.00200000
Epoch: 7, Loss: 17.0260, Rmse_valid: 12.5971, valid_score: 4227.4, , rmse_test: 14.1298, score_test: 405.7, Learning rate:0.00200000
Epoch: 8, Loss: 16.5302, Rmse_valid: 13.4839, valid_score: 4380.0, , rmse_test: 14.3719, score_test: 277.9, Learning rate:0.00200000
Epoch: 9, Loss: 15.9391, Rmse_valid: 11.9474, valid_score: 4481.4, , rmse_test: 14.1797, score_test: 375.1, Learning rate:0.00200000
Epoch: 10, Loss: 15.8784, Rmse_valid: 16.1841, valid_score: 6671.2, , rmse_test: 16.0679, score_test: 395.6, Learning rate:0.00200000
Epoch: 11, Loss: 14.6583, Rmse_valid: 11.5669, valid_score: 3522.0, , rmse_test: 13.5809, score_test: 277.3, Learning rate:0.00020000
Epoch: 12, Loss: 14.3350, Rmse_valid: 11.7191, valid_score: 3451.9, , rmse_test: 13.6118, score_test: 272.2, Learning rate:0.00020000
Epoch: 13, Loss: 14.2510, Rmse_valid: 11.7783, valid_score: 3600.2, , rmse_test: 13.6645, score_test: 275.3, Learning rate:0.00020000
Epoch: 14, Loss: 14.1765, Rmse_valid: 12.6409, valid_score: 3555.7, , rmse_test: 13.9549, score_test: 268.3, Learning rate:0.00020000
Epoch: 15, Loss: 14.1804, Rmse_valid: 11.7767, valid_score: 3617.9, , rmse_test: 13.6074, score_test: 270.5, Learning rate:0.00020000
Epoch: 16, Loss: 14.1257, Rmse_valid: 12.0747, valid_score: 3493.2, , rmse_test: 13.7123, score_test: 260.6, Learning rate:0.00020000
Epoch: 17, Loss: 14.0685, Rmse_valid: 11.5253, valid_score: 3539.6, , rmse_test: 13.6447, score_test: 275.7, Learning rate:0.00020000
Epoch: 18, Loss: 14.0125, Rmse_valid: 12.3583, valid_score: 3634.5, , rmse_test: 13.7512, score_test: 267.3, Learning rate:0.00020000
Epoch: 19, Loss: 14.0122, Rmse_valid: 12.1441, valid_score: 3918.2, , rmse_test: 13.6714, score_test: 277.7, Learning rate:0.00020000
Epoch: 20, Loss: 14.0114, Rmse_valid: 11.3749, valid_score: 3785.5, , rmse_test: 13.5582, score_test: 287.1, Learning rate:0.00020000
Epoch: 21, Loss: 13.8067, Rmse_valid: 11.5719, valid_score: 3634.8, , rmse_test: 13.6294, score_test: 276.1, Learning rate:0.00002000
Epoch: 22, Loss: 13.8219, Rmse_valid: 11.5687, valid_score: 3693.0, , rmse_test: 13.5950, score_test: 278.6, Learning rate:0.00002000
Epoch: 23, Loss: 13.9146, Rmse_valid: 11.7432, valid_score: 3639.2, , rmse_test: 13.6467, score_test: 274.3, Learning rate:0.00002000
Epoch: 24, Loss: 13.8816, Rmse_valid: 11.5119, valid_score: 3735.8, , rmse_test: 13.6192, score_test: 282.1, Learning rate:0.00002000
Epoch: 25, Loss: 13.8329, Rmse_valid: 11.6820, valid_score: 3720.0, , rmse_test: 13.6372, score_test: 278.9, Learning rate:0.00002000
Epoch: 26, Loss: 13.7689, Rmse_valid: 12.1897, valid_score: 3681.7, , rmse_test: 13.7123, score_test: 275.5, Learning rate:0.00002000
Epoch: 27, Loss: 13.8673, Rmse_valid: 11.7161, valid_score: 3647.3, , rmse_test: 13.6607, score_test: 274.1, Learning rate:0.00002000
Epoch: 28, Loss: 13.8484, Rmse_valid: 12.5818, valid_score: 3703.2, , rmse_test: 13.7208, score_test: 275.5, Learning rate:0.00002000
Epoch: 29, Loss: 13.7466, Rmse_valid: 11.9784, valid_score: 3727.1, , rmse_test: 13.5842, score_test: 278.3, Learning rate:0.00002000
Epoch: 30, Loss: 13.8067, Rmse_valid: 12.2895, valid_score: 3720.8, , rmse_test: 13.6365, score_test: 280.4, Learning rate:0.00002000
[Train Summary] Restored best model from epoch 20, rmse_valid: 11.3749, valid_score: 3785.5, rmse_test: 13.5582, score_test: 287.1
[Train Time] start: 2026-07-30 14:21:46, end: 2026-07-30 14:24:27, duration: 0:02:41, total_seconds: 161.27
[Auto Test] command: /usr/local/miniconda3/envs/HV/bin/python /Mamba_Rul/test_GAT_EDmamba/test_model.py --sub-dataset FD001 --smooth-rate 30 --sequence-len 30 --feature-num 14 --dataset-root /Mamba_Rul/CMAPSSData/ --max-rul 125 --batch-size 128 --model-path /Mamba_Rul/logs/FD001_GAT_EDmamba_4/seed51/model_FD001_0730_142146_seed51.pkl
model_path:/Mamba_Rul/logs/FD001_GAT_EDmamba_4/seed51/model_FD001_0730_142146_seed51.pkl
rmse_final:13.606983184814453, score:282.14697265625
