-----FD004-----
关键参数:
序列长度: 30
批大小(batch_size): 128
最大训练轮数(max_epochs): 30
随机数种子: 30
模型代号(model_code): GAT_EDmamba_dstate_64
模型结构(model_structure): mamba_mamba
学习率: 0.002
学习率调度器: step
Step步长(step_size): 10
Step衰减系数(gamma): 0.1
use_gat: True
gat_hidden_dim: 8
编码器: 2层Mamba
解码器: 2层Mamba
encoder_hidden_size: 10
mamba_num_layers: 2
mamba_d_state: 64
训练损失: AdaptiveAsymmetricMSELoss
asym_alpha: 2.0
asym_gamma: 5.0
asym_delta: 0.9
focus_threshold: 35.0
cap_threshold: 125.0
------------------------------
Epoch: 1, Loss: 46.2794, Rmse_valid: 28.4804, valid_score: 165615.9, , rmse_test: 30.5192, score_test: 7441.1, Learning rate:0.00200000
Epoch: 2, Loss: 35.6907, Rmse_valid: 26.6864, valid_score: 109557.5, , rmse_test: 28.8125, score_test: 5323.4, Learning rate:0.00200000
Epoch: 3, Loss: 32.6945, Rmse_valid: 22.5229, valid_score: 50940.9, , rmse_test: 22.1262, score_test: 2123.5, Learning rate:0.00200000
Epoch: 4, Loss: 29.6543, Rmse_valid: 18.4844, valid_score: 40367.5, , rmse_test: 19.3658, score_test: 1826.4, Learning rate:0.00200000
Epoch: 5, Loss: 28.3542, Rmse_valid: 20.2095, valid_score: 36533.9, , rmse_test: 20.3371, score_test: 1838.5, Learning rate:0.00200000
Epoch: 6, Loss: 26.9345, Rmse_valid: 19.1346, valid_score: 34883.9, , rmse_test: 19.1633, score_test: 1553.7, Learning rate:0.00200000
Epoch: 7, Loss: 26.1389, Rmse_valid: 18.1054, valid_score: 29497.6, , rmse_test: 18.4284, score_test: 1275.4, Learning rate:0.00200000
Epoch: 8, Loss: 25.3030, Rmse_valid: 20.2271, valid_score: 44733.7, , rmse_test: 21.0453, score_test: 2065.9, Learning rate:0.00200000
Epoch: 9, Loss: 24.6540, Rmse_valid: 17.1335, valid_score: 28400.4, , rmse_test: 17.7468, score_test: 1369.2, Learning rate:0.00200000
Epoch: 10, Loss: 24.3806, Rmse_valid: 18.4374, valid_score: 37984.3, , rmse_test: 18.5373, score_test: 1586.4, Learning rate:0.00200000
Epoch: 11, Loss: 21.0513, Rmse_valid: 17.4429, valid_score: 28569.1, , rmse_test: 18.2232, score_test: 1296.0, Learning rate:0.00020000
Epoch: 12, Loss: 20.5089, Rmse_valid: 17.5608, valid_score: 28108.0, , rmse_test: 18.0097, score_test: 1314.9, Learning rate:0.00020000
Epoch: 13, Loss: 20.3259, Rmse_valid: 17.7013, valid_score: 29205.9, , rmse_test: 19.1404, score_test: 1432.3, Learning rate:0.00020000
Epoch: 14, Loss: 20.1968, Rmse_valid: 17.1383, valid_score: 27090.7, , rmse_test: 17.9355, score_test: 1303.8, Learning rate:0.00020000
Epoch: 15, Loss: 20.0908, Rmse_valid: 17.0783, valid_score: 27595.8, , rmse_test: 18.0906, score_test: 1362.4, Learning rate:0.00020000
Epoch: 16, Loss: 19.9447, Rmse_valid: 17.6124, valid_score: 28372.5, , rmse_test: 18.1459, score_test: 1339.1, Learning rate:0.00020000
Epoch: 17, Loss: 19.8530, Rmse_valid: 17.4811, valid_score: 28199.4, , rmse_test: 18.1194, score_test: 1366.7, Learning rate:0.00020000
Epoch: 18, Loss: 19.7825, Rmse_valid: 17.6089, valid_score: 28903.5, , rmse_test: 18.5172, score_test: 1405.2, Learning rate:0.00020000
Epoch: 19, Loss: 19.7124, Rmse_valid: 17.3368, valid_score: 28100.2, , rmse_test: 18.2699, score_test: 1399.7, Learning rate:0.00020000
Epoch: 20, Loss: 19.6139, Rmse_valid: 17.6727, valid_score: 29253.0, , rmse_test: 18.4338, score_test: 1413.1, Learning rate:0.00020000
Epoch: 21, Loss: 19.3478, Rmse_valid: 17.4472, valid_score: 29032.1, , rmse_test: 18.3131, score_test: 1427.3, Learning rate:0.00002000
Epoch: 22, Loss: 19.3478, Rmse_valid: 17.7136, valid_score: 29399.4, , rmse_test: 18.2941, score_test: 1437.3, Learning rate:0.00002000
Epoch: 23, Loss: 19.3074, Rmse_valid: 17.4899, valid_score: 29168.2, , rmse_test: 18.3096, score_test: 1446.4, Learning rate:0.00002000
Epoch: 24, Loss: 19.2898, Rmse_valid: 17.3600, valid_score: 29224.3, , rmse_test: 18.3092, score_test: 1479.3, Learning rate:0.00002000
Epoch: 25, Loss: 19.2931, Rmse_valid: 17.6029, valid_score: 29736.4, , rmse_test: 18.3913, score_test: 1469.9, Learning rate:0.00002000
Epoch: 26, Loss: 19.2826, Rmse_valid: 17.6318, valid_score: 29389.8, , rmse_test: 18.3992, score_test: 1453.0, Learning rate:0.00002000
Epoch: 27, Loss: 19.2531, Rmse_valid: 17.5954, valid_score: 29866.6, , rmse_test: 18.3766, score_test: 1477.3, Learning rate:0.00002000
Epoch: 28, Loss: 19.2987, Rmse_valid: 17.6873, valid_score: 29599.8, , rmse_test: 18.3816, score_test: 1472.1, Learning rate:0.00002000
Epoch: 29, Loss: 19.2786, Rmse_valid: 17.5814, valid_score: 29636.3, , rmse_test: 18.3533, score_test: 1460.8, Learning rate:0.00002000
Epoch: 30, Loss: 19.2333, Rmse_valid: 17.6549, valid_score: 30308.5, , rmse_test: 18.4800, score_test: 1492.9, Learning rate:0.00002000
[Train Summary] Restored best model from epoch 15, rmse_valid: 17.0783, valid_score: 27595.8, rmse_test: 18.0906, score_test: 1362.4
[Train Time] start: 2026-07-29 09:13:34, end: 2026-07-29 09:24:18, duration: 0:10:43, total_seconds: 643.36
[Auto Test] command: /usr/local/miniconda3/envs/HV/bin/python /Mamba_Rul/test_GAT_EDmamba/test_model.py --sub-dataset FD004 --smooth-rate 40 --sequence-len 30 --feature-num 14 --dataset-root /Mamba_Rul/CMAPSSData/ --max-rul 125 --batch-size 128 --model-path /Mamba_Rul/logs/FD004_GAT_EDmamba_dstate_64/seed30/model_FD004_0729_091334_seed30.pkl
model_path:/Mamba_Rul/logs/FD004_GAT_EDmamba_dstate_64/seed30/model_FD004_0729_091334_seed30.pkl
rmse_final:18.25193214416504, score:1369.220703125
