-----FD003-----
关键参数:
序列长度: 30
批大小(batch_size): 128
最大训练轮数(max_epochs): 30
随机数种子: 97
模型代号(model_code): GAT_EDmamba_dropout_0.5
模型结构(model_structure): mamba_mamba
学习率: 0.002
学习率调度器: step
Step步长(step_size): 10
Step衰减系数(gamma): 0.1
use_gat: True
gat_hidden_dim: 8
编码器: 2层Mamba
解码器: 2层Mamba
mamba_d_model: 32
mamba_num_layers: 2
mamba_d_state: 64
dropout: 0.5
训练损失: AdaptiveAsymmetricMSELoss
asym_alpha: 3.5
asym_gamma: 5.0
asym_delta: 0.9
focus_threshold: 35.0
cap_threshold: 125.0
------------------------------
Epoch: 1, Loss: 42.1285, Rmse_valid: 32.6756, valid_score: 149100.3, , rmse_test: 24.5731, score_test: 2741.9, Learning rate:0.00200000
Epoch: 2, Loss: 29.2066, Rmse_valid: 19.3376, valid_score: 18497.7, , rmse_test: 18.4842, score_test: 887.2, Learning rate:0.00200000
Epoch: 3, Loss: 23.8772, Rmse_valid: 20.5939, valid_score: 17084.6, , rmse_test: 17.5589, score_test: 537.8, Learning rate:0.00200000
Epoch: 4, Loss: 21.2982, Rmse_valid: 20.4876, valid_score: 15180.3, , rmse_test: 17.1496, score_test: 401.6, Learning rate:0.00200000
Epoch: 5, Loss: 20.6588, Rmse_valid: 11.7968, valid_score: 5999.1, , rmse_test: 14.9115, score_test: 664.4, Learning rate:0.00200000
Epoch: 6, Loss: 18.7657, Rmse_valid: 14.3558, valid_score: 6497.9, , rmse_test: 14.5573, score_test: 374.0, Learning rate:0.00200000
Epoch: 7, Loss: 18.1339, Rmse_valid: 12.5309, valid_score: 5114.2, , rmse_test: 13.7936, score_test: 250.7, Learning rate:0.00200000
Epoch: 8, Loss: 21.3504, Rmse_valid: 13.5325, valid_score: 5583.2, , rmse_test: 13.5597, score_test: 300.9, Learning rate:0.00200000
Epoch: 9, Loss: 17.0511, Rmse_valid: 13.8130, valid_score: 5872.7, , rmse_test: 14.7564, score_test: 362.3, Learning rate:0.00200000
Epoch: 10, Loss: 16.6409, Rmse_valid: 10.2900, valid_score: 3901.0, , rmse_test: 13.0210, score_test: 276.5, Learning rate:0.00200000
Epoch: 11, Loss: 14.3337, Rmse_valid: 11.6432, valid_score: 4484.9, , rmse_test: 13.1346, score_test: 241.7, Learning rate:0.00020000
Epoch: 12, Loss: 14.1167, Rmse_valid: 10.6713, valid_score: 3814.6, , rmse_test: 12.8082, score_test: 233.6, Learning rate:0.00020000
Epoch: 13, Loss: 13.8909, Rmse_valid: 11.3532, valid_score: 4275.0, , rmse_test: 13.1178, score_test: 232.7, Learning rate:0.00020000
Epoch: 14, Loss: 13.6912, Rmse_valid: 10.4556, valid_score: 3604.2, , rmse_test: 12.6859, score_test: 227.0, Learning rate:0.00020000
Epoch: 15, Loss: 13.4865, Rmse_valid: 11.4522, valid_score: 4393.5, , rmse_test: 13.3434, score_test: 247.8, Learning rate:0.00020000
Epoch: 16, Loss: 13.4304, Rmse_valid: 10.5246, valid_score: 3672.6, , rmse_test: 12.9312, score_test: 230.0, Learning rate:0.00020000
Epoch: 17, Loss: 13.2653, Rmse_valid: 10.8487, valid_score: 3888.6, , rmse_test: 12.7755, score_test: 226.8, Learning rate:0.00020000
Epoch: 18, Loss: 13.0581, Rmse_valid: 10.8336, valid_score: 3982.7, , rmse_test: 12.5242, score_test: 222.8, Learning rate:0.00020000
Epoch: 19, Loss: 12.9117, Rmse_valid: 10.0490, valid_score: 3410.6, , rmse_test: 12.5341, score_test: 230.6, Learning rate:0.00020000
Epoch: 20, Loss: 12.7826, Rmse_valid: 10.2153, valid_score: 3673.0, , rmse_test: 12.6171, score_test: 236.4, Learning rate:0.00020000
Epoch: 21, Loss: 12.4880, Rmse_valid: 10.3525, valid_score: 3658.7, , rmse_test: 12.5670, score_test: 225.9, Learning rate:0.00002000
Epoch: 22, Loss: 12.4453, Rmse_valid: 9.9830, valid_score: 3520.9, , rmse_test: 12.5224, score_test: 230.6, Learning rate:0.00002000
Epoch: 23, Loss: 12.4801, Rmse_valid: 10.3248, valid_score: 3652.2, , rmse_test: 12.6513, score_test: 229.8, Learning rate:0.00002000
Epoch: 24, Loss: 12.4320, Rmse_valid: 10.1565, valid_score: 3579.7, , rmse_test: 12.6649, score_test: 232.7, Learning rate:0.00002000
Epoch: 25, Loss: 12.4407, Rmse_valid: 10.1447, valid_score: 3578.1, , rmse_test: 12.5750, score_test: 229.9, Learning rate:0.00002000
Epoch: 26, Loss: 12.4057, Rmse_valid: 10.1257, valid_score: 3564.5, , rmse_test: 12.5266, score_test: 227.0, Learning rate:0.00002000
Epoch: 27, Loss: 12.4109, Rmse_valid: 10.2752, valid_score: 3626.6, , rmse_test: 12.6104, score_test: 231.7, Learning rate:0.00002000
Epoch: 28, Loss: 12.3657, Rmse_valid: 10.3478, valid_score: 3695.7, , rmse_test: 12.6301, score_test: 229.2, Learning rate:0.00002000
Epoch: 29, Loss: 12.3406, Rmse_valid: 10.3021, valid_score: 3646.7, , rmse_test: 12.5733, score_test: 227.2, Learning rate:0.00002000
Epoch: 30, Loss: 12.3219, Rmse_valid: 10.2951, valid_score: 3642.3, , rmse_test: 12.5593, score_test: 226.6, Learning rate:0.00002000
[Train Summary] Restored best model from epoch 22, rmse_valid: 9.9830, valid_score: 3520.9, rmse_test: 12.5224, score_test: 230.6
[Train Time] start: 2026-09-03 03:41:03, end: 2026-09-03 03:43:30, duration: 0:02:27, total_seconds: 147.01
[Auto Test] command: /usr/local/miniconda3/envs/HV/bin/python /Mamba_Rul/test_GAT_EDmamba/test_model.py --sub-dataset FD003 --smooth-rate 30 --sequence-len 30 --feature-num 14 --dataset-root /Mamba_Rul/CMAPSSData/ --max-rul 125 --batch-size 128 --model-path /Mamba_Rul/logs/FD003_GAT_EDmamba_dropout_0.5/seed97/model_FD003_0903_034103_seed97.pkl
model_path:/Mamba_Rul/logs/FD003_GAT_EDmamba_dropout_0.5/seed97/model_FD003_0903_034103_seed97.pkl
rmse_final:12.495598793029785, score:228.66021728515625
