-----FD004-----
关键参数:
序列长度: 30
批大小(batch_size): 128
最大训练轮数(max_epochs): 30
随机数种子: 2
模型代号(model_code): GAT_EDmamba_8
模型结构(model_structure): mamba_mamba
学习率: 0.002
学习率调度器: step
Step步长(step_size): 10
Step衰减系数(gamma): 0.1
use_gat: True
gat_hidden_dim: 8
编码器: 2层Mamba
解码器: 2层Mamba
encoder_hidden_size: 8
mamba_num_layers: 3
mamba_d_state: 16
训练损失: AdaptiveAsymmetricMSELoss
asym_alpha: 2.0
asym_gamma: 5.0
asym_delta: 0.9
focus_threshold: 35.0
cap_threshold: 125.0
------------------------------
Epoch: 1, Loss: 41.3246, Rmse_valid: 26.4858, valid_score: 76622.3, , rmse_test: 28.9310, score_test: 5159.6, Learning rate:0.00200000
Epoch: 2, Loss: 35.0060, Rmse_valid: 26.3484, valid_score: 78577.3, , rmse_test: 26.5587, score_test: 3452.9, Learning rate:0.00200000
Epoch: 3, Loss: 31.5546, Rmse_valid: 22.0755, valid_score: 46725.2, , rmse_test: 22.1569, score_test: 2432.0, Learning rate:0.00200000
Epoch: 4, Loss: 28.8992, Rmse_valid: 22.0177, valid_score: 73454.4, , rmse_test: 21.4492, score_test: 2495.0, Learning rate:0.00200000
Epoch: 5, Loss: 28.2358, Rmse_valid: 18.3375, valid_score: 33138.5, , rmse_test: 19.1322, score_test: 1991.0, Learning rate:0.00200000
Epoch: 6, Loss: 26.8371, Rmse_valid: 19.9798, valid_score: 49510.0, , rmse_test: 18.4032, score_test: 1333.0, Learning rate:0.00200000
Epoch: 7, Loss: 25.8338, Rmse_valid: 19.8169, valid_score: 38398.8, , rmse_test: 17.9583, score_test: 1329.7, Learning rate:0.00200000
Epoch: 8, Loss: 25.2172, Rmse_valid: 18.2606, valid_score: 28729.6, , rmse_test: 18.5066, score_test: 1511.9, Learning rate:0.00200000
Epoch: 9, Loss: 25.0834, Rmse_valid: 16.9180, valid_score: 27405.4, , rmse_test: 17.8191, score_test: 1347.5, Learning rate:0.00200000
Epoch: 10, Loss: 24.3783, Rmse_valid: 18.0359, valid_score: 34794.4, , rmse_test: 18.3814, score_test: 1357.3, Learning rate:0.00200000
Epoch: 11, Loss: 21.0690, Rmse_valid: 17.2085, valid_score: 25569.8, , rmse_test: 17.8911, score_test: 1218.5, Learning rate:0.00020000
Epoch: 12, Loss: 20.6672, Rmse_valid: 17.0942, valid_score: 26444.0, , rmse_test: 18.0538, score_test: 1272.7, Learning rate:0.00020000
Epoch: 13, Loss: 20.5288, Rmse_valid: 17.2210, valid_score: 28895.2, , rmse_test: 17.7685, score_test: 1230.0, Learning rate:0.00020000
Epoch: 14, Loss: 20.3861, Rmse_valid: 17.4267, valid_score: 29600.6, , rmse_test: 17.7135, score_test: 1219.3, Learning rate:0.00020000
Epoch: 15, Loss: 20.3464, Rmse_valid: 17.3681, valid_score: 29249.1, , rmse_test: 18.0974, score_test: 1301.3, Learning rate:0.00020000
Epoch: 16, Loss: 20.2068, Rmse_valid: 17.6381, valid_score: 32534.2, , rmse_test: 18.1469, score_test: 1319.0, Learning rate:0.00020000
Epoch: 17, Loss: 20.1187, Rmse_valid: 17.2312, valid_score: 29336.1, , rmse_test: 17.5694, score_test: 1246.2, Learning rate:0.00020000
Epoch: 18, Loss: 20.0476, Rmse_valid: 17.2879, valid_score: 29696.8, , rmse_test: 17.5799, score_test: 1274.2, Learning rate:0.00020000
Epoch: 19, Loss: 19.9579, Rmse_valid: 17.5094, valid_score: 30695.3, , rmse_test: 17.2984, score_test: 1222.9, Learning rate:0.00020000
Epoch: 20, Loss: 19.9434, Rmse_valid: 18.0906, valid_score: 33129.7, , rmse_test: 17.5901, score_test: 1249.4, Learning rate:0.00020000
Epoch: 21, Loss: 19.6877, Rmse_valid: 17.6091, valid_score: 30348.0, , rmse_test: 17.7555, score_test: 1260.8, Learning rate:0.00002000
Epoch: 22, Loss: 19.6236, Rmse_valid: 17.4996, valid_score: 30232.1, , rmse_test: 17.6393, score_test: 1246.4, Learning rate:0.00002000
Epoch: 23, Loss: 19.5967, Rmse_valid: 17.6073, valid_score: 30352.1, , rmse_test: 17.6214, score_test: 1255.7, Learning rate:0.00002000
Epoch: 24, Loss: 19.6478, Rmse_valid: 17.4960, valid_score: 30557.6, , rmse_test: 17.5017, score_test: 1230.9, Learning rate:0.00002000
Epoch: 25, Loss: 19.5716, Rmse_valid: 17.5378, valid_score: 30809.3, , rmse_test: 17.6360, score_test: 1247.4, Learning rate:0.00002000
Epoch: 26, Loss: 19.5895, Rmse_valid: 17.5446, valid_score: 30335.8, , rmse_test: 17.4964, score_test: 1232.2, Learning rate:0.00002000
Epoch: 27, Loss: 19.5419, Rmse_valid: 17.5203, valid_score: 30678.0, , rmse_test: 17.4495, score_test: 1229.9, Learning rate:0.00002000
Epoch: 28, Loss: 19.5209, Rmse_valid: 17.5134, valid_score: 30970.3, , rmse_test: 17.6030, score_test: 1242.8, Learning rate:0.00002000
Epoch: 29, Loss: 19.5609, Rmse_valid: 17.6371, valid_score: 30553.3, , rmse_test: 17.5669, score_test: 1247.8, Learning rate:0.00002000
Epoch: 30, Loss: 19.5813, Rmse_valid: 17.4203, valid_score: 30695.1, , rmse_test: 17.4999, score_test: 1235.7, Learning rate:0.00002000
[Train Summary] Restored best model from epoch 9, rmse_valid: 16.9180, valid_score: 27405.4, rmse_test: 17.8191, score_test: 1347.5
[Train Time] start: 2026-07-31 05:45:10, end: 2026-07-31 05:58:47, duration: 0:13:37, total_seconds: 816.85
[Auto Test] command: /usr/local/miniconda3/envs/HV/bin/python /Mamba_Rul/test_GAT_EDmamba/test_model.py --sub-dataset FD004 --smooth-rate 40 --sequence-len 30 --feature-num 14 --dataset-root /Mamba_Rul/CMAPSSData/ --max-rul 125 --batch-size 128 --model-path /Mamba_Rul/logs/FD004_GAT_EDmamba_8/seed2/model_FD004_0731_054510_seed2.pkl
model_path:/Mamba_Rul/logs/FD004_GAT_EDmamba_8/seed2/model_FD004_0731_054510_seed2.pkl
rmse_final:17.90566635131836, score:1348.509033203125
