-----FD003-----
关键参数:
序列长度: 30
批大小(batch_size): 128
最大训练轮数(max_epochs): 30
随机数种子: 80
模型代号(model_code): GAT_EDmamba_16
模型结构(model_structure): mamba_mamba
学习率: 0.002
学习率调度器: step
Step步长(step_size): 10
Step衰减系数(gamma): 0.1
use_gat: True
gat_hidden_dim: 8
编码器: 2层Mamba
解码器: 2层Mamba
encoder_hidden_size: 16
mamba_num_layers: 2
mamba_d_state: 16
训练损失: AdaptiveAsymmetricMSELoss
asym_alpha: 3.5
asym_gamma: 5.0
asym_delta: 0.9
focus_threshold: 35.0
cap_threshold: 125.0
------------------------------
Epoch: 1, Loss: 44.2902, Rmse_valid: 26.3748, valid_score: 51594.5, , rmse_test: 21.9087, score_test: 1643.8, Learning rate:0.00200000
Epoch: 2, Loss: 30.1722, Rmse_valid: 20.0572, valid_score: 20605.6, , rmse_test: 21.8334, score_test: 1474.4, Learning rate:0.00200000
Epoch: 3, Loss: 26.2444, Rmse_valid: 20.9786, valid_score: 19950.1, , rmse_test: 16.9736, score_test: 796.3, Learning rate:0.00200000
Epoch: 4, Loss: 22.8206, Rmse_valid: 20.0394, valid_score: 21090.6, , rmse_test: 16.3180, score_test: 1182.6, Learning rate:0.00200000
Epoch: 5, Loss: 21.1946, Rmse_valid: 15.2780, valid_score: 9395.8, , rmse_test: 23.8813, score_test: 1254.6, Learning rate:0.00200000
Epoch: 6, Loss: 19.6746, Rmse_valid: 12.3832, valid_score: 6663.8, , rmse_test: 14.7497, score_test: 615.6, Learning rate:0.00200000
Epoch: 7, Loss: 18.9086, Rmse_valid: 16.3367, valid_score: 10093.8, , rmse_test: 15.1738, score_test: 398.3, Learning rate:0.00200000
Epoch: 8, Loss: 18.1414, Rmse_valid: 13.5834, valid_score: 7027.2, , rmse_test: 14.1216, score_test: 333.2, Learning rate:0.00200000
Epoch: 9, Loss: 17.6381, Rmse_valid: 21.7055, valid_score: 25733.3, , rmse_test: 19.7523, score_test: 727.5, Learning rate:0.00200000
Epoch: 10, Loss: 17.3546, Rmse_valid: 14.2104, valid_score: 7906.6, , rmse_test: 13.8478, score_test: 366.4, Learning rate:0.00200000
Epoch: 11, Loss: 14.2735, Rmse_valid: 12.5726, valid_score: 5622.2, , rmse_test: 12.5870, score_test: 241.2, Learning rate:0.00020000
Epoch: 12, Loss: 13.9340, Rmse_valid: 12.5504, valid_score: 5503.2, , rmse_test: 12.3561, score_test: 221.1, Learning rate:0.00020000
Epoch: 13, Loss: 13.7819, Rmse_valid: 12.5301, valid_score: 5309.0, , rmse_test: 12.3448, score_test: 212.4, Learning rate:0.00020000
Epoch: 14, Loss: 13.5959, Rmse_valid: 12.1147, valid_score: 4892.6, , rmse_test: 11.9887, score_test: 204.5, Learning rate:0.00020000
Epoch: 15, Loss: 13.4854, Rmse_valid: 11.9661, valid_score: 4768.2, , rmse_test: 11.9750, score_test: 198.0, Learning rate:0.00020000
Epoch: 16, Loss: 13.3337, Rmse_valid: 11.7404, valid_score: 4569.3, , rmse_test: 11.8341, score_test: 194.7, Learning rate:0.00020000
Epoch: 17, Loss: 13.2184, Rmse_valid: 12.2057, valid_score: 4720.0, , rmse_test: 12.1641, score_test: 193.1, Learning rate:0.00020000
Epoch: 18, Loss: 13.1026, Rmse_valid: 12.4605, valid_score: 4997.5, , rmse_test: 11.9122, score_test: 192.7, Learning rate:0.00020000
Epoch: 19, Loss: 13.0605, Rmse_valid: 11.3185, valid_score: 4212.4, , rmse_test: 11.7849, score_test: 193.0, Learning rate:0.00020000
Epoch: 20, Loss: 12.9788, Rmse_valid: 11.8484, valid_score: 4616.1, , rmse_test: 11.9553, score_test: 207.3, Learning rate:0.00020000
Epoch: 21, Loss: 12.7786, Rmse_valid: 11.5489, valid_score: 4459.7, , rmse_test: 11.7895, score_test: 190.8, Learning rate:0.00002000
Epoch: 22, Loss: 12.7408, Rmse_valid: 11.6391, valid_score: 4428.2, , rmse_test: 11.7792, score_test: 189.2, Learning rate:0.00002000
Epoch: 23, Loss: 12.7299, Rmse_valid: 11.6875, valid_score: 4464.2, , rmse_test: 11.7928, score_test: 191.5, Learning rate:0.00002000
Epoch: 24, Loss: 12.7459, Rmse_valid: 11.6084, valid_score: 4450.0, , rmse_test: 11.7521, score_test: 190.7, Learning rate:0.00002000
Epoch: 25, Loss: 12.7172, Rmse_valid: 11.5734, valid_score: 4406.6, , rmse_test: 11.7427, score_test: 189.0, Learning rate:0.00002000
Epoch: 26, Loss: 12.6539, Rmse_valid: 11.4344, valid_score: 4374.9, , rmse_test: 11.7353, score_test: 192.2, Learning rate:0.00002000
Epoch: 27, Loss: 12.6229, Rmse_valid: 11.5981, valid_score: 4445.0, , rmse_test: 11.8167, score_test: 190.5, Learning rate:0.00002000
Epoch: 28, Loss: 12.6719, Rmse_valid: 11.6044, valid_score: 4433.1, , rmse_test: 11.7600, score_test: 190.8, Learning rate:0.00002000
Epoch: 29, Loss: 12.6452, Rmse_valid: 11.3724, valid_score: 4335.2, , rmse_test: 11.7461, score_test: 192.9, Learning rate:0.00002000
Epoch: 30, Loss: 12.6723, Rmse_valid: 11.4099, valid_score: 4320.8, , rmse_test: 11.7375, score_test: 190.1, Learning rate:0.00002000
[Train Summary] Restored best model from epoch 19, rmse_valid: 11.3185, valid_score: 4212.4, rmse_test: 11.7849, score_test: 193.0
[Train Time] start: 2026-07-30 23:30:14, end: 2026-07-30 23:34:47, duration: 0:04:33, total_seconds: 273.17
[Auto Test] command: /usr/local/miniconda3/envs/HV/bin/python /Mamba_Rul/test_GAT_EDmamba/test_model.py --sub-dataset FD003 --smooth-rate 30 --sequence-len 30 --feature-num 14 --dataset-root /Mamba_Rul/CMAPSSData/ --max-rul 125 --batch-size 128 --model-path /Mamba_Rul/logs/FD003_GAT_EDmamba_16/seed80/model_FD003_0730_233014_seed80.pkl
model_path:/Mamba_Rul/logs/FD003_GAT_EDmamba_16/seed80/model_FD003_0730_233014_seed80.pkl
rmse_final:11.855379104614258, score:189.97695922851562
