-----FD001-----
关键参数:
序列长度: 30
批大小(batch_size): 128
最大训练轮数(max_epochs): 30
随机数种子: 17
模型代号(model_code): GAT_EDmamba_dstate_64
模型结构(model_structure): mamba_mamba
学习率: 0.002
学习率调度器: step
Step步长(step_size): 10
Step衰减系数(gamma): 0.1
use_gat: True
gat_hidden_dim: 8
编码器: 2层Mamba
解码器: 2层Mamba
encoder_hidden_size: 4
mamba_num_layers: 2
mamba_d_state: 64
训练损失: AdaptiveAsymmetricMSELoss
asym_alpha: 1.5
asym_gamma: 2.0
asym_delta: 0.9
focus_threshold: 35.0
cap_threshold: 125.0
------------------------------
Epoch: 1, Loss: 36.8357, Rmse_valid: 23.0781, valid_score: 15568.0, , rmse_test: 20.6411, score_test: 1401.6, Learning rate:0.00200000
Epoch: 2, Loss: 25.1647, Rmse_valid: 16.2813, valid_score: 7250.5, , rmse_test: 16.1131, score_test: 405.6, Learning rate:0.00200000
Epoch: 3, Loss: 21.1477, Rmse_valid: 17.0645, valid_score: 6726.7, , rmse_test: 17.2287, score_test: 405.9, Learning rate:0.00200000
Epoch: 4, Loss: 19.4590, Rmse_valid: 13.1923, valid_score: 6308.1, , rmse_test: 14.7347, score_test: 414.8, Learning rate:0.00200000
Epoch: 5, Loss: 18.0634, Rmse_valid: 12.3785, valid_score: 4933.7, , rmse_test: 14.9878, score_test: 349.9, Learning rate:0.00200000
Epoch: 6, Loss: 17.1151, Rmse_valid: 11.6937, valid_score: 3997.3, , rmse_test: 14.2033, score_test: 356.1, Learning rate:0.00200000
Epoch: 7, Loss: 16.6830, Rmse_valid: 13.4605, valid_score: 3929.2, , rmse_test: 14.2253, score_test: 303.7, Learning rate:0.00200000
Epoch: 8, Loss: 16.3990, Rmse_valid: 13.1012, valid_score: 3455.5, , rmse_test: 14.2807, score_test: 261.7, Learning rate:0.00200000
Epoch: 9, Loss: 15.9574, Rmse_valid: 18.3281, valid_score: 6828.4, , rmse_test: 17.7963, score_test: 428.8, Learning rate:0.00200000
Epoch: 10, Loss: 15.5562, Rmse_valid: 10.9534, valid_score: 4439.6, , rmse_test: 14.0212, score_test: 383.9, Learning rate:0.00200000
Epoch: 11, Loss: 14.4189, Rmse_valid: 11.0051, valid_score: 3012.5, , rmse_test: 13.4148, score_test: 265.1, Learning rate:0.00020000
Epoch: 12, Loss: 14.3016, Rmse_valid: 11.4106, valid_score: 2994.2, , rmse_test: 13.5166, score_test: 266.8, Learning rate:0.00020000
Epoch: 13, Loss: 14.3073, Rmse_valid: 11.1720, valid_score: 3027.2, , rmse_test: 13.3738, score_test: 279.0, Learning rate:0.00020000
Epoch: 14, Loss: 14.2022, Rmse_valid: 11.0521, valid_score: 2964.1, , rmse_test: 13.3048, score_test: 274.6, Learning rate:0.00020000
Epoch: 15, Loss: 14.1795, Rmse_valid: 11.0335, valid_score: 3009.1, , rmse_test: 13.3251, score_test: 297.9, Learning rate:0.00020000
Epoch: 16, Loss: 14.1785, Rmse_valid: 10.8596, valid_score: 2837.7, , rmse_test: 13.2070, score_test: 275.6, Learning rate:0.00020000
Epoch: 17, Loss: 14.1095, Rmse_valid: 10.9155, valid_score: 2908.3, , rmse_test: 13.1899, score_test: 293.8, Learning rate:0.00020000
Epoch: 18, Loss: 14.1314, Rmse_valid: 11.1504, valid_score: 2927.2, , rmse_test: 13.3864, score_test: 280.4, Learning rate:0.00020000
Epoch: 19, Loss: 14.0402, Rmse_valid: 11.5795, valid_score: 3032.1, , rmse_test: 13.7133, score_test: 262.3, Learning rate:0.00020000
Epoch: 20, Loss: 13.9678, Rmse_valid: 10.6249, valid_score: 2993.5, , rmse_test: 13.1782, score_test: 284.7, Learning rate:0.00020000
Epoch: 21, Loss: 13.9296, Rmse_valid: 10.7284, valid_score: 2963.4, , rmse_test: 13.2499, score_test: 278.2, Learning rate:0.00002000
Epoch: 22, Loss: 13.9395, Rmse_valid: 10.9047, valid_score: 2969.8, , rmse_test: 13.2545, score_test: 279.8, Learning rate:0.00002000
Epoch: 23, Loss: 13.8629, Rmse_valid: 10.9687, valid_score: 2952.1, , rmse_test: 13.2615, score_test: 275.3, Learning rate:0.00002000
Epoch: 24, Loss: 13.8723, Rmse_valid: 10.9431, valid_score: 2977.6, , rmse_test: 13.2651, score_test: 278.7, Learning rate:0.00002000
Epoch: 25, Loss: 13.9025, Rmse_valid: 11.0894, valid_score: 2973.9, , rmse_test: 13.2492, score_test: 278.5, Learning rate:0.00002000
Epoch: 26, Loss: 13.8350, Rmse_valid: 10.9035, valid_score: 2958.0, , rmse_test: 13.2375, score_test: 280.0, Learning rate:0.00002000
Epoch: 27, Loss: 13.8994, Rmse_valid: 10.8961, valid_score: 2961.7, , rmse_test: 13.2827, score_test: 277.6, Learning rate:0.00002000
Epoch: 28, Loss: 13.9061, Rmse_valid: 11.1489, valid_score: 2970.5, , rmse_test: 13.2677, score_test: 278.6, Learning rate:0.00002000
Epoch: 29, Loss: 13.8402, Rmse_valid: 11.1936, valid_score: 2953.1, , rmse_test: 13.2764, score_test: 277.0, Learning rate:0.00002000
Epoch: 30, Loss: 13.7856, Rmse_valid: 11.1679, valid_score: 2969.2, , rmse_test: 13.2577, score_test: 278.3, Learning rate:0.00002000
[Train Summary] Restored best model from epoch 20, rmse_valid: 10.6249, valid_score: 2993.5, rmse_test: 13.1782, score_test: 284.7
[Train Time] start: 2026-08-04 02:13:46, end: 2026-08-04 02:17:26, duration: 0:03:40, total_seconds: 219.54
[Auto Test] command: /usr/local/miniconda3/envs/HV/bin/python /Mamba_Rul/test_GAT_EDmamba/test_model.py --sub-dataset FD001 --smooth-rate 30 --sequence-len 30 --feature-num 14 --dataset-root /Mamba_Rul/CMAPSSData/ --max-rul 125 --batch-size 128 --model-path /Mamba_Rul/logs/FD001_GAT_EDmamba_dstate_64/seed17/model_FD001_0804_021346_seed17.pkl
model_path:/Mamba_Rul/logs/FD001_GAT_EDmamba_dstate_64/seed17/model_FD001_0804_021346_seed17.pkl
rmse_final:13.221951484680176, score:277.64874267578125
