-----FD003-----
关键参数:
序列长度: 30
批大小(batch_size): 128
最大训练轮数(max_epochs): 30
随机数种子: 80
模型代号(model_code): GAT_EDmamba_dropout_0.1
模型结构(model_structure): mamba_mamba
学习率: 0.002
学习率调度器: step
Step步长(step_size): 10
Step衰减系数(gamma): 0.1
use_gat: True
gat_hidden_dim: 8
编码器: 2层Mamba
解码器: 2层Mamba
mamba_d_model: 32
mamba_num_layers: 2
mamba_d_state: 64
dropout: 0.1
训练损失: AdaptiveAsymmetricMSELoss
asym_alpha: 3.5
asym_gamma: 5.0
asym_delta: 0.9
focus_threshold: 35.0
cap_threshold: 125.0
------------------------------
Epoch: 1, Loss: 44.2199, Rmse_valid: 26.6366, valid_score: 65528.2, , rmse_test: 23.1461, score_test: 1949.8, Learning rate:0.00200000
Epoch: 2, Loss: 28.8668, Rmse_valid: 21.3773, valid_score: 22590.9, , rmse_test: 18.1054, score_test: 769.3, Learning rate:0.00200000
Epoch: 3, Loss: 23.5659, Rmse_valid: 20.7209, valid_score: 16026.8, , rmse_test: 17.2730, score_test: 597.0, Learning rate:0.00200000
Epoch: 4, Loss: 21.6747, Rmse_valid: 18.6636, valid_score: 10561.2, , rmse_test: 15.8146, score_test: 323.0, Learning rate:0.00200000
Epoch: 5, Loss: 19.6080, Rmse_valid: 17.5184, valid_score: 9921.6, , rmse_test: 15.4726, score_test: 386.4, Learning rate:0.00200000
Epoch: 6, Loss: 18.9931, Rmse_valid: 15.1135, valid_score: 8579.5, , rmse_test: 16.0119, score_test: 444.0, Learning rate:0.00200000
Epoch: 7, Loss: 18.1625, Rmse_valid: 18.4209, valid_score: 12156.7, , rmse_test: 19.6788, score_test: 691.8, Learning rate:0.00200000
Epoch: 8, Loss: 17.5267, Rmse_valid: 13.7581, valid_score: 6160.8, , rmse_test: 14.1355, score_test: 447.5, Learning rate:0.00200000
Epoch: 9, Loss: 17.2327, Rmse_valid: 13.5359, valid_score: 6056.2, , rmse_test: 15.6041, score_test: 540.7, Learning rate:0.00200000
Epoch: 10, Loss: 16.8968, Rmse_valid: 12.8460, valid_score: 5948.8, , rmse_test: 13.2147, score_test: 239.7, Learning rate:0.00200000
Epoch: 11, Loss: 13.4718, Rmse_valid: 10.9969, valid_score: 4481.9, , rmse_test: 12.5119, score_test: 260.4, Learning rate:0.00020000
Epoch: 12, Loss: 13.1188, Rmse_valid: 11.4528, valid_score: 4701.8, , rmse_test: 12.5632, score_test: 269.4, Learning rate:0.00020000
Epoch: 13, Loss: 12.9539, Rmse_valid: 10.7220, valid_score: 4463.3, , rmse_test: 12.6079, score_test: 294.5, Learning rate:0.00020000
Epoch: 14, Loss: 12.7768, Rmse_valid: 11.7526, valid_score: 4942.3, , rmse_test: 12.6891, score_test: 234.8, Learning rate:0.00020000
Epoch: 15, Loss: 12.5346, Rmse_valid: 11.4627, valid_score: 4807.4, , rmse_test: 12.6221, score_test: 310.2, Learning rate:0.00020000
Epoch: 16, Loss: 12.4641, Rmse_valid: 11.4177, valid_score: 4986.2, , rmse_test: 12.4502, score_test: 289.2, Learning rate:0.00020000
Epoch: 17, Loss: 12.3450, Rmse_valid: 11.2736, valid_score: 4821.1, , rmse_test: 12.2206, score_test: 222.1, Learning rate:0.00020000
Epoch: 18, Loss: 12.1761, Rmse_valid: 11.0214, valid_score: 4727.0, , rmse_test: 12.4679, score_test: 266.6, Learning rate:0.00020000
Epoch: 19, Loss: 12.1043, Rmse_valid: 11.0702, valid_score: 4701.2, , rmse_test: 12.3250, score_test: 220.8, Learning rate:0.00020000
Epoch: 20, Loss: 11.9582, Rmse_valid: 10.8652, valid_score: 4782.5, , rmse_test: 12.6350, score_test: 337.7, Learning rate:0.00020000
Epoch: 21, Loss: 11.6907, Rmse_valid: 11.0446, valid_score: 4720.1, , rmse_test: 12.3137, score_test: 241.6, Learning rate:0.00002000
Epoch: 22, Loss: 11.6542, Rmse_valid: 10.7554, valid_score: 4550.6, , rmse_test: 12.2694, score_test: 238.2, Learning rate:0.00002000
Epoch: 23, Loss: 11.6753, Rmse_valid: 10.7827, valid_score: 4583.6, , rmse_test: 12.2054, score_test: 229.2, Learning rate:0.00002000
Epoch: 24, Loss: 11.6277, Rmse_valid: 11.1119, valid_score: 4768.5, , rmse_test: 12.3232, score_test: 229.4, Learning rate:0.00002000
Epoch: 25, Loss: 11.6265, Rmse_valid: 10.9379, valid_score: 4692.4, , rmse_test: 12.3022, score_test: 230.7, Learning rate:0.00002000
Epoch: 26, Loss: 11.5793, Rmse_valid: 10.6713, valid_score: 4564.2, , rmse_test: 12.2529, score_test: 235.7, Learning rate:0.00002000
Epoch: 27, Loss: 11.5980, Rmse_valid: 10.8851, valid_score: 4651.2, , rmse_test: 12.1410, score_test: 222.9, Learning rate:0.00002000
Epoch: 28, Loss: 11.5356, Rmse_valid: 11.0607, valid_score: 4722.4, , rmse_test: 12.3423, score_test: 233.3, Learning rate:0.00002000
Epoch: 29, Loss: 11.5399, Rmse_valid: 10.7907, valid_score: 4630.4, , rmse_test: 12.3668, score_test: 236.4, Learning rate:0.00002000
Epoch: 30, Loss: 11.5389, Rmse_valid: 10.9008, valid_score: 4665.6, , rmse_test: 12.2787, score_test: 236.0, Learning rate:0.00002000
[Train Summary] Restored best model from epoch 26, rmse_valid: 10.6713, valid_score: 4564.2, rmse_test: 12.2529, score_test: 235.7
[Train Time] start: 2026-09-03 00:59:05, end: 2026-09-03 01:02:34, duration: 0:03:29, total_seconds: 208.67
[Auto Test] command: /usr/local/miniconda3/envs/HV/bin/python /Mamba_Rul/test_GAT_EDmamba/test_model.py --sub-dataset FD003 --smooth-rate 30 --sequence-len 30 --feature-num 14 --dataset-root /Mamba_Rul/CMAPSSData/ --max-rul 125 --batch-size 128 --model-path /Mamba_Rul/logs/FD003_GAT_EDmamba_dropout_0.1/seed80/model_FD003_0903_005905_seed80.pkl
model_path:/Mamba_Rul/logs/FD003_GAT_EDmamba_dropout_0.1/seed80/model_FD003_0903_005905_seed80.pkl
rmse_final:12.240915298461914, score:229.840576171875
