-----FD003-----
关键参数:
序列长度: 30
批大小(batch_size): 128
最大训练轮数(max_epochs): 30
随机数种子: 88
模型代号(model_code): GAT_EDmamba_dropout_0.1
模型结构(model_structure): mamba_mamba
学习率: 0.002
学习率调度器: step
Step步长(step_size): 10
Step衰减系数(gamma): 0.1
use_gat: True
gat_hidden_dim: 8
编码器: 2层Mamba
解码器: 2层Mamba
mamba_d_model: 32
mamba_num_layers: 2
mamba_d_state: 64
dropout: 0.1
训练损失: AdaptiveAsymmetricMSELoss
asym_alpha: 3.5
asym_gamma: 5.0
asym_delta: 0.9
focus_threshold: 35.0
cap_threshold: 125.0
------------------------------
Epoch: 1, Loss: 42.3671, Rmse_valid: 32.6050, valid_score: 181007.8, , rmse_test: 26.2297, score_test: 2719.8, Learning rate:0.00200000
Epoch: 2, Loss: 30.3388, Rmse_valid: 31.7221, valid_score: 130541.0, , rmse_test: 25.0613, score_test: 2290.6, Learning rate:0.00200000
Epoch: 3, Loss: 24.4776, Rmse_valid: 18.3298, valid_score: 16949.8, , rmse_test: 16.0533, score_test: 658.4, Learning rate:0.00200000
Epoch: 4, Loss: 21.3952, Rmse_valid: 17.4155, valid_score: 9818.6, , rmse_test: 15.2079, score_test: 380.3, Learning rate:0.00200000
Epoch: 5, Loss: 19.6737, Rmse_valid: 16.0698, valid_score: 9957.9, , rmse_test: 14.1795, score_test: 432.8, Learning rate:0.00200000
Epoch: 6, Loss: 21.2665, Rmse_valid: 12.9512, valid_score: 6385.6, , rmse_test: 14.6382, score_test: 387.5, Learning rate:0.00200000
Epoch: 7, Loss: 17.9890, Rmse_valid: 13.2738, valid_score: 5965.8, , rmse_test: 15.8450, score_test: 388.7, Learning rate:0.00200000
Epoch: 8, Loss: 17.2380, Rmse_valid: 16.1593, valid_score: 8609.7, , rmse_test: 14.1817, score_test: 294.1, Learning rate:0.00200000
Epoch: 9, Loss: 17.0923, Rmse_valid: 14.3626, valid_score: 6583.8, , rmse_test: 15.6174, score_test: 319.9, Learning rate:0.00200000
Epoch: 10, Loss: 17.7902, Rmse_valid: 12.2613, valid_score: 5765.5, , rmse_test: 14.0347, score_test: 300.2, Learning rate:0.00200000
Epoch: 11, Loss: 14.1382, Rmse_valid: 11.7851, valid_score: 5074.7, , rmse_test: 13.0200, score_test: 261.6, Learning rate:0.00020000
Epoch: 12, Loss: 13.8167, Rmse_valid: 12.2160, valid_score: 5134.8, , rmse_test: 13.0489, score_test: 238.3, Learning rate:0.00020000
Epoch: 13, Loss: 13.6147, Rmse_valid: 11.4326, valid_score: 4791.9, , rmse_test: 12.9518, score_test: 249.7, Learning rate:0.00020000
Epoch: 14, Loss: 13.4428, Rmse_valid: 11.2969, valid_score: 4766.1, , rmse_test: 12.9802, score_test: 267.7, Learning rate:0.00020000
Epoch: 15, Loss: 13.2805, Rmse_valid: 10.9078, valid_score: 4558.8, , rmse_test: 12.8069, score_test: 255.7, Learning rate:0.00020000
Epoch: 16, Loss: 13.0641, Rmse_valid: 10.9463, valid_score: 4593.4, , rmse_test: 12.9066, score_test: 253.5, Learning rate:0.00020000
Epoch: 17, Loss: 13.0044, Rmse_valid: 10.8339, valid_score: 4464.7, , rmse_test: 12.6521, score_test: 234.3, Learning rate:0.00020000
Epoch: 18, Loss: 12.8437, Rmse_valid: 11.0248, valid_score: 4337.1, , rmse_test: 12.7829, score_test: 229.4, Learning rate:0.00020000
Epoch: 19, Loss: 12.6822, Rmse_valid: 11.0901, valid_score: 4466.9, , rmse_test: 12.6659, score_test: 239.3, Learning rate:0.00020000
Epoch: 20, Loss: 12.5574, Rmse_valid: 11.2635, valid_score: 4499.2, , rmse_test: 12.8676, score_test: 235.6, Learning rate:0.00020000
Epoch: 21, Loss: 12.2090, Rmse_valid: 10.6994, valid_score: 4128.1, , rmse_test: 12.8649, score_test: 240.4, Learning rate:0.00002000
Epoch: 22, Loss: 12.2097, Rmse_valid: 10.8146, valid_score: 4214.3, , rmse_test: 12.9340, score_test: 244.6, Learning rate:0.00002000
Epoch: 23, Loss: 12.2199, Rmse_valid: 10.7382, valid_score: 4163.0, , rmse_test: 12.9625, score_test: 241.7, Learning rate:0.00002000
Epoch: 24, Loss: 12.1722, Rmse_valid: 10.6797, valid_score: 4083.1, , rmse_test: 12.8929, score_test: 237.1, Learning rate:0.00002000
Epoch: 25, Loss: 12.1332, Rmse_valid: 10.4913, valid_score: 4016.2, , rmse_test: 12.9110, score_test: 243.3, Learning rate:0.00002000
Epoch: 26, Loss: 12.1401, Rmse_valid: 10.5054, valid_score: 3968.2, , rmse_test: 12.8843, score_test: 243.0, Learning rate:0.00002000
Epoch: 27, Loss: 12.1181, Rmse_valid: 10.7658, valid_score: 4127.9, , rmse_test: 12.9297, score_test: 245.2, Learning rate:0.00002000
Epoch: 28, Loss: 12.1006, Rmse_valid: 10.7365, valid_score: 4108.8, , rmse_test: 12.9829, score_test: 244.0, Learning rate:0.00002000
Epoch: 29, Loss: 12.0934, Rmse_valid: 10.5507, valid_score: 4038.3, , rmse_test: 12.9249, score_test: 245.4, Learning rate:0.00002000
Epoch: 30, Loss: 12.0433, Rmse_valid: 10.5015, valid_score: 3975.3, , rmse_test: 12.9176, score_test: 245.6, Learning rate:0.00002000
[Train Summary] Restored best model from epoch 25, rmse_valid: 10.4913, valid_score: 4016.2, rmse_test: 12.9110, score_test: 243.3
[Train Time] start: 2026-09-03 01:03:03, end: 2026-09-03 01:06:09, duration: 0:03:07, total_seconds: 186.76
[Auto Test] command: /usr/local/miniconda3/envs/HV/bin/python /Mamba_Rul/test_GAT_EDmamba/test_model.py --sub-dataset FD003 --smooth-rate 30 --sequence-len 30 --feature-num 14 --dataset-root /Mamba_Rul/CMAPSSData/ --max-rul 125 --batch-size 128 --model-path /Mamba_Rul/logs/FD003_GAT_EDmamba_dropout_0.1/seed88/model_FD003_0903_010303_seed88.pkl
model_path:/Mamba_Rul/logs/FD003_GAT_EDmamba_dropout_0.1/seed88/model_FD003_0903_010303_seed88.pkl
rmse_final:13.020751953125, score:241.44378662109375
