-----FD002-----
关键参数:
序列长度: 30
批大小(batch_size): 128
最大训练轮数(max_epochs): 30
随机数种子: 27
模型代号(model_code): GAT_EDmamba_dropout_0.5
模型结构(model_structure): mamba_mamba
学习率: 0.002
学习率调度器: step
Step步长(step_size): 10
Step衰减系数(gamma): 0.1
use_gat: True
gat_hidden_dim: 8
编码器: 2层Mamba
解码器: 2层Mamba
mamba_d_model: 16
mamba_num_layers: 2
mamba_d_state: 32
dropout: 0.5
训练损失: AdaptiveAsymmetricMSELoss
asym_alpha: 3.0
asym_gamma: 5.0
asym_delta: 0.9
focus_threshold: 35.0
cap_threshold: 125.0
------------------------------
Epoch: 1, Loss: 51.9530, Rmse_valid: 28.5647, valid_score: 99147.2, , rmse_test: 29.7711, score_test: 6892.7, Learning rate:0.00200000
Epoch: 2, Loss: 38.9804, Rmse_valid: 22.8056, valid_score: 41233.6, , rmse_test: 23.6104, score_test: 2684.3, Learning rate:0.00200000
Epoch: 3, Loss: 33.0944, Rmse_valid: 26.0984, valid_score: 54246.3, , rmse_test: 26.7753, score_test: 3480.1, Learning rate:0.00200000
Epoch: 4, Loss: 29.7280, Rmse_valid: 22.7609, valid_score: 34562.8, , rmse_test: 20.8015, score_test: 1501.8, Learning rate:0.00200000
Epoch: 5, Loss: 27.8073, Rmse_valid: 20.8608, valid_score: 27886.5, , rmse_test: 18.6018, score_test: 1108.9, Learning rate:0.00200000
Epoch: 6, Loss: 26.4431, Rmse_valid: 19.2861, valid_score: 26608.9, , rmse_test: 16.9562, score_test: 972.7, Learning rate:0.00200000
Epoch: 7, Loss: 25.5316, Rmse_valid: 21.2345, valid_score: 30631.2, , rmse_test: 19.4502, score_test: 1243.4, Learning rate:0.00200000
Epoch: 8, Loss: 24.6241, Rmse_valid: 19.9732, valid_score: 26642.5, , rmse_test: 17.9466, score_test: 1024.3, Learning rate:0.00200000
Epoch: 9, Loss: 24.4495, Rmse_valid: 22.2369, valid_score: 33686.7, , rmse_test: 18.7480, score_test: 1134.0, Learning rate:0.00200000
Epoch: 10, Loss: 23.6316, Rmse_valid: 20.6855, valid_score: 32927.5, , rmse_test: 17.3610, score_test: 1211.0, Learning rate:0.00200000
Epoch: 11, Loss: 19.8339, Rmse_valid: 19.0298, valid_score: 28281.9, , rmse_test: 15.5974, score_test: 808.7, Learning rate:0.00020000
Epoch: 12, Loss: 19.4677, Rmse_valid: 18.2487, valid_score: 26771.3, , rmse_test: 14.9760, score_test: 771.0, Learning rate:0.00020000
Epoch: 13, Loss: 19.2886, Rmse_valid: 19.1013, valid_score: 28413.5, , rmse_test: 15.4577, score_test: 788.5, Learning rate:0.00020000
Epoch: 14, Loss: 19.0371, Rmse_valid: 18.4174, valid_score: 27089.0, , rmse_test: 15.0003, score_test: 767.2, Learning rate:0.00020000
Epoch: 15, Loss: 18.9038, Rmse_valid: 17.9021, valid_score: 29122.9, , rmse_test: 14.1920, score_test: 755.3, Learning rate:0.00020000
Epoch: 16, Loss: 18.8000, Rmse_valid: 18.6272, valid_score: 27145.8, , rmse_test: 14.8797, score_test: 756.7, Learning rate:0.00020000
Epoch: 17, Loss: 18.6778, Rmse_valid: 18.3411, valid_score: 28814.8, , rmse_test: 14.4434, score_test: 747.7, Learning rate:0.00020000
Epoch: 18, Loss: 18.5991, Rmse_valid: 18.4485, valid_score: 29361.9, , rmse_test: 14.5425, score_test: 764.6, Learning rate:0.00020000
Epoch: 19, Loss: 18.4356, Rmse_valid: 18.5389, valid_score: 29020.9, , rmse_test: 14.6162, score_test: 752.1, Learning rate:0.00020000
Epoch: 20, Loss: 18.3722, Rmse_valid: 18.3434, valid_score: 27908.0, , rmse_test: 14.7477, score_test: 772.2, Learning rate:0.00020000
Epoch: 21, Loss: 18.1025, Rmse_valid: 18.2163, valid_score: 27640.2, , rmse_test: 14.4930, score_test: 747.3, Learning rate:0.00002000
Epoch: 22, Loss: 18.0564, Rmse_valid: 18.4106, valid_score: 28289.7, , rmse_test: 14.6057, score_test: 754.2, Learning rate:0.00002000
Epoch: 23, Loss: 18.0488, Rmse_valid: 18.2610, valid_score: 27794.5, , rmse_test: 14.4552, score_test: 751.4, Learning rate:0.00002000
Epoch: 24, Loss: 18.0363, Rmse_valid: 18.3561, valid_score: 27864.4, , rmse_test: 14.5353, score_test: 756.2, Learning rate:0.00002000
Epoch: 25, Loss: 17.9649, Rmse_valid: 18.3757, valid_score: 28414.5, , rmse_test: 14.4966, score_test: 755.0, Learning rate:0.00002000
Epoch: 26, Loss: 17.9765, Rmse_valid: 18.4040, valid_score: 28274.6, , rmse_test: 14.5571, score_test: 754.6, Learning rate:0.00002000
Epoch: 27, Loss: 17.9632, Rmse_valid: 18.3458, valid_score: 28058.6, , rmse_test: 14.4989, score_test: 751.9, Learning rate:0.00002000
Epoch: 28, Loss: 17.9746, Rmse_valid: 18.2494, valid_score: 28228.0, , rmse_test: 14.4441, score_test: 756.6, Learning rate:0.00002000
Epoch: 29, Loss: 17.9512, Rmse_valid: 18.4221, valid_score: 28507.6, , rmse_test: 14.5875, score_test: 760.7, Learning rate:0.00002000
Epoch: 30, Loss: 17.9799, Rmse_valid: 18.6959, valid_score: 28899.3, , rmse_test: 14.7747, score_test: 770.9, Learning rate:0.00002000
[Train Summary] Restored best model from epoch 15, rmse_valid: 17.9021, valid_score: 29122.9, rmse_test: 14.1920, score_test: 755.3
[Train Time] start: 2026-09-02 23:18:10, end: 2026-09-02 23:26:27, duration: 0:08:17, total_seconds: 497.34
[Auto Test] command: /usr/local/miniconda3/envs/HV/bin/python /Mamba_Rul/test_GAT_EDmamba/test_model.py --sub-dataset FD002 --smooth-rate 40 --sequence-len 30 --feature-num 14 --dataset-root /Mamba_Rul/CMAPSSData/ --max-rul 125 --batch-size 128 --model-path /Mamba_Rul/logs/FD002_GAT_EDmamba_dropout_0.5/seed27/model_FD002_0902_231810_seed27.pkl
model_path:/Mamba_Rul/logs/FD002_GAT_EDmamba_dropout_0.5/seed27/model_FD002_0902_231810_seed27.pkl
rmse_final:14.12096118927002, score:743.531494140625
