-----FD002-----
关键参数:
序列长度: 30
批大小(batch_size): 128
最大训练轮数(max_epochs): 30
随机数种子: 30
模型代号(model_code): 1GAT_EDmamba_dstate_64
模型结构(model_structure): mamba_mamba
学习率: 0.002
学习率调度器: step
Step步长(step_size): 10
Step衰减系数(gamma): 0.1
use_gat: True
gat_hidden_dim: 8
编码器: 2层Mamba
解码器: 2层Mamba
mamba_d_model: 16
mamba_num_layers: 2
mamba_d_state: 64
训练损失: AdaptiveAsymmetricMSELoss
asym_alpha: 3.0
asym_gamma: 5.0
asym_delta: 0.9
focus_threshold: 35.0
cap_threshold: 125.0
------------------------------
Epoch: 1, Loss: 46.4931, Rmse_valid: 27.1248, valid_score: 85469.5, , rmse_test: 28.9440, score_test: 6078.8, Learning rate:0.00200000
Epoch: 2, Loss: 36.8072, Rmse_valid: 23.5894, valid_score: 41591.8, , rmse_test: 22.2055, score_test: 2009.4, Learning rate:0.00200000
Epoch: 3, Loss: 29.6756, Rmse_valid: 24.0318, valid_score: 41405.0, , rmse_test: 21.4841, score_test: 1952.0, Learning rate:0.00200000
Epoch: 4, Loss: 26.7555, Rmse_valid: 21.5259, valid_score: 35031.9, , rmse_test: 18.3811, score_test: 1176.6, Learning rate:0.00200000
Epoch: 5, Loss: 24.9183, Rmse_valid: 16.7451, valid_score: 22660.4, , rmse_test: 15.0545, score_test: 948.7, Learning rate:0.00200000
Epoch: 6, Loss: 24.7720, Rmse_valid: 22.3673, valid_score: 36230.5, , rmse_test: 18.5442, score_test: 1206.0, Learning rate:0.00200000
Epoch: 7, Loss: 23.6529, Rmse_valid: 18.7035, valid_score: 22410.2, , rmse_test: 16.3148, score_test: 869.5, Learning rate:0.00200000
Epoch: 8, Loss: 23.4420, Rmse_valid: 20.8698, valid_score: 29952.7, , rmse_test: 18.6125, score_test: 1300.0, Learning rate:0.00200000
Epoch: 9, Loss: 22.5651, Rmse_valid: 18.7114, valid_score: 21958.6, , rmse_test: 16.7351, score_test: 902.7, Learning rate:0.00200000
Epoch: 10, Loss: 22.2226, Rmse_valid: 20.4549, valid_score: 41214.1, , rmse_test: 18.6117, score_test: 1932.7, Learning rate:0.00200000
Epoch: 11, Loss: 18.7492, Rmse_valid: 18.0306, valid_score: 27323.2, , rmse_test: 15.0757, score_test: 797.7, Learning rate:0.00020000
Epoch: 12, Loss: 18.2482, Rmse_valid: 18.0910, valid_score: 26964.4, , rmse_test: 15.1402, score_test: 808.0, Learning rate:0.00020000
Epoch: 13, Loss: 18.0645, Rmse_valid: 17.9685, valid_score: 25515.5, , rmse_test: 15.1224, score_test: 814.1, Learning rate:0.00020000
Epoch: 14, Loss: 17.8809, Rmse_valid: 18.2039, valid_score: 26830.6, , rmse_test: 15.4492, score_test: 835.0, Learning rate:0.00020000
Epoch: 15, Loss: 17.7005, Rmse_valid: 18.5694, valid_score: 29056.3, , rmse_test: 15.6067, score_test: 882.1, Learning rate:0.00020000
Epoch: 16, Loss: 17.5922, Rmse_valid: 17.5868, valid_score: 28926.6, , rmse_test: 15.2104, score_test: 875.7, Learning rate:0.00020000
Epoch: 17, Loss: 17.4649, Rmse_valid: 17.7793, valid_score: 28028.0, , rmse_test: 15.2254, score_test: 868.8, Learning rate:0.00020000
Epoch: 18, Loss: 17.3677, Rmse_valid: 17.9840, valid_score: 28837.3, , rmse_test: 15.4839, score_test: 881.1, Learning rate:0.00020000
Epoch: 19, Loss: 17.2209, Rmse_valid: 17.4697, valid_score: 26473.7, , rmse_test: 15.2707, score_test: 898.0, Learning rate:0.00020000
Epoch: 20, Loss: 17.1398, Rmse_valid: 17.1386, valid_score: 25849.5, , rmse_test: 15.0861, score_test: 882.9, Learning rate:0.00020000
Epoch: 21, Loss: 16.8522, Rmse_valid: 17.8222, valid_score: 27692.3, , rmse_test: 15.3822, score_test: 901.1, Learning rate:0.00002000
Epoch: 22, Loss: 16.8042, Rmse_valid: 17.5710, valid_score: 27453.6, , rmse_test: 15.2219, score_test: 876.6, Learning rate:0.00002000
Epoch: 23, Loss: 16.7851, Rmse_valid: 17.6842, valid_score: 27559.1, , rmse_test: 15.2604, score_test: 890.8, Learning rate:0.00002000
Epoch: 24, Loss: 16.7648, Rmse_valid: 17.7805, valid_score: 27659.4, , rmse_test: 15.3341, score_test: 892.4, Learning rate:0.00002000
Epoch: 25, Loss: 16.7499, Rmse_valid: 17.8357, valid_score: 27832.5, , rmse_test: 15.2888, score_test: 884.9, Learning rate:0.00002000
Epoch: 26, Loss: 16.7437, Rmse_valid: 17.5065, valid_score: 27720.8, , rmse_test: 15.1572, score_test: 893.4, Learning rate:0.00002000
Epoch: 27, Loss: 16.7291, Rmse_valid: 17.5928, valid_score: 27614.4, , rmse_test: 15.2345, score_test: 888.6, Learning rate:0.00002000
Epoch: 28, Loss: 16.7415, Rmse_valid: 17.6965, valid_score: 28278.7, , rmse_test: 15.3086, score_test: 900.1, Learning rate:0.00002000
Epoch: 29, Loss: 16.7054, Rmse_valid: 17.5575, valid_score: 28403.4, , rmse_test: 15.0947, score_test: 896.9, Learning rate:0.00002000
Epoch: 30, Loss: 16.7337, Rmse_valid: 17.7225, valid_score: 28521.6, , rmse_test: 15.2564, score_test: 905.3, Learning rate:0.00002000
[Train Summary] Restored best model from epoch 5, rmse_valid: 16.7451, valid_score: 22660.4, rmse_test: 15.0545, score_test: 948.7
[Train Time] start: 2026-08-28 11:10:18, end: 2026-08-28 11:18:35, duration: 0:08:17, total_seconds: 497.04
[Auto Test] command: /usr/local/miniconda3/envs/HV/bin/python /Mamba_Rul/test_GAT_EDmamba/test_model.py --sub-dataset FD002 --smooth-rate 40 --sequence-len 30 --feature-num 14 --dataset-root /Mamba_Rul/CMAPSSData/ --max-rul 125 --batch-size 128 --model-path /Mamba_Rul/logs/FD002_1GAT_EDmamba_dstate_64/seed30/model_FD002_0828_111018_seed30.pkl
model_path:/Mamba_Rul/logs/FD002_1GAT_EDmamba_dstate_64/seed30/model_FD002_0828_111018_seed30.pkl
rmse_final:15.151741981506348, score:940.707763671875
