-----FD001-----
关键参数:
序列长度: 30
批大小(batch_size): 128
最大训练轮数(max_epochs): 30
随机数种子: 80
模型代号(model_code): GAT_EDmamba_16
模型结构(model_structure): mamba_mamba
学习率: 0.002
学习率调度器: step
Step步长(step_size): 10
Step衰减系数(gamma): 0.1
use_gat: True
gat_hidden_dim: 8
编码器: 2层Mamba
解码器: 2层Mamba
encoder_hidden_size: 16
mamba_num_layers: 2
mamba_d_state: 16
训练损失: AdaptiveAsymmetricMSELoss
asym_alpha: 1.5
asym_gamma: 2.0
asym_delta: 0.9
focus_threshold: 35.0
cap_threshold: 125.0
------------------------------
Epoch: 1, Loss: 38.4246, Rmse_valid: 24.3739, valid_score: 13827.0, , rmse_test: 21.7624, score_test: 928.3, Learning rate:0.00200000
Epoch: 2, Loss: 23.5719, Rmse_valid: 14.5173, valid_score: 6897.0, , rmse_test: 17.1826, score_test: 524.1, Learning rate:0.00200000
Epoch: 3, Loss: 19.9067, Rmse_valid: 15.8362, valid_score: 5370.8, , rmse_test: 16.0872, score_test: 377.8, Learning rate:0.00200000
Epoch: 4, Loss: 18.7089, Rmse_valid: 14.2253, valid_score: 4895.3, , rmse_test: 14.7217, score_test: 368.8, Learning rate:0.00200000
Epoch: 5, Loss: 17.7660, Rmse_valid: 12.2574, valid_score: 4312.0, , rmse_test: 14.0141, score_test: 393.8, Learning rate:0.00200000
Epoch: 6, Loss: 17.1801, Rmse_valid: 13.0023, valid_score: 4591.7, , rmse_test: 14.1590, score_test: 362.7, Learning rate:0.00200000
Epoch: 7, Loss: 16.4932, Rmse_valid: 18.5727, valid_score: 8240.4, , rmse_test: 18.3137, score_test: 557.4, Learning rate:0.00200000
Epoch: 8, Loss: 15.9999, Rmse_valid: 12.5290, valid_score: 4303.7, , rmse_test: 13.7225, score_test: 282.0, Learning rate:0.00200000
Epoch: 9, Loss: 15.7620, Rmse_valid: 15.1978, valid_score: 6416.9, , rmse_test: 17.6164, score_test: 548.9, Learning rate:0.00200000
Epoch: 10, Loss: 15.5631, Rmse_valid: 12.2024, valid_score: 3892.1, , rmse_test: 13.7674, score_test: 301.2, Learning rate:0.00200000
Epoch: 11, Loss: 13.0558, Rmse_valid: 12.0239, valid_score: 4961.4, , rmse_test: 13.7788, score_test: 294.3, Learning rate:0.00020000
Epoch: 12, Loss: 12.7203, Rmse_valid: 12.8531, valid_score: 5871.0, , rmse_test: 14.6870, score_test: 300.2, Learning rate:0.00020000
Epoch: 13, Loss: 12.5530, Rmse_valid: 12.7087, valid_score: 5843.9, , rmse_test: 14.3819, score_test: 309.3, Learning rate:0.00020000
Epoch: 14, Loss: 12.4233, Rmse_valid: 12.2350, valid_score: 6569.4, , rmse_test: 14.1322, score_test: 309.1, Learning rate:0.00020000
Epoch: 15, Loss: 12.2345, Rmse_valid: 12.0816, valid_score: 8793.4, , rmse_test: 14.2469, score_test: 321.0, Learning rate:0.00020000
Epoch: 16, Loss: 12.1722, Rmse_valid: 11.9832, valid_score: 7371.1, , rmse_test: 14.2150, score_test: 304.2, Learning rate:0.00020000
Epoch: 17, Loss: 12.0604, Rmse_valid: 13.1064, valid_score: 7853.6, , rmse_test: 14.1056, score_test: 318.4, Learning rate:0.00020000
Epoch: 18, Loss: 11.9370, Rmse_valid: 12.2273, valid_score: 7713.0, , rmse_test: 14.2551, score_test: 319.8, Learning rate:0.00020000
Epoch: 19, Loss: 11.8167, Rmse_valid: 12.4268, valid_score: 8780.8, , rmse_test: 14.3785, score_test: 326.3, Learning rate:0.00020000
Epoch: 20, Loss: 11.7223, Rmse_valid: 12.4880, valid_score: 13297.0, , rmse_test: 14.1099, score_test: 298.0, Learning rate:0.00020000
Epoch: 21, Loss: 11.6324, Rmse_valid: 13.6828, valid_score: 9338.3, , rmse_test: 14.3856, score_test: 317.9, Learning rate:0.00002000
Epoch: 22, Loss: 11.5662, Rmse_valid: 12.3025, valid_score: 10411.0, , rmse_test: 14.3018, score_test: 324.1, Learning rate:0.00002000
Epoch: 23, Loss: 11.5207, Rmse_valid: 12.7236, valid_score: 10098.4, , rmse_test: 14.3862, score_test: 324.2, Learning rate:0.00002000
Epoch: 24, Loss: 11.5426, Rmse_valid: 12.6939, valid_score: 10027.5, , rmse_test: 14.4038, score_test: 326.6, Learning rate:0.00002000
Epoch: 25, Loss: 11.4938, Rmse_valid: 12.5522, valid_score: 9744.1, , rmse_test: 14.3870, score_test: 324.5, Learning rate:0.00002000
Epoch: 26, Loss: 11.4750, Rmse_valid: 12.6803, valid_score: 10005.3, , rmse_test: 14.3909, score_test: 322.0, Learning rate:0.00002000
Epoch: 27, Loss: 11.4434, Rmse_valid: 13.0917, valid_score: 10148.2, , rmse_test: 14.4582, score_test: 326.5, Learning rate:0.00002000
Epoch: 28, Loss: 11.4972, Rmse_valid: 12.3467, valid_score: 9573.2, , rmse_test: 14.4555, score_test: 326.4, Learning rate:0.00002000
Epoch: 29, Loss: 11.4636, Rmse_valid: 12.5451, valid_score: 9919.8, , rmse_test: 14.4318, score_test: 332.6, Learning rate:0.00002000
Epoch: 30, Loss: 11.4625, Rmse_valid: 12.5366, valid_score: 10063.4, , rmse_test: 14.3977, score_test: 325.6, Learning rate:0.00002000
[Train Summary] Restored best model from epoch 16, rmse_valid: 11.9832, valid_score: 7371.1, rmse_test: 14.2150, score_test: 304.2
[Train Time] start: 2026-07-30 17:33:16, end: 2026-07-30 17:37:05, duration: 0:03:48, total_seconds: 228.36
[Auto Test] command: /usr/local/miniconda3/envs/HV/bin/python /Mamba_Rul/test_GAT_EDmamba/test_model.py --sub-dataset FD001 --smooth-rate 30 --sequence-len 30 --feature-num 14 --dataset-root /Mamba_Rul/CMAPSSData/ --max-rul 125 --batch-size 128 --model-path /Mamba_Rul/logs/FD001_GAT_EDmamba_16/seed80/model_FD001_0730_173316_seed80.pkl
model_path:/Mamba_Rul/logs/FD001_GAT_EDmamba_16/seed80/model_FD001_0730_173316_seed80.pkl
rmse_final:14.285306930541992, score:300.7001953125
