-----FD004-----
关键参数:
序列长度: 30
批大小(batch_size): 128
最大训练轮数(max_epochs): 30
随机数种子: 17
模型代号(model_code): 1GAT_EDmamba_dstate_8
模型结构(model_structure): mamba_mamba
学习率: 0.002
学习率调度器: step
Step步长(step_size): 10
Step衰减系数(gamma): 0.1
use_gat: True
gat_hidden_dim: 8
编码器: 2层Mamba
解码器: 2层Mamba
mamba_d_model: 8
mamba_num_layers: 2
mamba_d_state: 8
训练损失: AdaptiveAsymmetricMSELoss
asym_alpha: 2.0
asym_gamma: 5.0
asym_delta: 0.9
focus_threshold: 35.0
cap_threshold: 125.0
------------------------------
Epoch: 1, Loss: 46.4407, Rmse_valid: 30.8679, valid_score: 255773.7, , rmse_test: 34.3464, score_test: 13218.2, Learning rate:0.00200000
Epoch: 2, Loss: 37.2014, Rmse_valid: 27.7306, valid_score: 128426.7, , rmse_test: 28.6401, score_test: 6635.6, Learning rate:0.00200000
Epoch: 3, Loss: 33.5060, Rmse_valid: 23.5351, valid_score: 79814.3, , rmse_test: 25.4465, score_test: 4421.2, Learning rate:0.00200000
Epoch: 4, Loss: 30.6111, Rmse_valid: 21.1928, valid_score: 38845.5, , rmse_test: 21.1760, score_test: 1957.4, Learning rate:0.00200000
Epoch: 5, Loss: 28.5609, Rmse_valid: 18.9357, valid_score: 32553.0, , rmse_test: 18.9076, score_test: 1497.3, Learning rate:0.00200000
Epoch: 6, Loss: 27.4972, Rmse_valid: 17.2966, valid_score: 34647.0, , rmse_test: 18.7502, score_test: 2184.4, Learning rate:0.00200000
Epoch: 7, Loss: 26.8052, Rmse_valid: 19.9634, valid_score: 37874.0, , rmse_test: 20.4516, score_test: 2005.7, Learning rate:0.00200000
Epoch: 8, Loss: 26.1954, Rmse_valid: 19.0605, valid_score: 33921.1, , rmse_test: 18.7906, score_test: 1475.2, Learning rate:0.00200000
Epoch: 9, Loss: 25.6131, Rmse_valid: 17.1242, valid_score: 25051.3, , rmse_test: 18.1466, score_test: 1320.1, Learning rate:0.00200000
Epoch: 10, Loss: 25.5437, Rmse_valid: 20.0087, valid_score: 40300.9, , rmse_test: 21.9847, score_test: 2064.2, Learning rate:0.00200000
Epoch: 11, Loss: 22.2462, Rmse_valid: 17.4630, valid_score: 28798.5, , rmse_test: 17.8174, score_test: 1228.2, Learning rate:0.00020000
Epoch: 12, Loss: 21.8126, Rmse_valid: 17.4385, valid_score: 28207.3, , rmse_test: 17.8743, score_test: 1202.3, Learning rate:0.00020000
Epoch: 13, Loss: 21.7231, Rmse_valid: 17.5419, valid_score: 30474.3, , rmse_test: 17.8575, score_test: 1248.0, Learning rate:0.00020000
Epoch: 14, Loss: 21.5510, Rmse_valid: 17.9448, valid_score: 31409.9, , rmse_test: 18.3346, score_test: 1277.6, Learning rate:0.00020000
Epoch: 15, Loss: 21.4496, Rmse_valid: 17.4359, valid_score: 32031.7, , rmse_test: 18.4392, score_test: 1368.7, Learning rate:0.00020000
Epoch: 16, Loss: 21.4623, Rmse_valid: 17.2705, valid_score: 29000.9, , rmse_test: 18.0557, score_test: 1242.5, Learning rate:0.00020000
Epoch: 17, Loss: 21.3345, Rmse_valid: 17.6596, valid_score: 30142.9, , rmse_test: 18.5780, score_test: 1329.2, Learning rate:0.00020000
Epoch: 18, Loss: 21.2724, Rmse_valid: 16.9875, valid_score: 28858.9, , rmse_test: 17.7436, score_test: 1241.9, Learning rate:0.00020000
Epoch: 19, Loss: 21.2108, Rmse_valid: 17.9641, valid_score: 32051.8, , rmse_test: 18.7596, score_test: 1354.4, Learning rate:0.00020000
Epoch: 20, Loss: 21.1754, Rmse_valid: 17.3020, valid_score: 31015.0, , rmse_test: 18.1194, score_test: 1289.7, Learning rate:0.00020000
Epoch: 21, Loss: 20.9683, Rmse_valid: 17.4946, valid_score: 31004.3, , rmse_test: 18.2530, score_test: 1284.6, Learning rate:0.00002000
Epoch: 22, Loss: 20.9304, Rmse_valid: 17.3573, valid_score: 30939.7, , rmse_test: 17.8369, score_test: 1231.8, Learning rate:0.00002000
Epoch: 23, Loss: 20.8952, Rmse_valid: 17.0573, valid_score: 31151.6, , rmse_test: 17.7271, score_test: 1229.9, Learning rate:0.00002000
Epoch: 24, Loss: 20.9272, Rmse_valid: 17.4533, valid_score: 30591.9, , rmse_test: 18.0707, score_test: 1264.4, Learning rate:0.00002000
Epoch: 25, Loss: 20.9145, Rmse_valid: 17.5766, valid_score: 30958.1, , rmse_test: 18.0180, score_test: 1262.6, Learning rate:0.00002000
Epoch: 26, Loss: 20.9122, Rmse_valid: 17.4343, valid_score: 31057.9, , rmse_test: 18.0001, score_test: 1257.5, Learning rate:0.00002000
Epoch: 27, Loss: 20.9168, Rmse_valid: 17.4534, valid_score: 30848.9, , rmse_test: 18.0516, score_test: 1266.0, Learning rate:0.00002000
Epoch: 28, Loss: 20.9151, Rmse_valid: 17.4457, valid_score: 31002.5, , rmse_test: 18.0044, score_test: 1253.2, Learning rate:0.00002000
Epoch: 29, Loss: 20.8932, Rmse_valid: 17.1983, valid_score: 30903.9, , rmse_test: 17.7456, score_test: 1230.6, Learning rate:0.00002000
Epoch: 30, Loss: 20.8545, Rmse_valid: 17.2322, valid_score: 31082.9, , rmse_test: 17.8172, score_test: 1242.2, Learning rate:0.00002000
[Train Summary] Restored best model from epoch 18, rmse_valid: 16.9875, valid_score: 28858.9, rmse_test: 17.7436, score_test: 1241.9
[Train Time] start: 2026-09-01 07:01:03, end: 2026-09-01 07:10:53, duration: 0:09:50, total_seconds: 590.38
[Auto Test] command: /usr/local/miniconda3/envs/HV/bin/python /Mamba_Rul/test_GAT_EDmamba/test_model.py --sub-dataset FD004 --smooth-rate 40 --sequence-len 30 --feature-num 14 --dataset-root /Mamba_Rul/CMAPSSData/ --max-rul 125 --batch-size 128 --model-path /Mamba_Rul/logs/FD004_1GAT_EDmamba_dstate_8/seed17/model_FD004_0901_070103_seed17.pkl
model_path:/Mamba_Rul/logs/FD004_1GAT_EDmamba_dstate_8/seed17/model_FD004_0901_070103_seed17.pkl
rmse_final:17.79713249206543, score:1221.692626953125
