-----FD003-----
关键参数:
序列长度: 30
批大小(batch_size): 128
最大训练轮数(max_epochs): 30
随机数种子: 27
模型代号(model_code): GAT_EDmamba_8
模型结构(model_structure): mamba_mamba
学习率: 0.002
学习率调度器: step
Step步长(step_size): 10
Step衰减系数(gamma): 0.1
use_gat: True
gat_hidden_dim: 8
编码器: 2层Mamba
解码器: 2层Mamba
encoder_hidden_size: 8
mamba_num_layers: 2
mamba_d_state: 16
训练损失: AdaptiveAsymmetricMSELoss
asym_alpha: 3.5
asym_gamma: 5.0
asym_delta: 0.9
focus_threshold: 35.0
cap_threshold: 125.0
------------------------------
Epoch: 1, Loss: 33.9323, Rmse_valid: 19.3261, valid_score: 23143.2, , rmse_test: 23.2947, score_test: 1680.5, Learning rate:0.00200000
Epoch: 2, Loss: 27.2430, Rmse_valid: 21.8989, valid_score: 19466.4, , rmse_test: 20.1440, score_test: 937.4, Learning rate:0.00200000
Epoch: 3, Loss: 22.4720, Rmse_valid: 14.0560, valid_score: 6807.7, , rmse_test: 15.6769, score_test: 509.8, Learning rate:0.00200000
Epoch: 4, Loss: 19.8367, Rmse_valid: 20.1273, valid_score: 17252.3, , rmse_test: 24.4923, score_test: 1094.5, Learning rate:0.00200000
Epoch: 5, Loss: 18.5904, Rmse_valid: 13.4428, valid_score: 6462.5, , rmse_test: 15.0094, score_test: 417.2, Learning rate:0.00200000
Epoch: 6, Loss: 17.8122, Rmse_valid: 13.8058, valid_score: 6406.5, , rmse_test: 15.7008, score_test: 333.3, Learning rate:0.00200000
Epoch: 7, Loss: 17.5271, Rmse_valid: 12.2211, valid_score: 5581.5, , rmse_test: 14.2602, score_test: 362.5, Learning rate:0.00200000
Epoch: 8, Loss: 16.8734, Rmse_valid: 12.2455, valid_score: 5053.9, , rmse_test: 13.4161, score_test: 292.4, Learning rate:0.00200000
Epoch: 9, Loss: 16.8661, Rmse_valid: 13.3725, valid_score: 6120.9, , rmse_test: 15.2581, score_test: 342.0, Learning rate:0.00200000
Epoch: 10, Loss: 16.2709, Rmse_valid: 10.5544, valid_score: 4119.0, , rmse_test: 13.9724, score_test: 401.9, Learning rate:0.00200000
Epoch: 11, Loss: 14.2468, Rmse_valid: 11.7999, valid_score: 4596.4, , rmse_test: 13.6573, score_test: 283.0, Learning rate:0.00020000
Epoch: 12, Loss: 14.1332, Rmse_valid: 11.7056, valid_score: 4534.1, , rmse_test: 13.6299, score_test: 276.9, Learning rate:0.00020000
Epoch: 13, Loss: 13.9836, Rmse_valid: 11.1354, valid_score: 4195.0, , rmse_test: 13.5948, score_test: 282.0, Learning rate:0.00020000
Epoch: 14, Loss: 13.9607, Rmse_valid: 11.2075, valid_score: 4302.5, , rmse_test: 13.8249, score_test: 281.3, Learning rate:0.00020000
Epoch: 15, Loss: 13.8827, Rmse_valid: 10.3043, valid_score: 3890.8, , rmse_test: 13.5476, score_test: 310.3, Learning rate:0.00020000
Epoch: 16, Loss: 13.7773, Rmse_valid: 11.3949, valid_score: 4374.9, , rmse_test: 13.9193, score_test: 297.0, Learning rate:0.00020000
Epoch: 17, Loss: 13.6940, Rmse_valid: 10.7678, valid_score: 3960.0, , rmse_test: 13.4935, score_test: 260.6, Learning rate:0.00020000
Epoch: 18, Loss: 13.7408, Rmse_valid: 10.8384, valid_score: 4118.3, , rmse_test: 13.4314, score_test: 274.4, Learning rate:0.00020000
Epoch: 19, Loss: 13.6362, Rmse_valid: 10.4991, valid_score: 3914.1, , rmse_test: 13.5464, score_test: 265.1, Learning rate:0.00020000
Epoch: 20, Loss: 13.5494, Rmse_valid: 10.3898, valid_score: 3816.5, , rmse_test: 13.1769, score_test: 264.2, Learning rate:0.00020000
Epoch: 21, Loss: 13.4556, Rmse_valid: 10.4080, valid_score: 3809.9, , rmse_test: 13.4022, score_test: 269.1, Learning rate:0.00002000
Epoch: 22, Loss: 13.4159, Rmse_valid: 10.5682, valid_score: 3866.2, , rmse_test: 13.4328, score_test: 272.4, Learning rate:0.00002000
Epoch: 23, Loss: 13.4666, Rmse_valid: 10.7432, valid_score: 3951.9, , rmse_test: 13.4793, score_test: 270.3, Learning rate:0.00002000
Epoch: 24, Loss: 13.3814, Rmse_valid: 10.7581, valid_score: 3945.8, , rmse_test: 13.4918, score_test: 271.1, Learning rate:0.00002000
Epoch: 25, Loss: 13.4274, Rmse_valid: 10.6332, valid_score: 3947.9, , rmse_test: 13.5407, score_test: 274.7, Learning rate:0.00002000
Epoch: 26, Loss: 13.4099, Rmse_valid: 10.6566, valid_score: 3942.0, , rmse_test: 13.5139, score_test: 271.0, Learning rate:0.00002000
Epoch: 27, Loss: 13.3723, Rmse_valid: 10.6125, valid_score: 3884.5, , rmse_test: 13.4447, score_test: 273.8, Learning rate:0.00002000
Epoch: 28, Loss: 13.3283, Rmse_valid: 10.4954, valid_score: 3859.8, , rmse_test: 13.4136, score_test: 270.4, Learning rate:0.00002000
Epoch: 29, Loss: 13.3450, Rmse_valid: 10.6559, valid_score: 3915.4, , rmse_test: 13.4771, score_test: 271.3, Learning rate:0.00002000
Epoch: 30, Loss: 13.3206, Rmse_valid: 10.4119, valid_score: 3818.6, , rmse_test: 13.4167, score_test: 271.3, Learning rate:0.00002000
[Train Summary] Restored best model from epoch 15, rmse_valid: 10.3043, valid_score: 3890.8, rmse_test: 13.5476, score_test: 310.3
[Train Time] start: 2026-07-30 20:54:25, end: 2026-07-30 20:58:29, duration: 0:04:03, total_seconds: 243.14
[Auto Test] command: /usr/local/miniconda3/envs/HV/bin/python /Mamba_Rul/test_GAT_EDmamba/test_model.py --sub-dataset FD003 --smooth-rate 30 --sequence-len 30 --feature-num 14 --dataset-root /Mamba_Rul/CMAPSSData/ --max-rul 125 --batch-size 128 --model-path /Mamba_Rul/logs/FD003_GAT_EDmamba_8/seed27/model_FD003_0730_205425_seed27.pkl
model_path:/Mamba_Rul/logs/FD003_GAT_EDmamba_8/seed27/model_FD003_0730_205425_seed27.pkl
rmse_final:13.577555656433105, score:303.7131042480469
