-----FD004-----
关键参数:
序列长度: 30
批大小(batch_size): 128
最大训练轮数(max_epochs): 30
随机数种子: 97
模型代号(model_code): GAT_EDmamba4_dmodel_8
模型结构(model_structure): mamba_mamba
学习率: 0.002
学习率调度器: step
Step步长(step_size): 10
Step衰减系数(gamma): 0.1
use_gat: True
gat_hidden_dim: 8
编码器: 2层Mamba
解码器: 2层Mamba
mamba_d_model: 8
mamba_num_layers: 2
mamba_d_state: 16
训练损失: AdaptiveAsymmetricMSELoss
asym_alpha: 2.0
asym_gamma: 5.0
asym_delta: 0.9
focus_threshold: 35.0
cap_threshold: 125.0
------------------------------
Epoch: 1, Loss: 45.1200, Rmse_valid: 36.5624, valid_score: 1118193.0, , rmse_test: 40.2690, score_test: 42701.6, Learning rate:0.00200000
Epoch: 2, Loss: 34.6819, Rmse_valid: 22.1510, valid_score: 62448.4, , rmse_test: 23.6273, score_test: 3031.3, Learning rate:0.00200000
Epoch: 3, Loss: 31.5166, Rmse_valid: 20.0532, valid_score: 38144.4, , rmse_test: 20.1303, score_test: 1752.4, Learning rate:0.00200000
Epoch: 4, Loss: 29.9796, Rmse_valid: 20.3329, valid_score: 33745.2, , rmse_test: 20.7887, score_test: 1853.0, Learning rate:0.00200000
Epoch: 5, Loss: 28.4191, Rmse_valid: 19.2690, valid_score: 34659.1, , rmse_test: 21.1425, score_test: 2167.0, Learning rate:0.00200000
Epoch: 6, Loss: 27.3845, Rmse_valid: 18.3673, valid_score: 27115.6, , rmse_test: 19.5740, score_test: 1585.9, Learning rate:0.00200000
Epoch: 7, Loss: 26.6420, Rmse_valid: 19.0764, valid_score: 27818.8, , rmse_test: 19.2065, score_test: 1393.1, Learning rate:0.00200000
Epoch: 8, Loss: 25.6745, Rmse_valid: 20.1073, valid_score: 33194.2, , rmse_test: 20.4320, score_test: 1616.8, Learning rate:0.00200000
Epoch: 9, Loss: 25.6155, Rmse_valid: 22.9138, valid_score: 72180.6, , rmse_test: 22.1833, score_test: 2127.7, Learning rate:0.00200000
Epoch: 10, Loss: 24.7826, Rmse_valid: 20.5984, valid_score: 38059.4, , rmse_test: 19.3128, score_test: 1386.6, Learning rate:0.00200000
Epoch: 11, Loss: 21.8605, Rmse_valid: 16.7840, valid_score: 24195.3, , rmse_test: 18.2009, score_test: 1239.4, Learning rate:0.00020000
Epoch: 12, Loss: 21.5306, Rmse_valid: 17.0696, valid_score: 23718.8, , rmse_test: 18.2487, score_test: 1227.2, Learning rate:0.00020000
Epoch: 13, Loss: 21.4065, Rmse_valid: 17.6938, valid_score: 24442.0, , rmse_test: 18.7321, score_test: 1261.9, Learning rate:0.00020000
Epoch: 14, Loss: 21.3582, Rmse_valid: 17.9166, valid_score: 27804.4, , rmse_test: 18.5683, score_test: 1280.1, Learning rate:0.00020000
Epoch: 15, Loss: 21.2052, Rmse_valid: 17.8353, valid_score: 26569.6, , rmse_test: 19.0526, score_test: 1326.3, Learning rate:0.00020000
Epoch: 16, Loss: 21.2218, Rmse_valid: 17.5430, valid_score: 25492.4, , rmse_test: 18.7154, score_test: 1308.0, Learning rate:0.00020000
Epoch: 17, Loss: 21.0728, Rmse_valid: 17.2836, valid_score: 26190.8, , rmse_test: 19.1281, score_test: 1397.6, Learning rate:0.00020000
Epoch: 18, Loss: 21.0718, Rmse_valid: 17.2955, valid_score: 27304.3, , rmse_test: 18.5496, score_test: 1303.4, Learning rate:0.00020000
Epoch: 19, Loss: 20.9730, Rmse_valid: 18.0909, valid_score: 30844.9, , rmse_test: 19.4179, score_test: 1464.8, Learning rate:0.00020000
Epoch: 20, Loss: 20.9107, Rmse_valid: 17.6228, valid_score: 29787.0, , rmse_test: 18.8155, score_test: 1370.8, Learning rate:0.00020000
Epoch: 21, Loss: 20.6859, Rmse_valid: 17.3171, valid_score: 26072.1, , rmse_test: 18.6052, score_test: 1327.6, Learning rate:0.00002000
Epoch: 22, Loss: 20.6405, Rmse_valid: 17.3287, valid_score: 25839.5, , rmse_test: 18.6967, score_test: 1333.2, Learning rate:0.00002000
Epoch: 23, Loss: 20.6262, Rmse_valid: 17.3227, valid_score: 26185.9, , rmse_test: 18.6199, score_test: 1326.8, Learning rate:0.00002000
Epoch: 24, Loss: 20.6342, Rmse_valid: 17.0680, valid_score: 25490.7, , rmse_test: 18.6240, score_test: 1324.0, Learning rate:0.00002000
Epoch: 25, Loss: 20.6185, Rmse_valid: 17.2621, valid_score: 26264.8, , rmse_test: 18.6729, score_test: 1341.4, Learning rate:0.00002000
Epoch: 26, Loss: 20.6073, Rmse_valid: 17.3702, valid_score: 26564.3, , rmse_test: 18.8524, score_test: 1354.3, Learning rate:0.00002000
Epoch: 27, Loss: 20.5279, Rmse_valid: 17.5187, valid_score: 26834.7, , rmse_test: 18.9903, score_test: 1372.0, Learning rate:0.00002000
Epoch: 28, Loss: 20.5905, Rmse_valid: 17.3132, valid_score: 26130.0, , rmse_test: 18.6365, score_test: 1331.3, Learning rate:0.00002000
Epoch: 29, Loss: 20.6000, Rmse_valid: 17.4219, valid_score: 27048.7, , rmse_test: 18.7786, score_test: 1353.8, Learning rate:0.00002000
Epoch: 30, Loss: 20.5636, Rmse_valid: 17.4662, valid_score: 26681.7, , rmse_test: 18.7118, score_test: 1343.2, Learning rate:0.00002000
[Train Summary] Restored best model from epoch 11, rmse_valid: 16.7840, valid_score: 24195.3, rmse_test: 18.2009, score_test: 1239.4
[Train Time] start: 2026-08-25 09:16:06, end: 2026-08-25 09:25:17, duration: 0:09:11, total_seconds: 550.97
[Auto Test] command: /usr/local/miniconda3/envs/HV/bin/python /Mamba_Rul/test_GAT_EDmamba/test_model.py --sub-dataset FD004 --smooth-rate 40 --sequence-len 30 --feature-num 14 --dataset-root /Mamba_Rul/CMAPSSData/ --max-rul 125 --batch-size 128 --model-path /Mamba_Rul/logs/FD004_GAT_EDmamba4_dmodel_8/seed97/model_FD004_0825_091606_seed97.pkl
model_path:/Mamba_Rul/logs/FD004_GAT_EDmamba4_dmodel_8/seed97/model_FD004_0825_091606_seed97.pkl
rmse_final:18.314678192138672, score:1241.11767578125
