-----FD001-----
关键参数:
序列长度: 30
批大小(batch_size): 128
最大训练轮数(max_epochs): 30
随机数种子: 2
模型代号(model_code): GAT_EDmamba_dropout_0.3
模型结构(model_structure): mamba_mamba
学习率: 0.002
学习率调度器: step
Step步长(step_size): 10
Step衰减系数(gamma): 0.1
use_gat: True
gat_hidden_dim: 8
编码器: 2层Mamba
解码器: 2层Mamba
mamba_d_model: 4
mamba_num_layers: 2
mamba_d_state: 16
dropout: 0.3
训练损失: AdaptiveAsymmetricMSELoss
asym_alpha: 1.5
asym_gamma: 2.0
asym_delta: 0.9
focus_threshold: 35.0
cap_threshold: 125.0
------------------------------
Epoch: 1, Loss: 33.0996, Rmse_valid: 25.2802, valid_score: 20278.9, , rmse_test: 22.5902, score_test: 1432.8, Learning rate:0.00200000
Epoch: 2, Loss: 28.9586, Rmse_valid: 26.5049, valid_score: 24027.7, , rmse_test: 22.8847, score_test: 1703.8, Learning rate:0.00200000
Epoch: 3, Loss: 26.9443, Rmse_valid: 22.0655, valid_score: 12760.9, , rmse_test: 19.2014, score_test: 754.5, Learning rate:0.00200000
Epoch: 4, Loss: 23.7639, Rmse_valid: 19.1245, valid_score: 8152.3, , rmse_test: 16.7456, score_test: 382.0, Learning rate:0.00200000
Epoch: 5, Loss: 21.4144, Rmse_valid: 16.4521, valid_score: 5854.5, , rmse_test: 15.0040, score_test: 323.1, Learning rate:0.00200000
Epoch: 6, Loss: 19.6305, Rmse_valid: 14.8852, valid_score: 4963.9, , rmse_test: 14.4463, score_test: 419.2, Learning rate:0.00200000
Epoch: 7, Loss: 18.5156, Rmse_valid: 14.4418, valid_score: 4628.1, , rmse_test: 14.1057, score_test: 344.0, Learning rate:0.00200000
Epoch: 8, Loss: 18.2534, Rmse_valid: 18.0543, valid_score: 7133.4, , rmse_test: 17.0276, score_test: 365.3, Learning rate:0.00200000
Epoch: 9, Loss: 17.6309, Rmse_valid: 18.6483, valid_score: 7481.5, , rmse_test: 17.0933, score_test: 383.7, Learning rate:0.00200000
Epoch: 10, Loss: 17.2895, Rmse_valid: 13.3615, valid_score: 4169.6, , rmse_test: 13.8830, score_test: 362.9, Learning rate:0.00200000
Epoch: 11, Loss: 16.2688, Rmse_valid: 12.1454, valid_score: 3728.9, , rmse_test: 13.2371, score_test: 298.0, Learning rate:0.00020000
Epoch: 12, Loss: 16.1428, Rmse_valid: 12.6390, valid_score: 3722.8, , rmse_test: 13.4220, score_test: 299.3, Learning rate:0.00020000
Epoch: 13, Loss: 16.0308, Rmse_valid: 11.8205, valid_score: 3804.9, , rmse_test: 13.2916, score_test: 306.3, Learning rate:0.00020000
Epoch: 14, Loss: 16.0499, Rmse_valid: 12.3517, valid_score: 3751.1, , rmse_test: 13.2315, score_test: 313.8, Learning rate:0.00020000
Epoch: 15, Loss: 15.8784, Rmse_valid: 12.4820, valid_score: 3691.5, , rmse_test: 13.2906, score_test: 315.1, Learning rate:0.00020000
Epoch: 16, Loss: 16.0156, Rmse_valid: 11.8665, valid_score: 3640.3, , rmse_test: 13.2004, score_test: 296.4, Learning rate:0.00020000
Epoch: 17, Loss: 15.8918, Rmse_valid: 12.4230, valid_score: 3676.7, , rmse_test: 13.4426, score_test: 295.5, Learning rate:0.00020000
Epoch: 18, Loss: 15.8788, Rmse_valid: 12.6631, valid_score: 3714.4, , rmse_test: 13.3246, score_test: 292.2, Learning rate:0.00020000
Epoch: 19, Loss: 15.8554, Rmse_valid: 12.1476, valid_score: 3681.2, , rmse_test: 13.2097, score_test: 308.1, Learning rate:0.00020000
Epoch: 20, Loss: 15.8887, Rmse_valid: 12.9841, valid_score: 3820.6, , rmse_test: 13.5342, score_test: 307.4, Learning rate:0.00020000
Epoch: 21, Loss: 15.6803, Rmse_valid: 12.3803, valid_score: 3735.9, , rmse_test: 13.4141, score_test: 295.8, Learning rate:0.00002000
Epoch: 22, Loss: 15.7606, Rmse_valid: 12.4419, valid_score: 3702.8, , rmse_test: 13.3261, score_test: 295.8, Learning rate:0.00002000
Epoch: 23, Loss: 15.6567, Rmse_valid: 12.3860, valid_score: 3713.2, , rmse_test: 13.3806, score_test: 293.5, Learning rate:0.00002000
Epoch: 24, Loss: 15.6165, Rmse_valid: 12.1766, valid_score: 3713.2, , rmse_test: 13.3579, score_test: 294.4, Learning rate:0.00002000
Epoch: 25, Loss: 15.6234, Rmse_valid: 12.3694, valid_score: 3700.0, , rmse_test: 13.3583, score_test: 295.3, Learning rate:0.00002000
Epoch: 26, Loss: 15.7043, Rmse_valid: 12.5139, valid_score: 3705.6, , rmse_test: 13.3758, score_test: 292.3, Learning rate:0.00002000
Epoch: 27, Loss: 15.5608, Rmse_valid: 12.4663, valid_score: 3696.4, , rmse_test: 13.4148, score_test: 290.0, Learning rate:0.00002000
Epoch: 28, Loss: 15.6454, Rmse_valid: 12.6151, valid_score: 3665.8, , rmse_test: 13.3398, score_test: 292.7, Learning rate:0.00002000
Epoch: 29, Loss: 15.7248, Rmse_valid: 12.4258, valid_score: 3681.8, , rmse_test: 13.3508, score_test: 291.6, Learning rate:0.00002000
Epoch: 30, Loss: 15.6660, Rmse_valid: 12.1897, valid_score: 3662.2, , rmse_test: 13.3469, score_test: 290.3, Learning rate:0.00002000
[Train Summary] Restored best model from epoch 13, rmse_valid: 11.8205, valid_score: 3804.9, rmse_test: 13.2916, score_test: 306.3
[Train Time] start: 2026-09-02 14:49:24, end: 2026-09-02 14:52:41, duration: 0:03:17, total_seconds: 196.97
[Auto Test] command: /usr/local/miniconda3/envs/HV/bin/python /Mamba_Rul/test_GAT_EDmamba/test_model.py --sub-dataset FD001 --smooth-rate 30 --sequence-len 30 --feature-num 14 --dataset-root /Mamba_Rul/CMAPSSData/ --max-rul 125 --batch-size 128 --model-path /Mamba_Rul/logs/FD001_GAT_EDmamba_dropout_0.3/seed2/model_FD001_0902_144924_seed2.pkl
model_path:/Mamba_Rul/logs/FD001_GAT_EDmamba_dropout_0.3/seed2/model_FD001_0902_144924_seed2.pkl
rmse_final:13.284577369689941, score:296.54058837890625
