-----FD002-----
关键参数:
序列长度: 50
批大小(batch_size): 128
最大训练轮数(max_epochs): 30
随机数种子: 97
模型代号(model_code): GAT_EDmamba+50
模型结构(model_structure): mamba_mamba
学习率: 0.002
学习率调度器: step
Step步长(step_size): 10
Step衰减系数(gamma): 0.1
use_gat: True
gat_hidden_dim: 8
编码器: 2层Mamba
解码器: 2层Mamba
encoder_hidden_size: 16
mamba_num_layers: 2
mamba_d_state: 16
------------------------------
Epoch: 1, Loss: 29.9859, Rmse_valid: 23.7534, valid_score: 175123.6, , rmse_test: 23.2582, score_test: 7093.7, Learning rate:0.00200000
Epoch: 2, Loss: 21.9448, Rmse_valid: 23.5425, valid_score: 114973.1, , rmse_test: 21.0047, score_test: 3556.0, Learning rate:0.00200000
Epoch: 3, Loss: 18.9330, Rmse_valid: 20.3097, valid_score: 38694.6, , rmse_test: 18.5787, score_test: 1341.3, Learning rate:0.00200000
Epoch: 4, Loss: 16.9599, Rmse_valid: 18.2208, valid_score: 42672.2, , rmse_test: 15.5069, score_test: 1032.2, Learning rate:0.00200000
Epoch: 5, Loss: 15.9526, Rmse_valid: 17.7226, valid_score: 22339.8, , rmse_test: 15.8826, score_test: 1022.3, Learning rate:0.00200000
Epoch: 6, Loss: 15.2016, Rmse_valid: 19.3565, valid_score: 52828.4, , rmse_test: 16.5192, score_test: 1307.8, Learning rate:0.00200000
Epoch: 7, Loss: 14.5453, Rmse_valid: 23.5635, valid_score: 181583.4, , rmse_test: 23.0486, score_test: 10028.4, Learning rate:0.00200000
Epoch: 8, Loss: 13.9333, Rmse_valid: 16.7379, valid_score: 50207.1, , rmse_test: 15.5282, score_test: 1732.3, Learning rate:0.00200000
Epoch: 9, Loss: 13.6043, Rmse_valid: 19.1137, valid_score: 48514.1, , rmse_test: 16.4141, score_test: 1713.2, Learning rate:0.00200000
Epoch: 10, Loss: 13.0194, Rmse_valid: 18.3397, valid_score: 32134.5, , rmse_test: 14.9829, score_test: 1342.7, Learning rate:0.00200000
Epoch: 11, Loss: 10.7901, Rmse_valid: 17.4897, valid_score: 38576.5, , rmse_test: 15.3111, score_test: 1892.8, Learning rate:0.00020000
Epoch: 12, Loss: 10.5019, Rmse_valid: 17.0419, valid_score: 35323.8, , rmse_test: 15.2138, score_test: 1945.7, Learning rate:0.00020000
Epoch: 13, Loss: 10.2950, Rmse_valid: 17.4949, valid_score: 39106.2, , rmse_test: 15.6251, score_test: 2296.5, Learning rate:0.00020000
Epoch: 14, Loss: 10.1376, Rmse_valid: 16.7616, valid_score: 37397.8, , rmse_test: 15.1081, score_test: 1985.3, Learning rate:0.00020000
Epoch: 15, Loss: 9.9625, Rmse_valid: 17.4365, valid_score: 39200.9, , rmse_test: 15.4800, score_test: 2189.0, Learning rate:0.00020000
Epoch: 16, Loss: 9.8317, Rmse_valid: 16.9606, valid_score: 36251.3, , rmse_test: 15.3053, score_test: 2090.5, Learning rate:0.00020000
Epoch: 17, Loss: 9.6563, Rmse_valid: 16.8596, valid_score: 35396.1, , rmse_test: 15.3177, score_test: 2056.3, Learning rate:0.00020000
Epoch: 18, Loss: 9.5405, Rmse_valid: 17.3315, valid_score: 34633.8, , rmse_test: 15.5104, score_test: 2359.7, Learning rate:0.00020000
Epoch: 19, Loss: 9.3935, Rmse_valid: 17.1416, valid_score: 32205.0, , rmse_test: 15.3305, score_test: 1980.2, Learning rate:0.00020000
Epoch: 20, Loss: 9.2545, Rmse_valid: 17.2141, valid_score: 32176.7, , rmse_test: 15.2553, score_test: 2010.6, Learning rate:0.00020000
Epoch: 21, Loss: 9.0454, Rmse_valid: 17.3448, valid_score: 35314.5, , rmse_test: 15.3218, score_test: 2146.3, Learning rate:0.00002000
Epoch: 22, Loss: 8.9813, Rmse_valid: 17.4426, valid_score: 35407.1, , rmse_test: 15.3909, score_test: 2229.8, Learning rate:0.00002000
Epoch: 23, Loss: 8.9527, Rmse_valid: 17.4753, valid_score: 34721.5, , rmse_test: 15.4526, score_test: 2203.2, Learning rate:0.00002000
Epoch: 24, Loss: 8.9472, Rmse_valid: 17.4566, valid_score: 36045.2, , rmse_test: 15.3983, score_test: 2224.4, Learning rate:0.00002000
Epoch: 25, Loss: 8.9559, Rmse_valid: 17.1765, valid_score: 34658.9, , rmse_test: 15.4731, score_test: 2249.4, Learning rate:0.00002000
Epoch: 26, Loss: 8.9231, Rmse_valid: 17.3947, valid_score: 35002.1, , rmse_test: 15.4733, score_test: 2217.3, Learning rate:0.00002000
Epoch: 27, Loss: 8.9024, Rmse_valid: 17.2590, valid_score: 35553.4, , rmse_test: 15.4289, score_test: 2232.3, Learning rate:0.00002000
Epoch: 28, Loss: 8.9069, Rmse_valid: 17.0724, valid_score: 35459.9, , rmse_test: 15.3792, score_test: 2222.7, Learning rate:0.00002000
Epoch: 29, Loss: 8.8626, Rmse_valid: 17.3125, valid_score: 34977.6, , rmse_test: 15.4584, score_test: 2295.1, Learning rate:0.00002000
Epoch: 30, Loss: 8.8780, Rmse_valid: 17.6991, valid_score: 35479.3, , rmse_test: 15.4579, score_test: 2298.0, Learning rate:0.00002000
[Train Summary] Restored best model from epoch 8, rmse_valid: 16.7379, valid_score: 50207.1, rmse_test: 15.5282, score_test: 1732.3
[Train Time] start: 2026-07-23 06:49:47, end: 2026-07-23 06:57:37, duration: 0:07:49, total_seconds: 469.48
[Auto Test] command: /usr/local/miniconda3/envs/HV/bin/python /Mamba_Rul/test_GAT_EDmamba/test_model.py --sub-dataset FD002 --smooth-rate 40 --sequence-len 50 --feature-num 14 --dataset-root /Mamba_Rul/CMAPSSData/ --max-rul 125 --batch-size 128 --model-path /Mamba_Rul/logs/FD002_GAT_EDmamba+50/seed97/model_FD002_0723_064947_seed97.pkl
model_path:/Mamba_Rul/logs/FD002_GAT_EDmamba+50/seed97/model_FD002_0723_064947_seed97.pkl
rmse_final:15.411599159240723, score:1665.1947021484375
