-----FD003-----
关键参数:
序列长度: 60
批大小(batch_size): 128
最大训练轮数(max_epochs): 30
随机数种子: 51
模型代号(model_code): GAT_EDmamba+60
模型结构(model_structure): mamba_mamba
学习率: 0.002
学习率调度器: step
Step步长(step_size): 10
Step衰减系数(gamma): 0.1
use_gat: True
gat_hidden_dim: 8
编码器: 2层Mamba
解码器: 2层Mamba
encoder_hidden_size: 16
mamba_num_layers: 2
mamba_d_state: 16
------------------------------
Epoch: 1, Loss: 27.5992, Rmse_valid: 18.9009, valid_score: 24782.6, , rmse_test: 21.6543, score_test: 2107.9, Learning rate:0.00200000
Epoch: 2, Loss: 18.2077, Rmse_valid: 13.3631, valid_score: 11721.4, , rmse_test: 19.5702, score_test: 2094.0, Learning rate:0.00200000
Epoch: 3, Loss: 15.1397, Rmse_valid: 11.7259, valid_score: 10967.3, , rmse_test: 16.9725, score_test: 1604.7, Learning rate:0.00200000
Epoch: 4, Loss: 14.0272, Rmse_valid: 12.6013, valid_score: 5616.8, , rmse_test: 14.1960, score_test: 1066.4, Learning rate:0.00200000
Epoch: 5, Loss: 13.3885, Rmse_valid: 13.5935, valid_score: 6186.7, , rmse_test: 14.9262, score_test: 450.0, Learning rate:0.00200000
Epoch: 6, Loss: 12.5442, Rmse_valid: 10.4389, valid_score: 8819.5, , rmse_test: 15.2136, score_test: 840.2, Learning rate:0.00200000
Epoch: 7, Loss: 12.4463, Rmse_valid: 19.8318, valid_score: 15564.5, , rmse_test: 16.3310, score_test: 552.2, Learning rate:0.00200000
Epoch: 8, Loss: 11.6141, Rmse_valid: 10.0699, valid_score: 6081.1, , rmse_test: 14.5199, score_test: 726.1, Learning rate:0.00200000
Epoch: 9, Loss: 11.2183, Rmse_valid: 12.6268, valid_score: 5445.2, , rmse_test: 14.4989, score_test: 1011.2, Learning rate:0.00200000
Epoch: 10, Loss: 10.9132, Rmse_valid: 11.0316, valid_score: 5136.6, , rmse_test: 13.9967, score_test: 887.2, Learning rate:0.00200000
Epoch: 11, Loss: 9.1318, Rmse_valid: 8.8626, valid_score: 4335.5, , rmse_test: 13.2969, score_test: 501.8, Learning rate:0.00020000
Epoch: 12, Loss: 8.8106, Rmse_valid: 9.0342, valid_score: 4515.8, , rmse_test: 13.6531, score_test: 516.5, Learning rate:0.00020000
Epoch: 13, Loss: 8.6652, Rmse_valid: 9.3143, valid_score: 4618.3, , rmse_test: 13.4989, score_test: 435.7, Learning rate:0.00020000
Epoch: 14, Loss: 8.5269, Rmse_valid: 8.9994, valid_score: 4404.0, , rmse_test: 13.5956, score_test: 499.9, Learning rate:0.00020000
Epoch: 15, Loss: 8.4251, Rmse_valid: 9.0537, valid_score: 3871.2, , rmse_test: 13.3818, score_test: 427.7, Learning rate:0.00020000
Epoch: 16, Loss: 8.2998, Rmse_valid: 8.8968, valid_score: 4083.1, , rmse_test: 13.6082, score_test: 452.5, Learning rate:0.00020000
Epoch: 17, Loss: 8.2039, Rmse_valid: 9.4651, valid_score: 4009.8, , rmse_test: 13.3659, score_test: 416.9, Learning rate:0.00020000
Epoch: 18, Loss: 8.1201, Rmse_valid: 9.6688, valid_score: 3904.5, , rmse_test: 13.5688, score_test: 417.1, Learning rate:0.00020000
Epoch: 19, Loss: 7.9765, Rmse_valid: 8.8909, valid_score: 3965.5, , rmse_test: 13.5828, score_test: 418.9, Learning rate:0.00020000
Epoch: 20, Loss: 7.8949, Rmse_valid: 9.2341, valid_score: 3922.4, , rmse_test: 13.5923, score_test: 459.5, Learning rate:0.00020000
Epoch: 21, Loss: 7.7264, Rmse_valid: 9.1155, valid_score: 3981.3, , rmse_test: 13.6875, score_test: 457.2, Learning rate:0.00002000
Epoch: 22, Loss: 7.7164, Rmse_valid: 8.9293, valid_score: 3863.3, , rmse_test: 13.6187, score_test: 450.5, Learning rate:0.00002000
Epoch: 23, Loss: 7.6917, Rmse_valid: 9.0026, valid_score: 3840.0, , rmse_test: 13.5693, score_test: 436.5, Learning rate:0.00002000
Epoch: 24, Loss: 7.6796, Rmse_valid: 9.0989, valid_score: 3838.3, , rmse_test: 13.4949, score_test: 421.9, Learning rate:0.00002000
Epoch: 25, Loss: 7.6947, Rmse_valid: 8.9497, valid_score: 3808.3, , rmse_test: 13.5998, score_test: 434.8, Learning rate:0.00002000
Epoch: 26, Loss: 7.6823, Rmse_valid: 9.3410, valid_score: 3858.9, , rmse_test: 13.5872, score_test: 440.4, Learning rate:0.00002000
Epoch: 27, Loss: 7.6612, Rmse_valid: 8.9848, valid_score: 3721.2, , rmse_test: 13.5829, score_test: 441.6, Learning rate:0.00002000
Epoch: 28, Loss: 7.6483, Rmse_valid: 8.8113, valid_score: 3851.1, , rmse_test: 13.6382, score_test: 440.0, Learning rate:0.00002000
Epoch: 29, Loss: 7.6139, Rmse_valid: 8.9920, valid_score: 3855.5, , rmse_test: 13.6496, score_test: 443.4, Learning rate:0.00002000
Epoch: 30, Loss: 7.5848, Rmse_valid: 9.1056, valid_score: 3887.9, , rmse_test: 13.6193, score_test: 446.5, Learning rate:0.00002000
[Train Summary] Restored best model from epoch 28, rmse_valid: 8.8113, valid_score: 3851.1, rmse_test: 13.6382, score_test: 440.0
[Train Time] start: 2026-07-23 04:31:11, end: 2026-07-23 04:35:07, duration: 0:03:56, total_seconds: 235.90
[Auto Test] command: /usr/local/miniconda3/envs/HV/bin/python /Mamba_Rul/test_GAT_EDmamba/test_model.py --sub-dataset FD003 --smooth-rate 30 --sequence-len 60 --feature-num 14 --dataset-root /Mamba_Rul/CMAPSSData/ --max-rul 125 --batch-size 128 --model-path /Mamba_Rul/logs/FD003_GAT_EDmamba+60/seed51/model_FD003_0723_043111_seed51.pkl
model_path:/Mamba_Rul/logs/FD003_GAT_EDmamba+60/seed51/model_FD003_0723_043111_seed51.pkl
rmse_final:13.465883255004883, score:414.89892578125
