-----FD003-----
关键参数:
序列长度: 30
批大小(batch_size): 128
最大训练轮数(max_epochs): 30
随机数种子: 27
模型代号(model_code): 1GAT_EDmamba_dstate_32
模型结构(model_structure): mamba_mamba
学习率: 0.002
学习率调度器: step
Step步长(step_size): 10
Step衰减系数(gamma): 0.1
use_gat: True
gat_hidden_dim: 8
编码器: 2层Mamba
解码器: 2层Mamba
mamba_d_model: 32
mamba_num_layers: 2
mamba_d_state: 32
训练损失: AdaptiveAsymmetricMSELoss
asym_alpha: 3.5
asym_gamma: 5.0
asym_delta: 0.9
focus_threshold: 35.0
cap_threshold: 125.0
------------------------------
Epoch: 1, Loss: 43.6041, Rmse_valid: 23.1766, valid_score: 29084.0, , rmse_test: 23.3644, score_test: 1548.7, Learning rate:0.00200000
Epoch: 2, Loss: 26.0674, Rmse_valid: 29.1114, valid_score: 43121.1, , rmse_test: 20.1604, score_test: 866.8, Learning rate:0.00200000
Epoch: 3, Loss: 22.8185, Rmse_valid: 19.2897, valid_score: 14813.9, , rmse_test: 15.3554, score_test: 481.2, Learning rate:0.00200000
Epoch: 4, Loss: 21.7550, Rmse_valid: 13.4001, valid_score: 7990.0, , rmse_test: 15.0583, score_test: 927.8, Learning rate:0.00200000
Epoch: 5, Loss: 20.1722, Rmse_valid: 16.1817, valid_score: 9069.2, , rmse_test: 16.1582, score_test: 563.1, Learning rate:0.00200000
Epoch: 6, Loss: 20.6286, Rmse_valid: 28.2684, valid_score: 34706.1, , rmse_test: 20.1504, score_test: 772.2, Learning rate:0.00200000
Epoch: 7, Loss: 19.2124, Rmse_valid: 16.8823, valid_score: 9468.7, , rmse_test: 15.1538, score_test: 400.9, Learning rate:0.00200000
Epoch: 8, Loss: 17.8485, Rmse_valid: 11.9887, valid_score: 4843.3, , rmse_test: 13.1918, score_test: 247.3, Learning rate:0.00200000
Epoch: 9, Loss: 17.5282, Rmse_valid: 13.3801, valid_score: 6261.6, , rmse_test: 15.3790, score_test: 310.5, Learning rate:0.00200000
Epoch: 10, Loss: 16.8571, Rmse_valid: 11.3140, valid_score: 4836.0, , rmse_test: 12.4565, score_test: 305.4, Learning rate:0.00200000
Epoch: 11, Loss: 13.7980, Rmse_valid: 11.3240, valid_score: 4698.4, , rmse_test: 12.2079, score_test: 220.9, Learning rate:0.00020000
Epoch: 12, Loss: 13.5266, Rmse_valid: 11.3235, valid_score: 4469.4, , rmse_test: 12.2711, score_test: 228.1, Learning rate:0.00020000
Epoch: 13, Loss: 13.3794, Rmse_valid: 11.2971, valid_score: 4475.0, , rmse_test: 12.1355, score_test: 210.0, Learning rate:0.00020000
Epoch: 14, Loss: 13.2345, Rmse_valid: 10.7063, valid_score: 4284.8, , rmse_test: 12.1207, score_test: 212.2, Learning rate:0.00020000
Epoch: 15, Loss: 13.0474, Rmse_valid: 11.0051, valid_score: 4389.1, , rmse_test: 12.1776, score_test: 204.0, Learning rate:0.00020000
Epoch: 16, Loss: 12.8679, Rmse_valid: 10.7882, valid_score: 3957.4, , rmse_test: 11.7517, score_test: 207.6, Learning rate:0.00020000
Epoch: 17, Loss: 12.7893, Rmse_valid: 10.2583, valid_score: 4107.8, , rmse_test: 12.0494, score_test: 228.1, Learning rate:0.00020000
Epoch: 18, Loss: 12.6157, Rmse_valid: 10.8599, valid_score: 4176.6, , rmse_test: 12.0558, score_test: 212.6, Learning rate:0.00020000
Epoch: 19, Loss: 12.6033, Rmse_valid: 10.8475, valid_score: 4313.6, , rmse_test: 12.2081, score_test: 232.0, Learning rate:0.00020000
Epoch: 20, Loss: 12.4707, Rmse_valid: 10.4760, valid_score: 3884.3, , rmse_test: 11.8128, score_test: 190.8, Learning rate:0.00020000
Epoch: 21, Loss: 12.1835, Rmse_valid: 10.3005, valid_score: 3958.5, , rmse_test: 11.8683, score_test: 200.8, Learning rate:0.00002000
Epoch: 22, Loss: 12.1841, Rmse_valid: 10.1297, valid_score: 3854.0, , rmse_test: 11.8408, score_test: 204.1, Learning rate:0.00002000
Epoch: 23, Loss: 12.1556, Rmse_valid: 10.4025, valid_score: 3963.1, , rmse_test: 11.8415, score_test: 200.3, Learning rate:0.00002000
Epoch: 24, Loss: 12.1609, Rmse_valid: 10.3803, valid_score: 3945.7, , rmse_test: 11.8970, score_test: 205.2, Learning rate:0.00002000
Epoch: 25, Loss: 12.1192, Rmse_valid: 10.3273, valid_score: 3957.1, , rmse_test: 11.9471, score_test: 206.0, Learning rate:0.00002000
Epoch: 26, Loss: 12.1302, Rmse_valid: 10.2943, valid_score: 3920.1, , rmse_test: 11.8822, score_test: 207.0, Learning rate:0.00002000
Epoch: 27, Loss: 12.0882, Rmse_valid: 10.4380, valid_score: 3976.3, , rmse_test: 11.9216, score_test: 203.6, Learning rate:0.00002000
Epoch: 28, Loss: 12.1349, Rmse_valid: 10.3030, valid_score: 3925.8, , rmse_test: 11.8518, score_test: 205.9, Learning rate:0.00002000
Epoch: 29, Loss: 12.0931, Rmse_valid: 10.4823, valid_score: 3977.4, , rmse_test: 11.8742, score_test: 200.8, Learning rate:0.00002000
Epoch: 30, Loss: 12.0684, Rmse_valid: 10.1329, valid_score: 3855.0, , rmse_test: 11.9587, score_test: 210.2, Learning rate:0.00002000
[Train Summary] Restored best model from epoch 22, rmse_valid: 10.1297, valid_score: 3854.0, rmse_test: 11.8408, score_test: 204.1
[Train Time] start: 2026-08-28 13:54:39, end: 2026-08-28 13:58:41, duration: 0:04:02, total_seconds: 241.67
[Auto Test] command: /usr/local/miniconda3/envs/HV/bin/python /Mamba_Rul/test_GAT_EDmamba/test_model.py --sub-dataset FD003 --smooth-rate 30 --sequence-len 30 --feature-num 14 --dataset-root /Mamba_Rul/CMAPSSData/ --max-rul 125 --batch-size 128 --model-path /Mamba_Rul/logs/FD003_1GAT_EDmamba_dstate_32/seed27/model_FD003_0828_135439_seed27.pkl
model_path:/Mamba_Rul/logs/FD003_1GAT_EDmamba_dstate_32/seed27/model_FD003_0828_135439_seed27.pkl
rmse_final:11.889911651611328, score:202.16835021972656
