-----FD004-----
关键参数:
序列长度: 30
批大小(batch_size): 128
最大训练轮数(max_epochs): 30
随机数种子: 80
模型代号(model_code): GAT_EDmamba_14
模型结构(model_structure): mamba_mamba
学习率: 0.002
学习率调度器: step
Step步长(step_size): 10
Step衰减系数(gamma): 0.1
use_gat: True
gat_hidden_dim: 8
编码器: 2层Mamba
解码器: 2层Mamba
encoder_hidden_size: 14
mamba_num_layers: 2
mamba_d_state: 16
训练损失: AdaptiveAsymmetricMSELoss
asym_alpha: 2.0
asym_gamma: 5.0
asym_delta: 0.9
focus_threshold: 35.0
cap_threshold: 125.0
------------------------------
Epoch: 1, Loss: 46.7510, Rmse_valid: 27.7152, valid_score: 127523.3, , rmse_test: 30.3862, score_test: 7891.4, Learning rate:0.00200000
Epoch: 2, Loss: 36.4496, Rmse_valid: 23.9290, valid_score: 109392.2, , rmse_test: 25.3637, score_test: 4191.5, Learning rate:0.00200000
Epoch: 3, Loss: 32.4403, Rmse_valid: 22.0236, valid_score: 53373.2, , rmse_test: 24.3013, score_test: 3422.1, Learning rate:0.00200000
Epoch: 4, Loss: 30.0310, Rmse_valid: 22.0422, valid_score: 70454.2, , rmse_test: 23.3641, score_test: 3057.6, Learning rate:0.00200000
Epoch: 5, Loss: 27.6639, Rmse_valid: 18.2213, valid_score: 30834.2, , rmse_test: 17.6874, score_test: 1319.3, Learning rate:0.00200000
Epoch: 6, Loss: 26.2600, Rmse_valid: 17.6968, valid_score: 33612.3, , rmse_test: 17.4750, score_test: 1422.8, Learning rate:0.00200000
Epoch: 7, Loss: 25.3118, Rmse_valid: 23.2035, valid_score: 92193.7, , rmse_test: 24.1091, score_test: 4031.9, Learning rate:0.00200000
Epoch: 8, Loss: 25.1791, Rmse_valid: 18.5974, valid_score: 34979.5, , rmse_test: 19.8764, score_test: 1745.4, Learning rate:0.00200000
Epoch: 9, Loss: 24.0296, Rmse_valid: 19.0315, valid_score: 29082.6, , rmse_test: 20.2571, score_test: 1600.1, Learning rate:0.00200000
Epoch: 10, Loss: 23.7634, Rmse_valid: 20.8942, valid_score: 53339.0, , rmse_test: 20.6530, score_test: 1970.3, Learning rate:0.00200000
Epoch: 11, Loss: 20.1667, Rmse_valid: 17.2884, valid_score: 27281.0, , rmse_test: 18.3529, score_test: 1365.1, Learning rate:0.00020000
Epoch: 12, Loss: 19.8176, Rmse_valid: 16.2163, valid_score: 26042.9, , rmse_test: 17.9215, score_test: 1365.8, Learning rate:0.00020000
Epoch: 13, Loss: 19.6198, Rmse_valid: 17.7053, valid_score: 29901.2, , rmse_test: 18.6707, score_test: 1447.8, Learning rate:0.00020000
Epoch: 14, Loss: 19.4824, Rmse_valid: 17.1730, valid_score: 27646.4, , rmse_test: 18.9187, score_test: 1491.4, Learning rate:0.00020000
Epoch: 15, Loss: 19.4003, Rmse_valid: 17.3201, valid_score: 29502.1, , rmse_test: 18.4152, score_test: 1402.1, Learning rate:0.00020000
Epoch: 16, Loss: 19.2502, Rmse_valid: 17.2980, valid_score: 29552.9, , rmse_test: 18.7021, score_test: 1413.9, Learning rate:0.00020000
Epoch: 17, Loss: 19.1594, Rmse_valid: 17.1942, valid_score: 29425.8, , rmse_test: 18.4211, score_test: 1441.5, Learning rate:0.00020000
Epoch: 18, Loss: 19.0673, Rmse_valid: 17.2654, valid_score: 29294.4, , rmse_test: 18.6069, score_test: 1420.8, Learning rate:0.00020000
Epoch: 19, Loss: 18.9870, Rmse_valid: 17.5858, valid_score: 31806.9, , rmse_test: 19.6004, score_test: 1682.6, Learning rate:0.00020000
Epoch: 20, Loss: 18.8754, Rmse_valid: 17.1787, valid_score: 32185.7, , rmse_test: 18.7235, score_test: 1514.4, Learning rate:0.00020000
Epoch: 21, Loss: 18.6381, Rmse_valid: 17.1371, valid_score: 31179.3, , rmse_test: 18.6478, score_test: 1463.4, Learning rate:0.00002000
Epoch: 22, Loss: 18.5857, Rmse_valid: 17.2981, valid_score: 30981.8, , rmse_test: 18.6573, score_test: 1463.3, Learning rate:0.00002000
Epoch: 23, Loss: 18.5644, Rmse_valid: 17.2235, valid_score: 31149.8, , rmse_test: 18.6283, score_test: 1471.5, Learning rate:0.00002000
Epoch: 24, Loss: 18.5223, Rmse_valid: 17.2397, valid_score: 31171.5, , rmse_test: 18.6098, score_test: 1458.9, Learning rate:0.00002000
Epoch: 25, Loss: 18.5056, Rmse_valid: 17.2502, valid_score: 31426.8, , rmse_test: 18.6886, score_test: 1468.9, Learning rate:0.00002000
Epoch: 26, Loss: 18.4998, Rmse_valid: 17.4136, valid_score: 31504.9, , rmse_test: 18.5995, score_test: 1454.3, Learning rate:0.00002000
Epoch: 27, Loss: 18.4871, Rmse_valid: 17.3385, valid_score: 32029.6, , rmse_test: 18.6198, score_test: 1470.1, Learning rate:0.00002000
Epoch: 28, Loss: 18.4739, Rmse_valid: 17.1335, valid_score: 31531.5, , rmse_test: 18.6232, score_test: 1472.2, Learning rate:0.00002000
Epoch: 29, Loss: 18.4972, Rmse_valid: 17.1792, valid_score: 31726.6, , rmse_test: 18.5759, score_test: 1470.5, Learning rate:0.00002000
Epoch: 30, Loss: 18.4784, Rmse_valid: 17.4729, valid_score: 31752.3, , rmse_test: 18.6773, score_test: 1469.6, Learning rate:0.00002000
[Train Summary] Restored best model from epoch 12, rmse_valid: 16.2163, valid_score: 26042.9, rmse_test: 17.9215, score_test: 1365.8
[Train Time] start: 2026-07-28 14:10:38, end: 2026-07-28 14:22:07, duration: 0:11:29, total_seconds: 689.16
[Auto Test] command: /usr/local/miniconda3/envs/HV/bin/python /Mamba_Rul/test_GAT_EDmamba/test_model.py --sub-dataset FD004 --smooth-rate 40 --sequence-len 30 --feature-num 14 --dataset-root /Mamba_Rul/CMAPSSData/ --max-rul 125 --batch-size 128 --model-path /Mamba_Rul/logs/FD004_GAT_EDmamba_14/seed80/model_FD004_0728_141038_seed80.pkl
model_path:/Mamba_Rul/logs/FD004_GAT_EDmamba_14/seed80/model_FD004_0728_141038_seed80.pkl
rmse_final:18.02283477783203, score:1362.5606689453125
