-----FD003-----
关键参数:
序列长度: 40
批大小(batch_size): 128
最大训练轮数(max_epochs): 30
随机数种子: 33
模型代号(model_code): GAT_EDmamba+40
模型结构(model_structure): mamba_mamba
学习率: 0.002
学习率调度器: step
Step步长(step_size): 10
Step衰减系数(gamma): 0.1
use_gat: True
gat_hidden_dim: 8
编码器: 2层Mamba
解码器: 2层Mamba
encoder_hidden_size: 16
mamba_num_layers: 2
mamba_d_state: 16
------------------------------
Epoch: 1, Loss: 26.0496, Rmse_valid: 21.6387, valid_score: 27596.1, , rmse_test: 21.3299, score_test: 2300.7, Learning rate:0.00200000
Epoch: 2, Loss: 17.7983, Rmse_valid: 13.9860, valid_score: 11121.0, , rmse_test: 17.8354, score_test: 2376.5, Learning rate:0.00200000
Epoch: 3, Loss: 15.3055, Rmse_valid: 17.5176, valid_score: 11116.9, , rmse_test: 16.5792, score_test: 936.8, Learning rate:0.00200000
Epoch: 4, Loss: 13.8472, Rmse_valid: 11.6407, valid_score: 7725.8, , rmse_test: 16.8274, score_test: 1021.4, Learning rate:0.00200000
Epoch: 5, Loss: 12.7797, Rmse_valid: 12.0906, valid_score: 5939.6, , rmse_test: 14.9353, score_test: 497.3, Learning rate:0.00200000
Epoch: 6, Loss: 12.2482, Rmse_valid: 11.1424, valid_score: 4855.7, , rmse_test: 13.7575, score_test: 302.1, Learning rate:0.00200000
Epoch: 7, Loss: 11.5503, Rmse_valid: 11.4561, valid_score: 6420.0, , rmse_test: 14.9935, score_test: 656.5, Learning rate:0.00200000
Epoch: 8, Loss: 11.1598, Rmse_valid: 13.7079, valid_score: 8814.7, , rmse_test: 18.0647, score_test: 1245.4, Learning rate:0.00200000
Epoch: 9, Loss: 10.8567, Rmse_valid: 10.2828, valid_score: 4330.1, , rmse_test: 12.6839, score_test: 308.0, Learning rate:0.00200000
Epoch: 10, Loss: 10.5265, Rmse_valid: 9.0159, valid_score: 5733.7, , rmse_test: 14.2879, score_test: 442.9, Learning rate:0.00200000
Epoch: 11, Loss: 8.6992, Rmse_valid: 8.8021, valid_score: 4035.4, , rmse_test: 12.9784, score_test: 353.9, Learning rate:0.00020000
Epoch: 12, Loss: 8.5226, Rmse_valid: 8.4900, valid_score: 3714.8, , rmse_test: 13.0746, score_test: 391.3, Learning rate:0.00020000
Epoch: 13, Loss: 8.3751, Rmse_valid: 8.5993, valid_score: 3762.5, , rmse_test: 12.9540, score_test: 337.5, Learning rate:0.00020000
Epoch: 14, Loss: 8.3202, Rmse_valid: 8.5213, valid_score: 3807.5, , rmse_test: 13.2888, score_test: 449.0, Learning rate:0.00020000
Epoch: 15, Loss: 8.2049, Rmse_valid: 8.9019, valid_score: 3922.3, , rmse_test: 12.9066, score_test: 347.0, Learning rate:0.00020000
Epoch: 16, Loss: 8.1547, Rmse_valid: 8.6956, valid_score: 3706.9, , rmse_test: 12.9383, score_test: 360.4, Learning rate:0.00020000
Epoch: 17, Loss: 8.0840, Rmse_valid: 8.4790, valid_score: 3898.1, , rmse_test: 13.2416, score_test: 419.9, Learning rate:0.00020000
Epoch: 18, Loss: 7.9701, Rmse_valid: 8.7882, valid_score: 3530.7, , rmse_test: 12.8545, score_test: 340.4, Learning rate:0.00020000
Epoch: 19, Loss: 7.8783, Rmse_valid: 8.4713, valid_score: 3758.1, , rmse_test: 13.1035, score_test: 399.8, Learning rate:0.00020000
Epoch: 20, Loss: 7.8192, Rmse_valid: 8.6223, valid_score: 3804.6, , rmse_test: 13.1972, score_test: 391.0, Learning rate:0.00020000
Epoch: 21, Loss: 7.6479, Rmse_valid: 8.3992, valid_score: 3723.8, , rmse_test: 13.1678, score_test: 395.8, Learning rate:0.00002000
Epoch: 22, Loss: 7.6295, Rmse_valid: 8.4103, valid_score: 3707.2, , rmse_test: 13.1107, score_test: 389.4, Learning rate:0.00002000
Epoch: 23, Loss: 7.6235, Rmse_valid: 8.3501, valid_score: 3722.2, , rmse_test: 13.1065, score_test: 379.6, Learning rate:0.00002000
Epoch: 24, Loss: 7.6057, Rmse_valid: 8.4673, valid_score: 3736.9, , rmse_test: 13.1224, score_test: 376.9, Learning rate:0.00002000
Epoch: 25, Loss: 7.5340, Rmse_valid: 8.3957, valid_score: 3727.8, , rmse_test: 13.1264, score_test: 381.0, Learning rate:0.00002000
Epoch: 26, Loss: 7.6035, Rmse_valid: 8.3478, valid_score: 3636.6, , rmse_test: 13.1154, score_test: 391.7, Learning rate:0.00002000
Epoch: 27, Loss: 7.5410, Rmse_valid: 8.3605, valid_score: 3753.8, , rmse_test: 13.1620, score_test: 384.2, Learning rate:0.00002000
Epoch: 28, Loss: 7.5862, Rmse_valid: 8.4114, valid_score: 3725.2, , rmse_test: 13.1299, score_test: 384.7, Learning rate:0.00002000
Epoch: 29, Loss: 7.5554, Rmse_valid: 8.3901, valid_score: 3659.9, , rmse_test: 13.0241, score_test: 354.0, Learning rate:0.00002000
Epoch: 30, Loss: 7.5950, Rmse_valid: 8.4436, valid_score: 3717.3, , rmse_test: 13.1094, score_test: 383.4, Learning rate:0.00002000
[Train Summary] Restored best model from epoch 26, rmse_valid: 8.3478, valid_score: 3636.6, rmse_test: 13.1154, score_test: 391.7
[Train Time] start: 2026-07-23 02:57:25, end: 2026-07-23 03:01:48, duration: 0:04:23, total_seconds: 263.00
[Auto Test] command: /usr/local/miniconda3/envs/HV/bin/python /Mamba_Rul/test_GAT_EDmamba/test_model.py --sub-dataset FD003 --smooth-rate 30 --sequence-len 40 --feature-num 14 --dataset-root /Mamba_Rul/CMAPSSData/ --max-rul 125 --batch-size 128 --model-path /Mamba_Rul/logs/FD003_GAT_EDmamba+40/seed33/model_FD003_0723_025725_seed33.pkl
model_path:/Mamba_Rul/logs/FD003_GAT_EDmamba+40/seed33/model_FD003_0723_025725_seed33.pkl
rmse_final:13.080902099609375, score:381.433349609375
