-----FD003-----
关键参数:
序列长度: 30
批大小(batch_size): 128
最大训练轮数(max_epochs): 30
随机数种子: 97
模型代号(model_code): GAT_EDmamba+30
模型结构(model_structure): mamba_mamba
学习率: 0.002
学习率调度器: step
Step步长(step_size): 10
Step衰减系数(gamma): 0.1
use_gat: True
gat_hidden_dim: 8
编码器: 2层Mamba
解码器: 2层Mamba
encoder_hidden_size: 16
mamba_num_layers: 2
mamba_d_state: 16
------------------------------
Epoch: 1, Loss: 25.1178, Rmse_valid: 21.9237, valid_score: 31983.8, , rmse_test: 22.1570, score_test: 2483.7, Learning rate:0.00200000
Epoch: 2, Loss: 18.4727, Rmse_valid: 15.5806, valid_score: 15865.5, , rmse_test: 20.4685, score_test: 1866.9, Learning rate:0.00200000
Epoch: 3, Loss: 16.4527, Rmse_valid: 14.0147, valid_score: 15820.7, , rmse_test: 17.8749, score_test: 1355.1, Learning rate:0.00200000
Epoch: 4, Loss: 14.5639, Rmse_valid: 13.4529, valid_score: 17681.1, , rmse_test: 19.8881, score_test: 1536.4, Learning rate:0.00200000
Epoch: 5, Loss: 13.2411, Rmse_valid: 11.5310, valid_score: 8426.8, , rmse_test: 17.7057, score_test: 1066.5, Learning rate:0.00200000
Epoch: 6, Loss: 12.6000, Rmse_valid: 12.7502, valid_score: 7465.5, , rmse_test: 15.8183, score_test: 621.1, Learning rate:0.00200000
Epoch: 7, Loss: 11.6757, Rmse_valid: 9.5230, valid_score: 4388.6, , rmse_test: 15.8200, score_test: 627.6, Learning rate:0.00200000
Epoch: 8, Loss: 11.4180, Rmse_valid: 10.8876, valid_score: 5923.0, , rmse_test: 13.9983, score_test: 428.2, Learning rate:0.00200000
Epoch: 9, Loss: 11.0096, Rmse_valid: 10.9855, valid_score: 5553.0, , rmse_test: 13.0154, score_test: 341.8, Learning rate:0.00200000
Epoch: 10, Loss: 10.4054, Rmse_valid: 11.7464, valid_score: 11019.1, , rmse_test: 15.7729, score_test: 620.2, Learning rate:0.00200000
Epoch: 11, Loss: 8.7972, Rmse_valid: 9.2058, valid_score: 5830.6, , rmse_test: 12.4601, score_test: 336.4, Learning rate:0.00020000
Epoch: 12, Loss: 8.5390, Rmse_valid: 8.8584, valid_score: 4994.6, , rmse_test: 12.2656, score_test: 345.9, Learning rate:0.00020000
Epoch: 13, Loss: 8.4478, Rmse_valid: 8.7609, valid_score: 5015.1, , rmse_test: 12.4945, score_test: 368.2, Learning rate:0.00020000
Epoch: 14, Loss: 8.3203, Rmse_valid: 8.8990, valid_score: 5072.5, , rmse_test: 12.2626, score_test: 339.8, Learning rate:0.00020000
Epoch: 15, Loss: 8.1938, Rmse_valid: 8.5201, valid_score: 4949.7, , rmse_test: 12.4832, score_test: 358.7, Learning rate:0.00020000
Epoch: 16, Loss: 8.1122, Rmse_valid: 8.7427, valid_score: 4940.3, , rmse_test: 12.3708, score_test: 345.8, Learning rate:0.00020000
Epoch: 17, Loss: 7.9546, Rmse_valid: 8.7898, valid_score: 4860.7, , rmse_test: 12.0452, score_test: 282.9, Learning rate:0.00020000
Epoch: 18, Loss: 7.8727, Rmse_valid: 8.8778, valid_score: 5417.1, , rmse_test: 12.6881, score_test: 402.1, Learning rate:0.00020000
Epoch: 19, Loss: 7.7572, Rmse_valid: 8.8873, valid_score: 4911.3, , rmse_test: 12.6106, score_test: 377.6, Learning rate:0.00020000
Epoch: 20, Loss: 7.6766, Rmse_valid: 9.1618, valid_score: 5607.7, , rmse_test: 12.4385, score_test: 332.2, Learning rate:0.00020000
Epoch: 21, Loss: 7.4969, Rmse_valid: 9.0457, valid_score: 5088.8, , rmse_test: 12.3068, score_test: 328.8, Learning rate:0.00002000
Epoch: 22, Loss: 7.4849, Rmse_valid: 8.9003, valid_score: 4981.3, , rmse_test: 12.3191, score_test: 333.0, Learning rate:0.00002000
Epoch: 23, Loss: 7.4571, Rmse_valid: 8.8837, valid_score: 4923.9, , rmse_test: 12.2603, score_test: 323.0, Learning rate:0.00002000
Epoch: 24, Loss: 7.4750, Rmse_valid: 9.0472, valid_score: 5124.8, , rmse_test: 12.3495, score_test: 333.9, Learning rate:0.00002000
Epoch: 25, Loss: 7.4124, Rmse_valid: 8.9408, valid_score: 5174.0, , rmse_test: 12.2838, score_test: 327.7, Learning rate:0.00002000
Epoch: 26, Loss: 7.4326, Rmse_valid: 8.8947, valid_score: 4974.3, , rmse_test: 12.2874, score_test: 327.8, Learning rate:0.00002000
Epoch: 27, Loss: 7.4396, Rmse_valid: 8.8248, valid_score: 5020.4, , rmse_test: 12.3016, score_test: 330.7, Learning rate:0.00002000
Epoch: 28, Loss: 7.4322, Rmse_valid: 8.8671, valid_score: 4915.8, , rmse_test: 12.2206, score_test: 317.7, Learning rate:0.00002000
Epoch: 29, Loss: 7.4086, Rmse_valid: 8.8704, valid_score: 4944.5, , rmse_test: 12.3100, score_test: 332.5, Learning rate:0.00002000
Epoch: 30, Loss: 7.4152, Rmse_valid: 8.9200, valid_score: 5066.5, , rmse_test: 12.2951, score_test: 323.1, Learning rate:0.00002000
[Train Summary] Restored best model from epoch 15, rmse_valid: 8.5201, valid_score: 4949.7, rmse_test: 12.4832, score_test: 358.7
[Train Time] start: 2026-07-23 02:33:40, end: 2026-07-23 02:38:10, duration: 0:04:29, total_seconds: 269.33
[Auto Test] command: /usr/local/miniconda3/envs/HV/bin/python /Mamba_Rul/test_GAT_EDmamba/test_model.py --sub-dataset FD003 --smooth-rate 30 --sequence-len 30 --feature-num 14 --dataset-root /Mamba_Rul/CMAPSSData/ --max-rul 125 --batch-size 128 --model-path /Mamba_Rul/logs/FD003_GAT_EDmamba+30/seed97/model_FD003_0723_023340_seed97.pkl
model_path:/Mamba_Rul/logs/FD003_GAT_EDmamba+30/seed97/model_FD003_0723_023340_seed97.pkl
rmse_final:12.324771881103516, score:344.6923828125
