-----FD002-----
关键参数:
序列长度: 30
批大小(batch_size): 128
最大训练轮数(max_epochs): 30
随机数种子: 33
模型代号(model_code): GAT_EDmamba4_layer_3
模型结构(model_structure): mamba_mamba
学习率: 0.002
学习率调度器: step
Step步长(step_size): 10
Step衰减系数(gamma): 0.1
use_gat: True
gat_hidden_dim: 8
编码器: 2层Mamba
解码器: 2层Mamba
mamba_d_model: 10
mamba_num_layers: 3
mamba_d_state: 16
训练损失: AdaptiveAsymmetricMSELoss
asym_alpha: 3.0
asym_gamma: 5.0
asym_delta: 0.9
focus_threshold: 35.0
cap_threshold: 125.0
------------------------------
Epoch: 1, Loss: 44.5925, Rmse_valid: 26.6510, valid_score: 100150.8, , rmse_test: 29.5739, score_test: 5728.3, Learning rate:0.00200000
Epoch: 2, Loss: 32.9574, Rmse_valid: 22.7741, valid_score: 42033.3, , rmse_test: 20.7328, score_test: 1730.0, Learning rate:0.00200000
Epoch: 3, Loss: 28.7745, Rmse_valid: 24.8749, valid_score: 53174.7, , rmse_test: 21.9264, score_test: 2319.2, Learning rate:0.00200000
Epoch: 4, Loss: 26.5962, Rmse_valid: 22.2925, valid_score: 36756.8, , rmse_test: 18.9781, score_test: 1309.6, Learning rate:0.00200000
Epoch: 5, Loss: 25.5099, Rmse_valid: 17.7067, valid_score: 25661.1, , rmse_test: 16.3251, score_test: 994.7, Learning rate:0.00200000
Epoch: 6, Loss: 24.8488, Rmse_valid: 19.2939, valid_score: 28814.7, , rmse_test: 16.5490, score_test: 936.1, Learning rate:0.00200000
Epoch: 7, Loss: 24.1324, Rmse_valid: 20.0868, valid_score: 27411.6, , rmse_test: 17.6451, score_test: 1045.2, Learning rate:0.00200000
Epoch: 8, Loss: 23.4365, Rmse_valid: 19.0675, valid_score: 23582.8, , rmse_test: 16.5187, score_test: 935.1, Learning rate:0.00200000
Epoch: 9, Loss: 23.0189, Rmse_valid: 19.5029, valid_score: 27495.2, , rmse_test: 18.1874, score_test: 1323.7, Learning rate:0.00200000
Epoch: 10, Loss: 22.6164, Rmse_valid: 18.8112, valid_score: 26115.9, , rmse_test: 16.6599, score_test: 934.4, Learning rate:0.00200000
Epoch: 11, Loss: 19.5059, Rmse_valid: 17.6036, valid_score: 22769.0, , rmse_test: 15.0491, score_test: 779.2, Learning rate:0.00020000
Epoch: 12, Loss: 19.2629, Rmse_valid: 17.0049, valid_score: 21162.6, , rmse_test: 14.8486, score_test: 755.9, Learning rate:0.00020000
Epoch: 13, Loss: 19.1347, Rmse_valid: 17.3359, valid_score: 21686.0, , rmse_test: 14.7916, score_test: 776.4, Learning rate:0.00020000
Epoch: 14, Loss: 18.9777, Rmse_valid: 17.1986, valid_score: 22554.0, , rmse_test: 14.8318, score_test: 756.3, Learning rate:0.00020000
Epoch: 15, Loss: 18.8976, Rmse_valid: 16.7668, valid_score: 20346.5, , rmse_test: 14.4728, score_test: 740.4, Learning rate:0.00020000
Epoch: 16, Loss: 18.7904, Rmse_valid: 17.3767, valid_score: 22107.6, , rmse_test: 14.7806, score_test: 778.7, Learning rate:0.00020000
Epoch: 17, Loss: 18.6965, Rmse_valid: 17.0430, valid_score: 21495.7, , rmse_test: 14.6760, score_test: 738.7, Learning rate:0.00020000
Epoch: 18, Loss: 18.5645, Rmse_valid: 16.6443, valid_score: 20567.2, , rmse_test: 14.3427, score_test: 731.1, Learning rate:0.00020000
Epoch: 19, Loss: 18.5277, Rmse_valid: 17.2749, valid_score: 21076.4, , rmse_test: 14.6430, score_test: 723.3, Learning rate:0.00020000
Epoch: 20, Loss: 18.4075, Rmse_valid: 16.3767, valid_score: 19749.6, , rmse_test: 14.3969, score_test: 756.2, Learning rate:0.00020000
Epoch: 21, Loss: 18.1778, Rmse_valid: 16.6956, valid_score: 20106.3, , rmse_test: 14.3623, score_test: 724.5, Learning rate:0.00002000
Epoch: 22, Loss: 18.1665, Rmse_valid: 16.7499, valid_score: 20196.8, , rmse_test: 14.3395, score_test: 722.6, Learning rate:0.00002000
Epoch: 23, Loss: 18.1404, Rmse_valid: 16.8826, valid_score: 20379.6, , rmse_test: 14.3886, score_test: 719.0, Learning rate:0.00002000
Epoch: 24, Loss: 18.1315, Rmse_valid: 16.6929, valid_score: 20330.2, , rmse_test: 14.3787, score_test: 721.0, Learning rate:0.00002000
Epoch: 25, Loss: 18.0792, Rmse_valid: 16.6588, valid_score: 20414.4, , rmse_test: 14.3310, score_test: 720.1, Learning rate:0.00002000
Epoch: 26, Loss: 18.1248, Rmse_valid: 16.7957, valid_score: 20225.2, , rmse_test: 14.4067, score_test: 729.8, Learning rate:0.00002000
Epoch: 27, Loss: 18.0982, Rmse_valid: 16.6789, valid_score: 20298.0, , rmse_test: 14.4014, score_test: 724.4, Learning rate:0.00002000
Epoch: 28, Loss: 18.1254, Rmse_valid: 16.7319, valid_score: 20231.9, , rmse_test: 14.3422, score_test: 722.8, Learning rate:0.00002000
Epoch: 29, Loss: 18.1024, Rmse_valid: 16.5784, valid_score: 20296.5, , rmse_test: 14.3193, score_test: 724.7, Learning rate:0.00002000
Epoch: 30, Loss: 18.0222, Rmse_valid: 16.6110, valid_score: 20228.4, , rmse_test: 14.3573, score_test: 726.9, Learning rate:0.00002000
[Train Summary] Restored best model from epoch 20, rmse_valid: 16.3767, valid_score: 19749.6, rmse_test: 14.3969, score_test: 756.2
[Train Time] start: 2026-08-21 06:52:02, end: 2026-08-21 07:01:57, duration: 0:09:55, total_seconds: 595.26
[Auto Test] command: /usr/local/miniconda3/envs/HV/bin/python /Mamba_Rul/test_GAT_EDmamba/test_model.py --sub-dataset FD002 --smooth-rate 40 --sequence-len 30 --feature-num 14 --dataset-root /Mamba_Rul/CMAPSSData/ --max-rul 125 --batch-size 128 --model-path /Mamba_Rul/logs/FD002_GAT_EDmamba4_layer_3/seed33/model_FD002_0821_065202_seed33.pkl
model_path:/Mamba_Rul/logs/FD002_GAT_EDmamba4_layer_3/seed33/model_FD002_0821_065202_seed33.pkl
rmse_final:14.611969947814941, score:764.4255981445312
