-----FD002-----
关键参数:
序列长度: 30
批大小(batch_size): 128
最大训练轮数(max_epochs): 30
随机数种子: 80
模型代号(model_code): GAT_EDmamba_dmodel_12
模型结构(model_structure): mamba_mamba
学习率: 0.002
学习率调度器: step
Step步长(step_size): 10
Step衰减系数(gamma): 0.1
use_gat: True
gat_hidden_dim: 8
编码器: 2层Mamba
解码器: 2层Mamba
encoder_hidden_size: 12
mamba_num_layers: 2
mamba_d_state: 16
训练损失: AdaptiveAsymmetricMSELoss
asym_alpha: 3.0
asym_gamma: 5.0
asym_delta: 0.9
focus_threshold: 35.0
cap_threshold: 125.0
------------------------------
Epoch: 1, Loss: 42.2383, Rmse_valid: 26.8125, valid_score: 57793.1, , rmse_test: 26.4998, score_test: 3022.6, Learning rate:0.00200000
Epoch: 2, Loss: 30.8981, Rmse_valid: 24.8118, valid_score: 43195.3, , rmse_test: 24.8431, score_test: 2474.5, Learning rate:0.00200000
Epoch: 3, Loss: 28.3222, Rmse_valid: 22.9978, valid_score: 39727.0, , rmse_test: 20.4521, score_test: 1889.2, Learning rate:0.00200000
Epoch: 4, Loss: 27.0723, Rmse_valid: 20.3295, valid_score: 27033.9, , rmse_test: 18.6206, score_test: 1143.2, Learning rate:0.00200000
Epoch: 5, Loss: 25.5608, Rmse_valid: 19.1103, valid_score: 25399.3, , rmse_test: 17.9782, score_test: 1091.3, Learning rate:0.00200000
Epoch: 6, Loss: 24.5501, Rmse_valid: 25.2639, valid_score: 64083.6, , rmse_test: 22.8297, score_test: 2885.5, Learning rate:0.00200000
Epoch: 7, Loss: 23.7056, Rmse_valid: 21.0804, valid_score: 28708.0, , rmse_test: 18.6139, score_test: 1094.4, Learning rate:0.00200000
Epoch: 8, Loss: 23.1592, Rmse_valid: 19.9541, valid_score: 30065.0, , rmse_test: 17.5390, score_test: 1190.9, Learning rate:0.00200000
Epoch: 9, Loss: 22.8470, Rmse_valid: 20.9158, valid_score: 34121.9, , rmse_test: 17.5835, score_test: 1047.7, Learning rate:0.00200000
Epoch: 10, Loss: 22.3732, Rmse_valid: 17.9250, valid_score: 22814.4, , rmse_test: 15.5544, score_test: 825.9, Learning rate:0.00200000
Epoch: 11, Loss: 19.1382, Rmse_valid: 18.4414, valid_score: 25796.3, , rmse_test: 15.4376, score_test: 798.4, Learning rate:0.00020000
Epoch: 12, Loss: 18.8698, Rmse_valid: 18.1639, valid_score: 22990.5, , rmse_test: 15.1753, score_test: 764.7, Learning rate:0.00020000
Epoch: 13, Loss: 18.6393, Rmse_valid: 18.0452, valid_score: 23978.0, , rmse_test: 15.1043, score_test: 743.9, Learning rate:0.00020000
Epoch: 14, Loss: 18.5163, Rmse_valid: 17.8452, valid_score: 23318.4, , rmse_test: 14.9571, score_test: 738.2, Learning rate:0.00020000
Epoch: 15, Loss: 18.4033, Rmse_valid: 18.2046, valid_score: 22952.7, , rmse_test: 15.2732, score_test: 768.9, Learning rate:0.00020000
Epoch: 16, Loss: 18.2658, Rmse_valid: 18.8810, valid_score: 25047.5, , rmse_test: 15.5283, score_test: 803.2, Learning rate:0.00020000
Epoch: 17, Loss: 18.1620, Rmse_valid: 17.9391, valid_score: 22102.1, , rmse_test: 15.0887, score_test: 763.6, Learning rate:0.00020000
Epoch: 18, Loss: 18.0949, Rmse_valid: 18.0770, valid_score: 23882.0, , rmse_test: 14.8178, score_test: 742.8, Learning rate:0.00020000
Epoch: 19, Loss: 17.9581, Rmse_valid: 18.6186, valid_score: 24270.2, , rmse_test: 15.6327, score_test: 795.2, Learning rate:0.00020000
Epoch: 20, Loss: 17.8256, Rmse_valid: 18.3140, valid_score: 24945.7, , rmse_test: 15.7530, score_test: 824.3, Learning rate:0.00020000
Epoch: 21, Loss: 17.6447, Rmse_valid: 17.8283, valid_score: 23854.9, , rmse_test: 14.7891, score_test: 772.7, Learning rate:0.00002000
Epoch: 22, Loss: 17.5559, Rmse_valid: 17.6177, valid_score: 23383.3, , rmse_test: 14.6995, score_test: 773.4, Learning rate:0.00002000
Epoch: 23, Loss: 17.5102, Rmse_valid: 17.9026, valid_score: 24188.8, , rmse_test: 14.8079, score_test: 767.5, Learning rate:0.00002000
Epoch: 24, Loss: 17.5180, Rmse_valid: 17.8534, valid_score: 23969.8, , rmse_test: 14.7192, score_test: 768.8, Learning rate:0.00002000
Epoch: 25, Loss: 17.5388, Rmse_valid: 17.6516, valid_score: 23723.1, , rmse_test: 14.7946, score_test: 772.6, Learning rate:0.00002000
Epoch: 26, Loss: 17.4933, Rmse_valid: 17.7381, valid_score: 23804.0, , rmse_test: 14.7760, score_test: 777.9, Learning rate:0.00002000
Epoch: 27, Loss: 17.5010, Rmse_valid: 17.9127, valid_score: 24098.2, , rmse_test: 14.9153, score_test: 784.7, Learning rate:0.00002000
Epoch: 28, Loss: 17.5279, Rmse_valid: 17.9270, valid_score: 23597.6, , rmse_test: 14.9206, score_test: 779.4, Learning rate:0.00002000
Epoch: 29, Loss: 17.5191, Rmse_valid: 17.5318, valid_score: 23801.4, , rmse_test: 14.6662, score_test: 771.8, Learning rate:0.00002000
Epoch: 30, Loss: 17.4888, Rmse_valid: 17.9974, valid_score: 23792.6, , rmse_test: 14.8620, score_test: 782.2, Learning rate:0.00002000
[Train Summary] Restored best model from epoch 29, rmse_valid: 17.5318, valid_score: 23801.4, rmse_test: 14.6662, score_test: 771.8
[Train Time] start: 2026-08-06 04:35:28, end: 2026-08-06 04:44:15, duration: 0:08:47, total_seconds: 526.97
[Auto Test] command: /usr/local/miniconda3/envs/HV/bin/python /Mamba_Rul/test_GAT_EDmamba/test_model.py --sub-dataset FD002 --smooth-rate 40 --sequence-len 30 --feature-num 14 --dataset-root /Mamba_Rul/CMAPSSData/ --max-rul 125 --batch-size 128 --model-path /Mamba_Rul/logs/FD002_GAT_EDmamba_dmodel_12/seed80/model_FD002_0806_043528_seed80.pkl
model_path:/Mamba_Rul/logs/FD002_GAT_EDmamba_dmodel_12/seed80/model_FD002_0806_043528_seed80.pkl
rmse_final:14.839553833007812, score:776.3934326171875
