-----FD004-----
关键参数:
序列长度: 30
批大小(batch_size): 128
最大训练轮数(max_epochs): 30
随机数种子: 27
模型代号(model_code): GAT_EDmamba4_dmodel_6
模型结构(model_structure): mamba_mamba
学习率: 0.002
学习率调度器: step
Step步长(step_size): 10
Step衰减系数(gamma): 0.1
use_gat: True
gat_hidden_dim: 8
编码器: 2层Mamba
解码器: 2层Mamba
mamba_d_model: 6
mamba_num_layers: 2
mamba_d_state: 16
训练损失: AdaptiveAsymmetricMSELoss
asym_alpha: 2.0
asym_gamma: 5.0
asym_delta: 0.9
focus_threshold: 35.0
cap_threshold: 125.0
------------------------------
Epoch: 1, Loss: 44.1587, Rmse_valid: 23.7555, valid_score: 81009.2, , rmse_test: 26.5174, score_test: 6273.1, Learning rate:0.00200000
Epoch: 2, Loss: 36.6897, Rmse_valid: 24.6168, valid_score: 103334.2, , rmse_test: 27.1106, score_test: 5617.1, Learning rate:0.00200000
Epoch: 3, Loss: 34.5202, Rmse_valid: 24.8688, valid_score: 79692.7, , rmse_test: 26.3204, score_test: 4323.6, Learning rate:0.00200000
Epoch: 4, Loss: 32.3720, Rmse_valid: 21.8760, valid_score: 51004.9, , rmse_test: 22.3067, score_test: 2363.8, Learning rate:0.00200000
Epoch: 5, Loss: 30.7560, Rmse_valid: 27.3855, valid_score: 133243.1, , rmse_test: 30.1270, score_test: 7322.2, Learning rate:0.00200000
Epoch: 6, Loss: 28.8356, Rmse_valid: 19.3650, valid_score: 37625.7, , rmse_test: 19.6163, score_test: 1827.5, Learning rate:0.00200000
Epoch: 7, Loss: 29.1049, Rmse_valid: 25.8925, valid_score: 156770.9, , rmse_test: 28.3326, score_test: 5802.8, Learning rate:0.00200000
Epoch: 8, Loss: 27.4256, Rmse_valid: 19.1404, valid_score: 36860.3, , rmse_test: 18.8207, score_test: 1595.4, Learning rate:0.00200000
Epoch: 9, Loss: 26.7194, Rmse_valid: 19.8706, valid_score: 41675.4, , rmse_test: 21.1935, score_test: 2007.2, Learning rate:0.00200000
Epoch: 10, Loss: 26.9655, Rmse_valid: 20.1003, valid_score: 36405.0, , rmse_test: 20.8308, score_test: 1772.0, Learning rate:0.00200000
Epoch: 11, Loss: 23.4116, Rmse_valid: 17.6123, valid_score: 31490.4, , rmse_test: 18.2307, score_test: 1474.3, Learning rate:0.00020000
Epoch: 12, Loss: 23.0410, Rmse_valid: 17.8564, valid_score: 32015.3, , rmse_test: 18.1700, score_test: 1463.6, Learning rate:0.00020000
Epoch: 13, Loss: 22.8956, Rmse_valid: 18.7069, valid_score: 36617.7, , rmse_test: 19.2643, score_test: 1605.2, Learning rate:0.00020000
Epoch: 14, Loss: 22.6604, Rmse_valid: 18.2570, valid_score: 34180.4, , rmse_test: 18.8172, score_test: 1527.4, Learning rate:0.00020000
Epoch: 15, Loss: 22.5387, Rmse_valid: 17.8087, valid_score: 29827.4, , rmse_test: 18.1599, score_test: 1367.5, Learning rate:0.00020000
Epoch: 16, Loss: 22.4056, Rmse_valid: 17.9775, valid_score: 33091.0, , rmse_test: 18.4321, score_test: 1412.4, Learning rate:0.00020000
Epoch: 17, Loss: 22.3796, Rmse_valid: 17.8531, valid_score: 31135.4, , rmse_test: 17.9104, score_test: 1333.3, Learning rate:0.00020000
Epoch: 18, Loss: 22.2027, Rmse_valid: 18.2395, valid_score: 32661.9, , rmse_test: 18.4349, score_test: 1385.9, Learning rate:0.00020000
Epoch: 19, Loss: 22.0704, Rmse_valid: 18.0157, valid_score: 32311.2, , rmse_test: 18.5886, score_test: 1383.4, Learning rate:0.00020000
Epoch: 20, Loss: 22.0901, Rmse_valid: 18.3118, valid_score: 36521.7, , rmse_test: 19.3473, score_test: 1572.8, Learning rate:0.00020000
Epoch: 21, Loss: 21.8340, Rmse_valid: 17.6326, valid_score: 29941.9, , rmse_test: 17.9373, score_test: 1305.8, Learning rate:0.00002000
Epoch: 22, Loss: 21.7620, Rmse_valid: 17.6447, valid_score: 30413.8, , rmse_test: 17.9691, score_test: 1317.2, Learning rate:0.00002000
Epoch: 23, Loss: 21.7976, Rmse_valid: 17.8429, valid_score: 31203.2, , rmse_test: 18.1284, score_test: 1331.9, Learning rate:0.00002000
Epoch: 24, Loss: 21.7411, Rmse_valid: 17.8718, valid_score: 31178.1, , rmse_test: 18.1249, score_test: 1342.0, Learning rate:0.00002000
Epoch: 25, Loss: 21.7819, Rmse_valid: 17.5730, valid_score: 30680.2, , rmse_test: 17.9423, score_test: 1316.4, Learning rate:0.00002000
Epoch: 26, Loss: 21.8039, Rmse_valid: 17.8782, valid_score: 30689.4, , rmse_test: 18.0916, score_test: 1321.1, Learning rate:0.00002000
Epoch: 27, Loss: 21.7736, Rmse_valid: 17.8227, valid_score: 31704.0, , rmse_test: 18.1753, score_test: 1342.8, Learning rate:0.00002000
Epoch: 28, Loss: 21.7889, Rmse_valid: 17.7474, valid_score: 31417.0, , rmse_test: 18.0289, score_test: 1325.9, Learning rate:0.00002000
Epoch: 29, Loss: 21.7318, Rmse_valid: 17.7456, valid_score: 31253.1, , rmse_test: 18.1582, score_test: 1321.1, Learning rate:0.00002000
Epoch: 30, Loss: 21.7211, Rmse_valid: 18.0158, valid_score: 31438.9, , rmse_test: 18.3344, score_test: 1347.1, Learning rate:0.00002000
[Train Summary] Restored best model from epoch 25, rmse_valid: 17.5730, valid_score: 30680.2, rmse_test: 17.9423, score_test: 1316.4
[Train Time] start: 2026-08-25 06:19:57, end: 2026-08-25 06:29:53, duration: 0:09:57, total_seconds: 596.93
[Auto Test] command: /usr/local/miniconda3/envs/HV/bin/python /Mamba_Rul/test_GAT_EDmamba/test_model.py --sub-dataset FD004 --smooth-rate 40 --sequence-len 30 --feature-num 14 --dataset-root /Mamba_Rul/CMAPSSData/ --max-rul 125 --batch-size 128 --model-path /Mamba_Rul/logs/FD004_GAT_EDmamba4_dmodel_6/seed27/model_FD004_0825_061957_seed27.pkl
model_path:/Mamba_Rul/logs/FD004_GAT_EDmamba4_dmodel_6/seed27/model_FD004_0825_061957_seed27.pkl
rmse_final:18.007949829101562, score:1312.0869140625
