-----FD001-----
关键参数:
序列长度: 30
批大小(batch_size): 128
最大训练轮数(max_epochs): 30
随机数种子: 88
模型代号(model_code): GAT_EDmamba_layer_1
模型结构(model_structure): mamba_mamba
学习率: 0.002
学习率调度器: step
Step步长(step_size): 10
Step衰减系数(gamma): 0.1
use_gat: True
gat_hidden_dim: 8
编码器: 2层Mamba
解码器: 2层Mamba
encoder_hidden_size: 4
mamba_num_layers: 1
mamba_d_state: 16
训练损失: AdaptiveAsymmetricMSELoss
asym_alpha: 1.5
asym_gamma: 2.0
asym_delta: 0.9
focus_threshold: 35.0
cap_threshold: 125.0
------------------------------
Epoch: 1, Loss: 32.2988, Rmse_valid: 28.1775, valid_score: 31552.4, , rmse_test: 23.2346, score_test: 3050.0, Learning rate:0.00200000
Epoch: 2, Loss: 28.5849, Rmse_valid: 26.6447, valid_score: 30064.1, , rmse_test: 23.4780, score_test: 1864.0, Learning rate:0.00200000
Epoch: 3, Loss: 23.2498, Rmse_valid: 14.2876, valid_score: 5028.3, , rmse_test: 15.1834, score_test: 455.2, Learning rate:0.00200000
Epoch: 4, Loss: 19.1961, Rmse_valid: 16.8586, valid_score: 6294.0, , rmse_test: 17.2942, score_test: 426.7, Learning rate:0.00200000
Epoch: 5, Loss: 17.6315, Rmse_valid: 13.2913, valid_score: 4544.4, , rmse_test: 14.8938, score_test: 429.3, Learning rate:0.00200000
Epoch: 6, Loss: 16.8707, Rmse_valid: 12.1795, valid_score: 3538.4, , rmse_test: 14.2554, score_test: 337.5, Learning rate:0.00200000
Epoch: 7, Loss: 16.4594, Rmse_valid: 13.2401, valid_score: 4274.8, , rmse_test: 14.1542, score_test: 310.7, Learning rate:0.00200000
Epoch: 8, Loss: 15.9835, Rmse_valid: 12.0964, valid_score: 3519.4, , rmse_test: 13.9760, score_test: 246.6, Learning rate:0.00200000
Epoch: 9, Loss: 15.7356, Rmse_valid: 13.7616, valid_score: 4139.9, , rmse_test: 14.3674, score_test: 281.7, Learning rate:0.00200000
Epoch: 10, Loss: 15.4547, Rmse_valid: 11.8275, valid_score: 3115.7, , rmse_test: 13.4812, score_test: 240.4, Learning rate:0.00200000
Epoch: 11, Loss: 14.4456, Rmse_valid: 11.5587, valid_score: 3110.2, , rmse_test: 13.1525, score_test: 244.4, Learning rate:0.00020000
Epoch: 12, Loss: 14.3948, Rmse_valid: 11.9074, valid_score: 3154.9, , rmse_test: 13.4046, score_test: 257.2, Learning rate:0.00020000
Epoch: 13, Loss: 14.3560, Rmse_valid: 11.3746, valid_score: 3057.1, , rmse_test: 13.1667, score_test: 264.1, Learning rate:0.00020000
Epoch: 14, Loss: 14.2920, Rmse_valid: 11.1721, valid_score: 3002.0, , rmse_test: 13.0699, score_test: 251.1, Learning rate:0.00020000
Epoch: 15, Loss: 14.2834, Rmse_valid: 11.5127, valid_score: 3029.4, , rmse_test: 13.1340, score_test: 243.0, Learning rate:0.00020000
Epoch: 16, Loss: 14.2419, Rmse_valid: 11.2845, valid_score: 3113.3, , rmse_test: 13.0582, score_test: 250.7, Learning rate:0.00020000
Epoch: 17, Loss: 14.2073, Rmse_valid: 12.2463, valid_score: 3176.2, , rmse_test: 13.2940, score_test: 246.3, Learning rate:0.00020000
Epoch: 18, Loss: 14.3114, Rmse_valid: 10.9612, valid_score: 3009.1, , rmse_test: 13.0623, score_test: 253.4, Learning rate:0.00020000
Epoch: 19, Loss: 14.2286, Rmse_valid: 11.6350, valid_score: 3172.6, , rmse_test: 13.2883, score_test: 252.3, Learning rate:0.00020000
Epoch: 20, Loss: 14.1701, Rmse_valid: 11.6898, valid_score: 3123.0, , rmse_test: 13.4599, score_test: 262.1, Learning rate:0.00020000
Epoch: 21, Loss: 14.1246, Rmse_valid: 11.2740, valid_score: 3056.9, , rmse_test: 13.1985, score_test: 251.3, Learning rate:0.00002000
Epoch: 22, Loss: 14.0749, Rmse_valid: 11.7515, valid_score: 3055.3, , rmse_test: 13.2195, score_test: 250.6, Learning rate:0.00002000
Epoch: 23, Loss: 14.1033, Rmse_valid: 11.6036, valid_score: 3067.9, , rmse_test: 13.2024, score_test: 248.5, Learning rate:0.00002000
Epoch: 24, Loss: 14.1160, Rmse_valid: 11.1449, valid_score: 3084.8, , rmse_test: 13.2614, score_test: 249.6, Learning rate:0.00002000
Epoch: 25, Loss: 14.0359, Rmse_valid: 11.7206, valid_score: 3096.5, , rmse_test: 13.2106, score_test: 250.7, Learning rate:0.00002000
Epoch: 26, Loss: 14.1083, Rmse_valid: 11.9927, valid_score: 3086.4, , rmse_test: 13.2572, score_test: 251.7, Learning rate:0.00002000
Epoch: 27, Loss: 14.0628, Rmse_valid: 11.5949, valid_score: 3065.5, , rmse_test: 13.2178, score_test: 252.3, Learning rate:0.00002000
Epoch: 28, Loss: 14.0239, Rmse_valid: 11.4353, valid_score: 3072.9, , rmse_test: 13.1999, score_test: 252.3, Learning rate:0.00002000
Epoch: 29, Loss: 14.0686, Rmse_valid: 11.2843, valid_score: 3084.3, , rmse_test: 13.2024, score_test: 250.2, Learning rate:0.00002000
Epoch: 30, Loss: 14.0976, Rmse_valid: 11.6263, valid_score: 3094.0, , rmse_test: 13.2559, score_test: 250.8, Learning rate:0.00002000
[Train Summary] Restored best model from epoch 18, rmse_valid: 10.9612, valid_score: 3009.1, rmse_test: 13.0623, score_test: 253.4
[Train Time] start: 2026-08-03 05:24:33, end: 2026-08-03 05:27:51, duration: 0:03:18, total_seconds: 198.24
[Auto Test] command: /usr/local/miniconda3/envs/HV/bin/python /Mamba_Rul/test_GAT_EDmamba/test_model.py --sub-dataset FD001 --smooth-rate 30 --sequence-len 30 --feature-num 14 --dataset-root /Mamba_Rul/CMAPSSData/ --max-rul 125 --batch-size 128 --model-path /Mamba_Rul/logs/FD001_GAT_EDmamba_layer_1/seed88/model_FD001_0803_052433_seed88.pkl
model_path:/Mamba_Rul/logs/FD001_GAT_EDmamba_layer_1/seed88/model_FD001_0803_052433_seed88.pkl
rmse_final:13.13125991821289, score:250.83642578125
