-----FD003-----
关键参数:
序列长度: 30
批大小(batch_size): 128
最大训练轮数(max_epochs): 30
随机数种子: 27
模型代号(model_code): GAT_EDmamba4_dmodel_32
模型结构(model_structure): mamba_mamba
学习率: 0.002
学习率调度器: step
Step步长(step_size): 10
Step衰减系数(gamma): 0.1
use_gat: True
gat_hidden_dim: 8
编码器: 2层Mamba
解码器: 2层Mamba
mamba_d_model: 32
mamba_num_layers: 2
mamba_d_state: 16
训练损失: AdaptiveAsymmetricMSELoss
asym_alpha: 3.5
asym_gamma: 5.0
asym_delta: 0.9
focus_threshold: 35.0
cap_threshold: 125.0
------------------------------
Epoch: 1, Loss: 42.0186, Rmse_valid: 25.9076, valid_score: 41008.4, , rmse_test: 25.0437, score_test: 1530.6, Learning rate:0.00200000
Epoch: 2, Loss: 28.9109, Rmse_valid: 21.4639, valid_score: 18940.7, , rmse_test: 21.7922, score_test: 1123.9, Learning rate:0.00200000
Epoch: 3, Loss: 24.9761, Rmse_valid: 18.7788, valid_score: 11526.7, , rmse_test: 14.6791, score_test: 382.1, Learning rate:0.00200000
Epoch: 4, Loss: 20.8879, Rmse_valid: 11.9991, valid_score: 5299.1, , rmse_test: 14.7020, score_test: 428.8, Learning rate:0.00200000
Epoch: 5, Loss: 20.4394, Rmse_valid: 16.1233, valid_score: 9070.4, , rmse_test: 15.0753, score_test: 318.1, Learning rate:0.00200000
Epoch: 6, Loss: 18.9653, Rmse_valid: 17.7218, valid_score: 9776.6, , rmse_test: 15.1685, score_test: 354.4, Learning rate:0.00200000
Epoch: 7, Loss: 17.9126, Rmse_valid: 20.3654, valid_score: 15763.8, , rmse_test: 16.3827, score_test: 418.6, Learning rate:0.00200000
Epoch: 8, Loss: 17.2069, Rmse_valid: 13.0184, valid_score: 6564.3, , rmse_test: 13.7075, score_test: 412.3, Learning rate:0.00200000
Epoch: 9, Loss: 17.1160, Rmse_valid: 12.2758, valid_score: 5802.5, , rmse_test: 13.0720, score_test: 245.4, Learning rate:0.00200000
Epoch: 10, Loss: 16.2527, Rmse_valid: 14.6108, valid_score: 9569.1, , rmse_test: 14.8824, score_test: 353.3, Learning rate:0.00200000
Epoch: 11, Loss: 13.4346, Rmse_valid: 12.3673, valid_score: 6522.3, , rmse_test: 12.7675, score_test: 241.9, Learning rate:0.00020000
Epoch: 12, Loss: 12.6881, Rmse_valid: 12.4575, valid_score: 6410.2, , rmse_test: 13.0356, score_test: 265.7, Learning rate:0.00020000
Epoch: 13, Loss: 12.3474, Rmse_valid: 10.8716, valid_score: 5178.0, , rmse_test: 12.7131, score_test: 254.5, Learning rate:0.00020000
Epoch: 14, Loss: 12.1559, Rmse_valid: 11.7881, valid_score: 5981.2, , rmse_test: 13.2727, score_test: 274.9, Learning rate:0.00020000
Epoch: 15, Loss: 11.9855, Rmse_valid: 12.0153, valid_score: 6013.3, , rmse_test: 13.0724, score_test: 270.4, Learning rate:0.00020000
Epoch: 16, Loss: 11.8239, Rmse_valid: 11.6095, valid_score: 5425.5, , rmse_test: 13.2120, score_test: 301.9, Learning rate:0.00020000
Epoch: 17, Loss: 11.6292, Rmse_valid: 10.8723, valid_score: 5060.8, , rmse_test: 12.9330, score_test: 275.7, Learning rate:0.00020000
Epoch: 18, Loss: 11.5314, Rmse_valid: 11.3849, valid_score: 5890.9, , rmse_test: 13.0163, score_test: 281.1, Learning rate:0.00020000
Epoch: 19, Loss: 11.3823, Rmse_valid: 12.0300, valid_score: 5663.1, , rmse_test: 12.9349, score_test: 252.9, Learning rate:0.00020000
Epoch: 20, Loss: 11.3430, Rmse_valid: 11.2042, valid_score: 5710.3, , rmse_test: 13.1717, score_test: 279.3, Learning rate:0.00020000
Epoch: 21, Loss: 11.0086, Rmse_valid: 11.1039, valid_score: 5225.3, , rmse_test: 12.9792, score_test: 271.8, Learning rate:0.00002000
Epoch: 22, Loss: 10.9899, Rmse_valid: 11.2713, valid_score: 5326.6, , rmse_test: 12.9543, score_test: 272.6, Learning rate:0.00002000
Epoch: 23, Loss: 10.9374, Rmse_valid: 11.0117, valid_score: 5288.8, , rmse_test: 12.9475, score_test: 281.4, Learning rate:0.00002000
Epoch: 24, Loss: 10.9289, Rmse_valid: 11.2998, valid_score: 5386.4, , rmse_test: 12.9974, score_test: 274.0, Learning rate:0.00002000
Epoch: 25, Loss: 10.9225, Rmse_valid: 11.2139, valid_score: 5334.4, , rmse_test: 12.9066, score_test: 268.9, Learning rate:0.00002000
Epoch: 26, Loss: 10.8898, Rmse_valid: 11.1438, valid_score: 5280.4, , rmse_test: 12.9953, score_test: 281.9, Learning rate:0.00002000
Epoch: 27, Loss: 10.8963, Rmse_valid: 11.0829, valid_score: 5401.9, , rmse_test: 12.9504, score_test: 278.9, Learning rate:0.00002000
Epoch: 28, Loss: 10.8519, Rmse_valid: 11.1702, valid_score: 5280.0, , rmse_test: 12.9189, score_test: 269.9, Learning rate:0.00002000
Epoch: 29, Loss: 10.8614, Rmse_valid: 11.1137, valid_score: 5284.3, , rmse_test: 12.9942, score_test: 274.6, Learning rate:0.00002000
Epoch: 30, Loss: 10.8596, Rmse_valid: 11.3861, valid_score: 5427.9, , rmse_test: 12.9454, score_test: 277.3, Learning rate:0.00002000
[Train Summary] Restored best model from epoch 13, rmse_valid: 10.8716, valid_score: 5178.0, rmse_test: 12.7131, score_test: 254.5
[Train Time] start: 2026-08-25 04:44:06, end: 2026-08-25 04:47:17, duration: 0:03:12, total_seconds: 191.75
[Auto Test] command: /usr/local/miniconda3/envs/HV/bin/python /Mamba_Rul/test_GAT_EDmamba/test_model.py --sub-dataset FD003 --smooth-rate 30 --sequence-len 30 --feature-num 14 --dataset-root /Mamba_Rul/CMAPSSData/ --max-rul 125 --batch-size 128 --model-path /Mamba_Rul/logs/FD003_GAT_EDmamba4_dmodel_32/seed27/model_FD003_0825_044406_seed27.pkl
model_path:/Mamba_Rul/logs/FD003_GAT_EDmamba4_dmodel_32/seed27/model_FD003_0825_044406_seed27.pkl
rmse_final:12.717704772949219, score:244.3160858154297
