-----FD004-----
关键参数:
序列长度: 30
批大小(batch_size): 128
最大训练轮数(max_epochs): 30
随机数种子: 80
模型代号(model_code): GAT_EDmamba4_dmodel_64
模型结构(model_structure): mamba_mamba
学习率: 0.002
学习率调度器: step
Step步长(step_size): 10
Step衰减系数(gamma): 0.1
use_gat: True
gat_hidden_dim: 8
编码器: 2层Mamba
解码器: 2层Mamba
mamba_d_model: 64
mamba_num_layers: 2
mamba_d_state: 16
训练损失: AdaptiveAsymmetricMSELoss
asym_alpha: 2.0
asym_gamma: 5.0
asym_delta: 0.9
focus_threshold: 35.0
cap_threshold: 125.0
------------------------------
Epoch: 1, Loss: 67.8605, Rmse_valid: 29.0854, valid_score: 107740.6, , rmse_test: 30.2889, score_test: 6711.8, Learning rate:0.00200000
Epoch: 2, Loss: 37.9661, Rmse_valid: 23.1468, valid_score: 85217.2, , rmse_test: 24.2250, score_test: 3647.3, Learning rate:0.00200000
Epoch: 3, Loss: 32.5302, Rmse_valid: 22.6238, valid_score: 55916.0, , rmse_test: 22.1972, score_test: 2050.5, Learning rate:0.00200000
Epoch: 4, Loss: 29.8816, Rmse_valid: 21.5263, valid_score: 40239.2, , rmse_test: 21.8509, score_test: 1978.9, Learning rate:0.00200000
Epoch: 5, Loss: 26.9684, Rmse_valid: 24.7308, valid_score: 62073.7, , rmse_test: 24.7926, score_test: 2378.5, Learning rate:0.00200000
Epoch: 6, Loss: 25.7660, Rmse_valid: 18.5307, valid_score: 31514.7, , rmse_test: 18.6643, score_test: 1538.5, Learning rate:0.00200000
Epoch: 7, Loss: 24.7256, Rmse_valid: 16.7324, valid_score: 29391.5, , rmse_test: 18.1507, score_test: 1772.8, Learning rate:0.00200000
Epoch: 8, Loss: 23.4950, Rmse_valid: 18.8103, valid_score: 39106.5, , rmse_test: 19.1023, score_test: 1971.8, Learning rate:0.00200000
Epoch: 9, Loss: 22.7345, Rmse_valid: 19.1158, valid_score: 37345.8, , rmse_test: 20.8209, score_test: 2358.5, Learning rate:0.00200000
Epoch: 10, Loss: 40.1881, Rmse_valid: 22.5570, valid_score: 59654.8, , rmse_test: 23.8946, score_test: 2922.2, Learning rate:0.00200000
Epoch: 11, Loss: 29.1286, Rmse_valid: 21.8474, valid_score: 50976.1, , rmse_test: 21.8463, score_test: 2031.1, Learning rate:0.00020000
Epoch: 12, Loss: 24.5837, Rmse_valid: 18.7460, valid_score: 33405.5, , rmse_test: 19.4241, score_test: 1661.5, Learning rate:0.00020000
Epoch: 13, Loss: 21.4140, Rmse_valid: 17.4827, valid_score: 32407.8, , rmse_test: 18.6546, score_test: 1499.4, Learning rate:0.00020000
Epoch: 14, Loss: 19.8974, Rmse_valid: 17.6701, valid_score: 31373.1, , rmse_test: 19.0520, score_test: 1500.2, Learning rate:0.00020000
Epoch: 15, Loss: 19.0723, Rmse_valid: 18.5847, valid_score: 38729.7, , rmse_test: 19.1831, score_test: 1651.5, Learning rate:0.00020000
Epoch: 16, Loss: 18.4737, Rmse_valid: 17.6377, valid_score: 41626.2, , rmse_test: 18.8501, score_test: 1695.0, Learning rate:0.00020000
Epoch: 17, Loss: 17.8776, Rmse_valid: 17.7950, valid_score: 70161.3, , rmse_test: 18.8202, score_test: 1829.5, Learning rate:0.00020000
Epoch: 18, Loss: 17.3997, Rmse_valid: 17.9357, valid_score: 59181.1, , rmse_test: 18.6648, score_test: 1801.1, Learning rate:0.00020000
Epoch: 19, Loss: 17.0029, Rmse_valid: 18.4673, valid_score: 64616.6, , rmse_test: 19.1890, score_test: 1905.9, Learning rate:0.00020000
Epoch: 20, Loss: 16.5501, Rmse_valid: 18.3096, valid_score: 96043.3, , rmse_test: 19.5375, score_test: 2565.9, Learning rate:0.00020000
Epoch: 21, Loss: 15.8423, Rmse_valid: 18.5065, valid_score: 109847.1, , rmse_test: 19.3346, score_test: 2387.8, Learning rate:0.00002000
Epoch: 22, Loss: 15.7405, Rmse_valid: 18.4851, valid_score: 111773.5, , rmse_test: 19.3711, score_test: 2398.0, Learning rate:0.00002000
Epoch: 23, Loss: 15.7013, Rmse_valid: 18.4756, valid_score: 117127.4, , rmse_test: 19.4244, score_test: 2418.1, Learning rate:0.00002000
Epoch: 24, Loss: 15.6629, Rmse_valid: 18.4682, valid_score: 126304.3, , rmse_test: 19.3690, score_test: 2457.0, Learning rate:0.00002000
Epoch: 25, Loss: 15.5940, Rmse_valid: 18.3390, valid_score: 139543.2, , rmse_test: 19.3081, score_test: 2295.6, Learning rate:0.00002000
Epoch: 26, Loss: 15.5701, Rmse_valid: 18.6471, valid_score: 138488.8, , rmse_test: 19.3184, score_test: 2245.5, Learning rate:0.00002000
Epoch: 27, Loss: 15.4832, Rmse_valid: 18.4417, valid_score: 131545.9, , rmse_test: 19.3942, score_test: 2390.3, Learning rate:0.00002000
Epoch: 28, Loss: 15.4385, Rmse_valid: 18.5824, valid_score: 137404.5, , rmse_test: 19.3701, score_test: 2256.7, Learning rate:0.00002000
Epoch: 29, Loss: 15.3878, Rmse_valid: 18.4343, valid_score: 134547.7, , rmse_test: 19.5388, score_test: 2365.5, Learning rate:0.00002000
Epoch: 30, Loss: 15.3740, Rmse_valid: 18.6777, valid_score: 149743.9, , rmse_test: 19.7035, score_test: 2442.2, Learning rate:0.00002000
[Train Summary] Restored best model from epoch 7, rmse_valid: 16.7324, valid_score: 29391.5, rmse_test: 18.1507, score_test: 1772.8
[Train Time] start: 2026-08-25 14:02:38, end: 2026-08-25 14:11:34, duration: 0:08:56, total_seconds: 536.25
[Auto Test] command: /usr/local/miniconda3/envs/HV/bin/python /Mamba_Rul/test_GAT_EDmamba/test_model.py --sub-dataset FD004 --smooth-rate 40 --sequence-len 30 --feature-num 14 --dataset-root /Mamba_Rul/CMAPSSData/ --max-rul 125 --batch-size 128 --model-path /Mamba_Rul/logs/FD004_GAT_EDmamba4_dmodel_64/seed80/model_FD004_0825_140238_seed80.pkl
model_path:/Mamba_Rul/logs/FD004_GAT_EDmamba4_dmodel_64/seed80/model_FD004_0825_140238_seed80.pkl
rmse_final:18.183095932006836, score:1752.237548828125
