-----FD004-----
关键参数:
序列长度: 30
批大小(batch_size): 128
最大训练轮数(max_epochs): 30
随机数种子: 27
模型代号(model_code): 1GAT_EDmamba_dstate_8
模型结构(model_structure): mamba_mamba
学习率: 0.002
学习率调度器: step
Step步长(step_size): 10
Step衰减系数(gamma): 0.1
use_gat: True
gat_hidden_dim: 8
编码器: 2层Mamba
解码器: 2层Mamba
mamba_d_model: 8
mamba_num_layers: 2
mamba_d_state: 8
训练损失: AdaptiveAsymmetricMSELoss
asym_alpha: 2.0
asym_gamma: 5.0
asym_delta: 0.9
focus_threshold: 35.0
cap_threshold: 125.0
------------------------------
Epoch: 1, Loss: 42.4854, Rmse_valid: 32.4713, valid_score: 196032.8, , rmse_test: 33.3312, score_test: 10038.9, Learning rate:0.00200000
Epoch: 2, Loss: 35.4955, Rmse_valid: 26.4008, valid_score: 146560.8, , rmse_test: 28.1386, score_test: 5723.8, Learning rate:0.00200000
Epoch: 3, Loss: 31.4309, Rmse_valid: 19.5446, valid_score: 44967.7, , rmse_test: 20.2472, score_test: 2165.4, Learning rate:0.00200000
Epoch: 4, Loss: 29.2730, Rmse_valid: 23.2594, valid_score: 57415.1, , rmse_test: 23.5937, score_test: 2705.2, Learning rate:0.00200000
Epoch: 5, Loss: 27.4946, Rmse_valid: 19.0962, valid_score: 35192.7, , rmse_test: 19.0081, score_test: 1669.3, Learning rate:0.00200000
Epoch: 6, Loss: 26.5704, Rmse_valid: 21.8059, valid_score: 42543.6, , rmse_test: 21.2634, score_test: 1780.7, Learning rate:0.00200000
Epoch: 7, Loss: 25.9040, Rmse_valid: 24.9957, valid_score: 111195.4, , rmse_test: 24.9992, score_test: 3955.2, Learning rate:0.00200000
Epoch: 8, Loss: 24.9176, Rmse_valid: 21.2382, valid_score: 44833.9, , rmse_test: 22.1855, score_test: 2084.9, Learning rate:0.00200000
Epoch: 9, Loss: 24.6154, Rmse_valid: 20.0675, valid_score: 42787.8, , rmse_test: 19.7278, score_test: 1535.5, Learning rate:0.00200000
Epoch: 10, Loss: 24.0937, Rmse_valid: 17.5083, valid_score: 27516.9, , rmse_test: 19.3459, score_test: 1490.8, Learning rate:0.00200000
Epoch: 11, Loss: 21.3782, Rmse_valid: 17.4272, valid_score: 30485.8, , rmse_test: 17.6816, score_test: 1242.5, Learning rate:0.00020000
Epoch: 12, Loss: 21.0077, Rmse_valid: 18.1211, valid_score: 31321.1, , rmse_test: 17.9778, score_test: 1254.5, Learning rate:0.00020000
Epoch: 13, Loss: 20.8165, Rmse_valid: 17.9567, valid_score: 31556.6, , rmse_test: 17.6568, score_test: 1177.7, Learning rate:0.00020000
Epoch: 14, Loss: 20.8214, Rmse_valid: 17.5948, valid_score: 30168.6, , rmse_test: 18.0128, score_test: 1207.5, Learning rate:0.00020000
Epoch: 15, Loss: 20.6859, Rmse_valid: 17.3080, valid_score: 29793.7, , rmse_test: 17.4866, score_test: 1161.5, Learning rate:0.00020000
Epoch: 16, Loss: 20.5918, Rmse_valid: 17.1586, valid_score: 29369.7, , rmse_test: 17.4038, score_test: 1157.3, Learning rate:0.00020000
Epoch: 17, Loss: 20.5369, Rmse_valid: 17.2160, valid_score: 31657.0, , rmse_test: 17.7070, score_test: 1204.0, Learning rate:0.00020000
Epoch: 18, Loss: 20.4758, Rmse_valid: 17.6788, valid_score: 31959.8, , rmse_test: 17.5663, score_test: 1143.9, Learning rate:0.00020000
Epoch: 19, Loss: 20.3861, Rmse_valid: 17.5636, valid_score: 31883.2, , rmse_test: 17.8058, score_test: 1202.6, Learning rate:0.00020000
Epoch: 20, Loss: 20.3700, Rmse_valid: 17.2045, valid_score: 29515.6, , rmse_test: 17.7547, score_test: 1202.8, Learning rate:0.00020000
Epoch: 21, Loss: 20.1686, Rmse_valid: 17.4577, valid_score: 30341.0, , rmse_test: 17.4693, score_test: 1142.6, Learning rate:0.00002000
Epoch: 22, Loss: 20.1200, Rmse_valid: 17.5657, valid_score: 30952.8, , rmse_test: 17.5103, score_test: 1147.2, Learning rate:0.00002000
Epoch: 23, Loss: 20.1225, Rmse_valid: 17.3997, valid_score: 31013.3, , rmse_test: 17.5443, score_test: 1151.3, Learning rate:0.00002000
Epoch: 24, Loss: 20.1058, Rmse_valid: 17.5069, valid_score: 31288.7, , rmse_test: 17.4702, score_test: 1141.5, Learning rate:0.00002000
Epoch: 25, Loss: 20.1355, Rmse_valid: 17.6100, valid_score: 31138.0, , rmse_test: 17.3491, score_test: 1125.1, Learning rate:0.00002000
Epoch: 26, Loss: 20.0865, Rmse_valid: 17.3722, valid_score: 31268.6, , rmse_test: 17.4600, score_test: 1142.8, Learning rate:0.00002000
Epoch: 27, Loss: 20.1359, Rmse_valid: 17.4297, valid_score: 31581.5, , rmse_test: 17.5302, score_test: 1152.8, Learning rate:0.00002000
Epoch: 28, Loss: 20.1296, Rmse_valid: 17.6259, valid_score: 31561.1, , rmse_test: 17.5910, score_test: 1150.9, Learning rate:0.00002000
Epoch: 29, Loss: 20.0883, Rmse_valid: 17.5126, valid_score: 31421.1, , rmse_test: 17.5676, score_test: 1155.0, Learning rate:0.00002000
Epoch: 30, Loss: 20.0567, Rmse_valid: 17.2696, valid_score: 30541.4, , rmse_test: 17.3215, score_test: 1130.2, Learning rate:0.00002000
[Train Summary] Restored best model from epoch 16, rmse_valid: 17.1586, valid_score: 29369.7, rmse_test: 17.4038, score_test: 1157.3
[Train Time] start: 2026-09-01 07:12:19, end: 2026-09-01 07:21:58, duration: 0:09:40, total_seconds: 579.65
[Auto Test] command: /usr/local/miniconda3/envs/HV/bin/python /Mamba_Rul/test_GAT_EDmamba/test_model.py --sub-dataset FD004 --smooth-rate 40 --sequence-len 30 --feature-num 14 --dataset-root /Mamba_Rul/CMAPSSData/ --max-rul 125 --batch-size 128 --model-path /Mamba_Rul/logs/FD004_1GAT_EDmamba_dstate_8/seed27/model_FD004_0901_071219_seed27.pkl
model_path:/Mamba_Rul/logs/FD004_1GAT_EDmamba_dstate_8/seed27/model_FD004_0901_071219_seed27.pkl
rmse_final:17.478673934936523, score:1147.7470703125
