-----FD003-----
关键参数:
序列长度: 30
批大小(batch_size): 128
最大训练轮数(max_epochs): 30
随机数种子: 62
模型代号(model_code): GAT_EDmamba_8
模型结构(model_structure): mamba_mamba
学习率: 0.002
学习率调度器: step
Step步长(step_size): 10
Step衰减系数(gamma): 0.1
use_gat: True
gat_hidden_dim: 8
编码器: 2层Mamba
解码器: 2层Mamba
encoder_hidden_size: 8
mamba_num_layers: 2
mamba_d_state: 16
训练损失: AdaptiveAsymmetricMSELoss
asym_alpha: 3.5
asym_gamma: 5.0
asym_delta: 0.9
focus_threshold: 35.0
cap_threshold: 125.0
------------------------------
Epoch: 1, Loss: 37.4068, Rmse_valid: 25.1265, valid_score: 50337.9, , rmse_test: 24.2653, score_test: 2197.1, Learning rate:0.00200000
Epoch: 2, Loss: 27.9545, Rmse_valid: 20.1184, valid_score: 15759.0, , rmse_test: 18.4480, score_test: 747.1, Learning rate:0.00200000
Epoch: 3, Loss: 22.0615, Rmse_valid: 19.7754, valid_score: 14300.7, , rmse_test: 17.8199, score_test: 592.2, Learning rate:0.00200000
Epoch: 4, Loss: 20.1351, Rmse_valid: 14.5761, valid_score: 8444.1, , rmse_test: 15.5872, score_test: 637.0, Learning rate:0.00200000
Epoch: 5, Loss: 18.9053, Rmse_valid: 12.5578, valid_score: 5605.6, , rmse_test: 14.3290, score_test: 492.4, Learning rate:0.00200000
Epoch: 6, Loss: 17.9469, Rmse_valid: 18.1248, valid_score: 10693.9, , rmse_test: 15.6611, score_test: 435.8, Learning rate:0.00200000
Epoch: 7, Loss: 17.6488, Rmse_valid: 13.9306, valid_score: 6496.3, , rmse_test: 14.8183, score_test: 387.8, Learning rate:0.00200000
Epoch: 8, Loss: 17.2527, Rmse_valid: 16.5842, valid_score: 8788.1, , rmse_test: 14.8373, score_test: 398.7, Learning rate:0.00200000
Epoch: 9, Loss: 16.4313, Rmse_valid: 10.6127, valid_score: 4074.6, , rmse_test: 13.1127, score_test: 339.0, Learning rate:0.00200000
Epoch: 10, Loss: 16.4403, Rmse_valid: 12.4841, valid_score: 5876.0, , rmse_test: 13.7595, score_test: 441.6, Learning rate:0.00200000
Epoch: 11, Loss: 14.4553, Rmse_valid: 11.8068, valid_score: 4806.5, , rmse_test: 13.2557, score_test: 323.8, Learning rate:0.00020000
Epoch: 12, Loss: 14.3451, Rmse_valid: 11.8948, valid_score: 4778.6, , rmse_test: 13.2057, score_test: 297.3, Learning rate:0.00020000
Epoch: 13, Loss: 14.2885, Rmse_valid: 11.9760, valid_score: 4895.0, , rmse_test: 13.2610, score_test: 309.5, Learning rate:0.00020000
Epoch: 14, Loss: 14.2360, Rmse_valid: 12.3045, valid_score: 4974.7, , rmse_test: 13.2393, score_test: 299.2, Learning rate:0.00020000
Epoch: 15, Loss: 14.1799, Rmse_valid: 11.2639, valid_score: 4469.9, , rmse_test: 13.3010, score_test: 312.9, Learning rate:0.00020000
Epoch: 16, Loss: 14.1699, Rmse_valid: 11.4407, valid_score: 4493.8, , rmse_test: 13.1597, score_test: 307.3, Learning rate:0.00020000
Epoch: 17, Loss: 14.0846, Rmse_valid: 11.5313, valid_score: 4584.0, , rmse_test: 13.0849, score_test: 303.3, Learning rate:0.00020000
Epoch: 18, Loss: 14.0822, Rmse_valid: 11.4658, valid_score: 4646.7, , rmse_test: 13.3955, score_test: 335.9, Learning rate:0.00020000
Epoch: 19, Loss: 14.0156, Rmse_valid: 11.1927, valid_score: 4453.1, , rmse_test: 13.0589, score_test: 301.9, Learning rate:0.00020000
Epoch: 20, Loss: 13.9155, Rmse_valid: 11.1916, valid_score: 4395.1, , rmse_test: 13.2011, score_test: 317.7, Learning rate:0.00020000
Epoch: 21, Loss: 13.7728, Rmse_valid: 11.2448, valid_score: 4439.5, , rmse_test: 13.2373, score_test: 312.8, Learning rate:0.00002000
Epoch: 22, Loss: 13.7317, Rmse_valid: 11.2022, valid_score: 4412.1, , rmse_test: 13.1811, score_test: 313.1, Learning rate:0.00002000
Epoch: 23, Loss: 13.7510, Rmse_valid: 11.2970, valid_score: 4421.7, , rmse_test: 13.1705, score_test: 309.1, Learning rate:0.00002000
Epoch: 24, Loss: 13.7473, Rmse_valid: 11.2296, valid_score: 4454.0, , rmse_test: 13.1693, score_test: 312.5, Learning rate:0.00002000
Epoch: 25, Loss: 13.7303, Rmse_valid: 11.2906, valid_score: 4482.1, , rmse_test: 13.1633, score_test: 312.3, Learning rate:0.00002000
Epoch: 26, Loss: 13.8148, Rmse_valid: 11.3176, valid_score: 4472.3, , rmse_test: 13.1815, score_test: 308.9, Learning rate:0.00002000
Epoch: 27, Loss: 13.7494, Rmse_valid: 11.3794, valid_score: 4510.0, , rmse_test: 13.2081, score_test: 307.4, Learning rate:0.00002000
Epoch: 28, Loss: 13.7389, Rmse_valid: 11.3546, valid_score: 4483.9, , rmse_test: 13.2187, score_test: 307.1, Learning rate:0.00002000
Epoch: 29, Loss: 13.7888, Rmse_valid: 11.1697, valid_score: 4398.1, , rmse_test: 13.1838, score_test: 309.8, Learning rate:0.00002000
Epoch: 30, Loss: 13.7650, Rmse_valid: 11.2002, valid_score: 4432.6, , rmse_test: 13.2014, score_test: 309.6, Learning rate:0.00002000
[Train Summary] Restored best model from epoch 9, rmse_valid: 10.6127, valid_score: 4074.6, rmse_test: 13.1127, score_test: 339.0
[Train Time] start: 2026-07-30 21:12:40, end: 2026-07-30 21:17:11, duration: 0:04:31, total_seconds: 270.58
[Auto Test] command: /usr/local/miniconda3/envs/HV/bin/python /Mamba_Rul/test_GAT_EDmamba/test_model.py --sub-dataset FD003 --smooth-rate 30 --sequence-len 30 --feature-num 14 --dataset-root /Mamba_Rul/CMAPSSData/ --max-rul 125 --batch-size 128 --model-path /Mamba_Rul/logs/FD003_GAT_EDmamba_8/seed62/model_FD003_0730_211240_seed62.pkl
model_path:/Mamba_Rul/logs/FD003_GAT_EDmamba_8/seed62/model_FD003_0730_211240_seed62.pkl
rmse_final:13.122880935668945, score:333.1414794921875
