-----FD003-----
关键参数:
序列长度: 30
批大小(batch_size): 128
最大训练轮数(max_epochs): 30
随机数种子: 27
模型代号(model_code): 1GAT_EDmamba_dstate_4
模型结构(model_structure): mamba_mamba
学习率: 0.002
学习率调度器: step
Step步长(step_size): 10
Step衰减系数(gamma): 0.1
use_gat: True
gat_hidden_dim: 8
编码器: 2层Mamba
解码器: 2层Mamba
mamba_d_model: 32
mamba_num_layers: 2
mamba_d_state: 4
训练损失: AdaptiveAsymmetricMSELoss
asym_alpha: 3.5
asym_gamma: 5.0
asym_delta: 0.9
focus_threshold: 35.0
cap_threshold: 125.0
------------------------------
Epoch: 1, Loss: 43.0602, Rmse_valid: 18.6323, valid_score: 14833.8, , rmse_test: 21.4274, score_test: 1699.6, Learning rate:0.00200000
Epoch: 2, Loss: 28.3601, Rmse_valid: 25.7807, valid_score: 28153.3, , rmse_test: 21.9472, score_test: 1058.3, Learning rate:0.00200000
Epoch: 3, Loss: 24.3018, Rmse_valid: 18.4588, valid_score: 12615.6, , rmse_test: 16.8546, score_test: 625.5, Learning rate:0.00200000
Epoch: 4, Loss: 21.8721, Rmse_valid: 19.3398, valid_score: 15301.8, , rmse_test: 22.9036, score_test: 1098.5, Learning rate:0.00200000
Epoch: 5, Loss: 22.1582, Rmse_valid: 13.8365, valid_score: 7585.7, , rmse_test: 18.4312, score_test: 810.6, Learning rate:0.00200000
Epoch: 6, Loss: 19.0718, Rmse_valid: 11.8674, valid_score: 5669.4, , rmse_test: 14.6116, score_test: 452.4, Learning rate:0.00200000
Epoch: 7, Loss: 18.4852, Rmse_valid: 15.1698, valid_score: 8858.2, , rmse_test: 15.9277, score_test: 425.8, Learning rate:0.00200000
Epoch: 8, Loss: 18.2027, Rmse_valid: 13.1242, valid_score: 6091.7, , rmse_test: 14.7368, score_test: 423.1, Learning rate:0.00200000
Epoch: 9, Loss: 18.5392, Rmse_valid: 16.3002, valid_score: 8642.0, , rmse_test: 15.7589, score_test: 375.0, Learning rate:0.00200000
Epoch: 10, Loss: 16.9969, Rmse_valid: 14.6715, valid_score: 7147.1, , rmse_test: 16.6085, score_test: 385.8, Learning rate:0.00200000
Epoch: 11, Loss: 13.8437, Rmse_valid: 11.6441, valid_score: 4723.0, , rmse_test: 13.6866, score_test: 275.0, Learning rate:0.00020000
Epoch: 12, Loss: 13.4144, Rmse_valid: 11.7032, valid_score: 4910.2, , rmse_test: 13.8217, score_test: 290.1, Learning rate:0.00020000
Epoch: 13, Loss: 13.2809, Rmse_valid: 11.8188, valid_score: 4754.8, , rmse_test: 13.9095, score_test: 307.2, Learning rate:0.00020000
Epoch: 14, Loss: 13.1448, Rmse_valid: 10.9328, valid_score: 4316.5, , rmse_test: 13.6784, score_test: 303.9, Learning rate:0.00020000
Epoch: 15, Loss: 12.9916, Rmse_valid: 10.7646, valid_score: 4346.2, , rmse_test: 13.7954, score_test: 361.9, Learning rate:0.00020000
Epoch: 16, Loss: 12.8088, Rmse_valid: 11.2919, valid_score: 4456.3, , rmse_test: 14.2135, score_test: 325.6, Learning rate:0.00020000
Epoch: 17, Loss: 12.6599, Rmse_valid: 10.5351, valid_score: 3991.7, , rmse_test: 13.5477, score_test: 303.2, Learning rate:0.00020000
Epoch: 18, Loss: 12.4827, Rmse_valid: 10.4316, valid_score: 3928.5, , rmse_test: 13.6515, score_test: 350.7, Learning rate:0.00020000
Epoch: 19, Loss: 12.3590, Rmse_valid: 10.7298, valid_score: 4062.3, , rmse_test: 13.7673, score_test: 328.2, Learning rate:0.00020000
Epoch: 20, Loss: 12.2794, Rmse_valid: 10.7441, valid_score: 4121.9, , rmse_test: 13.6519, score_test: 342.3, Learning rate:0.00020000
Epoch: 21, Loss: 12.0173, Rmse_valid: 10.3965, valid_score: 3917.7, , rmse_test: 13.7078, score_test: 330.4, Learning rate:0.00002000
Epoch: 22, Loss: 11.9963, Rmse_valid: 10.3641, valid_score: 3942.1, , rmse_test: 13.7068, score_test: 336.6, Learning rate:0.00002000
Epoch: 23, Loss: 11.9312, Rmse_valid: 10.7145, valid_score: 4050.0, , rmse_test: 13.7741, score_test: 331.4, Learning rate:0.00002000
Epoch: 24, Loss: 11.8921, Rmse_valid: 10.4017, valid_score: 3928.6, , rmse_test: 13.7172, score_test: 327.2, Learning rate:0.00002000
Epoch: 25, Loss: 11.9211, Rmse_valid: 10.3237, valid_score: 3908.9, , rmse_test: 13.6139, score_test: 324.7, Learning rate:0.00002000
Epoch: 26, Loss: 11.8475, Rmse_valid: 10.2887, valid_score: 3914.5, , rmse_test: 13.6826, score_test: 339.0, Learning rate:0.00002000
Epoch: 27, Loss: 11.8461, Rmse_valid: 10.4532, valid_score: 3950.4, , rmse_test: 13.7323, score_test: 334.6, Learning rate:0.00002000
Epoch: 28, Loss: 11.8441, Rmse_valid: 10.2973, valid_score: 3895.4, , rmse_test: 13.7733, score_test: 346.5, Learning rate:0.00002000
Epoch: 29, Loss: 11.8240, Rmse_valid: 10.1915, valid_score: 3873.3, , rmse_test: 13.6442, score_test: 331.3, Learning rate:0.00002000
Epoch: 30, Loss: 11.8148, Rmse_valid: 10.3395, valid_score: 3877.9, , rmse_test: 13.7663, score_test: 357.1, Learning rate:0.00002000
[Train Summary] Restored best model from epoch 29, rmse_valid: 10.1915, valid_score: 3873.3, rmse_test: 13.6442, score_test: 331.3
[Train Time] start: 2026-08-28 12:25:33, end: 2026-08-28 12:29:36, duration: 0:04:02, total_seconds: 242.37
[Auto Test] command: /usr/local/miniconda3/envs/HV/bin/python /Mamba_Rul/test_GAT_EDmamba/test_model.py --sub-dataset FD003 --smooth-rate 30 --sequence-len 30 --feature-num 14 --dataset-root /Mamba_Rul/CMAPSSData/ --max-rul 125 --batch-size 128 --model-path /Mamba_Rul/logs/FD003_1GAT_EDmamba_dstate_4/seed27/model_FD003_0828_122533_seed27.pkl
model_path:/Mamba_Rul/logs/FD003_1GAT_EDmamba_dstate_4/seed27/model_FD003_0828_122533_seed27.pkl
rmse_final:13.661991119384766, score:316.82696533203125
