-----FD003-----
关键参数:
序列长度: 30
批大小(batch_size): 128
最大训练轮数(max_epochs): 30
随机数种子: 62
模型代号(model_code): GAT_EDmamba_dropout_0.5
模型结构(model_structure): mamba_mamba
学习率: 0.002
学习率调度器: step
Step步长(step_size): 10
Step衰减系数(gamma): 0.1
use_gat: True
gat_hidden_dim: 8
编码器: 2层Mamba
解码器: 2层Mamba
mamba_d_model: 32
mamba_num_layers: 2
mamba_d_state: 64
dropout: 0.5
训练损失: AdaptiveAsymmetricMSELoss
asym_alpha: 3.5
asym_gamma: 5.0
asym_delta: 0.9
focus_threshold: 35.0
cap_threshold: 125.0
------------------------------
Epoch: 1, Loss: 45.3126, Rmse_valid: 31.3123, valid_score: 68985.4, , rmse_test: 24.2414, score_test: 1344.0, Learning rate:0.00200000
Epoch: 2, Loss: 31.0739, Rmse_valid: 25.7682, valid_score: 44875.8, , rmse_test: 22.1993, score_test: 1436.0, Learning rate:0.00200000
Epoch: 3, Loss: 24.5722, Rmse_valid: 15.9471, valid_score: 9301.9, , rmse_test: 14.9268, score_test: 493.0, Learning rate:0.00200000
Epoch: 4, Loss: 21.3803, Rmse_valid: 20.5264, valid_score: 13982.8, , rmse_test: 16.7402, score_test: 414.2, Learning rate:0.00200000
Epoch: 5, Loss: 19.8452, Rmse_valid: 11.7475, valid_score: 5362.5, , rmse_test: 14.0220, score_test: 412.8, Learning rate:0.00200000
Epoch: 6, Loss: 20.2996, Rmse_valid: 13.3258, valid_score: 6002.5, , rmse_test: 13.7401, score_test: 297.0, Learning rate:0.00200000
Epoch: 7, Loss: 18.2384, Rmse_valid: 11.8736, valid_score: 5154.8, , rmse_test: 13.5908, score_test: 389.1, Learning rate:0.00200000
Epoch: 8, Loss: 17.9505, Rmse_valid: 13.7503, valid_score: 7487.9, , rmse_test: 13.5296, score_test: 293.3, Learning rate:0.00200000
Epoch: 9, Loss: 26.0483, Rmse_valid: 16.3030, valid_score: 7888.0, , rmse_test: 14.9509, score_test: 400.2, Learning rate:0.00200000
Epoch: 10, Loss: 18.1275, Rmse_valid: 12.2234, valid_score: 4814.7, , rmse_test: 13.2006, score_test: 312.6, Learning rate:0.00200000
Epoch: 11, Loss: 15.5301, Rmse_valid: 12.4004, valid_score: 5011.1, , rmse_test: 13.3424, score_test: 280.1, Learning rate:0.00020000
Epoch: 12, Loss: 15.2808, Rmse_valid: 12.1519, valid_score: 4802.7, , rmse_test: 13.4434, score_test: 281.1, Learning rate:0.00020000
Epoch: 13, Loss: 15.1223, Rmse_valid: 11.7387, valid_score: 4794.1, , rmse_test: 13.1738, score_test: 282.7, Learning rate:0.00020000
Epoch: 14, Loss: 14.9504, Rmse_valid: 11.9235, valid_score: 4713.8, , rmse_test: 13.4161, score_test: 277.2, Learning rate:0.00020000
Epoch: 15, Loss: 14.7699, Rmse_valid: 11.8761, valid_score: 4854.2, , rmse_test: 13.3803, score_test: 271.9, Learning rate:0.00020000
Epoch: 16, Loss: 14.5791, Rmse_valid: 11.9100, valid_score: 4802.4, , rmse_test: 13.1310, score_test: 252.9, Learning rate:0.00020000
Epoch: 17, Loss: 14.5093, Rmse_valid: 11.6261, valid_score: 4664.7, , rmse_test: 12.9559, score_test: 255.8, Learning rate:0.00020000
Epoch: 18, Loss: 14.3797, Rmse_valid: 11.6522, valid_score: 4648.2, , rmse_test: 12.9886, score_test: 261.8, Learning rate:0.00020000
Epoch: 19, Loss: 14.1916, Rmse_valid: 12.0920, valid_score: 5031.2, , rmse_test: 13.4864, score_test: 264.4, Learning rate:0.00020000
Epoch: 20, Loss: 14.0953, Rmse_valid: 11.5423, valid_score: 4555.9, , rmse_test: 13.4102, score_test: 269.1, Learning rate:0.00020000
Epoch: 21, Loss: 13.7706, Rmse_valid: 11.6510, valid_score: 4712.7, , rmse_test: 13.1020, score_test: 253.3, Learning rate:0.00002000
Epoch: 22, Loss: 13.8407, Rmse_valid: 11.6044, valid_score: 4673.7, , rmse_test: 13.0738, score_test: 253.6, Learning rate:0.00002000
Epoch: 23, Loss: 13.8122, Rmse_valid: 11.4977, valid_score: 4604.6, , rmse_test: 13.1020, score_test: 257.1, Learning rate:0.00002000
Epoch: 24, Loss: 13.8012, Rmse_valid: 11.4967, valid_score: 4691.9, , rmse_test: 13.0590, score_test: 255.6, Learning rate:0.00002000
Epoch: 25, Loss: 13.7134, Rmse_valid: 11.3548, valid_score: 4578.5, , rmse_test: 13.0332, score_test: 257.1, Learning rate:0.00002000
Epoch: 26, Loss: 13.7287, Rmse_valid: 11.3897, valid_score: 4602.5, , rmse_test: 12.9950, score_test: 254.2, Learning rate:0.00002000
Epoch: 27, Loss: 13.7113, Rmse_valid: 11.4976, valid_score: 4658.9, , rmse_test: 13.0598, score_test: 254.8, Learning rate:0.00002000
Epoch: 28, Loss: 13.6517, Rmse_valid: 11.4073, valid_score: 4589.1, , rmse_test: 12.9741, score_test: 252.5, Learning rate:0.00002000
Epoch: 29, Loss: 13.6977, Rmse_valid: 11.1885, valid_score: 4482.1, , rmse_test: 12.9684, score_test: 253.9, Learning rate:0.00002000
Epoch: 30, Loss: 13.6199, Rmse_valid: 11.5050, valid_score: 4599.7, , rmse_test: 13.0193, score_test: 254.4, Learning rate:0.00002000
[Train Summary] Restored best model from epoch 29, rmse_valid: 11.1885, valid_score: 4482.1, rmse_test: 12.9684, score_test: 253.9
[Train Time] start: 2026-09-03 03:30:56, end: 2026-09-03 03:34:04, duration: 0:03:08, total_seconds: 188.01
[Auto Test] command: /usr/local/miniconda3/envs/HV/bin/python /Mamba_Rul/test_GAT_EDmamba/test_model.py --sub-dataset FD003 --smooth-rate 30 --sequence-len 30 --feature-num 14 --dataset-root /Mamba_Rul/CMAPSSData/ --max-rul 125 --batch-size 128 --model-path /Mamba_Rul/logs/FD003_GAT_EDmamba_dropout_0.5/seed62/model_FD003_0903_033056_seed62.pkl
model_path:/Mamba_Rul/logs/FD003_GAT_EDmamba_dropout_0.5/seed62/model_FD003_0903_033056_seed62.pkl
rmse_final:12.910460472106934, score:248.06317138671875
