-----FD004-----
关键参数:
序列长度: 30
批大小(batch_size): 128
最大训练轮数(max_epochs): 30
随机数种子: 51
模型代号(model_code): GAT_EDmamba_12
模型结构(model_structure): mamba_mamba
学习率: 0.002
学习率调度器: step
Step步长(step_size): 10
Step衰减系数(gamma): 0.1
use_gat: True
gat_hidden_dim: 8
编码器: 2层Mamba
解码器: 2层Mamba
encoder_hidden_size: 12
mamba_num_layers: 2
mamba_d_state: 16
训练损失: AdaptiveAsymmetricMSELoss
asym_alpha: 2.0
asym_gamma: 5.0
asym_delta: 0.9
focus_threshold: 35.0
cap_threshold: 125.0
------------------------------
Epoch: 1, Loss: 42.8791, Rmse_valid: 27.6381, valid_score: 102910.7, , rmse_test: 30.1225, score_test: 6386.4, Learning rate:0.00200000
Epoch: 2, Loss: 35.2700, Rmse_valid: 22.2942, valid_score: 52964.4, , rmse_test: 22.8512, score_test: 2684.4, Learning rate:0.00200000
Epoch: 3, Loss: 31.4441, Rmse_valid: 20.3007, valid_score: 46181.9, , rmse_test: 20.5180, score_test: 3028.7, Learning rate:0.00200000
Epoch: 4, Loss: 28.9129, Rmse_valid: 19.1257, valid_score: 33630.1, , rmse_test: 20.1166, score_test: 1749.7, Learning rate:0.00200000
Epoch: 5, Loss: 27.7550, Rmse_valid: 21.3855, valid_score: 77580.3, , rmse_test: 20.5092, score_test: 2085.0, Learning rate:0.00200000
Epoch: 6, Loss: 26.2505, Rmse_valid: 20.0561, valid_score: 41935.5, , rmse_test: 20.6942, score_test: 1887.7, Learning rate:0.00200000
Epoch: 7, Loss: 25.5322, Rmse_valid: 19.3668, valid_score: 33831.8, , rmse_test: 20.1177, score_test: 1536.9, Learning rate:0.00200000
Epoch: 8, Loss: 24.7814, Rmse_valid: 17.9414, valid_score: 31615.1, , rmse_test: 19.9346, score_test: 1584.0, Learning rate:0.00200000
Epoch: 9, Loss: 24.1030, Rmse_valid: 16.0099, valid_score: 24633.5, , rmse_test: 16.9582, score_test: 1260.7, Learning rate:0.00200000
Epoch: 10, Loss: 24.2291, Rmse_valid: 17.3341, valid_score: 34230.4, , rmse_test: 17.8436, score_test: 1308.0, Learning rate:0.00200000
Epoch: 11, Loss: 20.1673, Rmse_valid: 16.7834, valid_score: 32206.3, , rmse_test: 17.6975, score_test: 1249.3, Learning rate:0.00020000
Epoch: 12, Loss: 19.9407, Rmse_valid: 17.3256, valid_score: 40573.3, , rmse_test: 17.7404, score_test: 1274.3, Learning rate:0.00020000
Epoch: 13, Loss: 19.7784, Rmse_valid: 17.2287, valid_score: 40211.1, , rmse_test: 17.8483, score_test: 1268.0, Learning rate:0.00020000
Epoch: 14, Loss: 19.6319, Rmse_valid: 17.2932, valid_score: 39229.6, , rmse_test: 18.4510, score_test: 1387.7, Learning rate:0.00020000
Epoch: 15, Loss: 19.5612, Rmse_valid: 17.5647, valid_score: 47142.4, , rmse_test: 18.1274, score_test: 1354.0, Learning rate:0.00020000
Epoch: 16, Loss: 19.4730, Rmse_valid: 17.0244, valid_score: 39178.4, , rmse_test: 17.6878, score_test: 1276.9, Learning rate:0.00020000
Epoch: 17, Loss: 19.3767, Rmse_valid: 17.1161, valid_score: 44500.3, , rmse_test: 17.5699, score_test: 1241.8, Learning rate:0.00020000
Epoch: 18, Loss: 19.3291, Rmse_valid: 17.5286, valid_score: 54614.2, , rmse_test: 17.9213, score_test: 1302.7, Learning rate:0.00020000
Epoch: 19, Loss: 19.2174, Rmse_valid: 17.7852, valid_score: 52220.1, , rmse_test: 17.8230, score_test: 1242.8, Learning rate:0.00020000
Epoch: 20, Loss: 19.1478, Rmse_valid: 17.4180, valid_score: 48332.8, , rmse_test: 17.9707, score_test: 1376.3, Learning rate:0.00020000
Epoch: 21, Loss: 18.9399, Rmse_valid: 17.2363, valid_score: 47999.3, , rmse_test: 17.8641, score_test: 1327.0, Learning rate:0.00002000
Epoch: 22, Loss: 18.8586, Rmse_valid: 17.4645, valid_score: 53155.4, , rmse_test: 17.6694, score_test: 1280.2, Learning rate:0.00002000
Epoch: 23, Loss: 18.8513, Rmse_valid: 17.2721, valid_score: 50568.4, , rmse_test: 17.9375, score_test: 1327.4, Learning rate:0.00002000
Epoch: 24, Loss: 18.8537, Rmse_valid: 17.6449, valid_score: 51916.4, , rmse_test: 18.0343, score_test: 1341.8, Learning rate:0.00002000
Epoch: 25, Loss: 18.8520, Rmse_valid: 17.1291, valid_score: 52921.9, , rmse_test: 17.5221, score_test: 1273.8, Learning rate:0.00002000
Epoch: 26, Loss: 18.8230, Rmse_valid: 17.4854, valid_score: 54390.9, , rmse_test: 17.8211, score_test: 1327.1, Learning rate:0.00002000
Epoch: 27, Loss: 18.7729, Rmse_valid: 17.4463, valid_score: 54044.2, , rmse_test: 17.7636, score_test: 1315.4, Learning rate:0.00002000
Epoch: 28, Loss: 18.8157, Rmse_valid: 17.5418, valid_score: 53973.6, , rmse_test: 17.8077, score_test: 1308.4, Learning rate:0.00002000
Epoch: 29, Loss: 18.7779, Rmse_valid: 17.5251, valid_score: 53690.8, , rmse_test: 17.7981, score_test: 1308.6, Learning rate:0.00002000
Epoch: 30, Loss: 18.7544, Rmse_valid: 17.2117, valid_score: 53371.2, , rmse_test: 17.7713, score_test: 1322.3, Learning rate:0.00002000
[Train Summary] Restored best model from epoch 9, rmse_valid: 16.0099, valid_score: 24633.5, rmse_test: 16.9582, score_test: 1260.7
[Train Time] start: 2026-07-28 11:11:58, end: 2026-07-28 11:23:31, duration: 0:11:33, total_seconds: 692.61
[Auto Test] command: /usr/local/miniconda3/envs/HV/bin/python /Mamba_Rul/test_GAT_EDmamba/test_model.py --sub-dataset FD004 --smooth-rate 40 --sequence-len 30 --feature-num 14 --dataset-root /Mamba_Rul/CMAPSSData/ --max-rul 125 --batch-size 128 --model-path /Mamba_Rul/logs/FD004_GAT_EDmamba_12/seed51/model_FD004_0728_111158_seed51.pkl
model_path:/Mamba_Rul/logs/FD004_GAT_EDmamba_12/seed51/model_FD004_0728_111158_seed51.pkl
rmse_final:17.025360107421875, score:1242.993408203125
