-----FD003-----
关键参数:
序列长度: 30
批大小(batch_size): 128
最大训练轮数(max_epochs): 30
随机数种子: 30
模型代号(model_code): 1GAT_EDmamba_dstate_32
模型结构(model_structure): mamba_mamba
学习率: 0.002
学习率调度器: step
Step步长(step_size): 10
Step衰减系数(gamma): 0.1
use_gat: True
gat_hidden_dim: 8
编码器: 2层Mamba
解码器: 2层Mamba
mamba_d_model: 32
mamba_num_layers: 2
mamba_d_state: 32
训练损失: AdaptiveAsymmetricMSELoss
asym_alpha: 3.5
asym_gamma: 5.0
asym_delta: 0.9
focus_threshold: 35.0
cap_threshold: 125.0
------------------------------
Epoch: 1, Loss: 40.3377, Rmse_valid: 34.3344, valid_score: 126539.5, , rmse_test: 23.6537, score_test: 1925.6, Learning rate:0.00200000
Epoch: 2, Loss: 26.2310, Rmse_valid: 18.1960, valid_score: 16603.9, , rmse_test: 21.0931, score_test: 936.6, Learning rate:0.00200000
Epoch: 3, Loss: 22.3622, Rmse_valid: 15.6421, valid_score: 8795.2, , rmse_test: 15.9674, score_test: 596.8, Learning rate:0.00200000
Epoch: 4, Loss: 20.2755, Rmse_valid: 14.6690, valid_score: 8470.3, , rmse_test: 14.9466, score_test: 569.8, Learning rate:0.00200000
Epoch: 5, Loss: 19.2680, Rmse_valid: 15.0677, valid_score: 7726.7, , rmse_test: 13.9271, score_test: 346.9, Learning rate:0.00200000
Epoch: 6, Loss: 18.3268, Rmse_valid: 15.9891, valid_score: 7996.2, , rmse_test: 16.1728, score_test: 326.0, Learning rate:0.00200000
Epoch: 7, Loss: 17.9742, Rmse_valid: 12.3465, valid_score: 5111.1, , rmse_test: 14.4646, score_test: 307.0, Learning rate:0.00200000
Epoch: 8, Loss: 17.4345, Rmse_valid: 16.4032, valid_score: 8813.5, , rmse_test: 14.5471, score_test: 280.5, Learning rate:0.00200000
Epoch: 9, Loss: 18.2302, Rmse_valid: 25.9262, valid_score: 38913.2, , rmse_test: 22.3178, score_test: 1064.6, Learning rate:0.00200000
Epoch: 10, Loss: 16.0789, Rmse_valid: 20.0245, valid_score: 12890.8, , rmse_test: 16.0203, score_test: 310.8, Learning rate:0.00200000
Epoch: 11, Loss: 13.6144, Rmse_valid: 11.4635, valid_score: 4546.4, , rmse_test: 11.7555, score_test: 196.0, Learning rate:0.00020000
Epoch: 12, Loss: 13.1843, Rmse_valid: 10.7937, valid_score: 4159.5, , rmse_test: 11.8429, score_test: 202.5, Learning rate:0.00020000
Epoch: 13, Loss: 12.9429, Rmse_valid: 11.4288, valid_score: 4445.8, , rmse_test: 12.5732, score_test: 208.5, Learning rate:0.00020000
Epoch: 14, Loss: 12.7742, Rmse_valid: 10.8020, valid_score: 4279.7, , rmse_test: 11.7497, score_test: 203.6, Learning rate:0.00020000
Epoch: 15, Loss: 12.5773, Rmse_valid: 10.5174, valid_score: 3982.2, , rmse_test: 11.6317, score_test: 200.0, Learning rate:0.00020000
Epoch: 16, Loss: 12.5761, Rmse_valid: 10.8763, valid_score: 4119.7, , rmse_test: 11.7187, score_test: 190.6, Learning rate:0.00020000
Epoch: 17, Loss: 12.3336, Rmse_valid: 10.4016, valid_score: 3838.8, , rmse_test: 11.5807, score_test: 197.8, Learning rate:0.00020000
Epoch: 18, Loss: 12.2432, Rmse_valid: 10.2477, valid_score: 3824.5, , rmse_test: 11.6157, score_test: 205.5, Learning rate:0.00020000
Epoch: 19, Loss: 12.0821, Rmse_valid: 11.1103, valid_score: 4227.3, , rmse_test: 11.7395, score_test: 216.4, Learning rate:0.00020000
Epoch: 20, Loss: 12.0052, Rmse_valid: 10.9209, valid_score: 4130.8, , rmse_test: 11.7847, score_test: 190.5, Learning rate:0.00020000
Epoch: 21, Loss: 11.7709, Rmse_valid: 10.4270, valid_score: 3856.0, , rmse_test: 11.5756, score_test: 198.2, Learning rate:0.00002000
Epoch: 22, Loss: 11.7221, Rmse_valid: 10.6416, valid_score: 3911.7, , rmse_test: 11.6068, score_test: 199.2, Learning rate:0.00002000
Epoch: 23, Loss: 11.6523, Rmse_valid: 10.4324, valid_score: 3829.8, , rmse_test: 11.4734, score_test: 194.4, Learning rate:0.00002000
Epoch: 24, Loss: 11.6213, Rmse_valid: 10.4444, valid_score: 3853.3, , rmse_test: 11.5682, score_test: 199.6, Learning rate:0.00002000
Epoch: 25, Loss: 11.6085, Rmse_valid: 10.5733, valid_score: 3909.6, , rmse_test: 11.6996, score_test: 202.8, Learning rate:0.00002000
Epoch: 26, Loss: 11.6443, Rmse_valid: 10.2937, valid_score: 3737.9, , rmse_test: 11.5710, score_test: 202.1, Learning rate:0.00002000
Epoch: 27, Loss: 11.5864, Rmse_valid: 10.4032, valid_score: 3803.9, , rmse_test: 11.5520, score_test: 198.5, Learning rate:0.00002000
Epoch: 28, Loss: 11.6153, Rmse_valid: 10.2687, valid_score: 3747.8, , rmse_test: 11.5070, score_test: 199.6, Learning rate:0.00002000
Epoch: 29, Loss: 11.6304, Rmse_valid: 10.2695, valid_score: 3745.9, , rmse_test: 11.5569, score_test: 202.8, Learning rate:0.00002000
Epoch: 30, Loss: 11.5449, Rmse_valid: 10.2174, valid_score: 3702.0, , rmse_test: 11.5436, score_test: 201.8, Learning rate:0.00002000
[Train Summary] Restored best model from epoch 30, rmse_valid: 10.2174, valid_score: 3702.0, rmse_test: 11.5436, score_test: 201.8
[Train Time] start: 2026-08-28 13:59:05, end: 2026-08-28 14:03:02, duration: 0:03:57, total_seconds: 237.07
[Auto Test] command: /usr/local/miniconda3/envs/HV/bin/python /Mamba_Rul/test_GAT_EDmamba/test_model.py --sub-dataset FD003 --smooth-rate 30 --sequence-len 30 --feature-num 14 --dataset-root /Mamba_Rul/CMAPSSData/ --max-rul 125 --batch-size 128 --model-path /Mamba_Rul/logs/FD003_1GAT_EDmamba_dstate_32/seed30/model_FD003_0828_135905_seed30.pkl
model_path:/Mamba_Rul/logs/FD003_1GAT_EDmamba_dstate_32/seed30/model_FD003_0828_135905_seed30.pkl
rmse_final:11.564600944519043, score:196.77023315429688
