-----FD001-----
关键参数:
序列长度: 30
批大小(batch_size): 128
最大训练轮数(max_epochs): 30
随机数种子: 62
模型代号(model_code): GAT_EDmamba_layer_1
模型结构(model_structure): mamba_mamba
学习率: 0.002
学习率调度器: step
Step步长(step_size): 10
Step衰减系数(gamma): 0.1
use_gat: True
gat_hidden_dim: 8
编码器: 2层Mamba
解码器: 2层Mamba
encoder_hidden_size: 4
mamba_num_layers: 1
mamba_d_state: 16
训练损失: AdaptiveAsymmetricMSELoss
asym_alpha: 1.5
asym_gamma: 2.0
asym_delta: 0.9
focus_threshold: 35.0
cap_threshold: 125.0
------------------------------
Epoch: 1, Loss: 29.9599, Rmse_valid: 20.7114, valid_score: 9990.7, , rmse_test: 19.1062, score_test: 824.6, Learning rate:0.00200000
Epoch: 2, Loss: 22.7650, Rmse_valid: 15.9681, valid_score: 5554.7, , rmse_test: 15.7015, score_test: 341.3, Learning rate:0.00200000
Epoch: 3, Loss: 19.0977, Rmse_valid: 13.1148, valid_score: 3863.3, , rmse_test: 13.4001, score_test: 257.6, Learning rate:0.00200000
Epoch: 4, Loss: 16.9976, Rmse_valid: 12.5113, valid_score: 3676.2, , rmse_test: 13.0005, score_test: 289.2, Learning rate:0.00200000
Epoch: 5, Loss: 16.7143, Rmse_valid: 12.5901, valid_score: 3424.9, , rmse_test: 13.5560, score_test: 238.5, Learning rate:0.00200000
Epoch: 6, Loss: 16.2896, Rmse_valid: 14.7784, valid_score: 4756.0, , rmse_test: 14.3950, score_test: 337.0, Learning rate:0.00200000
Epoch: 7, Loss: 16.2753, Rmse_valid: 11.6064, valid_score: 3429.1, , rmse_test: 12.5796, score_test: 272.0, Learning rate:0.00200000
Epoch: 8, Loss: 15.9515, Rmse_valid: 11.5540, valid_score: 3252.2, , rmse_test: 13.6308, score_test: 311.5, Learning rate:0.00200000
Epoch: 9, Loss: 15.9408, Rmse_valid: 17.1250, valid_score: 6538.3, , rmse_test: 18.3001, score_test: 393.3, Learning rate:0.00200000
Epoch: 10, Loss: 15.9485, Rmse_valid: 10.9039, valid_score: 3523.6, , rmse_test: 12.8061, score_test: 299.1, Learning rate:0.00200000
Epoch: 11, Loss: 14.9651, Rmse_valid: 11.3504, valid_score: 3103.2, , rmse_test: 12.4895, score_test: 246.6, Learning rate:0.00020000
Epoch: 12, Loss: 14.8765, Rmse_valid: 11.3294, valid_score: 3064.8, , rmse_test: 12.4505, score_test: 233.2, Learning rate:0.00020000
Epoch: 13, Loss: 14.8443, Rmse_valid: 11.0260, valid_score: 3066.7, , rmse_test: 12.4107, score_test: 245.5, Learning rate:0.00020000
Epoch: 14, Loss: 14.8400, Rmse_valid: 11.4780, valid_score: 3014.6, , rmse_test: 12.4697, score_test: 243.6, Learning rate:0.00020000
Epoch: 15, Loss: 14.7639, Rmse_valid: 11.3649, valid_score: 3078.4, , rmse_test: 12.4130, score_test: 245.6, Learning rate:0.00020000
Epoch: 16, Loss: 14.8265, Rmse_valid: 11.3038, valid_score: 3072.2, , rmse_test: 12.4474, score_test: 246.5, Learning rate:0.00020000
Epoch: 17, Loss: 14.8073, Rmse_valid: 11.4049, valid_score: 3051.7, , rmse_test: 12.7009, score_test: 254.0, Learning rate:0.00020000
Epoch: 18, Loss: 14.7994, Rmse_valid: 11.0478, valid_score: 3041.2, , rmse_test: 12.5483, score_test: 241.2, Learning rate:0.00020000
Epoch: 19, Loss: 14.7948, Rmse_valid: 11.0555, valid_score: 3061.4, , rmse_test: 12.5576, score_test: 246.4, Learning rate:0.00020000
Epoch: 20, Loss: 14.7996, Rmse_valid: 11.7877, valid_score: 3159.0, , rmse_test: 12.9026, score_test: 245.2, Learning rate:0.00020000
Epoch: 21, Loss: 14.6124, Rmse_valid: 11.6270, valid_score: 3050.3, , rmse_test: 12.6064, score_test: 247.3, Learning rate:0.00002000
Epoch: 22, Loss: 14.7158, Rmse_valid: 11.7067, valid_score: 3041.2, , rmse_test: 12.5646, score_test: 246.6, Learning rate:0.00002000
Epoch: 23, Loss: 14.6243, Rmse_valid: 11.4527, valid_score: 3043.0, , rmse_test: 12.5589, score_test: 248.8, Learning rate:0.00002000
Epoch: 24, Loss: 14.7000, Rmse_valid: 11.3162, valid_score: 3062.3, , rmse_test: 12.5475, score_test: 247.6, Learning rate:0.00002000
Epoch: 25, Loss: 14.6134, Rmse_valid: 11.2258, valid_score: 3067.0, , rmse_test: 12.5533, score_test: 246.7, Learning rate:0.00002000
Epoch: 26, Loss: 14.7137, Rmse_valid: 11.4170, valid_score: 3054.4, , rmse_test: 12.5613, score_test: 250.7, Learning rate:0.00002000
Epoch: 27, Loss: 14.6732, Rmse_valid: 11.5457, valid_score: 3054.0, , rmse_test: 12.5594, score_test: 247.1, Learning rate:0.00002000
Epoch: 28, Loss: 14.7033, Rmse_valid: 11.4286, valid_score: 3055.7, , rmse_test: 12.5481, score_test: 248.7, Learning rate:0.00002000
Epoch: 29, Loss: 14.6445, Rmse_valid: 11.4457, valid_score: 3058.0, , rmse_test: 12.5558, score_test: 249.9, Learning rate:0.00002000
Epoch: 30, Loss: 14.6104, Rmse_valid: 11.5260, valid_score: 3043.4, , rmse_test: 12.5813, score_test: 250.1, Learning rate:0.00002000
[Train Summary] Restored best model from epoch 10, rmse_valid: 10.9039, valid_score: 3523.6, rmse_test: 12.8061, score_test: 299.1
[Train Time] start: 2026-08-03 05:17:30, end: 2026-08-03 05:20:44, duration: 0:03:15, total_seconds: 194.51
[Auto Test] command: /usr/local/miniconda3/envs/HV/bin/python /Mamba_Rul/test_GAT_EDmamba/test_model.py --sub-dataset FD001 --smooth-rate 30 --sequence-len 30 --feature-num 14 --dataset-root /Mamba_Rul/CMAPSSData/ --max-rul 125 --batch-size 128 --model-path /Mamba_Rul/logs/FD001_GAT_EDmamba_layer_1/seed62/model_FD001_0803_051730_seed62.pkl
model_path:/Mamba_Rul/logs/FD001_GAT_EDmamba_layer_1/seed62/model_FD001_0803_051730_seed62.pkl
rmse_final:12.69094181060791, score:286.6059875488281
