-----FD002-----
关键参数:
序列长度: 30
批大小(batch_size): 128
最大训练轮数(max_epochs): 30
随机数种子: 30
模型代号(model_code): GAT_EDmamba_dmodel_6
模型结构(model_structure): mamba_mamba
学习率: 0.002
学习率调度器: step
Step步长(step_size): 10
Step衰减系数(gamma): 0.1
use_gat: True
gat_hidden_dim: 8
编码器: 2层Mamba
解码器: 2层Mamba
encoder_hidden_size: 6
mamba_num_layers: 2
mamba_d_state: 16
训练损失: AdaptiveAsymmetricMSELoss
asym_alpha: 3.0
asym_gamma: 5.0
asym_delta: 0.9
focus_threshold: 35.0
cap_threshold: 125.0
------------------------------
Epoch: 1, Loss: 52.2936, Rmse_valid: 28.3598, valid_score: 94113.2, , rmse_test: 31.1095, score_test: 6732.4, Learning rate:0.00200000
Epoch: 2, Loss: 39.1733, Rmse_valid: 37.9751, valid_score: 349788.0, , rmse_test: 41.3261, score_test: 22911.4, Learning rate:0.00200000
Epoch: 3, Loss: 34.7264, Rmse_valid: 25.1294, valid_score: 52115.4, , rmse_test: 23.2784, score_test: 2597.8, Learning rate:0.00200000
Epoch: 4, Loss: 30.4896, Rmse_valid: 19.9045, valid_score: 31194.2, , rmse_test: 19.2702, score_test: 1514.2, Learning rate:0.00200000
Epoch: 5, Loss: 28.7137, Rmse_valid: 18.8833, valid_score: 28950.3, , rmse_test: 17.8295, score_test: 1285.5, Learning rate:0.00200000
Epoch: 6, Loss: 27.3581, Rmse_valid: 23.3309, valid_score: 41709.5, , rmse_test: 20.4810, score_test: 1937.1, Learning rate:0.00200000
Epoch: 7, Loss: 26.1253, Rmse_valid: 19.8747, valid_score: 27979.6, , rmse_test: 18.3880, score_test: 1267.8, Learning rate:0.00200000
Epoch: 8, Loss: 26.0162, Rmse_valid: 25.4669, valid_score: 56450.7, , rmse_test: 22.8043, score_test: 2370.6, Learning rate:0.00200000
Epoch: 9, Loss: 24.7347, Rmse_valid: 20.9271, valid_score: 29401.2, , rmse_test: 19.9025, score_test: 1478.5, Learning rate:0.00200000
Epoch: 10, Loss: 24.4083, Rmse_valid: 19.1361, valid_score: 28709.0, , rmse_test: 16.2937, score_test: 946.2, Learning rate:0.00200000
Epoch: 11, Loss: 21.3536, Rmse_valid: 17.9613, valid_score: 25349.7, , rmse_test: 15.7422, score_test: 902.7, Learning rate:0.00020000
Epoch: 12, Loss: 21.0977, Rmse_valid: 17.9874, valid_score: 23350.1, , rmse_test: 15.8567, score_test: 906.6, Learning rate:0.00020000
Epoch: 13, Loss: 20.9547, Rmse_valid: 18.0433, valid_score: 26893.2, , rmse_test: 15.6891, score_test: 932.5, Learning rate:0.00020000
Epoch: 14, Loss: 20.7434, Rmse_valid: 18.3318, valid_score: 23456.1, , rmse_test: 16.2778, score_test: 955.1, Learning rate:0.00020000
Epoch: 15, Loss: 20.6839, Rmse_valid: 18.3551, valid_score: 22493.6, , rmse_test: 16.3868, score_test: 963.7, Learning rate:0.00020000
Epoch: 16, Loss: 20.5342, Rmse_valid: 18.0736, valid_score: 22404.0, , rmse_test: 16.1088, score_test: 910.3, Learning rate:0.00020000
Epoch: 17, Loss: 20.4516, Rmse_valid: 16.9787, valid_score: 21731.7, , rmse_test: 15.1382, score_test: 887.5, Learning rate:0.00020000
Epoch: 18, Loss: 20.3674, Rmse_valid: 17.9453, valid_score: 21741.1, , rmse_test: 16.0452, score_test: 914.4, Learning rate:0.00020000
Epoch: 19, Loss: 20.2592, Rmse_valid: 17.4953, valid_score: 23166.4, , rmse_test: 15.4672, score_test: 935.5, Learning rate:0.00020000
Epoch: 20, Loss: 20.1445, Rmse_valid: 17.7561, valid_score: 22490.1, , rmse_test: 15.7336, score_test: 940.5, Learning rate:0.00020000
Epoch: 21, Loss: 19.9501, Rmse_valid: 17.7145, valid_score: 22394.6, , rmse_test: 15.6610, score_test: 941.2, Learning rate:0.00002000
Epoch: 22, Loss: 19.9252, Rmse_valid: 17.5404, valid_score: 22013.4, , rmse_test: 15.5458, score_test: 922.0, Learning rate:0.00002000
Epoch: 23, Loss: 19.9696, Rmse_valid: 17.4730, valid_score: 22555.1, , rmse_test: 15.5457, score_test: 924.3, Learning rate:0.00002000
Epoch: 24, Loss: 19.8989, Rmse_valid: 17.5867, valid_score: 22245.7, , rmse_test: 15.5839, score_test: 930.2, Learning rate:0.00002000
Epoch: 25, Loss: 19.8926, Rmse_valid: 17.4875, valid_score: 21905.5, , rmse_test: 15.4589, score_test: 916.2, Learning rate:0.00002000
Epoch: 26, Loss: 19.8874, Rmse_valid: 17.3640, valid_score: 22406.3, , rmse_test: 15.4322, score_test: 922.2, Learning rate:0.00002000
Epoch: 27, Loss: 19.9260, Rmse_valid: 17.5996, valid_score: 22203.2, , rmse_test: 15.5205, score_test: 924.8, Learning rate:0.00002000
Epoch: 28, Loss: 19.8698, Rmse_valid: 17.5120, valid_score: 22214.6, , rmse_test: 15.4708, score_test: 925.1, Learning rate:0.00002000
Epoch: 29, Loss: 19.8215, Rmse_valid: 17.5377, valid_score: 22386.1, , rmse_test: 15.5406, score_test: 927.2, Learning rate:0.00002000
Epoch: 30, Loss: 19.8199, Rmse_valid: 17.6216, valid_score: 22018.6, , rmse_test: 15.5258, score_test: 924.6, Learning rate:0.00002000
[Train Summary] Restored best model from epoch 17, rmse_valid: 16.9787, valid_score: 21731.7, rmse_test: 15.1382, score_test: 887.5
[Train Time] start: 2026-08-05 08:19:02, end: 2026-08-05 08:27:33, duration: 0:08:31, total_seconds: 511.41
[Auto Test] command: /usr/local/miniconda3/envs/HV/bin/python /Mamba_Rul/test_GAT_EDmamba/test_model.py --sub-dataset FD002 --smooth-rate 40 --sequence-len 30 --feature-num 14 --dataset-root /Mamba_Rul/CMAPSSData/ --max-rul 125 --batch-size 128 --model-path /Mamba_Rul/logs/FD002_GAT_EDmamba_dmodel_6/seed30/model_FD002_0805_081902_seed30.pkl
model_path:/Mamba_Rul/logs/FD002_GAT_EDmamba_dmodel_6/seed30/model_FD002_0805_081902_seed30.pkl
rmse_final:15.33613109588623, score:886.737548828125
