-----FD001-----
关键参数:
序列长度: 30
批大小(batch_size): 128
最大训练轮数(max_epochs): 30
随机数种子: 88
模型代号(model_code): GAT_EDmamba_12
模型结构(model_structure): mamba_mamba
学习率: 0.002
学习率调度器: step
Step步长(step_size): 10
Step衰减系数(gamma): 0.1
use_gat: True
gat_hidden_dim: 8
编码器: 2层Mamba
解码器: 2层Mamba
encoder_hidden_size: 12
mamba_num_layers: 2
mamba_d_state: 16
训练损失: AdaptiveAsymmetricMSELoss
asym_alpha: 1.5
asym_gamma: 2.0
asym_delta: 0.9
focus_threshold: 35.0
cap_threshold: 125.0
------------------------------
Epoch: 1, Loss: 32.6563, Rmse_valid: 27.8444, valid_score: 32057.1, , rmse_test: 22.6278, score_test: 908.5, Learning rate:0.00200000
Epoch: 2, Loss: 23.1204, Rmse_valid: 15.3895, valid_score: 7438.8, , rmse_test: 16.6327, score_test: 471.4, Learning rate:0.00200000
Epoch: 3, Loss: 19.9637, Rmse_valid: 13.9590, valid_score: 4075.5, , rmse_test: 14.3508, score_test: 284.8, Learning rate:0.00200000
Epoch: 4, Loss: 18.4424, Rmse_valid: 12.3104, valid_score: 4612.6, , rmse_test: 14.2735, score_test: 363.3, Learning rate:0.00200000
Epoch: 5, Loss: 17.8809, Rmse_valid: 13.1517, valid_score: 5204.4, , rmse_test: 14.6026, score_test: 304.2, Learning rate:0.00200000
Epoch: 6, Loss: 16.9742, Rmse_valid: 13.5553, valid_score: 4247.4, , rmse_test: 13.8830, score_test: 282.2, Learning rate:0.00200000
Epoch: 7, Loss: 16.4686, Rmse_valid: 16.0831, valid_score: 5500.6, , rmse_test: 17.6436, score_test: 374.0, Learning rate:0.00200000
Epoch: 8, Loss: 16.3246, Rmse_valid: 11.0963, valid_score: 3371.7, , rmse_test: 13.6092, score_test: 280.4, Learning rate:0.00200000
Epoch: 9, Loss: 15.5535, Rmse_valid: 15.0270, valid_score: 4831.2, , rmse_test: 14.9534, score_test: 406.3, Learning rate:0.00200000
Epoch: 10, Loss: 15.4223, Rmse_valid: 11.4538, valid_score: 3685.4, , rmse_test: 13.3461, score_test: 340.1, Learning rate:0.00200000
Epoch: 11, Loss: 13.4845, Rmse_valid: 11.5357, valid_score: 3433.3, , rmse_test: 12.9702, score_test: 276.5, Learning rate:0.00020000
Epoch: 12, Loss: 13.3674, Rmse_valid: 11.7625, valid_score: 3448.6, , rmse_test: 13.1373, score_test: 264.6, Learning rate:0.00020000
Epoch: 13, Loss: 13.3128, Rmse_valid: 11.0499, valid_score: 3462.0, , rmse_test: 12.8762, score_test: 274.6, Learning rate:0.00020000
Epoch: 14, Loss: 13.2550, Rmse_valid: 12.2141, valid_score: 3611.5, , rmse_test: 13.3544, score_test: 245.8, Learning rate:0.00020000
Epoch: 15, Loss: 13.2015, Rmse_valid: 10.5569, valid_score: 3581.1, , rmse_test: 13.0583, score_test: 298.3, Learning rate:0.00020000
Epoch: 16, Loss: 13.1657, Rmse_valid: 11.2383, valid_score: 3814.6, , rmse_test: 13.0300, score_test: 262.3, Learning rate:0.00020000
Epoch: 17, Loss: 13.0837, Rmse_valid: 10.9810, valid_score: 3545.7, , rmse_test: 13.0104, score_test: 266.1, Learning rate:0.00020000
Epoch: 18, Loss: 13.0867, Rmse_valid: 11.1412, valid_score: 3652.5, , rmse_test: 13.0090, score_test: 282.9, Learning rate:0.00020000
Epoch: 19, Loss: 13.0382, Rmse_valid: 11.3928, valid_score: 3842.8, , rmse_test: 13.0881, score_test: 263.8, Learning rate:0.00020000
Epoch: 20, Loss: 12.9467, Rmse_valid: 11.5939, valid_score: 3640.0, , rmse_test: 13.0585, score_test: 259.4, Learning rate:0.00020000
Epoch: 21, Loss: 12.8771, Rmse_valid: 11.0996, valid_score: 3849.6, , rmse_test: 13.0546, score_test: 266.4, Learning rate:0.00002000
Epoch: 22, Loss: 12.8277, Rmse_valid: 11.0572, valid_score: 3858.4, , rmse_test: 13.0822, score_test: 267.5, Learning rate:0.00002000
Epoch: 23, Loss: 12.8282, Rmse_valid: 11.5687, valid_score: 3904.6, , rmse_test: 13.0530, score_test: 272.8, Learning rate:0.00002000
Epoch: 24, Loss: 12.8141, Rmse_valid: 11.4455, valid_score: 3917.6, , rmse_test: 13.0787, score_test: 269.3, Learning rate:0.00002000
Epoch: 25, Loss: 12.8313, Rmse_valid: 11.5337, valid_score: 4007.4, , rmse_test: 13.0950, score_test: 269.0, Learning rate:0.00002000
Epoch: 26, Loss: 12.8198, Rmse_valid: 11.1709, valid_score: 3970.5, , rmse_test: 13.0872, score_test: 273.6, Learning rate:0.00002000
Epoch: 27, Loss: 12.8653, Rmse_valid: 11.4342, valid_score: 3957.4, , rmse_test: 13.0772, score_test: 267.4, Learning rate:0.00002000
Epoch: 28, Loss: 12.8233, Rmse_valid: 11.6093, valid_score: 3998.0, , rmse_test: 13.0904, score_test: 268.4, Learning rate:0.00002000
Epoch: 29, Loss: 12.8007, Rmse_valid: 11.3255, valid_score: 4053.0, , rmse_test: 13.0338, score_test: 271.1, Learning rate:0.00002000
Epoch: 30, Loss: 12.7673, Rmse_valid: 11.6065, valid_score: 4000.1, , rmse_test: 13.0811, score_test: 274.8, Learning rate:0.00002000
[Train Summary] Restored best model from epoch 15, rmse_valid: 10.5569, valid_score: 3581.1, rmse_test: 13.0583, score_test: 298.3
[Train Time] start: 2026-07-30 16:56:26, end: 2026-07-30 17:00:14, duration: 0:03:48, total_seconds: 227.74
[Auto Test] command: /usr/local/miniconda3/envs/HV/bin/python /Mamba_Rul/test_GAT_EDmamba/test_model.py --sub-dataset FD001 --smooth-rate 30 --sequence-len 30 --feature-num 14 --dataset-root /Mamba_Rul/CMAPSSData/ --max-rul 125 --batch-size 128 --model-path /Mamba_Rul/logs/FD001_GAT_EDmamba_12/seed88/model_FD001_0730_165626_seed88.pkl
model_path:/Mamba_Rul/logs/FD001_GAT_EDmamba_12/seed88/model_FD001_0730_165626_seed88.pkl
rmse_final:13.049520492553711, score:287.0391540527344
