-----FD001-----
关键参数:
序列长度: 30
批大小(batch_size): 128
最大训练轮数(max_epochs): 30
随机数种子: 80
模型代号(model_code): GAT_EDmamba_asym+30
模型结构(model_structure): mamba_mamba
学习率: 0.002
学习率调度器: step
Step步长(step_size): 10
Step衰减系数(gamma): 0.1
use_gat: True
gat_hidden_dim: 8
编码器: 2层Mamba
解码器: 2层Mamba
encoder_hidden_size: 16
mamba_num_layers: 2
mamba_d_state: 16
训练损失: AdaptiveAsymmetricMSELoss
asym_alpha: 1.5
asym_gamma: 2.0
asym_delta: 0.9
focus_threshold: 35.0
cap_threshold: 125.0
------------------------------
Epoch: 1, Loss: 38.4246, Rmse_valid: 24.3739, valid_score: 13827.0, , rmse_test: 21.7624, score_test: 928.3, Learning rate:0.00200000
Epoch: 2, Loss: 23.5720, Rmse_valid: 14.5175, valid_score: 6897.0, , rmse_test: 17.1827, score_test: 524.1, Learning rate:0.00200000
Epoch: 3, Loss: 19.9067, Rmse_valid: 15.8361, valid_score: 5370.8, , rmse_test: 16.0870, score_test: 377.8, Learning rate:0.00200000
Epoch: 4, Loss: 18.7092, Rmse_valid: 14.2242, valid_score: 4895.2, , rmse_test: 14.7210, score_test: 368.8, Learning rate:0.00200000
Epoch: 5, Loss: 17.7656, Rmse_valid: 12.2496, valid_score: 4308.5, , rmse_test: 14.0105, score_test: 393.5, Learning rate:0.00200000
Epoch: 6, Loss: 17.1800, Rmse_valid: 13.0036, valid_score: 4593.1, , rmse_test: 14.1596, score_test: 362.8, Learning rate:0.00200000
Epoch: 7, Loss: 16.4938, Rmse_valid: 18.5749, valid_score: 8243.2, , rmse_test: 18.3154, score_test: 557.6, Learning rate:0.00200000
Epoch: 8, Loss: 15.9999, Rmse_valid: 12.5295, valid_score: 4304.3, , rmse_test: 13.7226, score_test: 282.0, Learning rate:0.00200000
Epoch: 9, Loss: 15.7621, Rmse_valid: 15.1972, valid_score: 6416.1, , rmse_test: 17.6158, score_test: 548.9, Learning rate:0.00200000
Epoch: 10, Loss: 15.5632, Rmse_valid: 12.2007, valid_score: 3891.9, , rmse_test: 13.7670, score_test: 301.2, Learning rate:0.00200000
Epoch: 11, Loss: 13.0562, Rmse_valid: 12.0235, valid_score: 4963.6, , rmse_test: 13.7790, score_test: 294.3, Learning rate:0.00020000
Epoch: 12, Loss: 12.7212, Rmse_valid: 12.8526, valid_score: 5875.2, , rmse_test: 14.6872, score_test: 300.2, Learning rate:0.00020000
Epoch: 13, Loss: 12.5540, Rmse_valid: 12.7078, valid_score: 5849.0, , rmse_test: 14.3818, score_test: 309.3, Learning rate:0.00020000
Epoch: 14, Loss: 12.4244, Rmse_valid: 12.2337, valid_score: 6571.4, , rmse_test: 14.1325, score_test: 309.1, Learning rate:0.00020000
Epoch: 15, Loss: 12.2355, Rmse_valid: 12.0806, valid_score: 8794.0, , rmse_test: 14.2464, score_test: 321.0, Learning rate:0.00020000
Epoch: 16, Loss: 12.1732, Rmse_valid: 11.9828, valid_score: 7370.7, , rmse_test: 14.2150, score_test: 304.3, Learning rate:0.00020000
Epoch: 17, Loss: 12.0615, Rmse_valid: 13.1063, valid_score: 7852.9, , rmse_test: 14.1055, score_test: 318.4, Learning rate:0.00020000
Epoch: 18, Loss: 11.9382, Rmse_valid: 12.2269, valid_score: 7712.2, , rmse_test: 14.2549, score_test: 319.8, Learning rate:0.00020000
Epoch: 19, Loss: 11.8177, Rmse_valid: 12.4269, valid_score: 8783.5, , rmse_test: 14.3770, score_test: 326.2, Learning rate:0.00020000
Epoch: 20, Loss: 11.7232, Rmse_valid: 12.4875, valid_score: 13288.1, , rmse_test: 14.1088, score_test: 298.0, Learning rate:0.00020000
Epoch: 21, Loss: 11.6333, Rmse_valid: 13.6829, valid_score: 9337.2, , rmse_test: 14.3848, score_test: 317.8, Learning rate:0.00002000
Epoch: 22, Loss: 11.5672, Rmse_valid: 12.3028, valid_score: 10410.0, , rmse_test: 14.3011, score_test: 324.1, Learning rate:0.00002000
Epoch: 23, Loss: 11.5217, Rmse_valid: 12.7242, valid_score: 10097.3, , rmse_test: 14.3855, score_test: 324.2, Learning rate:0.00002000
Epoch: 24, Loss: 11.5436, Rmse_valid: 12.6938, valid_score: 10026.5, , rmse_test: 14.4030, score_test: 326.6, Learning rate:0.00002000
Epoch: 25, Loss: 11.4948, Rmse_valid: 12.5524, valid_score: 9744.0, , rmse_test: 14.3862, score_test: 324.5, Learning rate:0.00002000
Epoch: 26, Loss: 11.4760, Rmse_valid: 12.6807, valid_score: 10003.6, , rmse_test: 14.3902, score_test: 322.0, Learning rate:0.00002000
Epoch: 27, Loss: 11.4443, Rmse_valid: 13.0921, valid_score: 10146.7, , rmse_test: 14.4575, score_test: 326.5, Learning rate:0.00002000
Epoch: 28, Loss: 11.4982, Rmse_valid: 12.3474, valid_score: 9572.7, , rmse_test: 14.4546, score_test: 326.3, Learning rate:0.00002000
Epoch: 29, Loss: 11.4645, Rmse_valid: 12.5459, valid_score: 9919.4, , rmse_test: 14.4310, score_test: 332.6, Learning rate:0.00002000
Epoch: 30, Loss: 11.4635, Rmse_valid: 12.5371, valid_score: 10062.1, , rmse_test: 14.3969, score_test: 325.5, Learning rate:0.00002000
[Train Summary] Restored best model from epoch 16, rmse_valid: 11.9828, valid_score: 7370.7, rmse_test: 14.2150, score_test: 304.3
[Train Time] start: 2026-07-23 13:11:14, end: 2026-07-23 13:14:54, duration: 0:03:40, total_seconds: 220.00
[Auto Test] command: /usr/local/miniconda3/envs/HV/bin/python /Mamba_Rul/test_GAT_EDmamba/test_model.py --sub-dataset FD001 --smooth-rate 30 --sequence-len 30 --feature-num 14 --dataset-root /Mamba_Rul/CMAPSSData/ --max-rul 125 --batch-size 128 --model-path /Mamba_Rul/logs/FD001_GAT_EDmamba_asym+30/seed80/model_FD001_0723_131114_seed80.pkl
model_path:/Mamba_Rul/logs/FD001_GAT_EDmamba_asym+30/seed80/model_FD001_0723_131114_seed80.pkl
rmse_final:14.274102210998535, score:300.5207824707031
