-----FD004-----
关键参数:
序列长度: 30
批大小(batch_size): 128
最大训练轮数(max_epochs): 30
随机数种子: 80
模型代号(model_code): GAT_EDmamba_12
模型结构(model_structure): mamba_mamba
学习率: 0.002
学习率调度器: step
Step步长(step_size): 10
Step衰减系数(gamma): 0.1
use_gat: True
gat_hidden_dim: 8
编码器: 2层Mamba
解码器: 2层Mamba
encoder_hidden_size: 12
mamba_num_layers: 3
mamba_d_state: 16
训练损失: AdaptiveAsymmetricMSELoss
asym_alpha: 2.0
asym_gamma: 5.0
asym_delta: 0.9
focus_threshold: 35.0
cap_threshold: 125.0
------------------------------
Epoch: 1, Loss: 46.1959, Rmse_valid: 33.2571, valid_score: 275552.6, , rmse_test: 35.4003, score_test: 11556.6, Learning rate:0.00200000
Epoch: 2, Loss: 36.0250, Rmse_valid: 29.2310, valid_score: 156732.3, , rmse_test: 32.0261, score_test: 8498.6, Learning rate:0.00200000
Epoch: 3, Loss: 31.3087, Rmse_valid: 19.9969, valid_score: 46495.3, , rmse_test: 21.0598, score_test: 2413.0, Learning rate:0.00200000
Epoch: 4, Loss: 28.5089, Rmse_valid: 19.6612, valid_score: 38409.3, , rmse_test: 20.5402, score_test: 2310.9, Learning rate:0.00200000
Epoch: 5, Loss: 27.0945, Rmse_valid: 20.2480, valid_score: 37639.1, , rmse_test: 20.7032, score_test: 1823.1, Learning rate:0.00200000
Epoch: 6, Loss: 26.2468, Rmse_valid: 24.1112, valid_score: 140398.7, , rmse_test: 25.0956, score_test: 4285.8, Learning rate:0.00200000
Epoch: 7, Loss: 24.9595, Rmse_valid: 18.0883, valid_score: 35025.2, , rmse_test: 19.1473, score_test: 1579.4, Learning rate:0.00200000
Epoch: 8, Loss: 24.2197, Rmse_valid: 17.4954, valid_score: 29221.4, , rmse_test: 17.2029, score_test: 1276.4, Learning rate:0.00200000
Epoch: 9, Loss: 23.8589, Rmse_valid: 21.2809, valid_score: 60632.5, , rmse_test: 22.9891, score_test: 2827.4, Learning rate:0.00200000
Epoch: 10, Loss: 23.1436, Rmse_valid: 19.7942, valid_score: 46860.5, , rmse_test: 20.6895, score_test: 2085.1, Learning rate:0.00200000
Epoch: 11, Loss: 20.0322, Rmse_valid: 17.4840, valid_score: 30142.0, , rmse_test: 17.1300, score_test: 1199.7, Learning rate:0.00020000
Epoch: 12, Loss: 19.5926, Rmse_valid: 17.2025, valid_score: 30779.3, , rmse_test: 17.2593, score_test: 1259.2, Learning rate:0.00020000
Epoch: 13, Loss: 19.4389, Rmse_valid: 17.2286, valid_score: 31661.4, , rmse_test: 17.3664, score_test: 1295.4, Learning rate:0.00020000
Epoch: 14, Loss: 19.3059, Rmse_valid: 17.8106, valid_score: 36002.7, , rmse_test: 17.5983, score_test: 1334.0, Learning rate:0.00020000
Epoch: 15, Loss: 19.2169, Rmse_valid: 17.7061, valid_score: 35410.8, , rmse_test: 17.3866, score_test: 1311.1, Learning rate:0.00020000
Epoch: 16, Loss: 19.0828, Rmse_valid: 17.8685, valid_score: 37790.4, , rmse_test: 17.3574, score_test: 1331.1, Learning rate:0.00020000
Epoch: 17, Loss: 18.9711, Rmse_valid: 17.6835, valid_score: 37952.0, , rmse_test: 17.2551, score_test: 1337.6, Learning rate:0.00020000
Epoch: 18, Loss: 18.8650, Rmse_valid: 18.1992, valid_score: 38352.6, , rmse_test: 17.5148, score_test: 1339.3, Learning rate:0.00020000
Epoch: 19, Loss: 18.7685, Rmse_valid: 18.7974, valid_score: 39514.5, , rmse_test: 17.9146, score_test: 1371.0, Learning rate:0.00020000
Epoch: 20, Loss: 18.7007, Rmse_valid: 17.5562, valid_score: 34515.3, , rmse_test: 17.5441, score_test: 1294.5, Learning rate:0.00020000
Epoch: 21, Loss: 18.3829, Rmse_valid: 18.1251, valid_score: 40343.2, , rmse_test: 17.5139, score_test: 1320.5, Learning rate:0.00002000
Epoch: 22, Loss: 18.3536, Rmse_valid: 17.9571, valid_score: 41221.8, , rmse_test: 17.4868, score_test: 1324.4, Learning rate:0.00002000
Epoch: 23, Loss: 18.3699, Rmse_valid: 18.1858, valid_score: 41900.5, , rmse_test: 17.4523, score_test: 1325.2, Learning rate:0.00002000
Epoch: 24, Loss: 18.3605, Rmse_valid: 18.2501, valid_score: 40827.0, , rmse_test: 17.5743, score_test: 1325.2, Learning rate:0.00002000
Epoch: 25, Loss: 18.3427, Rmse_valid: 18.1806, valid_score: 41686.1, , rmse_test: 17.5470, score_test: 1323.5, Learning rate:0.00002000
Epoch: 26, Loss: 18.3228, Rmse_valid: 18.0518, valid_score: 43087.1, , rmse_test: 17.4710, score_test: 1333.9, Learning rate:0.00002000
Epoch: 27, Loss: 18.3174, Rmse_valid: 18.0828, valid_score: 43084.9, , rmse_test: 17.4886, score_test: 1331.0, Learning rate:0.00002000
Epoch: 28, Loss: 18.2799, Rmse_valid: 18.3299, valid_score: 43903.7, , rmse_test: 17.4007, score_test: 1327.8, Learning rate:0.00002000
Epoch: 29, Loss: 18.2661, Rmse_valid: 18.2179, valid_score: 44304.8, , rmse_test: 17.5091, score_test: 1346.0, Learning rate:0.00002000
Epoch: 30, Loss: 18.2610, Rmse_valid: 18.0075, valid_score: 43293.7, , rmse_test: 17.5015, score_test: 1343.4, Learning rate:0.00002000
[Train Summary] Restored best model from epoch 12, rmse_valid: 17.2025, valid_score: 30779.3, rmse_test: 17.2593, score_test: 1259.2
[Train Time] start: 2026-07-31 12:11:20, end: 2026-07-31 12:24:10, duration: 0:12:51, total_seconds: 770.73
[Auto Test] command: /usr/local/miniconda3/envs/HV/bin/python /Mamba_Rul/test_GAT_EDmamba/test_model.py --sub-dataset FD004 --smooth-rate 40 --sequence-len 30 --feature-num 14 --dataset-root /Mamba_Rul/CMAPSSData/ --max-rul 125 --batch-size 128 --model-path /Mamba_Rul/logs/FD004_GAT_EDmamba_12/seed80/model_FD004_0731_121120_seed80.pkl
model_path:/Mamba_Rul/logs/FD004_GAT_EDmamba_12/seed80/model_FD004_0731_121120_seed80.pkl
rmse_final:17.353534698486328, score:1253.96923828125
