-----FD004-----
关键参数:
序列长度: 30
批大小(batch_size): 128
最大训练轮数(max_epochs): 30
随机数种子: 2
模型代号(model_code): GAT_EDmamba4_dmodel_16
模型结构(model_structure): mamba_mamba
学习率: 0.002
学习率调度器: step
Step步长(step_size): 10
Step衰减系数(gamma): 0.1
use_gat: True
gat_hidden_dim: 8
编码器: 2层Mamba
解码器: 2层Mamba
mamba_d_model: 16
mamba_num_layers: 2
mamba_d_state: 16
训练损失: AdaptiveAsymmetricMSELoss
asym_alpha: 2.0
asym_gamma: 5.0
asym_delta: 0.9
focus_threshold: 35.0
cap_threshold: 125.0
------------------------------
Epoch: 1, Loss: 48.3760, Rmse_valid: 25.3989, valid_score: 81867.5, , rmse_test: 27.5675, score_test: 4651.9, Learning rate:0.00200000
Epoch: 2, Loss: 36.8435, Rmse_valid: 23.6416, valid_score: 73877.2, , rmse_test: 25.8828, score_test: 4119.3, Learning rate:0.00200000
Epoch: 3, Loss: 32.7344, Rmse_valid: 22.2347, valid_score: 48970.8, , rmse_test: 22.4259, score_test: 2510.9, Learning rate:0.00200000
Epoch: 4, Loss: 30.4560, Rmse_valid: 21.1607, valid_score: 50115.2, , rmse_test: 23.1796, score_test: 2961.1, Learning rate:0.00200000
Epoch: 5, Loss: 27.8553, Rmse_valid: 20.5598, valid_score: 47400.2, , rmse_test: 20.4245, score_test: 1957.3, Learning rate:0.00200000
Epoch: 6, Loss: 26.9252, Rmse_valid: 18.6253, valid_score: 32533.7, , rmse_test: 19.3189, score_test: 1741.6, Learning rate:0.00200000
Epoch: 7, Loss: 25.6425, Rmse_valid: 19.1533, valid_score: 34320.5, , rmse_test: 18.9169, score_test: 1500.4, Learning rate:0.00200000
Epoch: 8, Loss: 25.1010, Rmse_valid: 20.2577, valid_score: 52214.9, , rmse_test: 18.5185, score_test: 1458.7, Learning rate:0.00200000
Epoch: 9, Loss: 24.7053, Rmse_valid: 18.2361, valid_score: 29933.6, , rmse_test: 18.9594, score_test: 1498.1, Learning rate:0.00200000
Epoch: 10, Loss: 24.0180, Rmse_valid: 17.6549, valid_score: 31730.8, , rmse_test: 18.9224, score_test: 1520.8, Learning rate:0.00200000
Epoch: 11, Loss: 20.3348, Rmse_valid: 18.1915, valid_score: 35157.4, , rmse_test: 18.0316, score_test: 1293.2, Learning rate:0.00020000
Epoch: 12, Loss: 19.9284, Rmse_valid: 18.0122, valid_score: 30939.1, , rmse_test: 18.5751, score_test: 1363.5, Learning rate:0.00020000
Epoch: 13, Loss: 19.7294, Rmse_valid: 17.7057, valid_score: 31171.8, , rmse_test: 18.5819, score_test: 1471.3, Learning rate:0.00020000
Epoch: 14, Loss: 19.5359, Rmse_valid: 17.4819, valid_score: 32383.7, , rmse_test: 17.8370, score_test: 1289.7, Learning rate:0.00020000
Epoch: 15, Loss: 19.4032, Rmse_valid: 17.3572, valid_score: 29825.5, , rmse_test: 18.4641, score_test: 1445.3, Learning rate:0.00020000
Epoch: 16, Loss: 19.2815, Rmse_valid: 17.5071, valid_score: 30428.5, , rmse_test: 18.3113, score_test: 1413.2, Learning rate:0.00020000
Epoch: 17, Loss: 19.1734, Rmse_valid: 18.1505, valid_score: 33849.8, , rmse_test: 18.8939, score_test: 1513.5, Learning rate:0.00020000
Epoch: 18, Loss: 19.0015, Rmse_valid: 17.8770, valid_score: 32524.4, , rmse_test: 18.5157, score_test: 1427.7, Learning rate:0.00020000
Epoch: 19, Loss: 18.9189, Rmse_valid: 17.7345, valid_score: 31443.3, , rmse_test: 18.4160, score_test: 1443.2, Learning rate:0.00020000
Epoch: 20, Loss: 18.7979, Rmse_valid: 17.9543, valid_score: 33186.4, , rmse_test: 18.5596, score_test: 1427.2, Learning rate:0.00020000
Epoch: 21, Loss: 18.5129, Rmse_valid: 17.9064, valid_score: 33813.7, , rmse_test: 18.4778, score_test: 1447.0, Learning rate:0.00002000
Epoch: 22, Loss: 18.5298, Rmse_valid: 17.6943, valid_score: 33785.4, , rmse_test: 18.4185, score_test: 1453.0, Learning rate:0.00002000
Epoch: 23, Loss: 18.4761, Rmse_valid: 17.6073, valid_score: 34055.3, , rmse_test: 18.3256, score_test: 1436.4, Learning rate:0.00002000
Epoch: 24, Loss: 18.4535, Rmse_valid: 17.9067, valid_score: 34251.9, , rmse_test: 18.3927, score_test: 1459.3, Learning rate:0.00002000
Epoch: 25, Loss: 18.4278, Rmse_valid: 17.7254, valid_score: 34404.1, , rmse_test: 18.4332, score_test: 1461.9, Learning rate:0.00002000
Epoch: 26, Loss: 18.4170, Rmse_valid: 17.7779, valid_score: 33959.0, , rmse_test: 18.3958, score_test: 1456.2, Learning rate:0.00002000
Epoch: 27, Loss: 18.4279, Rmse_valid: 17.8841, valid_score: 34570.8, , rmse_test: 18.3230, score_test: 1449.0, Learning rate:0.00002000
Epoch: 28, Loss: 18.4081, Rmse_valid: 17.9265, valid_score: 34565.8, , rmse_test: 18.4854, score_test: 1473.7, Learning rate:0.00002000
Epoch: 29, Loss: 18.3914, Rmse_valid: 17.8158, valid_score: 34472.4, , rmse_test: 18.3025, score_test: 1448.8, Learning rate:0.00002000
Epoch: 30, Loss: 18.3478, Rmse_valid: 17.8874, valid_score: 34547.8, , rmse_test: 18.4520, score_test: 1471.8, Learning rate:0.00002000
[Train Summary] Restored best model from epoch 15, rmse_valid: 17.3572, valid_score: 29825.5, rmse_test: 18.4641, score_test: 1445.3
[Train Time] start: 2026-08-25 09:26:44, end: 2026-08-25 09:36:06, duration: 0:09:22, total_seconds: 562.31
[Auto Test] command: /usr/local/miniconda3/envs/HV/bin/python /Mamba_Rul/test_GAT_EDmamba/test_model.py --sub-dataset FD004 --smooth-rate 40 --sequence-len 30 --feature-num 14 --dataset-root /Mamba_Rul/CMAPSSData/ --max-rul 125 --batch-size 128 --model-path /Mamba_Rul/logs/FD004_GAT_EDmamba4_dmodel_16/seed2/model_FD004_0825_092644_seed2.pkl
model_path:/Mamba_Rul/logs/FD004_GAT_EDmamba4_dmodel_16/seed2/model_FD004_0825_092644_seed2.pkl
rmse_final:18.53135871887207, score:1441.918212890625
