-----FD004-----
关键参数:
序列长度: 30
批大小(batch_size): 128
最大训练轮数(max_epochs): 30
随机数种子: 88
模型代号(model_code): GAT_EDmamba_64
模型结构(model_structure): mamba_mamba
学习率: 0.002
学习率调度器: step
Step步长(step_size): 10
Step衰减系数(gamma): 0.1
use_gat: True
gat_hidden_dim: 8
编码器: 2层Mamba
解码器: 2层Mamba
encoder_hidden_size: 64
mamba_num_layers: 2
mamba_d_state: 16
训练损失: AdaptiveAsymmetricMSELoss
asym_alpha: 2.0
asym_gamma: 5.0
asym_delta: 0.9
focus_threshold: 35.0
cap_threshold: 125.0
------------------------------
Epoch: 1, Loss: 59.6667, Rmse_valid: 34.6959, valid_score: 166789.4, , rmse_test: 35.5793, score_test: 11541.7, Learning rate:0.00200000
Epoch: 2, Loss: 36.2275, Rmse_valid: 21.4021, valid_score: 51382.0, , rmse_test: 22.1703, score_test: 2315.2, Learning rate:0.00200000
Epoch: 3, Loss: 31.2300, Rmse_valid: 19.7448, valid_score: 33870.1, , rmse_test: 20.7915, score_test: 1852.2, Learning rate:0.00200000
Epoch: 4, Loss: 28.7148, Rmse_valid: 16.9029, valid_score: 33798.8, , rmse_test: 18.5609, score_test: 1949.0, Learning rate:0.00200000
Epoch: 5, Loss: 26.5200, Rmse_valid: 17.9256, valid_score: 34126.7, , rmse_test: 19.6610, score_test: 1783.3, Learning rate:0.00200000
Epoch: 6, Loss: 26.2636, Rmse_valid: 23.5723, valid_score: 68639.6, , rmse_test: 24.0627, score_test: 3095.7, Learning rate:0.00200000
Epoch: 7, Loss: 24.3328, Rmse_valid: 17.0996, valid_score: 26707.5, , rmse_test: 18.2412, score_test: 1491.4, Learning rate:0.00200000
Epoch: 8, Loss: 23.9628, Rmse_valid: 17.5125, valid_score: 25945.1, , rmse_test: 17.7611, score_test: 1619.3, Learning rate:0.00200000
Epoch: 9, Loss: 22.9122, Rmse_valid: 17.9211, valid_score: 28041.5, , rmse_test: 18.3954, score_test: 1426.4, Learning rate:0.00200000
Epoch: 10, Loss: 21.9968, Rmse_valid: 17.5861, valid_score: 39320.8, , rmse_test: 18.6653, score_test: 2212.0, Learning rate:0.00200000
Epoch: 11, Loss: 17.3652, Rmse_valid: 17.1274, valid_score: 34058.2, , rmse_test: 18.5398, score_test: 1652.2, Learning rate:0.00020000
Epoch: 12, Loss: 16.4493, Rmse_valid: 17.6930, valid_score: 44344.8, , rmse_test: 18.1570, score_test: 1628.5, Learning rate:0.00020000
Epoch: 13, Loss: 15.9140, Rmse_valid: 17.8843, valid_score: 43318.1, , rmse_test: 18.3750, score_test: 1700.7, Learning rate:0.00020000
Epoch: 14, Loss: 15.4762, Rmse_valid: 17.9734, valid_score: 51019.6, , rmse_test: 18.4736, score_test: 1794.1, Learning rate:0.00020000
Epoch: 15, Loss: 15.0266, Rmse_valid: 18.1188, valid_score: 50970.8, , rmse_test: 18.5574, score_test: 1938.9, Learning rate:0.00020000
Epoch: 16, Loss: 14.6450, Rmse_valid: 18.5139, valid_score: 75699.5, , rmse_test: 18.9396, score_test: 2020.4, Learning rate:0.00020000
Epoch: 17, Loss: 14.2897, Rmse_valid: 18.8998, valid_score: 82189.7, , rmse_test: 19.1267, score_test: 2070.5, Learning rate:0.00020000
Epoch: 18, Loss: 13.9301, Rmse_valid: 18.2997, valid_score: 70980.2, , rmse_test: 18.9303, score_test: 2100.3, Learning rate:0.00020000
Epoch: 19, Loss: 13.5839, Rmse_valid: 19.1452, valid_score: 93912.6, , rmse_test: 19.4966, score_test: 2220.8, Learning rate:0.00020000
Epoch: 20, Loss: 13.2089, Rmse_valid: 19.2608, valid_score: 98632.8, , rmse_test: 19.0169, score_test: 2183.9, Learning rate:0.00020000
Epoch: 21, Loss: 12.6067, Rmse_valid: 18.9004, valid_score: 90123.4, , rmse_test: 19.3188, score_test: 2253.1, Learning rate:0.00002000
Epoch: 22, Loss: 12.4776, Rmse_valid: 18.6681, valid_score: 90133.2, , rmse_test: 19.4444, score_test: 2383.4, Learning rate:0.00002000
Epoch: 23, Loss: 12.3885, Rmse_valid: 18.7664, valid_score: 99477.6, , rmse_test: 19.3487, score_test: 2309.0, Learning rate:0.00002000
Epoch: 24, Loss: 12.3329, Rmse_valid: 18.9525, valid_score: 96073.5, , rmse_test: 19.4599, score_test: 2378.0, Learning rate:0.00002000
Epoch: 25, Loss: 12.2880, Rmse_valid: 18.9656, valid_score: 104234.5, , rmse_test: 19.4248, score_test: 2367.1, Learning rate:0.00002000
Epoch: 26, Loss: 12.2337, Rmse_valid: 18.9449, valid_score: 91826.8, , rmse_test: 19.4366, score_test: 2457.2, Learning rate:0.00002000
Epoch: 27, Loss: 12.1960, Rmse_valid: 18.8549, valid_score: 93701.0, , rmse_test: 19.6078, score_test: 2478.1, Learning rate:0.00002000
Epoch: 28, Loss: 12.1926, Rmse_valid: 18.9706, valid_score: 96822.1, , rmse_test: 19.5086, score_test: 2446.8, Learning rate:0.00002000
Epoch: 29, Loss: 12.1306, Rmse_valid: 19.1742, valid_score: 101600.4, , rmse_test: 19.5756, score_test: 2417.1, Learning rate:0.00002000
Epoch: 30, Loss: 12.0568, Rmse_valid: 18.8992, valid_score: 102661.1, , rmse_test: 19.7004, score_test: 2554.4, Learning rate:0.00002000
[Train Summary] Restored best model from epoch 4, rmse_valid: 16.9029, valid_score: 33798.8, rmse_test: 18.5609, score_test: 1949.0
[Train Time] start: 2026-07-27 13:40:24, end: 2026-07-27 13:51:56, duration: 0:11:32, total_seconds: 691.98
[Auto Test] command: /usr/local/miniconda3/envs/HV/bin/python /Mamba_Rul/test_GAT_EDmamba/test_model.py --sub-dataset FD004 --smooth-rate 40 --sequence-len 30 --feature-num 14 --dataset-root /Mamba_Rul/CMAPSSData/ --max-rul 125 --batch-size 128 --model-path /Mamba_Rul/logs/FD004_GAT_EDmamba_64/seed88/model_FD004_0727_134024_seed88.pkl
model_path:/Mamba_Rul/logs/FD004_GAT_EDmamba_64/seed88/model_FD004_0727_134024_seed88.pkl
rmse_final:18.610286712646484, score:1896.4287109375
