-----FD001-----
关键参数:
序列长度: 30
批大小(batch_size): 128
最大训练轮数(max_epochs): 30
随机数种子: 33
模型代号(model_code): GAT_EDmamba4_dmodel_32
模型结构(model_structure): mamba_mamba
学习率: 0.002
学习率调度器: step
Step步长(step_size): 10
Step衰减系数(gamma): 0.1
use_gat: True
gat_hidden_dim: 8
编码器: 2层Mamba
解码器: 2层Mamba
mamba_d_model: 32
mamba_num_layers: 2
mamba_d_state: 16
训练损失: AdaptiveAsymmetricMSELoss
asym_alpha: 1.5
asym_gamma: 2.0
asym_delta: 0.9
focus_threshold: 35.0
cap_threshold: 125.0
------------------------------
Epoch: 1, Loss: 33.3401, Rmse_valid: 24.8567, valid_score: 18336.1, , rmse_test: 20.2055, score_test: 762.8, Learning rate:0.00200000
Epoch: 2, Loss: 22.0267, Rmse_valid: 14.0339, valid_score: 6319.0, , rmse_test: 16.0659, score_test: 545.0, Learning rate:0.00200000
Epoch: 3, Loss: 18.0030, Rmse_valid: 13.8699, valid_score: 5095.1, , rmse_test: 14.8881, score_test: 432.9, Learning rate:0.00200000
Epoch: 4, Loss: 16.7277, Rmse_valid: 12.2281, valid_score: 4421.4, , rmse_test: 14.2972, score_test: 313.7, Learning rate:0.00200000
Epoch: 5, Loss: 15.6142, Rmse_valid: 12.7303, valid_score: 4083.4, , rmse_test: 14.5457, score_test: 295.4, Learning rate:0.00200000
Epoch: 6, Loss: 14.9919, Rmse_valid: 19.4631, valid_score: 11059.9, , rmse_test: 18.9968, score_test: 490.9, Learning rate:0.00200000
Epoch: 7, Loss: 14.4308, Rmse_valid: 13.1205, valid_score: 3959.9, , rmse_test: 14.1761, score_test: 289.0, Learning rate:0.00200000
Epoch: 8, Loss: 13.9003, Rmse_valid: 11.1336, valid_score: 3143.2, , rmse_test: 13.6934, score_test: 281.8, Learning rate:0.00200000
Epoch: 9, Loss: 13.4847, Rmse_valid: 10.9156, valid_score: 3177.3, , rmse_test: 14.3844, score_test: 344.4, Learning rate:0.00200000
Epoch: 10, Loss: 13.6121, Rmse_valid: 11.1440, valid_score: 4227.5, , rmse_test: 14.5806, score_test: 377.7, Learning rate:0.00200000
Epoch: 11, Loss: 10.5647, Rmse_valid: 11.4037, valid_score: 4111.5, , rmse_test: 14.7520, score_test: 327.6, Learning rate:0.00020000
Epoch: 12, Loss: 10.1634, Rmse_valid: 12.0937, valid_score: 4908.7, , rmse_test: 14.7642, score_test: 350.7, Learning rate:0.00020000
Epoch: 13, Loss: 9.9664, Rmse_valid: 12.4655, valid_score: 5567.7, , rmse_test: 14.9682, score_test: 355.3, Learning rate:0.00020000
Epoch: 14, Loss: 9.6850, Rmse_valid: 11.5759, valid_score: 4533.5, , rmse_test: 14.6930, score_test: 345.6, Learning rate:0.00020000
Epoch: 15, Loss: 9.5512, Rmse_valid: 11.7806, valid_score: 4483.8, , rmse_test: 15.4053, score_test: 405.9, Learning rate:0.00020000
Epoch: 16, Loss: 9.3591, Rmse_valid: 12.2482, valid_score: 4246.8, , rmse_test: 14.9908, score_test: 361.7, Learning rate:0.00020000
Epoch: 17, Loss: 9.1425, Rmse_valid: 12.7393, valid_score: 4474.6, , rmse_test: 14.9242, score_test: 373.0, Learning rate:0.00020000
Epoch: 18, Loss: 9.0183, Rmse_valid: 12.5308, valid_score: 4799.7, , rmse_test: 15.1556, score_test: 374.3, Learning rate:0.00020000
Epoch: 19, Loss: 8.8397, Rmse_valid: 11.5552, valid_score: 4576.6, , rmse_test: 15.2419, score_test: 379.8, Learning rate:0.00020000
Epoch: 20, Loss: 8.7080, Rmse_valid: 11.9576, valid_score: 4431.5, , rmse_test: 15.2684, score_test: 393.4, Learning rate:0.00020000
Epoch: 21, Loss: 8.4063, Rmse_valid: 11.8580, valid_score: 4663.1, , rmse_test: 15.1801, score_test: 394.4, Learning rate:0.00002000
Epoch: 22, Loss: 8.3783, Rmse_valid: 12.1066, valid_score: 4775.2, , rmse_test: 15.1349, score_test: 395.7, Learning rate:0.00002000
Epoch: 23, Loss: 8.3631, Rmse_valid: 12.2633, valid_score: 4618.7, , rmse_test: 15.0719, score_test: 385.4, Learning rate:0.00002000
Epoch: 24, Loss: 8.3645, Rmse_valid: 12.0687, valid_score: 4585.9, , rmse_test: 15.1317, score_test: 388.4, Learning rate:0.00002000
Epoch: 25, Loss: 8.3390, Rmse_valid: 12.0344, valid_score: 4553.6, , rmse_test: 15.1099, score_test: 388.0, Learning rate:0.00002000
Epoch: 26, Loss: 8.3200, Rmse_valid: 11.9516, valid_score: 4608.6, , rmse_test: 15.0602, score_test: 386.6, Learning rate:0.00002000
Epoch: 27, Loss: 8.2756, Rmse_valid: 12.2540, valid_score: 4719.7, , rmse_test: 15.1392, score_test: 387.9, Learning rate:0.00002000
Epoch: 28, Loss: 8.2524, Rmse_valid: 12.8603, valid_score: 4646.6, , rmse_test: 15.0787, score_test: 384.7, Learning rate:0.00002000
Epoch: 29, Loss: 8.2616, Rmse_valid: 12.3189, valid_score: 4644.0, , rmse_test: 15.0397, score_test: 384.1, Learning rate:0.00002000
Epoch: 30, Loss: 8.1921, Rmse_valid: 12.8329, valid_score: 4720.4, , rmse_test: 15.0832, score_test: 387.6, Learning rate:0.00002000
[Train Summary] Restored best model from epoch 9, rmse_valid: 10.9156, valid_score: 3177.3, rmse_test: 14.3844, score_test: 344.4
[Train Time] start: 2026-08-24 17:26:57, end: 2026-08-24 17:30:16, duration: 0:03:19, total_seconds: 198.89
[Auto Test] command: /usr/local/miniconda3/envs/HV/bin/python /Mamba_Rul/test_GAT_EDmamba/test_model.py --sub-dataset FD001 --smooth-rate 30 --sequence-len 30 --feature-num 14 --dataset-root /Mamba_Rul/CMAPSSData/ --max-rul 125 --batch-size 128 --model-path /Mamba_Rul/logs/FD001_GAT_EDmamba4_dmodel_32/seed33/model_FD001_0824_172657_seed33.pkl
model_path:/Mamba_Rul/logs/FD001_GAT_EDmamba4_dmodel_32/seed33/model_FD001_0824_172657_seed33.pkl
rmse_final:14.385061264038086, score:337.12744140625
