-----FD001-----
关键参数:
序列长度: 30
批大小(batch_size): 128
最大训练轮数(max_epochs): 30
随机数种子: 30
模型代号(model_code): GAT_EDmamba_layer_1
模型结构(model_structure): mamba_mamba
学习率: 0.002
学习率调度器: step
Step步长(step_size): 10
Step衰减系数(gamma): 0.1
use_gat: True
gat_hidden_dim: 8
编码器: 2层Mamba
解码器: 2层Mamba
encoder_hidden_size: 4
mamba_num_layers: 1
mamba_d_state: 16
训练损失: AdaptiveAsymmetricMSELoss
asym_alpha: 1.5
asym_gamma: 2.0
asym_delta: 0.9
focus_threshold: 35.0
cap_threshold: 125.0
------------------------------
Epoch: 1, Loss: 32.5940, Rmse_valid: 26.9100, valid_score: 31879.4, , rmse_test: 22.9371, score_test: 1753.2, Learning rate:0.00200000
Epoch: 2, Loss: 28.6633, Rmse_valid: 27.2757, valid_score: 23166.2, , rmse_test: 24.3370, score_test: 3544.0, Learning rate:0.00200000
Epoch: 3, Loss: 25.8417, Rmse_valid: 16.9681, valid_score: 7419.5, , rmse_test: 16.6450, score_test: 484.1, Learning rate:0.00200000
Epoch: 4, Loss: 22.2121, Rmse_valid: 18.4336, valid_score: 7383.0, , rmse_test: 16.3829, score_test: 352.5, Learning rate:0.00200000
Epoch: 5, Loss: 20.3935, Rmse_valid: 14.7227, valid_score: 5133.5, , rmse_test: 14.5574, score_test: 312.7, Learning rate:0.00200000
Epoch: 6, Loss: 18.9066, Rmse_valid: 13.9656, valid_score: 4607.6, , rmse_test: 14.1082, score_test: 339.8, Learning rate:0.00200000
Epoch: 7, Loss: 17.7918, Rmse_valid: 13.0196, valid_score: 3851.9, , rmse_test: 13.7902, score_test: 275.0, Learning rate:0.00200000
Epoch: 8, Loss: 17.5075, Rmse_valid: 14.8508, valid_score: 4980.0, , rmse_test: 14.4067, score_test: 308.1, Learning rate:0.00200000
Epoch: 9, Loss: 16.7520, Rmse_valid: 14.4865, valid_score: 4322.7, , rmse_test: 14.9594, score_test: 285.5, Learning rate:0.00200000
Epoch: 10, Loss: 16.2533, Rmse_valid: 11.6669, valid_score: 3297.8, , rmse_test: 13.4065, score_test: 309.5, Learning rate:0.00200000
Epoch: 11, Loss: 14.5911, Rmse_valid: 11.8194, valid_score: 3429.8, , rmse_test: 13.5665, score_test: 303.2, Learning rate:0.00020000
Epoch: 12, Loss: 14.5268, Rmse_valid: 11.9625, valid_score: 3480.1, , rmse_test: 13.6903, score_test: 341.5, Learning rate:0.00020000
Epoch: 13, Loss: 14.4055, Rmse_valid: 11.5728, valid_score: 3329.4, , rmse_test: 13.5491, score_test: 338.0, Learning rate:0.00020000
Epoch: 14, Loss: 14.2624, Rmse_valid: 12.5668, valid_score: 3490.2, , rmse_test: 13.8326, score_test: 301.6, Learning rate:0.00020000
Epoch: 15, Loss: 14.3122, Rmse_valid: 11.4254, valid_score: 3374.7, , rmse_test: 13.6463, score_test: 343.4, Learning rate:0.00020000
Epoch: 16, Loss: 14.1779, Rmse_valid: 13.2141, valid_score: 3882.0, , rmse_test: 14.3284, score_test: 319.9, Learning rate:0.00020000
Epoch: 17, Loss: 14.1954, Rmse_valid: 11.7431, valid_score: 3605.8, , rmse_test: 13.8520, score_test: 354.2, Learning rate:0.00020000
Epoch: 18, Loss: 14.0575, Rmse_valid: 14.4978, valid_score: 4422.4, , rmse_test: 15.0967, score_test: 327.2, Learning rate:0.00020000
Epoch: 19, Loss: 14.0299, Rmse_valid: 11.4652, valid_score: 3429.8, , rmse_test: 13.8118, score_test: 353.0, Learning rate:0.00020000
Epoch: 20, Loss: 13.9433, Rmse_valid: 12.6944, valid_score: 3628.2, , rmse_test: 14.1078, score_test: 329.1, Learning rate:0.00020000
Epoch: 21, Loss: 13.8619, Rmse_valid: 12.1673, valid_score: 3576.6, , rmse_test: 13.9716, score_test: 341.2, Learning rate:0.00002000
Epoch: 22, Loss: 13.8257, Rmse_valid: 12.1774, valid_score: 3553.0, , rmse_test: 13.8968, score_test: 349.4, Learning rate:0.00002000
Epoch: 23, Loss: 13.8367, Rmse_valid: 12.1567, valid_score: 3562.2, , rmse_test: 13.9676, score_test: 336.2, Learning rate:0.00002000
Epoch: 24, Loss: 13.8184, Rmse_valid: 12.4876, valid_score: 3604.3, , rmse_test: 14.0024, score_test: 346.8, Learning rate:0.00002000
Epoch: 25, Loss: 13.7756, Rmse_valid: 12.1154, valid_score: 3562.0, , rmse_test: 13.9221, score_test: 350.1, Learning rate:0.00002000
Epoch: 26, Loss: 13.8367, Rmse_valid: 12.4331, valid_score: 3594.5, , rmse_test: 14.0029, score_test: 338.9, Learning rate:0.00002000
Epoch: 27, Loss: 13.7983, Rmse_valid: 12.2679, valid_score: 3583.4, , rmse_test: 13.9479, score_test: 350.9, Learning rate:0.00002000
Epoch: 28, Loss: 13.8080, Rmse_valid: 11.8101, valid_score: 3565.7, , rmse_test: 13.9025, score_test: 354.8, Learning rate:0.00002000
Epoch: 29, Loss: 13.7830, Rmse_valid: 12.1837, valid_score: 3555.7, , rmse_test: 13.9261, score_test: 344.7, Learning rate:0.00002000
Epoch: 30, Loss: 13.8436, Rmse_valid: 12.3581, valid_score: 3597.7, , rmse_test: 14.0138, score_test: 340.4, Learning rate:0.00002000
[Train Summary] Restored best model from epoch 15, rmse_valid: 11.4254, valid_score: 3374.7, rmse_test: 13.6463, score_test: 343.4
[Train Time] start: 2026-08-03 05:06:47, end: 2026-08-03 05:10:02, duration: 0:03:15, total_seconds: 194.52
[Auto Test] command: /usr/local/miniconda3/envs/HV/bin/python /Mamba_Rul/test_GAT_EDmamba/test_model.py --sub-dataset FD001 --smooth-rate 30 --sequence-len 30 --feature-num 14 --dataset-root /Mamba_Rul/CMAPSSData/ --max-rul 125 --batch-size 128 --model-path /Mamba_Rul/logs/FD001_GAT_EDmamba_layer_1/seed30/model_FD001_0803_050647_seed30.pkl
model_path:/Mamba_Rul/logs/FD001_GAT_EDmamba_layer_1/seed30/model_FD001_0803_050647_seed30.pkl
rmse_final:13.672234535217285, score:333.7927551269531
