-----FD002-----
关键参数:
序列长度: 60
批大小(batch_size): 128
最大训练轮数(max_epochs): 30
随机数种子: 30
模型代号(model_code): GAT_EDmamba+60
模型结构(model_structure): mamba_mamba
学习率: 0.002
学习率调度器: step
Step步长(step_size): 10
Step衰减系数(gamma): 0.1
use_gat: True
gat_hidden_dim: 8
编码器: 2层Mamba
解码器: 2层Mamba
encoder_hidden_size: 16
mamba_num_layers: 2
mamba_d_state: 16
------------------------------
Epoch: 1, Loss: 30.5784, Rmse_valid: 29.9675, valid_score: 542376.8, , rmse_test: 29.9762, score_test: 59316.4, Learning rate:0.00200000
Epoch: 2, Loss: 21.9590, Rmse_valid: 25.6576, valid_score: 115971.6, , rmse_test: 28.3038, score_test: 5331.1, Learning rate:0.00200000
Epoch: 3, Loss: 18.6213, Rmse_valid: 26.0955, valid_score: 258414.5, , rmse_test: 23.2873, score_test: 5551.0, Learning rate:0.00200000
Epoch: 4, Loss: 17.4956, Rmse_valid: 20.0115, valid_score: 55067.3, , rmse_test: 16.0097, score_test: 1606.7, Learning rate:0.00200000
Epoch: 5, Loss: 16.4684, Rmse_valid: 26.3798, valid_score: 309483.8, , rmse_test: 22.8888, score_test: 5418.7, Learning rate:0.00200000
Epoch: 6, Loss: 15.9432, Rmse_valid: 19.4677, valid_score: 38534.2, , rmse_test: 14.8761, score_test: 897.3, Learning rate:0.00200000
Epoch: 7, Loss: 15.3095, Rmse_valid: 34.8888, valid_score: 5414134.5, , rmse_test: 38.1837, score_test: 502036.8, Learning rate:0.00200000
Epoch: 8, Loss: 14.8337, Rmse_valid: 17.7363, valid_score: 41741.6, , rmse_test: 14.8298, score_test: 1795.4, Learning rate:0.00200000
Epoch: 9, Loss: 14.2687, Rmse_valid: 18.2879, valid_score: 58988.2, , rmse_test: 16.0902, score_test: 2022.6, Learning rate:0.00200000
Epoch: 10, Loss: 13.7892, Rmse_valid: 32.1423, valid_score: 2918852.5, , rmse_test: 34.9922, score_test: 68761.4, Learning rate:0.00200000
Epoch: 11, Loss: 12.5009, Rmse_valid: 16.4410, valid_score: 29883.1, , rmse_test: 13.9348, score_test: 1302.6, Learning rate:0.00020000
Epoch: 12, Loss: 11.2032, Rmse_valid: 17.0113, valid_score: 31435.4, , rmse_test: 14.3016, score_test: 1412.0, Learning rate:0.00020000
Epoch: 13, Loss: 10.9743, Rmse_valid: 17.7077, valid_score: 49328.5, , rmse_test: 14.7402, score_test: 1479.2, Learning rate:0.00020000
Epoch: 14, Loss: 10.7992, Rmse_valid: 17.8562, valid_score: 45565.1, , rmse_test: 14.7258, score_test: 2096.5, Learning rate:0.00020000
Epoch: 15, Loss: 10.6897, Rmse_valid: 17.7570, valid_score: 43311.9, , rmse_test: 14.9421, score_test: 2023.1, Learning rate:0.00020000
Epoch: 16, Loss: 10.5499, Rmse_valid: 17.5873, valid_score: 37507.7, , rmse_test: 14.6218, score_test: 2116.2, Learning rate:0.00020000
Epoch: 17, Loss: 10.4292, Rmse_valid: 17.1784, valid_score: 31123.2, , rmse_test: 14.6951, score_test: 1836.3, Learning rate:0.00020000
Epoch: 18, Loss: 10.3046, Rmse_valid: 17.4192, valid_score: 63324.6, , rmse_test: 15.2162, score_test: 2251.0, Learning rate:0.00020000
Epoch: 19, Loss: 10.2005, Rmse_valid: 17.6089, valid_score: 60932.0, , rmse_test: 15.1964, score_test: 1709.0, Learning rate:0.00020000
Epoch: 20, Loss: 10.1119, Rmse_valid: 17.7296, valid_score: 53687.0, , rmse_test: 15.6401, score_test: 1895.1, Learning rate:0.00020000
Epoch: 21, Loss: 9.9368, Rmse_valid: 17.8592, valid_score: 48201.3, , rmse_test: 15.0808, score_test: 1814.7, Learning rate:0.00002000
Epoch: 22, Loss: 9.8286, Rmse_valid: 17.6272, valid_score: 52463.7, , rmse_test: 15.1878, score_test: 1945.1, Learning rate:0.00002000
Epoch: 23, Loss: 9.8348, Rmse_valid: 17.5157, valid_score: 50854.5, , rmse_test: 15.1740, score_test: 1879.4, Learning rate:0.00002000
Epoch: 24, Loss: 9.8180, Rmse_valid: 17.9284, valid_score: 48720.7, , rmse_test: 15.1345, score_test: 1911.7, Learning rate:0.00002000
Epoch: 25, Loss: 9.7942, Rmse_valid: 17.9842, valid_score: 49902.5, , rmse_test: 15.1459, score_test: 1931.2, Learning rate:0.00002000
Epoch: 26, Loss: 9.8159, Rmse_valid: 17.7705, valid_score: 48599.9, , rmse_test: 15.1649, score_test: 1900.4, Learning rate:0.00002000
Epoch: 27, Loss: 9.7729, Rmse_valid: 17.7010, valid_score: 49485.7, , rmse_test: 15.2227, score_test: 1960.3, Learning rate:0.00002000
Epoch: 28, Loss: 9.7521, Rmse_valid: 17.6802, valid_score: 52677.5, , rmse_test: 15.1924, score_test: 1892.3, Learning rate:0.00002000
Epoch: 29, Loss: 9.7423, Rmse_valid: 17.8106, valid_score: 51166.0, , rmse_test: 15.2240, score_test: 2001.8, Learning rate:0.00002000
Epoch: 30, Loss: 9.7324, Rmse_valid: 17.6206, valid_score: 50374.5, , rmse_test: 15.2222, score_test: 1912.8, Learning rate:0.00002000
[Train Summary] Restored best model from epoch 11, rmse_valid: 16.4410, valid_score: 29883.1, rmse_test: 13.9348, score_test: 1302.6
[Train Time] start: 2026-07-23 07:31:15, end: 2026-07-23 07:38:48, duration: 0:07:33, total_seconds: 452.99
[Auto Test] command: /usr/local/miniconda3/envs/HV/bin/python /Mamba_Rul/test_GAT_EDmamba/test_model.py --sub-dataset FD002 --smooth-rate 40 --sequence-len 60 --feature-num 14 --dataset-root /Mamba_Rul/CMAPSSData/ --max-rul 125 --batch-size 128 --model-path /Mamba_Rul/logs/FD002_GAT_EDmamba+60/seed30/model_FD002_0723_073115_seed30.pkl
model_path:/Mamba_Rul/logs/FD002_GAT_EDmamba+60/seed30/model_FD002_0723_073115_seed30.pkl
rmse_final:13.939610481262207, score:1267.3045654296875
