-----FD001-----
关键参数:
序列长度: 30
批大小(batch_size): 128
最大训练轮数(max_epochs): 30
随机数种子: 62
模型代号(model_code): 1GAT_EDmamba_dstate_4
模型结构(model_structure): mamba_mamba
学习率: 0.002
学习率调度器: step
Step步长(step_size): 10
Step衰减系数(gamma): 0.1
use_gat: True
gat_hidden_dim: 8
编码器: 2层Mamba
解码器: 2层Mamba
mamba_d_model: 4
mamba_num_layers: 2
mamba_d_state: 4
训练损失: AdaptiveAsymmetricMSELoss
asym_alpha: 1.5
asym_gamma: 2.0
asym_delta: 0.9
focus_threshold: 35.0
cap_threshold: 125.0
------------------------------
Epoch: 1, Loss: 34.7656, Rmse_valid: 28.5925, valid_score: 29725.6, , rmse_test: 23.9990, score_test: 2597.3, Learning rate:0.00200000
Epoch: 2, Loss: 28.0826, Rmse_valid: 17.6118, valid_score: 7302.9, , rmse_test: 17.5285, score_test: 690.6, Learning rate:0.00200000
Epoch: 3, Loss: 22.4433, Rmse_valid: 15.0629, valid_score: 5598.1, , rmse_test: 16.2284, score_test: 689.2, Learning rate:0.00200000
Epoch: 4, Loss: 20.2932, Rmse_valid: 15.6242, valid_score: 5822.5, , rmse_test: 15.9054, score_test: 379.8, Learning rate:0.00200000
Epoch: 5, Loss: 19.2359, Rmse_valid: 13.4942, valid_score: 3915.9, , rmse_test: 14.5591, score_test: 355.4, Learning rate:0.00200000
Epoch: 6, Loss: 18.0577, Rmse_valid: 17.5023, valid_score: 6833.9, , rmse_test: 17.4400, score_test: 381.0, Learning rate:0.00200000
Epoch: 7, Loss: 17.5437, Rmse_valid: 15.2954, valid_score: 5987.5, , rmse_test: 16.6850, score_test: 805.1, Learning rate:0.00200000
Epoch: 8, Loss: 17.0829, Rmse_valid: 11.5367, valid_score: 3968.6, , rmse_test: 13.3562, score_test: 321.3, Learning rate:0.00200000
Epoch: 9, Loss: 16.6385, Rmse_valid: 13.0749, valid_score: 3757.1, , rmse_test: 14.0022, score_test: 275.3, Learning rate:0.00200000
Epoch: 10, Loss: 16.5698, Rmse_valid: 14.5508, valid_score: 5251.0, , rmse_test: 14.8053, score_test: 437.2, Learning rate:0.00200000
Epoch: 11, Loss: 15.0891, Rmse_valid: 11.8383, valid_score: 3246.2, , rmse_test: 13.1994, score_test: 262.5, Learning rate:0.00020000
Epoch: 12, Loss: 14.9091, Rmse_valid: 12.0153, valid_score: 3197.4, , rmse_test: 13.1503, score_test: 260.5, Learning rate:0.00020000
Epoch: 13, Loss: 14.7897, Rmse_valid: 12.2366, valid_score: 3344.5, , rmse_test: 13.4133, score_test: 268.6, Learning rate:0.00020000
Epoch: 14, Loss: 14.8249, Rmse_valid: 12.0588, valid_score: 3159.5, , rmse_test: 13.1274, score_test: 266.5, Learning rate:0.00020000
Epoch: 15, Loss: 14.7485, Rmse_valid: 11.2331, valid_score: 3217.0, , rmse_test: 12.9699, score_test: 277.0, Learning rate:0.00020000
Epoch: 16, Loss: 14.6919, Rmse_valid: 11.2733, valid_score: 3371.0, , rmse_test: 12.8335, score_test: 326.1, Learning rate:0.00020000
Epoch: 17, Loss: 14.5925, Rmse_valid: 11.3697, valid_score: 3121.6, , rmse_test: 12.8915, score_test: 271.3, Learning rate:0.00020000
Epoch: 18, Loss: 14.5590, Rmse_valid: 11.9244, valid_score: 3159.9, , rmse_test: 13.1178, score_test: 252.3, Learning rate:0.00020000
Epoch: 19, Loss: 14.5647, Rmse_valid: 11.7066, valid_score: 3039.7, , rmse_test: 12.8583, score_test: 269.6, Learning rate:0.00020000
Epoch: 20, Loss: 14.5039, Rmse_valid: 11.6903, valid_score: 3087.8, , rmse_test: 12.9993, score_test: 265.8, Learning rate:0.00020000
Epoch: 21, Loss: 14.4371, Rmse_valid: 11.7112, valid_score: 3074.0, , rmse_test: 12.9392, score_test: 271.9, Learning rate:0.00002000
Epoch: 22, Loss: 14.3895, Rmse_valid: 11.7650, valid_score: 3038.4, , rmse_test: 12.8539, score_test: 270.4, Learning rate:0.00002000
Epoch: 23, Loss: 14.3956, Rmse_valid: 11.2171, valid_score: 3028.7, , rmse_test: 12.8917, score_test: 269.1, Learning rate:0.00002000
Epoch: 24, Loss: 14.4227, Rmse_valid: 11.4217, valid_score: 3057.6, , rmse_test: 12.9005, score_test: 273.7, Learning rate:0.00002000
Epoch: 25, Loss: 14.4177, Rmse_valid: 11.6196, valid_score: 3029.7, , rmse_test: 12.8602, score_test: 272.8, Learning rate:0.00002000
Epoch: 26, Loss: 14.3640, Rmse_valid: 11.6905, valid_score: 3048.3, , rmse_test: 12.9283, score_test: 267.4, Learning rate:0.00002000
Epoch: 27, Loss: 14.3084, Rmse_valid: 11.5706, valid_score: 3017.7, , rmse_test: 12.8271, score_test: 273.5, Learning rate:0.00002000
Epoch: 28, Loss: 14.4266, Rmse_valid: 11.1608, valid_score: 3036.4, , rmse_test: 12.8258, score_test: 275.6, Learning rate:0.00002000
Epoch: 29, Loss: 14.3831, Rmse_valid: 11.5878, valid_score: 3062.6, , rmse_test: 12.9750, score_test: 264.7, Learning rate:0.00002000
Epoch: 30, Loss: 14.3320, Rmse_valid: 11.3357, valid_score: 3053.7, , rmse_test: 12.8948, score_test: 270.4, Learning rate:0.00002000
[Train Summary] Restored best model from epoch 28, rmse_valid: 11.1608, valid_score: 3036.4, rmse_test: 12.8258, score_test: 275.6
[Train Time] start: 2026-08-28 04:52:19, end: 2026-08-28 04:55:38, duration: 0:03:19, total_seconds: 199.21
[Auto Test] command: /usr/local/miniconda3/envs/HV/bin/python /Mamba_Rul/test_GAT_EDmamba/test_model.py --sub-dataset FD001 --smooth-rate 30 --sequence-len 30 --feature-num 14 --dataset-root /Mamba_Rul/CMAPSSData/ --max-rul 125 --batch-size 128 --model-path /Mamba_Rul/logs/FD001_1GAT_EDmamba_dstate_4/seed62/model_FD001_0828_045219_seed62.pkl
model_path:/Mamba_Rul/logs/FD001_1GAT_EDmamba_dstate_4/seed62/model_FD001_0828_045219_seed62.pkl
rmse_final:12.894572257995605, score:273.0120849609375
