-----FD001-----
关键参数:
序列长度: 30
批大小(batch_size): 128
最大训练轮数(max_epochs): 30
随机数种子: 88
模型代号(model_code): GAT_EDmamba4_dmodel_8
模型结构(model_structure): mamba_mamba
学习率: 0.002
学习率调度器: step
Step步长(step_size): 10
Step衰减系数(gamma): 0.1
use_gat: True
gat_hidden_dim: 8
编码器: 2层Mamba
解码器: 2层Mamba
mamba_d_model: 8
mamba_num_layers: 2
mamba_d_state: 16
训练损失: AdaptiveAsymmetricMSELoss
asym_alpha: 1.5
asym_gamma: 2.0
asym_delta: 0.9
focus_threshold: 35.0
cap_threshold: 125.0
------------------------------
Epoch: 1, Loss: 34.6121, Rmse_valid: 17.0178, valid_score: 7238.4, , rmse_test: 17.3452, score_test: 782.7, Learning rate:0.00200000
Epoch: 2, Loss: 22.3908, Rmse_valid: 16.3118, valid_score: 5805.9, , rmse_test: 15.5296, score_test: 324.0, Learning rate:0.00200000
Epoch: 3, Loss: 19.9655, Rmse_valid: 14.2199, valid_score: 7831.0, , rmse_test: 16.6914, score_test: 610.0, Learning rate:0.00200000
Epoch: 4, Loss: 18.6695, Rmse_valid: 14.1823, valid_score: 5902.7, , rmse_test: 16.4687, score_test: 581.8, Learning rate:0.00200000
Epoch: 5, Loss: 17.5742, Rmse_valid: 16.4320, valid_score: 7137.1, , rmse_test: 16.5347, score_test: 562.6, Learning rate:0.00200000
Epoch: 6, Loss: 16.7416, Rmse_valid: 17.2772, valid_score: 6877.7, , rmse_test: 19.1024, score_test: 518.1, Learning rate:0.00200000
Epoch: 7, Loss: 16.4095, Rmse_valid: 12.5636, valid_score: 3732.4, , rmse_test: 14.7381, score_test: 400.6, Learning rate:0.00200000
Epoch: 8, Loss: 15.9718, Rmse_valid: 11.8559, valid_score: 4029.9, , rmse_test: 14.5929, score_test: 388.6, Learning rate:0.00200000
Epoch: 9, Loss: 15.8867, Rmse_valid: 12.8376, valid_score: 4440.0, , rmse_test: 14.8909, score_test: 382.0, Learning rate:0.00200000
Epoch: 10, Loss: 15.5246, Rmse_valid: 16.0427, valid_score: 5469.4, , rmse_test: 17.2499, score_test: 369.6, Learning rate:0.00200000
Epoch: 11, Loss: 14.0764, Rmse_valid: 11.4947, valid_score: 3117.9, , rmse_test: 13.6604, score_test: 278.9, Learning rate:0.00020000
Epoch: 12, Loss: 13.8346, Rmse_valid: 11.4664, valid_score: 3088.0, , rmse_test: 13.6505, score_test: 289.5, Learning rate:0.00020000
Epoch: 13, Loss: 13.7417, Rmse_valid: 11.3573, valid_score: 3097.5, , rmse_test: 13.6473, score_test: 331.8, Learning rate:0.00020000
Epoch: 14, Loss: 13.7107, Rmse_valid: 11.9111, valid_score: 3148.7, , rmse_test: 13.7929, score_test: 271.1, Learning rate:0.00020000
Epoch: 15, Loss: 13.5970, Rmse_valid: 11.3460, valid_score: 3166.3, , rmse_test: 13.5088, score_test: 308.9, Learning rate:0.00020000
Epoch: 16, Loss: 13.6074, Rmse_valid: 11.3454, valid_score: 3131.1, , rmse_test: 13.6512, score_test: 286.0, Learning rate:0.00020000
Epoch: 17, Loss: 13.5391, Rmse_valid: 11.7061, valid_score: 3150.2, , rmse_test: 13.6461, score_test: 282.6, Learning rate:0.00020000
Epoch: 18, Loss: 13.4838, Rmse_valid: 11.4639, valid_score: 3210.9, , rmse_test: 13.6696, score_test: 297.0, Learning rate:0.00020000
Epoch: 19, Loss: 13.5175, Rmse_valid: 11.7251, valid_score: 3255.6, , rmse_test: 13.8306, score_test: 302.5, Learning rate:0.00020000
Epoch: 20, Loss: 13.4839, Rmse_valid: 11.3797, valid_score: 3140.0, , rmse_test: 13.6653, score_test: 273.2, Learning rate:0.00020000
Epoch: 21, Loss: 13.3539, Rmse_valid: 11.5730, valid_score: 3177.7, , rmse_test: 13.6338, score_test: 296.5, Learning rate:0.00002000
Epoch: 22, Loss: 13.3261, Rmse_valid: 11.4164, valid_score: 3193.0, , rmse_test: 13.6483, score_test: 301.3, Learning rate:0.00002000
Epoch: 23, Loss: 13.3512, Rmse_valid: 11.1339, valid_score: 3189.5, , rmse_test: 13.6443, score_test: 303.9, Learning rate:0.00002000
Epoch: 24, Loss: 13.2684, Rmse_valid: 11.0860, valid_score: 3187.5, , rmse_test: 13.6018, score_test: 303.4, Learning rate:0.00002000
Epoch: 25, Loss: 13.3136, Rmse_valid: 11.1924, valid_score: 3189.0, , rmse_test: 13.6386, score_test: 302.9, Learning rate:0.00002000
Epoch: 26, Loss: 13.2143, Rmse_valid: 11.2049, valid_score: 3201.3, , rmse_test: 13.6682, score_test: 308.8, Learning rate:0.00002000
Epoch: 27, Loss: 13.3129, Rmse_valid: 11.4285, valid_score: 3219.8, , rmse_test: 13.7013, score_test: 304.2, Learning rate:0.00002000
Epoch: 28, Loss: 13.2979, Rmse_valid: 11.4490, valid_score: 3221.2, , rmse_test: 13.6578, score_test: 307.0, Learning rate:0.00002000
Epoch: 29, Loss: 13.2533, Rmse_valid: 11.2026, valid_score: 3232.7, , rmse_test: 13.6796, score_test: 303.8, Learning rate:0.00002000
Epoch: 30, Loss: 13.2204, Rmse_valid: 11.3139, valid_score: 3219.1, , rmse_test: 13.6749, score_test: 304.5, Learning rate:0.00002000
[Train Summary] Restored best model from epoch 24, rmse_valid: 11.0860, valid_score: 3187.5, rmse_test: 13.6018, score_test: 303.4
[Train Time] start: 2026-08-24 16:28:12, end: 2026-08-24 16:31:08, duration: 0:02:56, total_seconds: 176.17
[Auto Test] command: /usr/local/miniconda3/envs/HV/bin/python /Mamba_Rul/test_GAT_EDmamba/test_model.py --sub-dataset FD001 --smooth-rate 30 --sequence-len 30 --feature-num 14 --dataset-root /Mamba_Rul/CMAPSSData/ --max-rul 125 --batch-size 128 --model-path /Mamba_Rul/logs/FD001_GAT_EDmamba4_dmodel_8/seed88/model_FD001_0824_162812_seed88.pkl
model_path:/Mamba_Rul/logs/FD001_GAT_EDmamba4_dmodel_8/seed88/model_FD001_0824_162812_seed88.pkl
rmse_final:13.667113304138184, score:298.5216369628906
