-----FD003-----
关键参数:
序列长度: 50
批大小(batch_size): 128
最大训练轮数(max_epochs): 30
随机数种子: 30
模型代号(model_code): GAT_EDmamba+50
模型结构(model_structure): mamba_mamba
学习率: 0.002
学习率调度器: step
Step步长(step_size): 10
Step衰减系数(gamma): 0.1
use_gat: True
gat_hidden_dim: 8
编码器: 2层Mamba
解码器: 2层Mamba
encoder_hidden_size: 16
mamba_num_layers: 2
mamba_d_state: 16
------------------------------
Epoch: 1, Loss: 25.4715, Rmse_valid: 16.1387, valid_score: 10939.5, , rmse_test: 20.3014, score_test: 1539.8, Learning rate:0.00200000
Epoch: 2, Loss: 17.3951, Rmse_valid: 13.9285, valid_score: 9339.2, , rmse_test: 18.1640, score_test: 2357.4, Learning rate:0.00200000
Epoch: 3, Loss: 15.5010, Rmse_valid: 16.9187, valid_score: 14281.8, , rmse_test: 22.8814, score_test: 1680.0, Learning rate:0.00200000
Epoch: 4, Loss: 14.5083, Rmse_valid: 18.2643, valid_score: 12665.8, , rmse_test: 16.7936, score_test: 596.3, Learning rate:0.00200000
Epoch: 5, Loss: 13.2896, Rmse_valid: 12.7178, valid_score: 5817.2, , rmse_test: 15.0367, score_test: 552.7, Learning rate:0.00200000
Epoch: 6, Loss: 12.5171, Rmse_valid: 9.9539, valid_score: 5032.0, , rmse_test: 14.8049, score_test: 723.5, Learning rate:0.00200000
Epoch: 7, Loss: 11.9509, Rmse_valid: 11.4935, valid_score: 5400.5, , rmse_test: 14.6641, score_test: 845.9, Learning rate:0.00200000
Epoch: 8, Loss: 11.6336, Rmse_valid: 8.7193, valid_score: 3044.4, , rmse_test: 14.3929, score_test: 538.4, Learning rate:0.00200000
Epoch: 9, Loss: 11.1544, Rmse_valid: 10.5776, valid_score: 5942.3, , rmse_test: 15.8956, score_test: 875.0, Learning rate:0.00200000
Epoch: 10, Loss: 10.6578, Rmse_valid: 8.9822, valid_score: 4281.0, , rmse_test: 15.8050, score_test: 744.8, Learning rate:0.00200000
Epoch: 11, Loss: 9.1114, Rmse_valid: 8.8891, valid_score: 3672.8, , rmse_test: 13.8658, score_test: 583.6, Learning rate:0.00020000
Epoch: 12, Loss: 8.9291, Rmse_valid: 9.1649, valid_score: 3776.8, , rmse_test: 13.7731, score_test: 549.0, Learning rate:0.00020000
Epoch: 13, Loss: 8.8092, Rmse_valid: 8.7807, valid_score: 3517.3, , rmse_test: 13.9952, score_test: 615.6, Learning rate:0.00020000
Epoch: 14, Loss: 8.7170, Rmse_valid: 8.7570, valid_score: 3589.3, , rmse_test: 14.0018, score_test: 528.8, Learning rate:0.00020000
Epoch: 15, Loss: 8.6067, Rmse_valid: 8.6268, valid_score: 3383.0, , rmse_test: 13.8983, score_test: 595.3, Learning rate:0.00020000
Epoch: 16, Loss: 8.5034, Rmse_valid: 8.7573, valid_score: 3697.3, , rmse_test: 14.1068, score_test: 637.9, Learning rate:0.00020000
Epoch: 17, Loss: 8.4113, Rmse_valid: 8.9525, valid_score: 3734.7, , rmse_test: 14.0074, score_test: 623.3, Learning rate:0.00020000
Epoch: 18, Loss: 8.3012, Rmse_valid: 8.7940, valid_score: 3653.5, , rmse_test: 13.9597, score_test: 622.6, Learning rate:0.00020000
Epoch: 19, Loss: 8.2529, Rmse_valid: 9.0487, valid_score: 4104.9, , rmse_test: 14.0381, score_test: 615.6, Learning rate:0.00020000
Epoch: 20, Loss: 8.1637, Rmse_valid: 9.2179, valid_score: 4010.4, , rmse_test: 13.9154, score_test: 597.2, Learning rate:0.00020000
Epoch: 21, Loss: 8.0007, Rmse_valid: 8.9122, valid_score: 3737.4, , rmse_test: 13.8871, score_test: 577.2, Learning rate:0.00002000
Epoch: 22, Loss: 7.9755, Rmse_valid: 8.7691, valid_score: 3658.3, , rmse_test: 13.8689, score_test: 561.7, Learning rate:0.00002000
Epoch: 23, Loss: 7.9483, Rmse_valid: 8.9544, valid_score: 3749.6, , rmse_test: 13.8185, score_test: 561.7, Learning rate:0.00002000
Epoch: 24, Loss: 7.9722, Rmse_valid: 8.8191, valid_score: 3764.1, , rmse_test: 13.8741, score_test: 567.2, Learning rate:0.00002000
Epoch: 25, Loss: 7.9456, Rmse_valid: 8.9445, valid_score: 3821.7, , rmse_test: 13.8446, score_test: 553.2, Learning rate:0.00002000
Epoch: 26, Loss: 7.9503, Rmse_valid: 8.7805, valid_score: 3715.5, , rmse_test: 13.8843, score_test: 558.4, Learning rate:0.00002000
Epoch: 27, Loss: 7.9009, Rmse_valid: 8.9427, valid_score: 3755.7, , rmse_test: 13.8086, score_test: 552.0, Learning rate:0.00002000
Epoch: 28, Loss: 7.9122, Rmse_valid: 8.9072, valid_score: 3791.8, , rmse_test: 13.8968, score_test: 568.9, Learning rate:0.00002000
Epoch: 29, Loss: 7.9664, Rmse_valid: 8.9284, valid_score: 3821.2, , rmse_test: 13.8874, score_test: 575.4, Learning rate:0.00002000
Epoch: 30, Loss: 7.9226, Rmse_valid: 8.9225, valid_score: 3782.3, , rmse_test: 13.8275, score_test: 549.0, Learning rate:0.00002000
[Train Summary] Restored best model from epoch 15, rmse_valid: 8.6268, valid_score: 3383.0, rmse_test: 13.8983, score_test: 595.3
[Train Time] start: 2026-07-23 03:39:04, end: 2026-07-23 03:43:05, duration: 0:04:01, total_seconds: 240.69
[Auto Test] command: /usr/local/miniconda3/envs/HV/bin/python /Mamba_Rul/test_GAT_EDmamba/test_model.py --sub-dataset FD003 --smooth-rate 30 --sequence-len 50 --feature-num 14 --dataset-root /Mamba_Rul/CMAPSSData/ --max-rul 125 --batch-size 128 --model-path /Mamba_Rul/logs/FD003_GAT_EDmamba+50/seed30/model_FD003_0723_033904_seed30.pkl
model_path:/Mamba_Rul/logs/FD003_GAT_EDmamba+50/seed30/model_FD003_0723_033904_seed30.pkl
rmse_final:13.851714134216309, score:581.9100341796875
