-----FD003-----
关键参数:
序列长度: 30
批大小(batch_size): 128
最大训练轮数(max_epochs): 30
随机数种子: 30
模型代号(model_code): GAT_EDmamba4_dmodel_6
模型结构(model_structure): mamba_mamba
学习率: 0.002
学习率调度器: step
Step步长(step_size): 10
Step衰减系数(gamma): 0.1
use_gat: True
gat_hidden_dim: 8
编码器: 2层Mamba
解码器: 2层Mamba
mamba_d_model: 6
mamba_num_layers: 2
mamba_d_state: 16
训练损失: AdaptiveAsymmetricMSELoss
asym_alpha: 3.5
asym_gamma: 5.0
asym_delta: 0.9
focus_threshold: 35.0
cap_threshold: 125.0
------------------------------
Epoch: 1, Loss: 39.2513, Rmse_valid: 29.8373, valid_score: 95518.3, , rmse_test: 26.8468, score_test: 2555.7, Learning rate:0.00200000
Epoch: 2, Loss: 31.9734, Rmse_valid: 24.7861, valid_score: 43332.7, , rmse_test: 22.6641, score_test: 1742.9, Learning rate:0.00200000
Epoch: 3, Loss: 30.1644, Rmse_valid: 21.0795, valid_score: 22799.4, , rmse_test: 21.6386, score_test: 1446.1, Learning rate:0.00200000
Epoch: 4, Loss: 25.1864, Rmse_valid: 20.5325, valid_score: 15211.3, , rmse_test: 19.4167, score_test: 658.7, Learning rate:0.00200000
Epoch: 5, Loss: 21.9827, Rmse_valid: 17.2323, valid_score: 10558.7, , rmse_test: 17.2957, score_test: 646.9, Learning rate:0.00200000
Epoch: 6, Loss: 20.3976, Rmse_valid: 16.7913, valid_score: 10007.9, , rmse_test: 15.6948, score_test: 470.9, Learning rate:0.00200000
Epoch: 7, Loss: 19.4709, Rmse_valid: 15.3894, valid_score: 8894.4, , rmse_test: 15.2829, score_test: 458.9, Learning rate:0.00200000
Epoch: 8, Loss: 18.2932, Rmse_valid: 17.7711, valid_score: 10809.2, , rmse_test: 18.6091, score_test: 561.8, Learning rate:0.00200000
Epoch: 9, Loss: 17.8734, Rmse_valid: 14.8212, valid_score: 7289.9, , rmse_test: 14.4536, score_test: 313.3, Learning rate:0.00200000
Epoch: 10, Loss: 17.4930, Rmse_valid: 11.9361, valid_score: 5067.5, , rmse_test: 13.6122, score_test: 378.3, Learning rate:0.00200000
Epoch: 11, Loss: 15.5980, Rmse_valid: 12.8649, valid_score: 5606.3, , rmse_test: 13.5450, score_test: 292.3, Learning rate:0.00020000
Epoch: 12, Loss: 15.4528, Rmse_valid: 12.3128, valid_score: 5173.0, , rmse_test: 13.1980, score_test: 280.7, Learning rate:0.00020000
Epoch: 13, Loss: 15.3521, Rmse_valid: 12.1294, valid_score: 5104.9, , rmse_test: 13.0998, score_test: 274.1, Learning rate:0.00020000
Epoch: 14, Loss: 15.2763, Rmse_valid: 13.0470, valid_score: 5649.7, , rmse_test: 13.5382, score_test: 263.8, Learning rate:0.00020000
Epoch: 15, Loss: 15.1303, Rmse_valid: 12.1418, valid_score: 5063.5, , rmse_test: 13.1607, score_test: 273.7, Learning rate:0.00020000
Epoch: 16, Loss: 15.0995, Rmse_valid: 12.3895, valid_score: 5163.1, , rmse_test: 13.3359, score_test: 276.8, Learning rate:0.00020000
Epoch: 17, Loss: 14.9794, Rmse_valid: 11.5917, valid_score: 4632.2, , rmse_test: 13.0531, score_test: 286.3, Learning rate:0.00020000
Epoch: 18, Loss: 14.9327, Rmse_valid: 12.1782, valid_score: 5012.6, , rmse_test: 13.1736, score_test: 270.5, Learning rate:0.00020000
Epoch: 19, Loss: 14.9654, Rmse_valid: 12.1492, valid_score: 4962.8, , rmse_test: 13.2292, score_test: 270.3, Learning rate:0.00020000
Epoch: 20, Loss: 14.9391, Rmse_valid: 11.6630, valid_score: 4645.8, , rmse_test: 12.9268, score_test: 279.8, Learning rate:0.00020000
Epoch: 21, Loss: 14.7916, Rmse_valid: 11.7772, valid_score: 4736.9, , rmse_test: 12.9891, score_test: 271.0, Learning rate:0.00002000
Epoch: 22, Loss: 14.7330, Rmse_valid: 11.9493, valid_score: 4864.6, , rmse_test: 13.0745, score_test: 268.2, Learning rate:0.00002000
Epoch: 23, Loss: 14.7486, Rmse_valid: 11.8919, valid_score: 4793.0, , rmse_test: 13.0558, score_test: 270.2, Learning rate:0.00002000
Epoch: 24, Loss: 14.8062, Rmse_valid: 12.0367, valid_score: 4869.0, , rmse_test: 13.1185, score_test: 266.1, Learning rate:0.00002000
Epoch: 25, Loss: 14.6641, Rmse_valid: 11.7982, valid_score: 4687.0, , rmse_test: 12.9747, score_test: 271.3, Learning rate:0.00002000
Epoch: 26, Loss: 14.6877, Rmse_valid: 11.7847, valid_score: 4750.0, , rmse_test: 12.9956, score_test: 269.8, Learning rate:0.00002000
Epoch: 27, Loss: 14.6673, Rmse_valid: 11.8069, valid_score: 4794.3, , rmse_test: 13.0379, score_test: 269.4, Learning rate:0.00002000
Epoch: 28, Loss: 14.6938, Rmse_valid: 11.8078, valid_score: 4786.5, , rmse_test: 13.0298, score_test: 268.5, Learning rate:0.00002000
Epoch: 29, Loss: 14.7149, Rmse_valid: 11.7149, valid_score: 4714.6, , rmse_test: 12.9882, score_test: 268.0, Learning rate:0.00002000
Epoch: 30, Loss: 14.6559, Rmse_valid: 11.7971, valid_score: 4739.3, , rmse_test: 12.9736, score_test: 267.3, Learning rate:0.00002000
[Train Summary] Restored best model from epoch 17, rmse_valid: 11.5917, valid_score: 4632.2, rmse_test: 13.0531, score_test: 286.3
[Train Time] start: 2026-08-25 02:38:13, end: 2026-08-25 02:42:03, duration: 0:03:50, total_seconds: 229.94
[Auto Test] command: /usr/local/miniconda3/envs/HV/bin/python /Mamba_Rul/test_GAT_EDmamba/test_model.py --sub-dataset FD003 --smooth-rate 30 --sequence-len 30 --feature-num 14 --dataset-root /Mamba_Rul/CMAPSSData/ --max-rul 125 --batch-size 128 --model-path /Mamba_Rul/logs/FD003_GAT_EDmamba4_dmodel_6/seed30/model_FD003_0825_023813_seed30.pkl
model_path:/Mamba_Rul/logs/FD003_GAT_EDmamba4_dmodel_6/seed30/model_FD003_0825_023813_seed30.pkl
rmse_final:13.152186393737793, score:282.62237548828125
