-----FD002-----
关键参数:
序列长度: 30
批大小(batch_size): 128
最大训练轮数(max_epochs): 30
随机数种子: 97
模型代号(model_code): GAT_EDmamba_dmodel_64
模型结构(model_structure): mamba_mamba
学习率: 0.002
学习率调度器: step
Step步长(step_size): 10
Step衰减系数(gamma): 0.1
use_gat: True
gat_hidden_dim: 8
编码器: 2层Mamba
解码器: 2层Mamba
encoder_hidden_size: 64
mamba_num_layers: 2
mamba_d_state: 16
训练损失: AdaptiveAsymmetricMSELoss
asym_alpha: 3.0
asym_gamma: 5.0
asym_delta: 0.9
focus_threshold: 35.0
cap_threshold: 125.0
------------------------------
Epoch: 1, Loss: 750.0612, Rmse_valid: 39.5709, valid_score: 289808.8, , rmse_test: 41.6072, score_test: 22391.2, Learning rate:0.00200000
Epoch: 2, Loss: 46.2768, Rmse_valid: 29.4868, valid_score: 132532.1, , rmse_test: 30.5510, score_test: 9064.5, Learning rate:0.00200000
Epoch: 3, Loss: 43.8274, Rmse_valid: 34.9616, valid_score: 244177.0, , rmse_test: 33.3874, score_test: 10485.6, Learning rate:0.00200000
Epoch: 4, Loss: 39.8885, Rmse_valid: 25.6298, valid_score: 72069.4, , rmse_test: 25.3406, score_test: 3784.7, Learning rate:0.00200000
Epoch: 5, Loss: 35.3503, Rmse_valid: 25.2539, valid_score: 64687.5, , rmse_test: 22.4473, score_test: 2401.0, Learning rate:0.00200000
Epoch: 6, Loss: 35.8400, Rmse_valid: 28.8332, valid_score: 130068.2, , rmse_test: 25.7077, score_test: 3770.5, Learning rate:0.00200000
Epoch: 7, Loss: 30.0046, Rmse_valid: 20.1200, valid_score: 53134.5, , rmse_test: 17.1619, score_test: 1607.7, Learning rate:0.00200000
Epoch: 8, Loss: 26.8201, Rmse_valid: 22.5216, valid_score: 45602.7, , rmse_test: 19.5905, score_test: 1553.9, Learning rate:0.00200000
Epoch: 9, Loss: 25.8404, Rmse_valid: 22.1920, valid_score: 46752.3, , rmse_test: 17.3096, score_test: 1120.8, Learning rate:0.00200000
Epoch: 10, Loss: 23.4662, Rmse_valid: 22.4060, valid_score: 39416.4, , rmse_test: 19.1279, score_test: 1368.1, Learning rate:0.00200000
Epoch: 11, Loss: 16.7902, Rmse_valid: 19.6909, valid_score: 36619.8, , rmse_test: 16.1103, score_test: 1492.8, Learning rate:0.00020000
Epoch: 12, Loss: 15.0085, Rmse_valid: 19.8073, valid_score: 38607.5, , rmse_test: 16.4035, score_test: 1586.0, Learning rate:0.00020000
Epoch: 13, Loss: 13.9964, Rmse_valid: 18.5514, valid_score: 33633.0, , rmse_test: 15.9987, score_test: 1707.7, Learning rate:0.00020000
Epoch: 14, Loss: 13.0997, Rmse_valid: 19.7805, valid_score: 40645.1, , rmse_test: 16.3900, score_test: 1339.4, Learning rate:0.00020000
Epoch: 15, Loss: 12.4204, Rmse_valid: 18.9488, valid_score: 42029.8, , rmse_test: 15.7604, score_test: 1412.2, Learning rate:0.00020000
Epoch: 16, Loss: 11.7045, Rmse_valid: 18.7887, valid_score: 45186.4, , rmse_test: 15.7365, score_test: 1416.9, Learning rate:0.00020000
Epoch: 17, Loss: 11.1653, Rmse_valid: 19.6719, valid_score: 46379.8, , rmse_test: 16.1008, score_test: 1321.9, Learning rate:0.00020000
Epoch: 18, Loss: 10.7357, Rmse_valid: 18.9905, valid_score: 45032.6, , rmse_test: 15.6094, score_test: 1206.6, Learning rate:0.00020000
Epoch: 19, Loss: 10.2474, Rmse_valid: 19.5675, valid_score: 45136.7, , rmse_test: 16.0806, score_test: 1297.6, Learning rate:0.00020000
Epoch: 20, Loss: 9.8108, Rmse_valid: 19.5969, valid_score: 50992.9, , rmse_test: 16.0724, score_test: 1291.6, Learning rate:0.00020000
Epoch: 21, Loss: 9.0236, Rmse_valid: 19.1491, valid_score: 50975.5, , rmse_test: 15.8872, score_test: 1396.8, Learning rate:0.00002000
Epoch: 22, Loss: 8.9387, Rmse_valid: 19.0657, valid_score: 49378.6, , rmse_test: 15.8444, score_test: 1338.5, Learning rate:0.00002000
Epoch: 23, Loss: 8.8071, Rmse_valid: 19.3208, valid_score: 50889.5, , rmse_test: 16.0997, score_test: 1395.0, Learning rate:0.00002000
Epoch: 24, Loss: 8.7946, Rmse_valid: 19.4140, valid_score: 50535.1, , rmse_test: 15.9179, score_test: 1338.5, Learning rate:0.00002000
Epoch: 25, Loss: 8.7095, Rmse_valid: 19.0877, valid_score: 51355.1, , rmse_test: 15.9049, score_test: 1394.6, Learning rate:0.00002000
Epoch: 26, Loss: 8.6501, Rmse_valid: 19.3356, valid_score: 49930.4, , rmse_test: 16.0070, score_test: 1386.0, Learning rate:0.00002000
Epoch: 27, Loss: 8.6217, Rmse_valid: 19.2364, valid_score: 52030.2, , rmse_test: 15.9395, score_test: 1373.5, Learning rate:0.00002000
Epoch: 28, Loss: 8.5089, Rmse_valid: 19.2971, valid_score: 50964.6, , rmse_test: 16.0276, score_test: 1422.6, Learning rate:0.00002000
Epoch: 29, Loss: 8.5319, Rmse_valid: 19.1841, valid_score: 50482.7, , rmse_test: 16.1283, score_test: 1381.3, Learning rate:0.00002000
Epoch: 30, Loss: 8.4680, Rmse_valid: 19.3608, valid_score: 50733.4, , rmse_test: 16.0584, score_test: 1389.7, Learning rate:0.00002000
[Train Summary] Restored best model from epoch 13, rmse_valid: 18.5514, valid_score: 33633.0, rmse_test: 15.9987, score_test: 1707.7
[Train Time] start: 2026-08-05 15:22:42, end: 2026-08-05 15:30:10, duration: 0:07:28, total_seconds: 447.87
[Auto Test] command: /usr/local/miniconda3/envs/HV/bin/python /Mamba_Rul/test_GAT_EDmamba/test_model.py --sub-dataset FD002 --smooth-rate 40 --sequence-len 30 --feature-num 14 --dataset-root /Mamba_Rul/CMAPSSData/ --max-rul 125 --batch-size 128 --model-path /Mamba_Rul/logs/FD002_GAT_EDmamba_dmodel_64/seed97/model_FD002_0805_152242_seed97.pkl
model_path:/Mamba_Rul/logs/FD002_GAT_EDmamba_dmodel_64/seed97/model_FD002_0805_152242_seed97.pkl
rmse_final:16.15035629272461, score:1695.53271484375
