-----FD003-----
关键参数:
序列长度: 30
批大小(batch_size): 128
最大训练轮数(max_epochs): 30
随机数种子: 17
模型代号(model_code): GAT_EDmamba_asym+30
模型结构(model_structure): mamba_mamba
学习率: 0.002
学习率调度器: step
Step步长(step_size): 10
Step衰减系数(gamma): 0.1
use_gat: True
gat_hidden_dim: 8
编码器: 2层Mamba
解码器: 2层Mamba
encoder_hidden_size: 16
mamba_num_layers: 2
mamba_d_state: 16
训练损失: AdaptiveAsymmetricMSELoss
asym_alpha: 3.5
asym_gamma: 5.0
asym_delta: 0.9
focus_threshold: 35.0
cap_threshold: 125.0
------------------------------
Epoch: 1, Loss: 40.2448, Rmse_valid: 30.5829, valid_score: 123467.4, , rmse_test: 25.4554, score_test: 2867.1, Learning rate:0.00200000
Epoch: 2, Loss: 28.5528, Rmse_valid: 24.2552, valid_score: 51375.3, , rmse_test: 19.3030, score_test: 1758.0, Learning rate:0.00200000
Epoch: 3, Loss: 22.7701, Rmse_valid: 19.1635, valid_score: 17732.0, , rmse_test: 15.3446, score_test: 444.8, Learning rate:0.00200000
Epoch: 4, Loss: 20.1538, Rmse_valid: 13.8469, valid_score: 9249.2, , rmse_test: 16.2817, score_test: 3501.3, Learning rate:0.00200000
Epoch: 5, Loss: 18.2870, Rmse_valid: 12.3420, valid_score: 6438.9, , rmse_test: 13.7223, score_test: 296.0, Learning rate:0.00200000
Epoch: 6, Loss: 17.8433, Rmse_valid: 16.0801, valid_score: 9860.4, , rmse_test: 14.3660, score_test: 359.7, Learning rate:0.00200000
Epoch: 7, Loss: 17.2338, Rmse_valid: 15.2302, valid_score: 9379.1, , rmse_test: 14.9438, score_test: 451.8, Learning rate:0.00200000
Epoch: 8, Loss: 16.2198, Rmse_valid: 10.6258, valid_score: 4036.9, , rmse_test: 12.7454, score_test: 304.3, Learning rate:0.00200000
Epoch: 9, Loss: 16.3288, Rmse_valid: 11.6267, valid_score: 5251.9, , rmse_test: 13.0554, score_test: 268.8, Learning rate:0.00200000
Epoch: 10, Loss: 15.3121, Rmse_valid: 10.4816, valid_score: 4215.8, , rmse_test: 14.1770, score_test: 298.8, Learning rate:0.00200000
Epoch: 11, Loss: 12.8502, Rmse_valid: 10.8067, valid_score: 4225.3, , rmse_test: 12.3500, score_test: 212.5, Learning rate:0.00020000
Epoch: 12, Loss: 12.6669, Rmse_valid: 10.3550, valid_score: 4032.0, , rmse_test: 12.3063, score_test: 233.8, Learning rate:0.00020000
Epoch: 13, Loss: 12.4901, Rmse_valid: 9.4933, valid_score: 3455.3, , rmse_test: 12.3146, score_test: 230.8, Learning rate:0.00020000
Epoch: 14, Loss: 12.3454, Rmse_valid: 9.9521, valid_score: 3709.8, , rmse_test: 12.2610, score_test: 221.8, Learning rate:0.00020000
Epoch: 15, Loss: 12.2043, Rmse_valid: 10.3684, valid_score: 3907.7, , rmse_test: 12.4370, score_test: 223.1, Learning rate:0.00020000
Epoch: 16, Loss: 12.0832, Rmse_valid: 9.9853, valid_score: 3766.4, , rmse_test: 12.2541, score_test: 220.3, Learning rate:0.00020000
Epoch: 17, Loss: 12.0079, Rmse_valid: 10.3136, valid_score: 4068.0, , rmse_test: 12.2918, score_test: 219.4, Learning rate:0.00020000
Epoch: 18, Loss: 11.8154, Rmse_valid: 9.8963, valid_score: 3803.4, , rmse_test: 12.1929, score_test: 220.7, Learning rate:0.00020000
Epoch: 19, Loss: 11.6977, Rmse_valid: 9.7621, valid_score: 3597.4, , rmse_test: 12.1474, score_test: 215.1, Learning rate:0.00020000
Epoch: 20, Loss: 11.6594, Rmse_valid: 9.9626, valid_score: 3817.0, , rmse_test: 12.5032, score_test: 220.8, Learning rate:0.00020000
Epoch: 21, Loss: 11.4398, Rmse_valid: 10.0114, valid_score: 3842.4, , rmse_test: 12.3907, score_test: 223.3, Learning rate:0.00002000
Epoch: 22, Loss: 11.3258, Rmse_valid: 9.9162, valid_score: 3776.8, , rmse_test: 12.2837, score_test: 222.6, Learning rate:0.00002000
Epoch: 23, Loss: 11.3568, Rmse_valid: 9.8616, valid_score: 3724.8, , rmse_test: 12.3549, score_test: 221.1, Learning rate:0.00002000
Epoch: 24, Loss: 11.3803, Rmse_valid: 9.8908, valid_score: 3692.9, , rmse_test: 12.3758, score_test: 220.2, Learning rate:0.00002000
Epoch: 25, Loss: 11.2488, Rmse_valid: 9.9728, valid_score: 3753.5, , rmse_test: 12.3551, score_test: 219.4, Learning rate:0.00002000
Epoch: 26, Loss: 11.3747, Rmse_valid: 9.8736, valid_score: 3690.9, , rmse_test: 12.3947, score_test: 220.9, Learning rate:0.00002000
Epoch: 27, Loss: 11.3337, Rmse_valid: 9.8879, valid_score: 3725.9, , rmse_test: 12.3321, score_test: 221.2, Learning rate:0.00002000
Epoch: 28, Loss: 11.3116, Rmse_valid: 10.0571, valid_score: 3750.2, , rmse_test: 12.3197, score_test: 219.6, Learning rate:0.00002000
Epoch: 29, Loss: 11.3078, Rmse_valid: 10.1814, valid_score: 3856.0, , rmse_test: 12.3567, score_test: 219.6, Learning rate:0.00002000
Epoch: 30, Loss: 11.2508, Rmse_valid: 9.9560, valid_score: 3753.7, , rmse_test: 12.3700, score_test: 221.5, Learning rate:0.00002000
[Train Summary] Restored best model from epoch 13, rmse_valid: 9.4933, valid_score: 3455.3, rmse_test: 12.3146, score_test: 230.8
[Train Time] start: 2026-07-23 15:13:57, end: 2026-07-23 15:18:27, duration: 0:04:30, total_seconds: 270.34
[Auto Test] command: /usr/local/miniconda3/envs/HV/bin/python /Mamba_Rul/test_GAT_EDmamba/test_model.py --sub-dataset FD003 --smooth-rate 30 --sequence-len 30 --feature-num 14 --dataset-root /Mamba_Rul/CMAPSSData/ --max-rul 125 --batch-size 128 --model-path /Mamba_Rul/logs/FD003_GAT_EDmamba_asym+30/seed17/model_FD003_0723_151357_seed17.pkl
model_path:/Mamba_Rul/logs/FD003_GAT_EDmamba_asym+30/seed17/model_FD003_0723_151357_seed17.pkl
rmse_final:12.411687850952148, score:229.39767456054688
