-----FD003-----
关键参数:
序列长度: 30
批大小(batch_size): 128
最大训练轮数(max_epochs): 30
随机数种子: 62
模型代号(model_code): GAT_EDmamba4_dmodel_16
模型结构(model_structure): mamba_mamba
学习率: 0.002
学习率调度器: step
Step步长(step_size): 10
Step衰减系数(gamma): 0.1
use_gat: True
gat_hidden_dim: 8
编码器: 2层Mamba
解码器: 2层Mamba
mamba_d_model: 16
mamba_num_layers: 2
mamba_d_state: 16
训练损失: AdaptiveAsymmetricMSELoss
asym_alpha: 3.5
asym_gamma: 5.0
asym_delta: 0.9
focus_threshold: 35.0
cap_threshold: 125.0
------------------------------
Epoch: 1, Loss: 42.1279, Rmse_valid: 31.0367, valid_score: 88486.9, , rmse_test: 24.3125, score_test: 1867.6, Learning rate:0.00200000
Epoch: 2, Loss: 29.5781, Rmse_valid: 20.9361, valid_score: 21721.9, , rmse_test: 21.4067, score_test: 1117.7, Learning rate:0.00200000
Epoch: 3, Loss: 27.2140, Rmse_valid: 16.7126, valid_score: 15349.7, , rmse_test: 18.4861, score_test: 1124.2, Learning rate:0.00200000
Epoch: 4, Loss: 23.0594, Rmse_valid: 15.9826, valid_score: 9908.2, , rmse_test: 21.2081, score_test: 705.6, Learning rate:0.00200000
Epoch: 5, Loss: 20.1754, Rmse_valid: 22.4757, valid_score: 18112.3, , rmse_test: 17.6814, score_test: 439.5, Learning rate:0.00200000
Epoch: 6, Loss: 18.4330, Rmse_valid: 11.5192, valid_score: 5722.5, , rmse_test: 14.0502, score_test: 645.6, Learning rate:0.00200000
Epoch: 7, Loss: 17.8829, Rmse_valid: 14.9351, valid_score: 7540.2, , rmse_test: 14.8405, score_test: 374.8, Learning rate:0.00200000
Epoch: 8, Loss: 19.1321, Rmse_valid: 11.1093, valid_score: 4881.7, , rmse_test: 13.4023, score_test: 504.8, Learning rate:0.00200000
Epoch: 9, Loss: 16.4882, Rmse_valid: 12.3236, valid_score: 4553.1, , rmse_test: 15.8845, score_test: 321.2, Learning rate:0.00200000
Epoch: 10, Loss: 16.1037, Rmse_valid: 11.6306, valid_score: 4287.5, , rmse_test: 13.5292, score_test: 256.5, Learning rate:0.00200000
Epoch: 11, Loss: 13.5497, Rmse_valid: 11.5208, valid_score: 4551.2, , rmse_test: 13.0410, score_test: 277.1, Learning rate:0.00020000
Epoch: 12, Loss: 13.3125, Rmse_valid: 10.6858, valid_score: 3817.4, , rmse_test: 12.9509, score_test: 264.2, Learning rate:0.00020000
Epoch: 13, Loss: 13.1471, Rmse_valid: 10.6904, valid_score: 3797.3, , rmse_test: 12.9668, score_test: 271.7, Learning rate:0.00020000
Epoch: 14, Loss: 13.0948, Rmse_valid: 10.6193, valid_score: 3831.7, , rmse_test: 13.0019, score_test: 331.4, Learning rate:0.00020000
Epoch: 15, Loss: 12.9492, Rmse_valid: 10.9312, valid_score: 3806.1, , rmse_test: 13.0461, score_test: 291.4, Learning rate:0.00020000
Epoch: 16, Loss: 12.7936, Rmse_valid: 10.4251, valid_score: 3745.9, , rmse_test: 12.8594, score_test: 297.6, Learning rate:0.00020000
Epoch: 17, Loss: 12.7181, Rmse_valid: 10.3561, valid_score: 3517.3, , rmse_test: 12.7562, score_test: 298.7, Learning rate:0.00020000
Epoch: 18, Loss: 12.6365, Rmse_valid: 10.7629, valid_score: 3826.3, , rmse_test: 12.8026, score_test: 278.1, Learning rate:0.00020000
Epoch: 19, Loss: 12.5027, Rmse_valid: 9.8082, valid_score: 3385.9, , rmse_test: 12.7298, score_test: 283.9, Learning rate:0.00020000
Epoch: 20, Loss: 12.4072, Rmse_valid: 10.9031, valid_score: 3950.9, , rmse_test: 12.9684, score_test: 289.1, Learning rate:0.00020000
Epoch: 21, Loss: 12.2300, Rmse_valid: 10.1024, valid_score: 3448.4, , rmse_test: 12.7666, score_test: 286.1, Learning rate:0.00002000
Epoch: 22, Loss: 12.2109, Rmse_valid: 10.2294, valid_score: 3509.4, , rmse_test: 12.7688, score_test: 275.6, Learning rate:0.00002000
Epoch: 23, Loss: 12.1693, Rmse_valid: 9.9651, valid_score: 3358.4, , rmse_test: 12.7151, score_test: 278.0, Learning rate:0.00002000
Epoch: 24, Loss: 12.1655, Rmse_valid: 10.0816, valid_score: 3448.0, , rmse_test: 12.7304, score_test: 272.5, Learning rate:0.00002000
Epoch: 25, Loss: 12.1412, Rmse_valid: 9.9239, valid_score: 3369.3, , rmse_test: 12.6978, score_test: 277.2, Learning rate:0.00002000
Epoch: 26, Loss: 12.2046, Rmse_valid: 9.9781, valid_score: 3414.5, , rmse_test: 12.7491, score_test: 281.5, Learning rate:0.00002000
Epoch: 27, Loss: 12.1107, Rmse_valid: 9.9946, valid_score: 3409.6, , rmse_test: 12.7372, score_test: 282.7, Learning rate:0.00002000
Epoch: 28, Loss: 12.1107, Rmse_valid: 10.1005, valid_score: 3424.5, , rmse_test: 12.7919, score_test: 275.8, Learning rate:0.00002000
Epoch: 29, Loss: 12.1464, Rmse_valid: 10.1169, valid_score: 3469.7, , rmse_test: 12.7784, score_test: 282.8, Learning rate:0.00002000
Epoch: 30, Loss: 12.1360, Rmse_valid: 9.8559, valid_score: 3353.9, , rmse_test: 12.7507, score_test: 282.2, Learning rate:0.00002000
[Train Summary] Restored best model from epoch 19, rmse_valid: 9.8082, valid_score: 3385.9, rmse_test: 12.7298, score_test: 283.9
[Train Time] start: 2026-08-25 04:19:35, end: 2026-08-25 04:23:31, duration: 0:03:55, total_seconds: 235.45
[Auto Test] command: /usr/local/miniconda3/envs/HV/bin/python /Mamba_Rul/test_GAT_EDmamba/test_model.py --sub-dataset FD003 --smooth-rate 30 --sequence-len 30 --feature-num 14 --dataset-root /Mamba_Rul/CMAPSSData/ --max-rul 125 --batch-size 128 --model-path /Mamba_Rul/logs/FD003_GAT_EDmamba4_dmodel_16/seed62/model_FD003_0825_041935_seed62.pkl
model_path:/Mamba_Rul/logs/FD003_GAT_EDmamba4_dmodel_16/seed62/model_FD003_0825_041935_seed62.pkl
rmse_final:12.751470565795898, score:275.309326171875
