-----FD002-----
关键参数:
序列长度: 30
批大小(batch_size): 128
最大训练轮数(max_epochs): 30
随机数种子: 97
模型代号(model_code): GAT_EDmamba_dmodel_10
模型结构(model_structure): mamba_mamba
学习率: 0.002
学习率调度器: step
Step步长(step_size): 10
Step衰减系数(gamma): 0.1
use_gat: True
gat_hidden_dim: 8
编码器: 2层Mamba
解码器: 2层Mamba
encoder_hidden_size: 10
mamba_num_layers: 2
mamba_d_state: 16
训练损失: AdaptiveAsymmetricMSELoss
asym_alpha: 3.0
asym_gamma: 5.0
asym_delta: 0.9
focus_threshold: 35.0
cap_threshold: 125.0
------------------------------
Epoch: 1, Loss: 43.8091, Rmse_valid: 23.4262, valid_score: 53222.7, , rmse_test: 23.4868, score_test: 2479.7, Learning rate:0.00200000
Epoch: 2, Loss: 31.6873, Rmse_valid: 21.4879, valid_score: 31271.5, , rmse_test: 20.0347, score_test: 1337.5, Learning rate:0.00200000
Epoch: 3, Loss: 28.9877, Rmse_valid: 22.1291, valid_score: 32801.8, , rmse_test: 21.5124, score_test: 1669.7, Learning rate:0.00200000
Epoch: 4, Loss: 27.4711, Rmse_valid: 17.9038, valid_score: 26594.5, , rmse_test: 16.5958, score_test: 1024.2, Learning rate:0.00200000
Epoch: 5, Loss: 26.4310, Rmse_valid: 18.4645, valid_score: 23576.5, , rmse_test: 17.3003, score_test: 1018.4, Learning rate:0.00200000
Epoch: 6, Loss: 25.4907, Rmse_valid: 19.0314, valid_score: 26963.1, , rmse_test: 16.3921, score_test: 904.5, Learning rate:0.00200000
Epoch: 7, Loss: 24.8707, Rmse_valid: 19.6456, valid_score: 24874.5, , rmse_test: 18.2658, score_test: 1104.6, Learning rate:0.00200000
Epoch: 8, Loss: 24.1128, Rmse_valid: 21.9556, valid_score: 54029.2, , rmse_test: 20.5038, score_test: 2627.5, Learning rate:0.00200000
Epoch: 9, Loss: 23.7261, Rmse_valid: 24.7351, valid_score: 82408.6, , rmse_test: 25.5711, score_test: 5130.0, Learning rate:0.00200000
Epoch: 10, Loss: 23.2782, Rmse_valid: 21.1318, valid_score: 30102.1, , rmse_test: 19.3618, score_test: 1312.7, Learning rate:0.00200000
Epoch: 11, Loss: 20.1699, Rmse_valid: 17.8511, valid_score: 30059.6, , rmse_test: 15.2920, score_test: 858.9, Learning rate:0.00020000
Epoch: 12, Loss: 19.7709, Rmse_valid: 18.0223, valid_score: 30645.1, , rmse_test: 15.3523, score_test: 862.2, Learning rate:0.00020000
Epoch: 13, Loss: 19.6350, Rmse_valid: 17.3801, valid_score: 26302.1, , rmse_test: 14.9691, score_test: 838.6, Learning rate:0.00020000
Epoch: 14, Loss: 19.5427, Rmse_valid: 17.4951, valid_score: 26365.7, , rmse_test: 15.2031, score_test: 881.8, Learning rate:0.00020000
Epoch: 15, Loss: 19.3810, Rmse_valid: 17.9669, valid_score: 27136.7, , rmse_test: 15.0519, score_test: 835.2, Learning rate:0.00020000
Epoch: 16, Loss: 19.2404, Rmse_valid: 18.6697, valid_score: 26209.1, , rmse_test: 15.9487, score_test: 873.5, Learning rate:0.00020000
Epoch: 17, Loss: 19.1952, Rmse_valid: 17.4832, valid_score: 27733.0, , rmse_test: 14.8317, score_test: 832.7, Learning rate:0.00020000
Epoch: 18, Loss: 19.1486, Rmse_valid: 18.1345, valid_score: 30529.8, , rmse_test: 15.0062, score_test: 812.5, Learning rate:0.00020000
Epoch: 19, Loss: 19.0291, Rmse_valid: 17.8317, valid_score: 26760.5, , rmse_test: 15.1796, score_test: 828.4, Learning rate:0.00020000
Epoch: 20, Loss: 18.9472, Rmse_valid: 17.3971, valid_score: 25544.3, , rmse_test: 14.5704, score_test: 809.0, Learning rate:0.00020000
Epoch: 21, Loss: 18.7471, Rmse_valid: 17.7915, valid_score: 27606.3, , rmse_test: 14.8561, score_test: 809.8, Learning rate:0.00002000
Epoch: 22, Loss: 18.6881, Rmse_valid: 17.9464, valid_score: 27410.0, , rmse_test: 14.9363, score_test: 818.1, Learning rate:0.00002000
Epoch: 23, Loss: 18.7035, Rmse_valid: 17.7958, valid_score: 28201.5, , rmse_test: 14.8174, score_test: 810.8, Learning rate:0.00002000
Epoch: 24, Loss: 18.7008, Rmse_valid: 17.9067, valid_score: 27772.3, , rmse_test: 14.8455, score_test: 815.0, Learning rate:0.00002000
Epoch: 25, Loss: 18.6494, Rmse_valid: 18.0058, valid_score: 27427.6, , rmse_test: 14.8674, score_test: 807.2, Learning rate:0.00002000
Epoch: 26, Loss: 18.6823, Rmse_valid: 17.8612, valid_score: 27562.5, , rmse_test: 14.8524, score_test: 810.3, Learning rate:0.00002000
Epoch: 27, Loss: 18.6940, Rmse_valid: 17.9284, valid_score: 27167.0, , rmse_test: 14.8692, score_test: 812.8, Learning rate:0.00002000
Epoch: 28, Loss: 18.6428, Rmse_valid: 17.6699, valid_score: 27405.8, , rmse_test: 14.7058, score_test: 815.1, Learning rate:0.00002000
Epoch: 29, Loss: 18.6621, Rmse_valid: 17.6743, valid_score: 27208.9, , rmse_test: 14.5947, score_test: 799.0, Learning rate:0.00002000
Epoch: 30, Loss: 18.6892, Rmse_valid: 17.8496, valid_score: 27572.7, , rmse_test: 14.8465, score_test: 814.4, Learning rate:0.00002000
[Train Summary] Restored best model from epoch 13, rmse_valid: 17.3801, valid_score: 26302.1, rmse_test: 14.9691, score_test: 838.6
[Train Time] start: 2026-08-05 12:11:29, end: 2026-08-05 12:19:57, duration: 0:08:28, total_seconds: 508.35
[Auto Test] command: /usr/local/miniconda3/envs/HV/bin/python /Mamba_Rul/test_GAT_EDmamba/test_model.py --sub-dataset FD002 --smooth-rate 40 --sequence-len 30 --feature-num 14 --dataset-root /Mamba_Rul/CMAPSSData/ --max-rul 125 --batch-size 128 --model-path /Mamba_Rul/logs/FD002_GAT_EDmamba_dmodel_10/seed97/model_FD002_0805_121129_seed97.pkl
model_path:/Mamba_Rul/logs/FD002_GAT_EDmamba_dmodel_10/seed97/model_FD002_0805_121129_seed97.pkl
rmse_final:15.150595664978027, score:843.0223388671875
